[14:52:58.568 INFO]: Simulation Found. Configuration Settings:
[14:52:58.575 INFO]: Rows: 10
[14:52:58.576 INFO]: Columns: 10
[14:52:58.576 INFO]: 
[14:52:58.576 INFO]: Min Prey: 10 Max Prey: 20
[14:52:58.576 INFO]: Min Predators: 10 Max Predators: 20
[14:53:04.886 INFO]: Starting Simulation...
[14:53:04.888 INFO]: Starting Prey: 14
[14:53:04.888 INFO]: Starting Predators: 15
[14:53:04.894 INFO]: RoadRunner(0) created at cell (5, 4)
[14:53:04.895 INFO]: RoadRunner(1) created at cell (7, 8)
[14:53:04.895 INFO]: RoadRunner(2) created at cell (3, 8)
[14:53:04.896 INFO]: RoadRunner(3) created at cell (9, 3)
[14:53:04.896 INFO]: RoadRunner(4) created at cell (1, 2)
[14:53:04.897 INFO]: RoadRunner(5) created at cell (6, 3)
[14:53:04.897 INFO]: RoadRunner(6) created at cell (0, 5)
[14:53:04.898 INFO]: RoadRunner(7) created at cell (9, 5)
[14:53:04.898 INFO]: RoadRunner(8) created at cell (3, 9)
[14:53:04.899 INFO]: RoadRunner(9) created at cell (3, 3)
[14:53:04.900 INFO]: RoadRunner(10) created at cell (8, 0)
[14:53:04.900 INFO]: RoadRunner(11) created at cell (8, 6)
[14:53:04.900 INFO]: RoadRunner(12) created at cell (2, 6)
[14:53:04.901 INFO]: RoadRunner(13) created at cell (6, 5)
[14:53:04.902 INFO]: Coyote(14) created at cell (8, 5)
[14:53:04.902 INFO]: Coyote(15) created at cell (5, 8)
[14:53:04.903 INFO]: Coyote(16) created at cell (7, 6)
[14:53:04.904 INFO]: Coyote(17) created at cell (6, 2)
[14:53:04.905 INFO]: Coyote(18) created at cell (5, 5)
[14:53:04.907 INFO]: Coyote(19) created at cell (1, 0)
[14:53:04.908 INFO]: Coyote(20) created at cell (4, 8)
[14:53:04.908 INFO]: Coyote(21) created at cell (3, 1)
[14:53:04.908 INFO]: Coyote(22) created at cell (9, 7)
[14:53:04.909 INFO]: Coyote(23) created at cell (4, 3)
[14:53:04.909 INFO]: Coyote(24) created at cell (1, 3)
[14:53:04.909 INFO]: Coyote(25) created at cell (1, 6)
[14:53:04.909 INFO]: Coyote(26) created at cell (7, 1)
[14:53:04.910 INFO]: Coyote(27) created at cell (9, 6)
[14:53:04.910 INFO]: Coyote(28) created at cell (2, 1)
[14:53:12.973 INFO]: 
[14:53:12.973 INFO]: 
[14:53:12.973 INFO]: ########## Age 0 ##########
[14:53:12.974 INFO]: 
[14:53:12.974 INFO]: 
[14:53:12.978 INFO]: Coyote(16) is moving NW from (7, 6) to (6,5)
[14:53:12.978 WARN]: Coyote(16) just ate RoadRunner(13) at cell (6,5)
[14:53:12.979 INFO]: Coyote(18) is moving W from (5, 5) to (5,4)
[14:53:12.979 WARN]: Coyote(18) just ate RoadRunner(0) at cell (5,4)
[14:53:12.979 INFO]: Coyote(20) is moving N from (4, 8) to (3,8)
[14:53:12.979 WARN]: Coyote(20) just ate RoadRunner(2) at cell (3,8)
[14:53:12.980 INFO]: Coyote(22) is moving NW from (9, 7) to (8,6)
[14:53:12.980 WARN]: Coyote(22) just ate RoadRunner(11) at cell (8,6)
[14:53:12.980 INFO]: RoadRunner is attempting to run away from 1 Coyotes!
[14:53:12.988 INFO]: RoadRunner(10) is moving S from (8, 0) to (9,0)
[14:53:12.989 INFO]: Coyote(23) is moving N from (4, 3) to (3,3)
[14:53:12.989 WARN]: Coyote(23) just ate RoadRunner(9) at cell (3,3)
[14:53:12.989 INFO]: Coyote(17) is moving E from (6, 2) to (6,3)
[14:53:12.989 WARN]: Coyote(17) just ate RoadRunner(5) at cell (6,3)
[14:53:12.990 INFO]: Coyote(26) is moving NE from (7, 1) to (6,2)
[14:53:12.990 INFO]: Coyote(14) is moving S from (8, 5) to (9,5)
[14:53:12.990 WARN]: Coyote(14) just ate RoadRunner(7) at cell (9,5)
[14:53:12.990 INFO]: Coyote(19) is moving S from (1, 0) to (2,0)
[14:53:12.991 INFO]: Coyote(28) is moving NE from (2, 1) to (1,2)
[14:53:12.991 WARN]: Coyote(28) just ate RoadRunner(4) at cell (1,2)
[14:53:12.992 INFO]: RoadRunner is attempting to run away from 1 Coyotes!
[14:53:12.992 INFO]: RoadRunner(8) is moving N from (3, 9) to (2,9)
[14:53:12.993 INFO]: Coyote(24) is moving N from (1, 3) to (0,3)
[14:53:12.993 INFO]: RoadRunner is attempting to run away from 1 Coyotes!
[14:53:12.993 INFO]: RoadRunner(6) is moving W from (0, 5) to (0,4)
[14:53:12.994 INFO]: Coyote(21) is moving SE from (3, 1) to (4,2)
[14:53:12.994 INFO]: RoadRunner(1) is moving SE from (7, 8) to (8,9)
[14:53:12.995 INFO]: Coyote(15) is moving NE from (5, 8) to (4,9)
[14:53:12.995 INFO]: Coyote(25) is moving S from (1, 6) to (2,6)
[14:53:12.995 WARN]: Coyote(25) just ate RoadRunner(12) at cell (2,6)
[14:53:12.996 INFO]: RoadRunner(3) is moving NW from (9, 3) to (8,2)
[14:53:12.996 INFO]: Coyote(27) is moving NW from (9, 6) to (8,5)
[14:53:15.495 INFO]: 
[14:53:15.496 INFO]: 
[14:53:15.496 INFO]: ########## Age 1 ##########
[14:53:15.496 INFO]: 
[14:53:15.497 INFO]: 
[14:53:15.497 INFO]: Coyote(16) is moving SE from (6, 5) to (7,6)
[14:53:15.498 INFO]: Coyote(28) is moving N from (1, 2) to (0,2)
[14:53:15.498 INFO]: RoadRunner is attempting to run away from 1 Coyotes!
[14:53:15.499 INFO]: RoadRunner(8) is moving N from (2, 9) to (1,9)
[14:53:15.499 INFO]: Coyote(15) is moving W from (4, 9) to (4,8)
[14:53:15.499 INFO]: RoadRunner(10) is moving E from (9, 0) to (9,1)
[14:53:15.500 INFO]: Coyote(20) is moving E from (3, 8) to (3,9)
[14:53:15.500 INFO]: RoadRunner(3) is moving SE from (8, 2) to (9,3)
[14:53:15.500 INFO]: Coyote(26) is moving W from (6, 2) to (6,1)
[14:53:15.501 INFO]: Coyote(17) is moving W from (6, 3) to (6,2)
[14:53:15.501 INFO]: Coyote(19) is moving NE from (2, 0) to (1,1)
[14:53:15.501 INFO]: Coyote(25) is moving E from (2, 6) to (2,7)
[14:53:15.501 INFO]: Coyote(23) is moving NW from (3, 3) to (2,2)
[14:53:15.502 INFO]: Coyote(18) is moving S from (5, 4) to (6,4)
[14:53:15.502 INFO]: Coyote(27) is moving N from (8, 5) to (7,5)
[14:53:15.502 INFO]: Coyote(22) is moving NE from (8, 6) to (7,7)
[14:53:15.503 INFO]: Coyote(24) is moving E from (0, 3) to (0,4)
[14:53:15.503 WARN]: Coyote(24) just ate RoadRunner(6) at cell (0,4)
[14:53:15.503 INFO]: Coyote(21) is moving NE from (4, 2) to (3,3)
[14:53:15.504 INFO]: RoadRunner(1) is moving S from (8, 9) to (9,9)
[14:53:15.504 INFO]: Coyote(14) is moving N from (9, 5) to (8,5)
[14:53:16.887 INFO]: 
[14:53:16.887 INFO]: 
[14:53:16.887 INFO]: ########## Age 2 ##########
[14:53:16.887 INFO]: 
[14:53:16.887 INFO]: 
[14:53:16.888 INFO]: Coyote(14) is moving W from (8, 5) to (8,4)
[14:53:16.888 INFO]: Coyote(23) is moving S from (2, 2) to (3,2)
[14:53:16.889 INFO]: Coyote(24) is moving E from (0, 4) to (0,5)
[14:53:16.889 INFO]: Coyote(20) is moving W from (3, 9) to (3,8)
[14:53:16.889 INFO]: Coyote(25) is moving S from (2, 7) to (3,7)
[14:53:16.890 INFO]: Coyote(19) is moving N from (1, 1) to (0,1)
[14:53:16.890 INFO]: Coyote(27) is moving NE from (7, 5) to (6,6)
[14:53:16.890 INFO]: Coyote(17) is moving NE from (6, 2) to (5,3)
[14:53:16.890 INFO]: Coyote(22) is moving NE from (7, 7) to (6,8)
[14:53:16.891 INFO]: Coyote(16) is moving SE from (7, 6) to (8,7)
[14:53:16.891 INFO]: Coyote(26) is moving NW from (6, 1) to (5,0)
[14:53:16.891 INFO]: RoadRunner is attempting to run away from 1 Coyotes!
[14:53:16.891 INFO]: RoadRunner(3) is moving W from (9, 3) to (9,2)
[14:53:16.892 INFO]: Coyote(21) is moving NW from (3, 3) to (2,2)
[14:53:16.892 INFO]: RoadRunner(8) is moving SW from (1, 9) to (2,8)
[14:53:16.892 INFO]: Coyote(18) is moving SE from (6, 4) to (7,5)
[14:53:16.892 INFO]: Coyote(28) is moving E from (0, 2) to (0,3)
[14:53:16.893 INFO]: Coyote(15) is moving SW from (4, 8) to (5,7)
[14:53:16.893 INFO]: RoadRunner(10) is moving NW from (9, 1) to (8,0)
[14:53:16.893 INFO]: RoadRunner(1) is moving NW from (9, 9) to (8,8)
[14:53:16.894 INFO]: RoadRunner just bred a new RoadRunner at cell (8,2)
[14:53:16.894 INFO]: RoadRunner just bred a new RoadRunner at cell (1,8)
[14:53:16.894 INFO]: RoadRunner just bred a new RoadRunner at cell (7,0)
[14:53:16.895 INFO]: RoadRunner just bred a new RoadRunner at cell (7,8)
[14:53:18.882 INFO]: 
[14:53:18.882 INFO]: 
[14:53:18.882 INFO]: ########## Age 3 ##########
[14:53:18.882 INFO]: 
[14:53:18.883 INFO]: 
[14:53:18.883 INFO]: RoadRunner is attempting to run away from 2 Coyotes!
[14:53:18.883 INFO]: RoadRunner(32) is moving SE from (7, 8) to (8,9)
[14:53:18.884 INFO]: Coyote(24) is moving W from (0, 5) to (0,4)
[14:53:18.884 INFO]: RoadRunner is attempting to run away from 1 Coyotes!
[14:53:18.884 INFO]: RoadRunner(1) is moving NE from (8, 8) to (7,9)
[14:53:18.885 INFO]: Coyote(20) is moving N from (3, 8) to (2,8)
[14:53:18.885 WARN]: Coyote(20) just ate RoadRunner(8) at cell (2,8)
[14:53:18.885 INFO]: Coyote(14) is moving NW from (8, 4) to (7,3)
[14:53:18.885 INFO]: Coyote(21) is moving W from (2, 2) to (2,1)
[14:53:18.885 INFO]: RoadRunner is attempting to run away from 1 Coyotes!
[14:53:18.886 INFO]: RoadRunner(29) is moving SW from (8, 2) to (9,1)
[14:53:18.886 INFO]: Coyote(26) is moving NE from (5, 0) to (4,1)
[14:53:18.886 INFO]: RoadRunner(10) is moving E from (8, 0) to (8,1)
[14:53:18.887 INFO]: RoadRunner is attempting to run away from 1 Coyotes!
[14:53:18.887 INFO]: RoadRunner(30) is moving NE from (1, 8) to (0,9)
[14:53:18.887 INFO]: RoadRunner(31) is moving S from (7, 0) to (8,0)
[14:53:18.887 INFO]: Coyote(23) is moving N from (3, 2) to (2,2)
[14:53:18.888 INFO]: Coyote(25) is moving SE from (3, 7) to (4,8)
[14:53:18.888 INFO]: Coyote(27) is moving SE from (6, 6) to (7,7)
[14:53:18.888 INFO]: Coyote(16) is moving NE from (8, 7) to (7,8)
[14:53:18.889 INFO]: Coyote(22) is moving SE from (6, 8) to (7,9)
[14:53:18.889 WARN]: Coyote(22) just ate RoadRunner(1) at cell (7,9)
[14:53:18.889 INFO]: Coyote(15) is moving E from (5, 7) to (5,8)
[14:53:18.890 INFO]: Coyote(18) is moving SW from (7, 5) to (8,4)
[14:53:18.890 INFO]: Coyote(19) is moving E from (0, 1) to (0,2)
[14:53:18.890 INFO]: Coyote(17) is moving SE from (5, 3) to (6,4)
[14:53:18.890 INFO]: RoadRunner(3) is moving NE from (9, 2) to (8,3)
[14:53:18.891 INFO]: Coyote(28) is moving SW from (0, 3) to (1,2)
[14:53:19.578 INFO]: 
[14:53:19.579 INFO]: 
[14:53:19.579 INFO]: ########## Age 4 ##########
[14:53:19.579 INFO]: 
[14:53:19.579 INFO]: 
[14:53:19.580 INFO]: RoadRunner(31) is moving S from (8, 0) to (9,0)
[14:53:19.580 INFO]: Coyote(22) is moving S from (7, 9) to (8,9)
[14:53:19.580 WARN]: Coyote(22) just ate RoadRunner(32) at cell (8,9)
[14:53:19.580 INFO]: Coyote(24) is moving W from (0, 4) to (0,3)
[14:53:19.580 WARN]: Coyote(18) died to starvation!
[14:53:19.581 INFO]: RoadRunner is attempting to run away from 1 Coyotes!
[14:53:19.581 INFO]: RoadRunner(3) is moving SE from (8, 3) to (9,4)
[14:53:19.581 WARN]: Coyote(17) died to starvation!
[14:53:19.581 WARN]: Coyote(23) died to starvation!
[14:53:19.581 WARN]: Coyote(14) died to starvation!
[14:53:19.581 WARN]: Coyote(19) died to starvation!
[14:53:19.581 WARN]: Coyote(26) died to starvation!
[14:53:19.581 INFO]: RoadRunner(10) is moving E from (8, 1) to (8,2)
[14:53:19.582 WARN]: Coyote(21) died to starvation!
[14:53:19.582 WARN]: Coyote(25) died to starvation!
[14:53:19.582 INFO]: Coyote(20) is moving NW from (2, 8) to (1,7)
[14:53:19.582 WARN]: Coyote(28) died to starvation!
[14:53:19.582 INFO]: RoadRunner(29) is moving N from (9, 1) to (8,1)
[14:53:19.582 WARN]: Coyote(16) died to starvation!
[14:53:19.582 WARN]: Coyote(15) died to starvation!
[14:53:19.583 INFO]: RoadRunner(30) is moving SW from (0, 9) to (1,8)
[14:53:19.583 WARN]: Coyote(27) died to starvation!
[14:53:21.081 INFO]: 
[14:53:21.083 INFO]: 
[14:53:21.083 INFO]: ########## Age 5 ##########
[14:53:21.083 INFO]: 
[14:53:21.084 INFO]: 
[14:53:21.084 INFO]: RoadRunner(10) is moving E from (8, 2) to (8,3)
[14:53:21.085 INFO]: RoadRunner(29) is moving SE from (8, 1) to (9,2)
[14:53:21.085 INFO]: RoadRunner is attempting to run away from 1 Coyotes!
[14:53:21.085 INFO]: RoadRunner(30) is moving NE from (1, 8) to (0,9)
[14:53:21.085 INFO]: Coyote(20) is moving SE from (1, 7) to (2,8)
[14:53:21.086 WARN]: Coyote(24) died to starvation!
[14:53:21.086 INFO]: RoadRunner(31) is moving NE from (9, 0) to (8,1)
[14:53:21.086 INFO]: Coyote(22) is moving S from (8, 9) to (9,9)
[14:53:21.086 INFO]: RoadRunner(3) is moving NE from (9, 4) to (8,5)
[14:53:21.086 INFO]: RoadRunner just bred a new RoadRunner at cell (7,3)
[14:53:21.087 INFO]: RoadRunner just bred a new RoadRunner at cell (8,2)
[14:53:21.087 INFO]: RoadRunner just bred a new RoadRunner at cell (1,9)
[14:53:21.087 INFO]: RoadRunner just bred a new RoadRunner at cell (7,1)
[14:53:21.087 INFO]: RoadRunner just bred a new RoadRunner at cell (7,5)
[14:53:22.660 INFO]: 
[14:53:22.661 INFO]: 
[14:53:22.661 INFO]: ########## Age 6 ##########
[14:53:22.661 INFO]: 
[14:53:22.661 INFO]: 
[14:53:22.662 INFO]: RoadRunner(36) is moving NE from (7, 1) to (6,2)
[14:53:22.662 INFO]: RoadRunner(34) is moving SW from (8, 2) to (9,1)
[14:53:22.663 INFO]: RoadRunner(30) is moving W from (0, 9) to (0,8)
[14:53:22.663 INFO]: RoadRunner(29) is moving N from (9, 2) to (8,2)
[14:53:22.664 INFO]: RoadRunner is attempting to run away from 1 Coyotes!
[14:53:22.664 INFO]: RoadRunner(35) is moving N from (1, 9) to (0,9)
[14:53:22.664 INFO]: RoadRunner(37) is moving NW from (7, 5) to (6,4)
[14:53:22.664 INFO]: RoadRunner(31) is moving NW from (8, 1) to (7,0)
[14:53:22.664 INFO]: Coyote(22) is moving N from (9, 9) to (8,9)
[14:53:22.664 INFO]: RoadRunner(3) is moving N from (8, 5) to (7,5)
[14:53:22.665 INFO]: Coyote(20) is moving W from (2, 8) to (2,7)
[14:53:22.665 INFO]: RoadRunner(33) is moving E from (7, 3) to (7,4)
[14:53:22.665 INFO]: RoadRunner(10) is moving SW from (8, 3) to (9,2)
[14:53:23.823 INFO]: 
[14:53:23.823 INFO]: 
[14:53:23.823 INFO]: ########## Age 7 ##########
[14:53:23.823 INFO]: 
[14:53:23.824 INFO]: 
[14:53:23.824 INFO]: RoadRunner(10) is moving NW from (9, 2) to (8,1)
[14:53:23.824 INFO]: RoadRunner(30) is moving SE from (0, 8) to (1,9)
[14:53:23.825 INFO]: Coyote(22) is moving S from (8, 9) to (9,9)
[14:53:23.825 INFO]: RoadRunner(29) is moving E from (8, 2) to (8,3)
[14:53:23.825 INFO]: RoadRunner(34) is moving W from (9, 1) to (9,0)
[14:53:23.825 WARN]: Coyote(20) died to starvation!
[14:53:23.826 INFO]: RoadRunner(33) is moving SE from (7, 4) to (8,5)
[14:53:23.826 INFO]: RoadRunner(37) is moving S from (6, 4) to (7,4)
[14:53:23.826 INFO]: RoadRunner(35) is moving W from (0, 9) to (0,8)
[14:53:23.826 INFO]: RoadRunner(31) is moving E from (7, 0) to (7,1)
[14:53:23.826 INFO]: RoadRunner(3) is moving N from (7, 5) to (6,5)
[14:53:23.827 INFO]: RoadRunner(36) is moving N from (6, 2) to (5,2)
[14:53:23.827 INFO]: Coyote just bred a new Coyote at cell (8,9)
[14:53:27.450 INFO]: 
[14:53:27.451 INFO]: 
[14:53:27.451 INFO]: ########## Age 8 ##########
[14:53:27.451 INFO]: 
[14:53:27.451 INFO]: 
[14:53:27.451 INFO]: RoadRunner(35) is moving W from (0, 8) to (0,7)
[14:53:27.452 INFO]: RoadRunner(37) is moving E from (7, 4) to (7,5)
[14:53:27.452 INFO]: RoadRunner(30) is moving W from (1, 9) to (1,8)
[14:53:27.452 INFO]: RoadRunner(29) is moving W from (8, 3) to (8,2)
[14:53:27.453 INFO]: RoadRunner(3) is moving NW from (6, 5) to (5,4)
[14:53:27.453 INFO]: RoadRunner(34) is moving N from (9, 0) to (8,0)
[14:53:27.454 INFO]: RoadRunner(33) is moving NW from (8, 5) to (7,4)
[14:53:27.454 INFO]: RoadRunner(31) is moving W from (7, 1) to (7,0)
[14:53:27.454 WARN]: Coyote(22) died to starvation!
[14:53:27.455 INFO]: RoadRunner(10) is moving SE from (8, 1) to (9,2)
[14:53:27.455 INFO]: Coyote(38) is moving S from (8, 9) to (9,9)
[14:53:27.455 INFO]: RoadRunner(36) is moving NE from (5, 2) to (4,3)
[14:53:27.455 INFO]: RoadRunner just bred a new RoadRunner at cell (1,7)
[14:53:27.456 INFO]: RoadRunner just bred a new RoadRunner at cell (6,5)
[14:53:27.456 INFO]: RoadRunner just bred a new RoadRunner at cell (0,8)
[14:53:27.456 INFO]: RoadRunner just bred a new RoadRunner at cell (7,2)
[14:53:27.456 INFO]: RoadRunner just bred a new RoadRunner at cell (4,4)
[14:53:27.457 INFO]: RoadRunner just bred a new RoadRunner at cell (7,1)
[14:53:27.457 INFO]: RoadRunner just bred a new RoadRunner at cell (6,4)
[14:53:27.457 INFO]: RoadRunner just bred a new RoadRunner at cell (6,0)
[14:53:27.457 INFO]: RoadRunner just bred a new RoadRunner at cell (8,3)
[14:53:27.457 INFO]: RoadRunner just bred a new RoadRunner at cell (3,3)
[14:53:30.339 INFO]: 
[14:53:30.341 INFO]: 
[14:53:30.341 INFO]: ########## Age 9 ##########
[14:53:30.341 INFO]: 
[14:53:30.341 INFO]: 
[14:53:30.342 INFO]: RoadRunner(30) is moving S from (1, 8) to (2,8)
[14:53:30.342 INFO]: RoadRunner(34) is moving E from (8, 0) to (8,1)
[14:53:30.343 INFO]: RoadRunner(35) is moving W from (0, 7) to (0,6)
[14:53:30.343 INFO]: RoadRunner(41) is moving W from (0, 8) to (0,7)
[14:53:30.343 INFO]: RoadRunner(42) is moving E from (7, 2) to (7,3)
[14:53:30.343 INFO]: RoadRunner(10) is moving W from (9, 2) to (9,1)
[14:53:30.343 INFO]: RoadRunner(43) is moving NE from (4, 4) to (3,5)
[14:53:30.344 INFO]: RoadRunner(3) is moving E from (5, 4) to (5,5)
[14:53:30.344 INFO]: RoadRunner(33) is moving SE from (7, 4) to (8,5)
[14:53:30.344 INFO]: RoadRunner(48) is moving NE from (3, 3) to (2,4)
[14:53:30.344 INFO]: RoadRunner(40) is moving NW from (6, 5) to (5,4)
[14:53:30.344 INFO]: RoadRunner(47) is moving S from (8, 3) to (9,3)
[14:53:30.344 INFO]: RoadRunner(45) is moving NW from (6, 4) to (5,3)
[14:53:30.344 INFO]: RoadRunner(37) is moving W from (7, 5) to (7,4)
[14:53:30.345 INFO]: RoadRunner(46) is moving NE from (6, 0) to (5,1)
[14:53:30.345 INFO]: RoadRunner(36) is moving NW from (4, 3) to (3,2)
[14:53:30.345 INFO]: RoadRunner(31) is moving S from (7, 0) to (8,0)
[14:53:30.345 INFO]: RoadRunner(44) is moving NW from (7, 1) to (6,0)
[14:53:30.345 INFO]: RoadRunner(39) is moving NE from (1, 7) to (0,8)
[14:53:30.346 INFO]: Coyote(38) is moving NW from (9, 9) to (8,8)
[14:53:30.346 INFO]: RoadRunner(29) is moving S from (8, 2) to (9,2)
[14:53:31.173 INFO]: 
[14:53:31.173 INFO]: 
[14:53:31.173 INFO]: ########## Age 10 ##########
[14:53:31.173 INFO]: 
[14:53:31.174 INFO]: 
[14:53:31.174 INFO]: RoadRunner(43) is moving S from (3, 5) to (4,5)
[14:53:31.174 INFO]: RoadRunner(10) is moving NE from (9, 1) to (8,2)
[14:53:31.175 INFO]: RoadRunner(48) is moving W from (2, 4) to (2,3)
[14:53:31.175 INFO]: RoadRunner(36) is moving S from (3, 2) to (4,2)
[14:53:31.175 INFO]: RoadRunner(40) is moving NW from (5, 4) to (4,3)
[14:53:31.176 INFO]: Coyote(38) is moving E from (8, 8) to (8,9)
[14:53:31.176 INFO]: RoadRunner(41) is moving SW from (0, 7) to (1,6)
[14:53:31.176 INFO]: RoadRunner(33) is moving N from (8, 5) to (7,5)
[14:53:31.176 INFO]: RoadRunner(29) is moving W from (9, 2) to (9,1)
[14:53:31.177 INFO]: RoadRunner(39) is moving S from (0, 8) to (1,8)
[14:53:31.177 INFO]: RoadRunner(44) is moving S from (6, 0) to (7,0)
[14:53:31.177 INFO]: RoadRunner(45) is moving NE from (5, 3) to (4,4)
[14:53:31.177 INFO]: RoadRunner(34) is moving SE from (8, 1) to (9,2)
[14:53:31.177 INFO]: RoadRunner(46) is moving N from (5, 1) to (4,1)
[14:53:31.177 INFO]: RoadRunner(42) is moving NE from (7, 3) to (6,4)
[14:53:31.177 INFO]: RoadRunner(31) is moving S from (8, 0) to (9,0)
[14:53:31.177 INFO]: RoadRunner(37) is moving W from (7, 4) to (7,3)
[14:53:31.178 INFO]: RoadRunner(47) is moving NE from (9, 3) to (8,4)
[14:53:31.178 INFO]: RoadRunner(30) is moving W from (2, 8) to (2,7)
[14:53:31.178 INFO]: RoadRunner(35) is moving SW from (0, 6) to (1,5)
[14:53:31.178 INFO]: RoadRunner(3) is moving W from (5, 5) to (5,4)
[14:53:31.863 INFO]: 
[14:53:31.863 INFO]: 
[14:53:31.863 INFO]: ########## Age 11 ##########
[14:53:31.864 INFO]: 
[14:53:31.864 INFO]: 
[14:53:31.864 INFO]: RoadRunner(31) is moving NE from (9, 0) to (8,1)
[14:53:31.864 INFO]: RoadRunner(45) is moving NW from (4, 4) to (3,3)
[14:53:31.865 INFO]: RoadRunner(44) is moving NE from (7, 0) to (6,1)
[14:53:31.865 INFO]: RoadRunner(47) is moving N from (8, 4) to (7,4)
[14:53:31.865 INFO]: RoadRunner(34) is moving NE from (9, 2) to (8,3)
[14:53:31.865 INFO]: RoadRunner(29) is moving NW from (9, 1) to (8,0)
[14:53:31.865 INFO]: RoadRunner(46) is moving NW from (4, 1) to (3,0)
[14:53:31.865 INFO]: RoadRunner(40) is moving E from (4, 3) to (4,4)
[14:53:31.866 WARN]: Coyote(38) died to starvation!
[14:53:31.866 INFO]: RoadRunner(39) is moving SE from (1, 8) to (2,9)
[14:53:31.866 INFO]: RoadRunner(35) is moving SE from (1, 5) to (2,6)
[14:53:31.866 INFO]: RoadRunner(48) is moving SE from (2, 3) to (3,4)
[14:53:31.866 INFO]: RoadRunner(36) is moving E from (4, 2) to (4,3)
[14:53:31.866 INFO]: RoadRunner(43) is moving S from (4, 5) to (5,5)
[14:53:31.866 INFO]: RoadRunner(30) is moving NE from (2, 7) to (1,8)
[14:53:31.867 INFO]: RoadRunner(41) is moving E from (1, 6) to (1,7)
[14:53:31.867 INFO]: RoadRunner(3) is moving SW from (5, 4) to (6,3)
[14:53:31.867 INFO]: RoadRunner(42) is moving NW from (6, 4) to (5,3)
[14:53:31.867 INFO]: RoadRunner(37) is moving NW from (7, 3) to (6,2)
[14:53:31.867 INFO]: RoadRunner(10) is moving SW from (8, 2) to (9,1)
[14:53:31.867 INFO]: RoadRunner(33) is moving E from (7, 5) to (7,6)
[14:53:31.867 INFO]: RoadRunner just bred a new RoadRunner at cell (7,1)
[14:53:31.868 INFO]: RoadRunner just bred a new RoadRunner at cell (2,3)
[14:53:31.868 INFO]: RoadRunner just bred a new RoadRunner at cell (5,1)
[14:53:31.868 INFO]: RoadRunner just bred a new RoadRunner at cell (6,4)
[14:53:31.868 INFO]: RoadRunner just bred a new RoadRunner at cell (7,3)
[14:53:31.868 INFO]: RoadRunner just bred a new RoadRunner at cell (7,0)
[14:53:31.868 INFO]: RoadRunner just bred a new RoadRunner at cell (2,0)
[14:53:31.868 INFO]: RoadRunner just bred a new RoadRunner at cell (3,5)
[14:53:31.868 INFO]: RoadRunner just bred a new RoadRunner at cell (1,9)
[14:53:31.868 INFO]: RoadRunner just bred a new RoadRunner at cell (1,6)
[14:53:31.869 INFO]: RoadRunner just bred a new RoadRunner at cell (2,4)
[14:53:31.869 INFO]: RoadRunner just bred a new RoadRunner at cell (3,2)
[14:53:31.869 INFO]: RoadRunner just bred a new RoadRunner at cell (4,5)
[14:53:31.869 INFO]: RoadRunner just bred a new RoadRunner at cell (0,8)
[14:53:31.869 INFO]: RoadRunner just bred a new RoadRunner at cell (0,7)
[14:53:31.869 INFO]: RoadRunner just bred a new RoadRunner at cell (5,4)
[14:53:31.869 INFO]: RoadRunner just bred a new RoadRunner at cell (4,2)
[14:53:31.869 INFO]: RoadRunner just bred a new RoadRunner at cell (5,2)
[14:53:31.869 INFO]: RoadRunner just bred a new RoadRunner at cell (8,2)
[14:53:31.869 INFO]: RoadRunner just bred a new RoadRunner at cell (6,6)
[14:54:01.852 INFO]: 
[14:54:01.853 INFO]: 
[14:54:01.854 INFO]: ########## Age 12 ##########
[14:54:01.854 INFO]: 
[14:54:01.854 INFO]: 
[14:54:01.855 INFO]: RoadRunner(29) is moving S from (8, 0) to (9,0)
[14:54:01.855 INFO]: RoadRunner(52) is moving E from (6, 4) to (6,5)
[14:54:01.855 INFO]: RoadRunner(65) is moving NW from (4, 2) to (3,1)
[14:54:01.856 INFO]: RoadRunner(49) is moving E from (7, 1) to (7,2)
[14:54:01.856 INFO]: RoadRunner(33) is moving SW from (7, 6) to (8,5)
[14:54:01.856 INFO]: RoadRunner(10) is moving NW from (9, 1) to (8,0)
[14:54:01.857 INFO]: RoadRunner(41) is moving NW from (1, 7) to (0,6)
[14:54:01.857 INFO]: RoadRunner(46) is moving SE from (3, 0) to (4,1)
[14:54:01.857 INFO]: RoadRunner(50) is moving W from (2, 3) to (2,2)
[14:54:01.858 INFO]: RoadRunner(68) is moving SE from (6, 6) to (7,7)
[14:54:01.858 INFO]: RoadRunner(61) is moving SE from (4, 5) to (5,6)
[14:54:01.858 INFO]: RoadRunner(67) is moving S from (8, 2) to (9,2)
[14:54:01.858 INFO]: RoadRunner(66) is moving N from (5, 2) to (4,2)
[14:54:01.858 INFO]: RoadRunner(43) is moving SW from (5, 5) to (6,4)
[14:54:01.859 INFO]: RoadRunner(42) is moving W from (5, 3) to (5,2)
[14:54:01.859 INFO]: RoadRunner(63) is moving S from (0, 7) to (1,7)
[14:54:01.859 INFO]: RoadRunner(59) is moving NW from (2, 4) to (1,3)
[14:54:01.859 INFO]: RoadRunner(35) is moving W from (2, 6) to (2,5)
[14:54:01.859 INFO]: RoadRunner(51) is moving W from (5, 1) to (5,0)
[14:54:01.859 INFO]: RoadRunner(56) is moving E from (3, 5) to (3,6)
[14:54:01.860 INFO]: RoadRunner(39) is moving S from (2, 9) to (3,9)
[14:54:01.860 INFO]: RoadRunner(47) is moving S from (7, 4) to (8,4)
[14:54:01.860 INFO]: RoadRunner(44) is moving S from (6, 1) to (7,1)
[14:54:01.860 INFO]: RoadRunner(60) is moving NW from (3, 2) to (2,1)
[14:54:01.860 INFO]: RoadRunner(34) is moving NE from (8, 3) to (7,4)
[14:54:01.860 INFO]: RoadRunner(30) is moving SW from (1, 8) to (2,7)
[14:54:01.860 INFO]: RoadRunner(64) is moving W from (5, 4) to (5,3)
[14:54:01.860 INFO]: RoadRunner(55) is moving N from (2, 0) to (1,0)
[14:54:01.861 INFO]: RoadRunner(54) is moving NE from (7, 0) to (6,1)
[14:54:01.861 INFO]: RoadRunner(58) is moving S from (1, 6) to (2,6)
[14:54:01.861 INFO]: RoadRunner(37) is moving NW from (6, 2) to (5,1)
[14:54:01.861 INFO]: RoadRunner(62) is moving S from (0, 8) to (1,8)
[14:54:01.861 INFO]: RoadRunner(31) is moving S from (8, 1) to (9,1)
[14:54:01.861 INFO]: RoadRunner(3) is moving NE from (6, 3) to (5,4)
[14:54:01.862 INFO]: RoadRunner(53) is moving SW from (7, 3) to (8,2)
[14:54:01.862 INFO]: RoadRunner(45) is moving NE from (3, 3) to (2,4)
[14:54:01.862 INFO]: RoadRunner(57) is moving SW from (1, 9) to (2,8)
[14:54:01.862 INFO]: RoadRunner(36) is moving NW from (4, 3) to (3,2)
[14:54:01.862 INFO]: RoadRunner(48) is moving SW from (3, 4) to (4,3)
[14:54:03.207 INFO]: 
[14:54:03.207 INFO]: 
[14:54:03.207 INFO]: ########## Age 13 ##########
[14:54:03.207 INFO]: 
[14:54:03.207 INFO]: 
[14:54:03.208 INFO]: RoadRunner(48) is moving NE from (4, 3) to (3,4)
[14:54:03.208 INFO]: RoadRunner(61) is moving S from (5, 6) to (6,6)
[14:54:03.208 INFO]: RoadRunner(39) is moving W from (3, 9) to (3,8)
[14:54:03.209 INFO]: RoadRunner(43) is moving W from (6, 4) to (6,3)
[14:54:03.209 INFO]: RoadRunner(56) is moving W from (3, 6) to (3,5)
[14:54:03.210 INFO]: RoadRunner(30) is moving SW from (2, 7) to (3,6)
[14:54:03.210 INFO]: RoadRunner(58) is moving NW from (2, 6) to (1,5)
[14:54:03.210 INFO]: RoadRunner(51) is moving S from (5, 0) to (6,0)
[14:54:03.210 INFO]: RoadRunner(37) is moving SE from (5, 1) to (6,2)
[14:54:03.211 INFO]: RoadRunner(33) is moving SW from (8, 5) to (9,4)
[14:54:03.211 INFO]: RoadRunner(55) is moving N from (1, 0) to (0,0)
[14:54:03.211 INFO]: RoadRunner(59) is moving S from (1, 3) to (2,3)
[14:54:03.211 INFO]: RoadRunner(57) is moving NE from (2, 8) to (1,9)
[14:54:03.211 INFO]: RoadRunner(41) is moving S from (0, 6) to (1,6)
[14:54:03.211 INFO]: RoadRunner(34) is moving SE from (7, 4) to (8,5)
[14:54:03.211 INFO]: RoadRunner(64) is moving SE from (5, 3) to (6,4)
[14:54:03.212 INFO]: RoadRunner(63) is moving N from (1, 7) to (0,7)
[14:54:03.212 INFO]: RoadRunner(66) is moving SE from (4, 2) to (5,3)
[14:54:03.212 INFO]: RoadRunner(67) is moving NW from (9, 2) to (8,1)
[14:54:03.212 INFO]: RoadRunner(60) is moving NE from (2, 1) to (1,2)
[14:54:03.212 INFO]: RoadRunner(42) is moving NE from (5, 2) to (4,3)
[14:54:03.212 INFO]: RoadRunner(47) is moving NW from (8, 4) to (7,3)
[14:54:03.212 INFO]: RoadRunner(35) is moving NW from (2, 5) to (1,4)
[14:54:03.212 INFO]: RoadRunner(65) is moving N from (3, 1) to (2,1)
[14:54:03.213 INFO]: RoadRunner(10) is moving N from (8, 0) to (7,0)
[14:54:03.213 INFO]: RoadRunner(36) is moving W from (3, 2) to (3,1)
[14:54:03.213 INFO]: RoadRunner(46) is moving S from (4, 1) to (5,1)
[14:54:03.213 INFO]: RoadRunner(68) is moving SE from (7, 7) to (8,8)
[14:54:03.213 INFO]: RoadRunner(54) is moving NE from (6, 1) to (5,2)
[14:54:03.213 INFO]: RoadRunner(62) is moving N from (1, 8) to (0,8)
[14:54:03.214 INFO]: RoadRunner(3) is moving NE from (5, 4) to (4,5)
[14:54:03.214 INFO]: RoadRunner(50) is moving SE from (2, 2) to (3,3)
[14:54:03.214 INFO]: RoadRunner(44) is moving SW from (7, 1) to (8,0)
[14:54:03.214 INFO]: RoadRunner(53) is moving S from (8, 2) to (9,2)
[14:54:03.214 INFO]: RoadRunner(52) is moving NW from (6, 5) to (5,4)
[14:54:03.214 INFO]: RoadRunner(40) is moving SE from (4, 4) to (5,5)
[14:54:03.214 INFO]: RoadRunner(45) is moving NW from (2, 4) to (1,3)
[14:54:03.214 INFO]: RoadRunner(31) is moving NE from (9, 1) to (8,2)
[14:54:03.215 INFO]: RoadRunner(49) is moving NW from (7, 2) to (6,1)
[14:54:03.824 INFO]: 
[14:54:03.824 INFO]: 
[14:54:03.824 INFO]: ########## Age 14 ##########
[14:54:03.824 INFO]: 
[14:54:03.824 INFO]: 
[14:54:03.824 INFO]: RoadRunner(49) is moving SE from (6, 1) to (7,2)
[14:54:03.825 INFO]: RoadRunner(55) is moving S from (0, 0) to (1,0)
[14:54:03.825 INFO]: RoadRunner(47) is moving E from (7, 3) to (7,4)
[14:54:03.825 INFO]: RoadRunner(64) is moving E from (6, 4) to (6,5)
[14:54:03.825 INFO]: RoadRunner(66) is moving NW from (5, 3) to (4,2)
[14:54:03.826 INFO]: RoadRunner(62) is moving E from (0, 8) to (0,9)
[14:54:03.826 INFO]: RoadRunner(33) is moving E from (9, 4) to (9,5)
[14:54:03.826 INFO]: RoadRunner(58) is moving SE from (1, 5) to (2,6)
[14:54:03.826 INFO]: RoadRunner(10) is moving NE from (7, 0) to (6,1)
[14:54:03.826 INFO]: RoadRunner(40) is moving E from (5, 5) to (5,6)
[14:54:03.827 INFO]: RoadRunner(51) is moving N from (6, 0) to (5,0)
[14:54:03.827 INFO]: RoadRunner(46) is moving N from (5, 1) to (4,1)
[14:54:03.827 INFO]: RoadRunner(63) is moving SE from (0, 7) to (1,8)
[14:54:03.827 INFO]: RoadRunner(35) is moving E from (1, 4) to (1,5)
[14:54:03.827 INFO]: RoadRunner(60) is moving W from (1, 2) to (1,1)
[14:54:03.827 INFO]: RoadRunner(52) is moving S from (5, 4) to (6,4)
[14:54:03.827 INFO]: RoadRunner(3) is moving S from (4, 5) to (5,5)
[14:54:03.828 INFO]: RoadRunner(29) is moving E from (9, 0) to (9,1)
[14:54:03.828 INFO]: RoadRunner(53) is moving NE from (9, 2) to (8,3)
[14:54:03.828 INFO]: RoadRunner(44) is moving S from (8, 0) to (9,0)
[14:54:03.828 INFO]: RoadRunner(54) is moving W from (5, 2) to (5,1)
[14:54:03.828 INFO]: RoadRunner(43) is moving S from (6, 3) to (7,3)
[14:54:03.828 INFO]: RoadRunner(34) is moving NE from (8, 5) to (7,6)
[14:54:03.828 INFO]: RoadRunner(48) is moving SE from (3, 4) to (4,5)
[14:54:03.828 INFO]: RoadRunner(30) is moving SE from (3, 6) to (4,7)
[14:54:03.829 INFO]: RoadRunner(31) is moving S from (8, 2) to (9,2)
[14:54:03.829 INFO]: RoadRunner(59) is moving NE from (2, 3) to (1,4)
[14:54:03.829 INFO]: RoadRunner(68) is moving S from (8, 8) to (9,8)
[14:54:03.829 INFO]: RoadRunner(67) is moving NW from (8, 1) to (7,0)
[14:54:03.829 INFO]: RoadRunner(57) is moving SW from (1, 9) to (2,8)
[14:54:03.829 INFO]: RoadRunner(37) is moving NE from (6, 2) to (5,3)
[14:54:03.829 INFO]: RoadRunner(45) is moving SE from (1, 3) to (2,4)
[14:54:03.829 INFO]: RoadRunner(36) is moving W from (3, 1) to (3,0)
[14:54:03.829 INFO]: RoadRunner(41) is moving SE from (1, 6) to (2,7)
[14:54:03.829 INFO]: RoadRunner(65) is moving SE from (2, 1) to (3,2)
[14:54:03.830 INFO]: RoadRunner(39) is moving NE from (3, 8) to (2,9)
[14:54:03.830 INFO]: RoadRunner(56) is moving N from (3, 5) to (2,5)
[14:54:03.830 INFO]: RoadRunner(42) is moving NE from (4, 3) to (3,4)
[14:54:03.830 INFO]: RoadRunner(50) is moving NW from (3, 3) to (2,2)
[14:54:03.830 INFO]: RoadRunner(61) is moving NE from (6, 6) to (5,7)
[14:54:03.830 INFO]: RoadRunner just bred a new RoadRunner at cell (6,2)
[14:54:03.830 INFO]: RoadRunner just bred a new RoadRunner at cell (0,0)
[14:54:03.830 INFO]: RoadRunner just bred a new RoadRunner at cell (6,3)
[14:54:03.830 INFO]: RoadRunner just bred a new RoadRunner at cell (5,4)
[14:54:03.831 INFO]: RoadRunner just bred a new RoadRunner at cell (3,3)
[14:54:03.831 INFO]: RoadRunner just bred a new RoadRunner at cell (1,9)
[14:54:03.831 INFO]: RoadRunner just bred a new RoadRunner at cell (8,5)
[14:54:03.831 INFO]: RoadRunner just bred a new RoadRunner at cell (1,6)
[14:54:03.831 INFO]: RoadRunner just bred a new RoadRunner at cell (5,2)
[14:54:03.831 INFO]: RoadRunner just bred a new RoadRunner at cell (4,6)
[14:54:03.831 INFO]: RoadRunner just bred a new RoadRunner at cell (4,0)
[14:54:03.831 INFO]: RoadRunner just bred a new RoadRunner at cell (3,1)
[14:54:03.831 INFO]: RoadRunner just bred a new RoadRunner at cell (0,8)
[14:54:03.832 INFO]: RoadRunner just bred a new RoadRunner at cell (0,5)
[14:54:03.832 INFO]: RoadRunner just bred a new RoadRunner at cell (0,1)
[14:54:03.832 INFO]: RoadRunner just bred a new RoadRunner at cell (7,5)
[14:54:03.832 INFO]: RoadRunner just bred a new RoadRunner at cell (4,4)
[14:54:03.832 INFO]: RoadRunner just bred a new RoadRunner at cell (8,1)
[14:54:03.832 INFO]: RoadRunner just bred a new RoadRunner at cell (9,3)
[14:54:03.832 INFO]: RoadRunner just bred a new RoadRunner at cell (8,0)
[14:54:03.832 INFO]: RoadRunner just bred a new RoadRunner at cell (6,0)
[14:54:03.832 INFO]: RoadRunner just bred a new RoadRunner at cell (8,4)
[14:54:03.832 INFO]: RoadRunner just bred a new RoadRunner at cell (6,6)
[14:54:03.832 INFO]: RoadRunner just bred a new RoadRunner at cell (3,5)
[14:54:03.832 INFO]: RoadRunner just bred a new RoadRunner at cell (3,7)
[14:54:03.832 INFO]: RoadRunner just bred a new RoadRunner at cell (8,2)
[14:54:03.833 INFO]: RoadRunner just bred a new RoadRunner at cell (0,4)
[14:54:03.833 INFO]: RoadRunner just bred a new RoadRunner at cell (8,8)
[14:54:03.833 INFO]: RoadRunner just bred a new RoadRunner at cell (7,1)
[14:54:03.833 INFO]: RoadRunner just bred a new RoadRunner at cell (1,7)
[14:54:03.833 INFO]: RoadRunner just bred a new RoadRunner at cell (4,3)
[14:54:03.833 INFO]: RoadRunner just bred a new RoadRunner at cell (1,3)
[14:54:03.833 INFO]: RoadRunner just bred a new RoadRunner at cell (2,0)
[14:54:03.833 INFO]: RoadRunner just bred a new RoadRunner at cell (3,8)
[14:54:03.833 INFO]: RoadRunner just bred a new RoadRunner at cell (2,3)
[14:54:03.833 INFO]: RoadRunner just bred a new RoadRunner at cell (3,9)
[14:54:03.833 INFO]: RoadRunner just bred a new RoadRunner at cell (3,6)
[14:54:03.833 INFO]: RoadRunner just bred a new RoadRunner at cell (1,2)
[14:54:03.833 INFO]: RoadRunner just bred a new RoadRunner at cell (4,8)
[14:54:04.217 INFO]: 
[14:54:04.217 INFO]: 
[14:54:04.217 INFO]: ########## Age 15 ##########
[14:54:04.217 INFO]: 
[14:54:04.217 INFO]: 
[14:54:04.218 INFO]: RoadRunner(75) is moving E from (8, 5) to (8,6)
[14:54:04.218 INFO]: RoadRunner(59) is moving NW from (1, 4) to (0,3)
[14:54:04.218 INFO]: RoadRunner(104) is moving S from (3, 9) to (4,9)
[14:54:04.219 INFO]: RoadRunner(68) is moving NW from (9, 8) to (8,7)
[14:54:04.219 INFO]: RoadRunner(65) is moving NW from (3, 2) to (2,1)
[14:54:04.219 INFO]: RoadRunner(107) is moving SE from (4, 8) to (5,9)
[14:54:04.219 INFO]: RoadRunner(56) is moving NW from (2, 5) to (1,4)
[14:54:04.219 INFO]: RoadRunner(91) is moving E from (6, 6) to (6,7)
[14:54:04.220 INFO]: RoadRunner(100) is moving NW from (1, 3) to (0,2)
[14:54:04.220 INFO]: RoadRunner(35) is moving S from (1, 5) to (2,5)
[14:54:04.220 INFO]: RoadRunner(61) is moving NE from (5, 7) to (4,8)
[14:54:04.220 INFO]: RoadRunner(47) is moving SE from (7, 4) to (8,5)
[14:54:04.220 INFO]: RoadRunner(63) is moving NW from (1, 8) to (0,7)
[14:54:04.220 INFO]: RoadRunner(90) is moving N from (8, 4) to (7,4)
[14:54:04.220 INFO]: RoadRunner(33) is moving NW from (9, 5) to (8,4)
[14:54:04.220 INFO]: RoadRunner(40) is moving S from (5, 6) to (6,6)
[14:54:04.221 INFO]: RoadRunner(45) is moving NE from (2, 4) to (1,5)
[14:54:04.221 INFO]: RoadRunner(66) is moving N from (4, 2) to (3,2)
[14:54:04.221 INFO]: RoadRunner(87) is moving E from (9, 3) to (9,4)
[14:54:04.221 INFO]: RoadRunner(46) is moving E from (4, 1) to (4,2)
[14:54:04.221 INFO]: RoadRunner(102) is moving E from (3, 8) to (3,9)
[14:54:04.221 INFO]: RoadRunner(57) is moving S from (2, 8) to (3,8)
[14:54:04.221 INFO]: RoadRunner(73) is moving NE from (3, 3) to (2,4)
[14:54:04.221 INFO]: RoadRunner(82) is moving E from (0, 5) to (0,6)
[14:54:04.222 INFO]: RoadRunner(78) is moving SE from (4, 6) to (5,7)
[14:54:04.222 INFO]: RoadRunner(42) is moving W from (3, 4) to (3,3)
[14:54:04.222 INFO]: RoadRunner(96) is moving NE from (8, 8) to (7,9)
[14:54:04.222 INFO]: RoadRunner(34) is moving E from (7, 6) to (7,7)
[14:54:04.222 INFO]: RoadRunner(77) is moving NW from (5, 2) to (4,1)
[14:54:04.222 INFO]: RoadRunner(93) is moving SW from (3, 7) to (4,6)
[14:54:04.222 INFO]: RoadRunner(106) is moving E from (1, 2) to (1,3)
[14:54:04.222 INFO]: RoadRunner(81) is moving S from (0, 8) to (1,8)
[14:54:04.223 INFO]: RoadRunner(95) is moving E from (0, 4) to (0,5)
[14:54:04.223 INFO]: RoadRunner(103) is moving SE from (2, 3) to (3,4)
[14:54:04.223 INFO]: RoadRunner(98) is moving NE from (1, 7) to (0,8)
[14:54:04.223 INFO]: RoadRunner(39) is moving W from (2, 9) to (2,8)
[14:54:04.223 INFO]: RoadRunner(58) is moving SE from (2, 6) to (3,7)
[14:54:04.223 INFO]: RoadRunner(84) is moving E from (7, 5) to (7,6)
[14:54:04.223 INFO]: RoadRunner(50) is moving E from (2, 2) to (2,3)
[14:54:04.223 INFO]: RoadRunner(30) is moving SW from (4, 7) to (5,6)
[14:54:04.224 INFO]: RoadRunner(41) is moving N from (2, 7) to (1,7)
[14:54:04.224 INFO]: RoadRunner(60) is moving E from (1, 1) to (1,2)
[14:54:04.224 INFO]: RoadRunner(53) is moving S from (8, 3) to (9,3)
[14:54:04.224 INFO]: RoadRunner(52) is moving SE from (6, 4) to (7,5)
[14:54:04.224 INFO]: RoadRunner(99) is moving SW from (4, 3) to (5,2)
[14:54:04.601 INFO]: 
[14:54:04.601 INFO]: 
[14:54:04.601 INFO]: ########## Age 16 ##########
[14:54:04.601 INFO]: 
[14:54:04.602 INFO]: 
[14:54:04.602 INFO]: RoadRunner(105) is moving SE from (3, 6) to (4,7)
[14:54:04.602 INFO]: RoadRunner(90) is moving N from (7, 4) to (6,4)
[14:54:04.602 INFO]: RoadRunner(96) is moving S from (7, 9) to (8,9)
[14:54:04.602 INFO]: RoadRunner(101) is moving NE from (2, 0) to (1,1)
[14:54:04.602 INFO]: RoadRunner(81) is moving SW from (1, 8) to (2,7)
[14:54:04.603 INFO]: RoadRunner(87) is moving NW from (9, 4) to (8,3)
[14:54:04.603 INFO]: RoadRunner(92) is moving NE from (3, 5) to (2,6)
[14:54:04.603 INFO]: RoadRunner(99) is moving NE from (5, 2) to (4,3)
[14:54:04.603 INFO]: RoadRunner(43) is moving E from (7, 3) to (7,4)
[14:54:04.603 INFO]: RoadRunner(36) is moving N from (3, 0) to (2,0)
[14:54:04.603 INFO]: RoadRunner(79) is moving N from (4, 0) to (3,0)
[14:54:04.603 INFO]: RoadRunner(33) is moving SE from (8, 4) to (9,5)
[14:54:04.603 INFO]: RoadRunner(75) is moving SE from (8, 6) to (9,7)
[14:54:04.603 INFO]: RoadRunner(42) is moving NW from (3, 3) to (2,2)
[14:54:04.604 INFO]: RoadRunner(77) is moving SE from (4, 1) to (5,2)
[14:54:04.604 INFO]: RoadRunner(94) is moving NE from (8, 2) to (7,3)
[14:54:04.604 INFO]: RoadRunner(84) is moving S from (7, 6) to (8,6)
[14:54:04.604 INFO]: RoadRunner(45) is moving NW from (1, 5) to (0,4)
[14:54:04.604 INFO]: RoadRunner(73) is moving NE from (2, 4) to (1,5)
[14:54:04.604 INFO]: RoadRunner(91) is moving E from (6, 7) to (6,8)
[14:54:04.604 INFO]: RoadRunner(29) is moving NE from (9, 1) to (8,2)
[14:54:04.605 INFO]: RoadRunner(40) is moving E from (6, 6) to (6,7)
[14:54:04.605 INFO]: RoadRunner(35) is moving SE from (2, 5) to (3,6)
[14:54:04.605 INFO]: RoadRunner(61) is moving S from (4, 8) to (5,8)
[14:54:04.605 INFO]: RoadRunner(56) is moving SE from (1, 4) to (2,5)
[14:54:04.605 INFO]: RoadRunner(48) is moving N from (4, 5) to (3,5)
[14:54:04.605 INFO]: RoadRunner(53) is moving NE from (9, 3) to (8,4)
[14:54:04.605 INFO]: RoadRunner(39) is moving N from (2, 8) to (1,8)
[14:54:04.605 INFO]: RoadRunner(103) is moving N from (3, 4) to (2,4)
[14:54:04.605 INFO]: RoadRunner(104) is moving W from (4, 9) to (4,8)
[14:54:04.606 INFO]: RoadRunner(93) is moving W from (4, 6) to (4,5)
[14:54:04.606 INFO]: RoadRunner(34) is moving SE from (7, 7) to (8,8)
[14:54:04.606 INFO]: RoadRunner(106) is moving E from (1, 3) to (1,4)
[14:54:04.606 INFO]: RoadRunner(57) is moving NE from (3, 8) to (2,9)
[14:54:04.606 INFO]: RoadRunner(100) is moving SE from (0, 2) to (1,3)
[14:54:04.606 INFO]: RoadRunner(50) is moving SE from (2, 3) to (3,4)
[14:54:04.606 INFO]: RoadRunner(80) is moving SW from (3, 1) to (4,0)
[14:54:04.606 INFO]: RoadRunner(66) is moving W from (3, 2) to (3,1)
[14:54:04.606 INFO]: RoadRunner(83) is moving E from (0, 1) to (0,2)
[14:54:04.607 INFO]: RoadRunner(78) is moving SW from (5, 7) to (6,6)
[14:54:04.607 INFO]: RoadRunner(51) is moving NE from (5, 0) to (4,1)
[14:54:04.607 INFO]: RoadRunner(46) is moving NE from (4, 2) to (3,3)
[14:54:04.607 INFO]: RoadRunner(107) is moving S from (5, 9) to (6,9)
[14:54:04.607 INFO]: RoadRunner(55) is moving NE from (1, 0) to (0,1)
[14:54:04.607 INFO]: RoadRunner(65) is moving SE from (2, 1) to (3,2)
[14:54:04.607 INFO]: RoadRunner(102) is moving S from (3, 9) to (4,9)
[14:54:04.608 INFO]: RoadRunner(68) is moving N from (8, 7) to (7,7)
[14:54:04.608 INFO]: RoadRunner(74) is moving SW from (1, 9) to (2,8)
[14:54:04.608 INFO]: RoadRunner(58) is moving E from (3, 7) to (3,8)
[14:54:04.608 INFO]: RoadRunner(44) is moving E from (9, 0) to (9,1)
[14:54:04.608 INFO]: RoadRunner(86) is moving SW from (8, 1) to (9,0)
[14:54:04.608 INFO]: RoadRunner(64) is moving SE from (6, 5) to (7,6)
[14:54:04.608 INFO]: RoadRunner(49) is moving SW from (7, 2) to (8,1)
[14:54:04.608 INFO]: RoadRunner(47) is moving SW from (8, 5) to (9,4)
[14:54:04.608 INFO]: RoadRunner(97) is moving E from (7, 1) to (7,2)
[14:54:05.002 INFO]: 
[14:54:05.002 INFO]: 
[14:54:05.002 INFO]: ########## Age 17 ##########
[14:54:05.002 INFO]: 
[14:54:05.003 INFO]: 
[14:54:05.003 INFO]: RoadRunner(48) is moving SE from (3, 5) to (4,6)
[14:54:05.003 INFO]: RoadRunner(29) is moving SE from (8, 2) to (9,3)
[14:54:05.003 INFO]: RoadRunner(74) is moving SW from (2, 8) to (3,7)
[14:54:05.003 INFO]: RoadRunner(41) is moving SE from (1, 7) to (2,8)
[14:54:05.003 INFO]: RoadRunner(81) is moving N from (2, 7) to (1,7)
[14:54:05.004 INFO]: RoadRunner(85) is moving NE from (4, 4) to (3,5)
[14:54:05.004 INFO]: RoadRunner(105) is moving S from (4, 7) to (5,7)
[14:54:05.004 INFO]: RoadRunner(65) is moving NW from (3, 2) to (2,1)
[14:54:05.004 INFO]: RoadRunner(89) is moving SE from (6, 0) to (7,1)
[14:54:05.004 INFO]: RoadRunner(102) is moving N from (4, 9) to (3,9)
[14:54:05.004 INFO]: RoadRunner(50) is moving NW from (3, 4) to (2,3)
[14:54:05.004 INFO]: RoadRunner(52) is moving S from (7, 5) to (8,5)
[14:54:05.004 INFO]: RoadRunner(55) is moving SW from (0, 1) to (1,0)
[14:54:05.004 INFO]: RoadRunner(64) is moving SE from (7, 6) to (8,7)
[14:54:05.005 INFO]: RoadRunner(84) is moving NW from (8, 6) to (7,5)
[14:54:05.005 INFO]: RoadRunner(77) is moving N from (5, 2) to (4,2)
[14:54:05.005 INFO]: RoadRunner(76) is moving SE from (1, 6) to (2,7)
[14:54:05.005 INFO]: RoadRunner(34) is moving SE from (8, 8) to (9,9)
[14:54:05.005 INFO]: RoadRunner(67) is moving N from (7, 0) to (6,0)
[14:54:05.005 INFO]: RoadRunner(30) is moving SW from (5, 6) to (6,5)
[14:54:05.005 INFO]: RoadRunner(46) is moving W from (3, 3) to (3,2)
[14:54:05.005 INFO]: RoadRunner(57) is moving N from (2, 9) to (1,9)
[14:54:05.005 INFO]: RoadRunner(101) is moving N from (1, 1) to (0,1)
[14:54:05.005 INFO]: RoadRunner(80) is moving S from (4, 0) to (5,0)
[14:54:05.005 INFO]: RoadRunner(94) is moving SW from (7, 3) to (8,2)
[14:54:05.006 INFO]: RoadRunner(39) is moving SE from (1, 8) to (2,9)
[14:54:05.006 INFO]: RoadRunner(87) is moving N from (8, 3) to (7,3)
[14:54:05.006 INFO]: RoadRunner(68) is moving W from (7, 7) to (7,6)
[14:54:05.006 INFO]: RoadRunner(54) is moving NW from (5, 1) to (4,0)
[14:54:05.006 INFO]: RoadRunner(82) is moving S from (0, 6) to (1,6)
[14:54:05.006 INFO]: RoadRunner(61) is moving NW from (5, 8) to (4,7)
[14:54:05.006 INFO]: RoadRunner(49) is moving NW from (8, 1) to (7,0)
[14:54:05.006 INFO]: RoadRunner(43) is moving SW from (7, 4) to (8,3)
[14:54:05.006 INFO]: RoadRunner(107) is moving SW from (6, 9) to (7,8)
[14:54:05.006 INFO]: RoadRunner(69) is moving NW from (6, 2) to (5,1)
[14:54:05.006 INFO]: RoadRunner(73) is moving NE from (1, 5) to (0,6)
[14:54:05.006 INFO]: RoadRunner(103) is moving SW from (2, 4) to (3,3)
[14:54:05.007 INFO]: RoadRunner(83) is moving SW from (0, 2) to (1,1)
[14:54:05.007 INFO]: RoadRunner(75) is moving NW from (9, 7) to (8,6)
[14:54:05.007 INFO]: RoadRunner(56) is moving SW from (2, 5) to (3,4)
[14:54:05.007 INFO]: RoadRunner(10) is moving NE from (6, 1) to (5,2)
[14:54:05.007 INFO]: RoadRunner(71) is moving SE from (6, 3) to (7,4)
[14:54:05.007 INFO]: RoadRunner(100) is moving NW from (1, 3) to (0,2)
[14:54:05.007 INFO]: RoadRunner(42) is moving NE from (2, 2) to (1,3)
[14:54:05.007 INFO]: RoadRunner(99) is moving E from (4, 3) to (4,4)
[14:54:05.007 INFO]: RoadRunner(78) is moving N from (6, 6) to (5,6)
[14:54:05.007 INFO]: RoadRunner(63) is moving SE from (0, 7) to (1,8)
[14:54:05.007 INFO]: RoadRunner(66) is moving NE from (3, 1) to (2,2)
[14:54:05.007 INFO]: RoadRunner(91) is moving NE from (6, 8) to (5,9)
[14:54:05.007 INFO]: RoadRunner(40) is moving E from (6, 7) to (6,8)
[14:54:05.007 INFO]: RoadRunner(44) is moving N from (9, 1) to (8,1)
[14:54:05.007 INFO]: RoadRunner(51) is moving N from (4, 1) to (3,1)
[14:54:05.007 INFO]: RoadRunner(3) is moving SE from (5, 5) to (6,6)
[14:54:05.008 INFO]: RoadRunner(31) is moving W from (9, 2) to (9,1)
[14:54:05.008 INFO]: RoadRunner(96) is moving SW from (8, 9) to (9,8)
[14:54:05.008 INFO]: RoadRunner(90) is moving NE from (6, 4) to (5,5)
[14:54:05.008 INFO]: RoadRunner(37) is moving N from (5, 3) to (4,3)
[14:54:05.008 INFO]: RoadRunner(98) is moving W from (0, 8) to (0,7)
[14:54:05.008 INFO]: RoadRunner(58) is moving SE from (3, 8) to (4,9)
[14:54:05.008 INFO]: RoadRunner(104) is moving N from (4, 8) to (3,8)
[14:54:05.008 INFO]: RoadRunner(72) is moving W from (5, 4) to (5,3)
[14:54:05.008 INFO]: RoadRunner(93) is moving SW from (4, 5) to (5,4)
[14:54:05.008 INFO]: RoadRunner(97) is moving NW from (7, 2) to (6,1)
[14:54:05.008 INFO]: RoadRunner(33) is moving E from (9, 5) to (9,6)
[14:54:05.008 INFO]: RoadRunner just bred a new RoadRunner at cell (4,5)
[14:54:05.009 INFO]: RoadRunner just bred a new RoadRunner at cell (9,2)
[14:54:05.009 INFO]: RoadRunner just bred a new RoadRunner at cell (4,8)
[14:54:05.009 INFO]: RoadRunner just bred a new RoadRunner at cell (1,5)
[14:54:05.009 INFO]: RoadRunner just bred a new RoadRunner at cell (0,8)
[14:54:05.009 INFO]: RoadRunner just bred a new RoadRunner at cell (2,5)
[14:54:05.009 INFO]: RoadRunner just bred a new RoadRunner at cell (6,7)
[14:54:05.009 INFO]: RoadRunner just bred a new RoadRunner at cell (6,2)
[14:54:05.009 INFO]: RoadRunner just bred a new RoadRunner at cell (4,1)
[14:54:05.009 INFO]: RoadRunner just bred a new RoadRunner at cell (2,4)
[14:54:05.009 INFO]: RoadRunner just bred a new RoadRunner at cell (9,5)
[14:54:05.009 INFO]: RoadRunner just bred a new RoadRunner at cell (7,7)
[14:54:05.009 INFO]: RoadRunner just bred a new RoadRunner at cell (6,4)
[14:54:05.009 INFO]: RoadRunner just bred a new RoadRunner at cell (8,9)
[14:54:05.009 INFO]: RoadRunner just bred a new RoadRunner at cell (7,2)
[14:54:05.009 INFO]: RoadRunner just bred a new RoadRunner at cell (6,3)
[14:54:05.009 INFO]: RoadRunner just bred a new RoadRunner at cell (5,8)
[14:54:05.010 INFO]: RoadRunner just bred a new RoadRunner at cell (6,9)
[14:54:05.010 INFO]: RoadRunner just bred a new RoadRunner at cell (9,7)
[14:54:05.010 INFO]: RoadRunner just bred a new RoadRunner at cell (7,9)
[14:54:05.010 INFO]: RoadRunner just bred a new RoadRunner at cell (8,8)
[14:54:05.723 INFO]: 
[14:54:05.724 INFO]: 
[14:54:05.724 INFO]: ########## Age 18 ##########
[14:54:05.724 INFO]: 
[14:54:05.725 INFO]: 
[14:54:06.373 INFO]: 
[14:54:06.373 INFO]: 
[14:54:06.373 INFO]: ########## Age 19 ##########
[14:54:06.373 INFO]: 
[14:54:06.373 INFO]: 
[14:54:07.454 INFO]: 
[14:54:07.454 INFO]: 
[14:54:07.454 INFO]: ########## Age 20 ##########
[14:54:07.455 INFO]: 
[14:54:07.455 INFO]: 
[14:54:08.101 INFO]: 
[14:54:08.101 INFO]: 
[14:54:08.101 INFO]: ########## Age 21 ##########
[14:54:08.101 INFO]: 
[14:54:08.101 INFO]: 
[14:58:20.251 INFO]: Simulation Found. Configuration Settings:
[14:58:20.265 INFO]: Rows: 10
[14:58:20.266 INFO]: Columns: 10
[14:58:20.266 INFO]: 
[14:58:20.266 INFO]: Min Prey: 10 Max Prey: 20
[14:58:20.266 INFO]: Min Predators: 10 Max Predators: 20
[14:58:36.730 INFO]: Starting Simulation...
[14:58:36.733 INFO]: Starting Prey: 18
[14:58:36.733 INFO]: Starting Predators: 16
[14:58:36.744 INFO]: RoadRunner(0) created at cell (1, 0)
[14:58:36.745 INFO]: RoadRunner(1) created at cell (7, 9)
[14:58:36.746 INFO]: RoadRunner(2) created at cell (2, 0)
[14:58:36.746 INFO]: RoadRunner(3) created at cell (4, 3)
[14:58:36.747 INFO]: RoadRunner(4) created at cell (6, 8)
[14:58:36.748 INFO]: RoadRunner(5) created at cell (8, 1)
[14:58:36.748 INFO]: RoadRunner(6) created at cell (7, 0)
[14:58:36.749 INFO]: RoadRunner(7) created at cell (3, 7)
[14:58:36.750 INFO]: RoadRunner(8) created at cell (5, 2)
[14:58:36.750 INFO]: RoadRunner(9) created at cell (4, 0)
[14:58:36.751 INFO]: RoadRunner(10) created at cell (7, 6)
[14:58:36.751 INFO]: RoadRunner(11) created at cell (9, 0)
[14:58:36.752 INFO]: RoadRunner(12) created at cell (0, 1)
[14:58:36.752 INFO]: RoadRunner(13) created at cell (0, 6)
[14:58:36.753 INFO]: RoadRunner(14) created at cell (9, 5)
[14:58:36.753 INFO]: RoadRunner(15) created at cell (3, 4)
[14:58:36.753 INFO]: RoadRunner(16) created at cell (2, 7)
[14:58:36.754 INFO]: RoadRunner(17) created at cell (3, 0)
[14:58:36.754 INFO]: Coyote(18) created at cell (5, 4)
[14:58:36.755 INFO]: Coyote(19) created at cell (8, 3)
[14:58:36.755 INFO]: Coyote(20) created at cell (8, 6)
[14:58:36.755 INFO]: Coyote(21) created at cell (0, 3)
[14:58:36.756 INFO]: Coyote(22) created at cell (4, 1)
[14:58:36.756 INFO]: Coyote(23) created at cell (1, 2)
[14:58:36.756 INFO]: Coyote(24) created at cell (0, 5)
[14:58:36.757 INFO]: Coyote(25) created at cell (4, 6)
[14:58:36.757 INFO]: Coyote(26) created at cell (8, 7)
[14:58:36.757 INFO]: Coyote(27) created at cell (9, 4)
[14:58:36.757 INFO]: Coyote(28) created at cell (1, 5)
[14:58:36.757 INFO]: Coyote(29) created at cell (1, 3)
[14:58:36.758 INFO]: Coyote(30) created at cell (8, 2)
[14:58:36.758 INFO]: Coyote(31) created at cell (6, 1)
[14:58:36.758 INFO]: Coyote(32) created at cell (4, 4)
[14:58:36.758 INFO]: Coyote(33) created at cell (7, 3)
[14:58:37.643 INFO]: 
[14:58:37.644 INFO]: 
[14:58:37.644 INFO]: ########## Age 0 ##########
[14:58:37.645 INFO]: 
[14:58:37.645 INFO]: 
[14:58:37.647 INFO]: RoadRunner(16) is moving N from (2, 7) to (1,7)
[14:58:37.648 INFO]: RoadRunner is attempting to run away from 1 Coyotes!
[14:58:37.656 INFO]: RoadRunner(17) is moving NE from (3, 0) to (2,1)
[14:58:37.656 INFO]: RoadRunner(1) is moving W from (7, 9) to (7,8)
[14:58:37.657 INFO]: Coyote(19) is moving E from (8, 3) to (8,4)
[14:58:37.657 INFO]: Coyote(25) is moving NE from (4, 6) to (3,7)
[14:58:37.657 WARN]: Coyote(25) just ate RoadRunner(7) at cell (3,7)
[14:58:37.658 INFO]: Coyote(24) is moving E from (0, 5) to (0,6)
[14:58:37.658 WARN]: Coyote(24) just ate RoadRunner(13) at cell (0,6)
[14:58:37.658 INFO]: RoadRunner is attempting to run away from 2 Coyotes!
[14:58:37.659 INFO]: RoadRunner(10) is moving NW from (7, 6) to (6,5)
[14:58:37.659 INFO]: Coyote(30) is moving W from (8, 2) to (8,1)
[14:58:37.659 WARN]: Coyote(30) just ate RoadRunner(5) at cell (8,1)
[14:58:37.659 INFO]: RoadRunner is attempting to run away from 2 Coyotes!
[14:58:37.660 INFO]: RoadRunner(3) is moving NW from (4, 3) to (3,2)
[14:58:37.660 INFO]: Coyote(28) is moving N from (1, 5) to (0,5)
[14:58:37.661 INFO]: Coyote(32) is moving N from (4, 4) to (3,4)
[14:58:37.661 WARN]: Coyote(32) just ate RoadRunner(15) at cell (3,4)
[14:58:37.662 INFO]: RoadRunner(4) is moving NW from (6, 8) to (5,7)
[14:58:37.662 INFO]: Coyote(21) is moving W from (0, 3) to (0,2)
[14:58:37.662 INFO]: Coyote(27) is moving E from (9, 4) to (9,5)
[14:58:37.663 WARN]: Coyote(27) just ate RoadRunner(14) at cell (9,5)
[14:58:37.663 INFO]: Coyote(18) is moving SE from (5, 4) to (6,5)
[14:58:37.664 WARN]: Coyote(18) just ate RoadRunner(10) at cell (6,5)
[14:58:37.664 INFO]: Coyote(29) is moving SW from (1, 3) to (2,2)
[14:58:37.665 INFO]: Coyote(20) is moving NW from (8, 6) to (7,5)
[14:58:37.665 INFO]: RoadRunner(2) is moving SE from (2, 0) to (3,1)
[14:58:37.665 INFO]: Coyote(26) is moving NE from (8, 7) to (7,8)
[14:58:37.665 WARN]: Coyote(26) just ate RoadRunner(1) at cell (7,8)
[14:58:37.666 INFO]: Coyote(31) is moving NE from (6, 1) to (5,2)
[14:58:37.666 WARN]: Coyote(31) just ate RoadRunner(8) at cell (5,2)
[14:58:37.666 INFO]: RoadRunner is attempting to run away from 2 Coyotes!
[14:58:37.666 INFO]: RoadRunner(12) is moving W from (0, 1) to (0,0)
[14:58:37.666 INFO]: RoadRunner is attempting to run away from 1 Coyotes!
[14:58:37.667 INFO]: RoadRunner(6) is moving N from (7, 0) to (6,0)
[14:58:37.667 INFO]: Coyote(23) is moving SW from (1, 2) to (2,1)
[14:58:37.667 WARN]: Coyote(23) just ate RoadRunner(17) at cell (2,1)
[14:58:37.668 INFO]: RoadRunner is attempting to run away from 1 Coyotes!
[14:58:37.668 INFO]: RoadRunner(11) is moving N from (9, 0) to (8,0)
[14:58:37.669 INFO]: Coyote(22) is moving N from (4, 1) to (3,1)
[14:58:37.669 WARN]: Coyote(22) just ate RoadRunner(2) at cell (3,1)
[14:58:37.669 INFO]: RoadRunner is attempting to run away from 1 Coyotes!
[14:58:37.670 INFO]: RoadRunner(9) is moving S from (4, 0) to (5,0)
[14:58:37.670 INFO]: Coyote(33) is moving S from (7, 3) to (8,3)
[14:58:37.670 INFO]: RoadRunner is attempting to run away from 1 Coyotes!
[14:58:37.671 INFO]: RoadRunner(0) is moving NE from (1, 0) to (0,1)
[14:58:38.020 INFO]: 
[14:58:38.020 INFO]: 
[14:58:38.021 INFO]: ########## Age 1 ##########
[14:58:38.021 INFO]: 
[14:58:38.021 INFO]: 
[14:58:38.021 INFO]: RoadRunner is attempting to run away from 1 Coyotes!
[14:58:38.022 INFO]: RoadRunner(0) is moving SW from (0, 1) to (1,0)
[14:58:38.023 INFO]: Coyote(19) is moving NW from (8, 4) to (7,3)
[14:58:38.023 INFO]: Coyote(31) is moving N from (5, 2) to (4,2)
[14:58:38.023 INFO]: Coyote(27) is moving N from (9, 5) to (8,5)
[14:58:38.023 INFO]: RoadRunner(4) is moving N from (5, 7) to (4,7)
[14:58:38.024 INFO]: Coyote(30) is moving W from (8, 1) to (8,0)
[14:58:38.024 WARN]: Coyote(30) just ate RoadRunner(11) at cell (8,0)
[14:58:38.024 INFO]: RoadRunner(12) is moving E from (0, 0) to (0,1)
[14:58:38.024 INFO]: Coyote(25) is moving S from (3, 7) to (4,7)
[14:58:38.025 WARN]: Coyote(25) just ate RoadRunner(4) at cell (4,7)
[14:58:38.025 INFO]: Coyote(26) is moving SE from (7, 8) to (8,9)
[14:58:38.025 INFO]: Coyote(20) is moving W from (7, 5) to (7,4)
[14:58:38.025 INFO]: Coyote(21) is moving W from (0, 2) to (0,1)
[14:58:38.025 WARN]: Coyote(21) just ate RoadRunner(12) at cell (0,1)
[14:58:38.026 INFO]: Coyote(18) is moving SE from (6, 5) to (7,6)
[14:58:38.026 INFO]: Coyote(32) is moving SW from (3, 4) to (4,3)
[14:58:38.026 INFO]: Coyote(33) is moving S from (8, 3) to (9,3)
[14:58:38.026 INFO]: Coyote(24) is moving SE from (0, 6) to (1,7)
[14:58:38.027 WARN]: Coyote(24) just ate RoadRunner(16) at cell (1,7)
[14:58:38.027 INFO]: RoadRunner is attempting to run away from 5 Coyotes!
[14:58:38.027 INFO]: Coyote(22) is moving E from (3, 1) to (3,2)
[14:58:38.027 WARN]: Coyote(22) just ate RoadRunner(3) at cell (3,2)
[14:58:38.027 INFO]: RoadRunner(9) is moving N from (5, 0) to (4,0)
[14:58:38.028 INFO]: Coyote(28) is moving W from (0, 5) to (0,4)
[14:58:38.028 INFO]: RoadRunner(6) is moving E from (6, 0) to (6,1)
[14:58:38.028 INFO]: Coyote(29) is moving NE from (2, 2) to (1,3)
[14:58:38.028 INFO]: Coyote(23) is moving NW from (2, 1) to (1,0)
[14:58:38.029 WARN]: Coyote(23) just ate RoadRunner(0) at cell (1,0)
[14:58:38.242 INFO]: 
[14:58:38.242 INFO]: 
[14:58:38.242 INFO]: ########## Age 2 ##########
[14:58:38.242 INFO]: 
[14:58:38.242 INFO]: 
[14:58:38.243 INFO]: Coyote(27) is moving N from (8, 5) to (7,5)
[14:58:38.243 INFO]: RoadRunner(6) is moving NW from (6, 1) to (5,0)
[14:58:38.243 INFO]: Coyote(29) is moving SW from (1, 3) to (2,2)
[14:58:38.243 INFO]: Coyote(26) is moving NW from (8, 9) to (7,8)
[14:58:38.244 INFO]: Coyote(23) is moving N from (1, 0) to (0,0)
[14:58:38.244 INFO]: Coyote(24) is moving SE from (1, 7) to (2,8)
[14:58:38.244 INFO]: Coyote(25) is moving E from (4, 7) to (4,8)
[14:58:38.244 INFO]: Coyote(30) is moving SE from (8, 0) to (9,1)
[14:58:38.244 INFO]: Coyote(22) is moving SW from (3, 2) to (4,1)
[14:58:38.244 INFO]: Coyote(31) is moving N from (4, 2) to (3,2)
[14:58:38.245 INFO]: Coyote(32) is moving NE from (4, 3) to (3,4)
[14:58:38.245 INFO]: Coyote(28) is moving W from (0, 4) to (0,3)
[14:58:38.245 INFO]: RoadRunner is attempting to run away from 1 Coyotes!
[14:58:38.245 INFO]: RoadRunner(9) is moving N from (4, 0) to (3,0)
[14:58:38.246 INFO]: Coyote(20) is moving N from (7, 4) to (6,4)
[14:58:38.246 INFO]: Coyote(21) is moving E from (0, 1) to (0,2)
[14:58:38.246 INFO]: Coyote(33) is moving NW from (9, 3) to (8,2)
[14:58:38.246 INFO]: Coyote(18) is moving SW from (7, 6) to (8,5)
[14:58:38.247 INFO]: Coyote(19) is moving S from (7, 3) to (8,3)
[14:58:38.247 INFO]: RoadRunner just bred a new RoadRunner at cell (4,0)
[14:58:38.248 INFO]: RoadRunner just bred a new RoadRunner at cell (2,0)
[14:58:38.515 INFO]: 
[14:58:38.515 INFO]: 
[14:58:38.515 INFO]: ########## Age 3 ##########
[14:58:38.515 INFO]: 
[14:58:38.515 INFO]: 
[14:58:38.516 INFO]: Coyote(21) is moving W from (0, 2) to (0,1)
[14:58:38.517 INFO]: Coyote(22) is moving NW from (4, 1) to (3,0)
[14:58:38.517 WARN]: Coyote(22) just ate RoadRunner(9) at cell (3,0)
[14:58:38.517 INFO]: Coyote(30) is moving NW from (9, 1) to (8,0)
[14:58:38.517 INFO]: Coyote(27) is moving NE from (7, 5) to (6,6)
[14:58:38.517 INFO]: Coyote(28) is moving SW from (0, 3) to (1,2)
[14:58:38.518 INFO]: Coyote(31) is moving NE from (3, 2) to (2,3)
[14:58:38.518 INFO]: Coyote(18) is moving E from (8, 5) to (8,6)
[14:58:38.518 INFO]: Coyote(26) is moving SE from (7, 8) to (8,9)
[14:58:38.518 INFO]: RoadRunner(6) is moving E from (5, 0) to (5,1)
[14:58:38.518 INFO]: Coyote(20) is moving SW from (6, 4) to (7,3)
[14:58:38.519 INFO]: Coyote(32) is moving SW from (3, 4) to (4,3)
[14:58:38.519 INFO]: Coyote(23) is moving SE from (0, 0) to (1,1)
[14:58:38.520 INFO]: RoadRunner is attempting to run away from 1 Coyotes!
[14:58:38.521 INFO]: RoadRunner(34) is moving S from (4, 0) to (5,0)
[14:58:38.521 INFO]: Coyote(25) is moving W from (4, 8) to (4,7)
[14:58:38.521 INFO]: Coyote(19) is moving NE from (8, 3) to (7,4)
[14:58:38.521 INFO]: Coyote(29) is moving W from (2, 2) to (2,1)
[14:58:38.522 INFO]: Coyote(33) is moving E from (8, 2) to (8,3)
[14:58:38.522 INFO]: Coyote(24) is moving E from (2, 8) to (2,9)
[14:58:38.522 INFO]: RoadRunner is attempting to run away from 3 Coyotes!
[14:58:38.522 INFO]: RoadRunner(35) is moving N from (2, 0) to (1,0)
[14:58:38.739 INFO]: 
[14:58:38.740 INFO]: 
[14:58:38.740 INFO]: ########## Age 4 ##########
[14:58:38.740 INFO]: 
[14:58:38.740 INFO]: 
[14:58:38.740 WARN]: Coyote(29) died to starvation!
[14:58:38.740 WARN]: Coyote(19) died to starvation!
[14:58:38.740 WARN]: Coyote(33) died to starvation!
[14:58:38.741 INFO]: Coyote(25) is moving SE from (4, 7) to (5,8)
[14:58:38.741 WARN]: Coyote(26) died to starvation!
[14:58:38.741 INFO]: Coyote(23) is moving W from (1, 1) to (1,0)
[14:58:38.741 WARN]: Coyote(23) just ate RoadRunner(35) at cell (1,0)
[14:58:38.741 WARN]: Coyote(20) died to starvation!
[14:58:38.741 WARN]: Coyote(31) died to starvation!
[14:58:38.741 WARN]: Coyote(27) died to starvation!
[14:58:38.741 INFO]: Coyote(30) is moving SE from (8, 0) to (9,1)
[14:58:38.742 INFO]: Coyote(21) is moving W from (0, 1) to (0,0)
[14:58:38.742 WARN]: Coyote(18) died to starvation!
[14:58:38.742 INFO]: Coyote(22) is moving N from (3, 0) to (2,0)
[14:58:38.742 INFO]: RoadRunner(6) is moving E from (5, 1) to (5,2)
[14:58:38.742 WARN]: Coyote(32) died to starvation!
[14:58:38.742 INFO]: RoadRunner(34) is moving N from (5, 0) to (4,0)
[14:58:38.743 WARN]: Coyote(28) died to starvation!
[14:58:38.743 INFO]: Coyote(24) is moving S from (2, 9) to (3,9)
[14:58:38.963 INFO]: 
[14:58:38.964 INFO]: 
[14:58:38.964 INFO]: ########## Age 5 ##########
[14:58:38.964 INFO]: 
[14:58:38.964 INFO]: 
[14:58:38.964 WARN]: Coyote(21) died to starvation!
[14:58:38.964 INFO]: Coyote(22) is moving E from (2, 0) to (2,1)
[14:58:38.965 INFO]: Coyote(23) is moving NE from (1, 0) to (0,1)
[14:58:38.965 WARN]: Coyote(30) died to starvation!
[14:58:38.965 INFO]: RoadRunner(34) is moving SE from (4, 0) to (5,1)
[14:58:38.965 WARN]: Coyote(24) died to starvation!
[14:58:38.965 WARN]: Coyote(25) died to starvation!
[14:58:38.965 INFO]: RoadRunner(6) is moving SE from (5, 2) to (6,3)
[14:58:38.965 INFO]: RoadRunner just bred a new RoadRunner at cell (4,1)
[14:58:38.966 INFO]: RoadRunner just bred a new RoadRunner at cell (5,3)
[14:58:40.557 INFO]: 
[14:58:40.557 INFO]: 
[14:58:40.557 INFO]: ########## Age 6 ##########
[14:58:40.557 INFO]: 
[14:58:40.557 INFO]: 
[14:58:40.558 INFO]: RoadRunner(6) is moving NE from (6, 3) to (5,4)
[14:58:40.558 INFO]: RoadRunner(36) is moving NE from (4, 1) to (3,2)
[14:58:40.559 INFO]: RoadRunner(34) is moving E from (5, 1) to (5,2)
[14:58:40.559 INFO]: Coyote(23) is moving W from (0, 1) to (0,0)
[14:58:40.559 INFO]: Coyote(22) is moving SE from (2, 1) to (3,2)
[14:58:40.559 WARN]: Coyote(22) just ate RoadRunner(36) at cell (3,2)
[14:58:40.560 INFO]: RoadRunner(37) is moving SW from (5, 3) to (6,2)
[14:58:41.438 INFO]: 
[14:58:41.439 INFO]: 
[14:58:41.439 INFO]: ########## Age 7 ##########
[14:58:41.439 INFO]: 
[14:58:41.440 INFO]: 
[14:58:41.440 INFO]: Coyote(23) is moving S from (0, 0) to (1,0)
[14:58:41.440 INFO]: RoadRunner(6) is moving NE from (5, 4) to (4,5)
[14:58:41.441 INFO]: RoadRunner(37) is moving NE from (6, 2) to (5,3)
[14:58:41.441 INFO]: RoadRunner(34) is moving S from (5, 2) to (6,2)
[14:58:41.441 INFO]: Coyote(22) is moving S from (3, 2) to (4,2)
[14:58:41.442 INFO]: Coyote just bred a new Coyote at cell (0,0)
[14:58:41.442 INFO]: Coyote just bred a new Coyote at cell (3,2)
[14:58:42.697 INFO]: 
[14:58:42.698 INFO]: 
[14:58:42.698 INFO]: ########## Age 8 ##########
[14:58:42.698 INFO]: 
[14:58:42.698 INFO]: 
[14:58:42.698 WARN]: Coyote(23) died to starvation!
[14:58:42.699 INFO]: RoadRunner(6) is moving NE from (4, 5) to (3,6)
[14:58:42.699 INFO]: RoadRunner is attempting to run away from 1 Coyotes!
[14:58:42.699 INFO]: RoadRunner(37) is moving SE from (5, 3) to (6,4)
[14:58:42.699 INFO]: Coyote(38) is moving E from (0, 0) to (0,1)
[14:58:42.700 INFO]: Coyote(22) is moving W from (4, 2) to (4,1)
[14:58:42.700 INFO]: Coyote(39) is moving N from (3, 2) to (2,2)
[14:58:42.700 INFO]: RoadRunner(34) is moving N from (6, 2) to (5,2)
[14:58:42.701 INFO]: RoadRunner just bred a new RoadRunner at cell (2,6)
[14:58:42.701 INFO]: RoadRunner just bred a new RoadRunner at cell (5,4)
[14:58:42.701 INFO]: RoadRunner just bred a new RoadRunner at cell (4,2)
[14:58:43.515 INFO]: 
[14:58:43.515 INFO]: 
[14:58:43.515 INFO]: ########## Age 9 ##########
[14:58:43.515 INFO]: 
[14:58:43.515 INFO]: 
[14:58:43.516 INFO]: RoadRunner(40) is moving NE from (2, 6) to (1,7)
[14:58:43.516 INFO]: Coyote(39) is moving SW from (2, 2) to (3,1)
[14:58:43.516 INFO]: RoadRunner(37) is moving W from (6, 4) to (6,3)
[14:58:43.517 INFO]: RoadRunner(41) is moving NE from (5, 4) to (4,5)
[14:58:43.517 INFO]: Coyote(38) is moving E from (0, 1) to (0,2)
[14:58:43.517 INFO]: RoadRunner(6) is moving W from (3, 6) to (3,5)
[14:58:43.518 INFO]: RoadRunner is attempting to run away from 2 Coyotes!
[14:58:43.518 INFO]: RoadRunner(42) is moving SE from (4, 2) to (5,3)
[14:58:43.518 INFO]: RoadRunner is attempting to run away from 1 Coyotes!
[14:58:43.518 INFO]: RoadRunner(34) is moving S from (5, 2) to (6,2)
[14:58:43.518 INFO]: Coyote(22) is moving NE from (4, 1) to (3,2)
[14:58:45.947 INFO]: 
[14:58:45.947 INFO]: 
[14:58:45.947 INFO]: ########## Age 10 ##########
[14:58:45.947 INFO]: 
[14:58:45.948 INFO]: 
[14:58:45.948 INFO]: Coyote(38) is moving SE from (0, 2) to (1,3)
[14:58:45.948 INFO]: RoadRunner(42) is moving N from (5, 3) to (4,3)
[14:58:45.948 WARN]: Coyote(22) died to starvation!
[14:58:45.949 INFO]: RoadRunner(34) is moving SE from (6, 2) to (7,3)
[14:58:45.949 INFO]: Coyote(39) is moving S from (3, 1) to (4,1)
[14:58:45.949 INFO]: RoadRunner(40) is moving W from (1, 7) to (1,6)
[14:58:45.949 INFO]: RoadRunner(6) is moving SE from (3, 5) to (4,6)
[14:58:45.949 INFO]: RoadRunner(41) is moving SW from (4, 5) to (5,4)
[14:58:45.950 INFO]: RoadRunner(37) is moving SE from (6, 3) to (7,4)
[14:58:48.436 INFO]: 
[14:58:48.436 INFO]: 
[14:58:48.436 INFO]: ########## Age 11 ##########
[14:58:48.436 INFO]: 
[14:58:48.437 INFO]: 
[14:58:48.437 INFO]: RoadRunner(37) is moving SE from (7, 4) to (8,5)
[14:58:48.437 INFO]: RoadRunner(41) is moving W from (5, 4) to (5,3)
[14:58:48.437 WARN]: Coyote(38) died to starvation!
[14:58:48.437 INFO]: RoadRunner(40) is moving N from (1, 6) to (0,6)
[14:58:48.438 INFO]: RoadRunner(34) is moving W from (7, 3) to (7,2)
[14:58:48.438 WARN]: Coyote(39) died to starvation!
[14:58:48.438 INFO]: RoadRunner(42) is moving W from (4, 3) to (4,2)
[14:58:48.438 INFO]: RoadRunner(6) is moving SW from (4, 6) to (5,5)
[14:58:48.439 INFO]: RoadRunner just bred a new RoadRunner at cell (7,5)
[14:58:48.439 INFO]: RoadRunner just bred a new RoadRunner at cell (4,3)
[14:58:48.439 INFO]: RoadRunner just bred a new RoadRunner at cell (1,6)
[14:58:48.439 INFO]: RoadRunner just bred a new RoadRunner at cell (6,2)
[14:58:48.439 INFO]: RoadRunner just bred a new RoadRunner at cell (3,2)
[14:58:48.439 INFO]: RoadRunner just bred a new RoadRunner at cell (4,5)
[14:58:50.888 INFO]: 
[14:58:50.889 INFO]: 
[14:58:50.889 INFO]: ########## Age 12 ##########
[14:58:50.889 INFO]: 
[14:58:50.889 INFO]: 
[14:58:50.889 INFO]: RoadRunner(6) is moving W from (5, 5) to (5,4)
[14:58:50.890 INFO]: RoadRunner(48) is moving S from (4, 5) to (5,5)
[14:58:50.890 INFO]: RoadRunner(47) is moving NW from (3, 2) to (2,1)
[14:58:50.890 INFO]: RoadRunner(45) is moving E from (1, 6) to (1,7)
[14:58:50.890 INFO]: RoadRunner(43) is moving SW from (7, 5) to (8,4)
[14:58:50.891 INFO]: RoadRunner(44) is moving SW from (4, 3) to (5,2)
[14:58:50.891 INFO]: RoadRunner(40) is moving E from (0, 6) to (0,7)
[14:58:50.891 INFO]: RoadRunner(37) is moving E from (8, 5) to (8,6)
[14:58:50.892 INFO]: RoadRunner(41) is moving S from (5, 3) to (6,3)
[14:58:50.892 INFO]: RoadRunner(34) is moving NW from (7, 2) to (6,1)
[14:58:50.892 INFO]: RoadRunner(42) is moving W from (4, 2) to (4,1)
[14:58:50.892 INFO]: RoadRunner(46) is moving SW from (6, 2) to (7,1)
[14:58:51.258 INFO]: 
[14:58:51.259 INFO]: 
[14:58:51.259 INFO]: ########## Age 13 ##########
[14:58:51.259 INFO]: 
[14:58:51.259 INFO]: 
[14:58:51.259 INFO]: RoadRunner(37) is moving W from (8, 6) to (8,5)
[14:58:51.260 INFO]: RoadRunner(43) is moving SW from (8, 4) to (9,3)
[14:58:51.260 INFO]: RoadRunner(45) is moving SE from (1, 7) to (2,8)
[14:58:51.260 INFO]: RoadRunner(40) is moving E from (0, 7) to (0,8)
[14:58:51.260 INFO]: RoadRunner(44) is moving S from (5, 2) to (6,2)
[14:58:51.260 INFO]: RoadRunner(42) is moving E from (4, 1) to (4,2)
[14:58:51.260 INFO]: RoadRunner(41) is moving SW from (6, 3) to (7,2)
[14:58:51.261 INFO]: RoadRunner(48) is moving S from (5, 5) to (6,5)
[14:58:51.261 INFO]: RoadRunner(6) is moving E from (5, 4) to (5,5)
[14:58:51.261 INFO]: RoadRunner(34) is moving W from (6, 1) to (6,0)
[14:58:51.261 INFO]: RoadRunner(47) is moving E from (2, 1) to (2,2)
[14:58:51.261 INFO]: RoadRunner(46) is moving N from (7, 1) to (6,1)
[14:58:51.497 INFO]: 
[14:58:51.498 INFO]: 
[14:58:51.498 INFO]: ########## Age 14 ##########
[14:58:51.498 INFO]: 
[14:58:51.498 INFO]: 
[14:58:51.499 INFO]: RoadRunner(37) is moving S from (8, 5) to (9,5)
[14:58:51.499 INFO]: RoadRunner(42) is moving NE from (4, 2) to (3,3)
[14:58:51.499 INFO]: RoadRunner(6) is moving NW from (5, 5) to (4,4)
[14:58:51.499 INFO]: RoadRunner(41) is moving W from (7, 2) to (7,1)
[14:58:51.499 INFO]: RoadRunner(40) is moving SE from (0, 8) to (1,9)
[14:58:51.499 INFO]: RoadRunner(45) is moving S from (2, 8) to (3,8)
[14:58:51.500 INFO]: RoadRunner(44) is moving E from (6, 2) to (6,3)
[14:58:51.500 INFO]: RoadRunner(47) is moving S from (2, 2) to (3,2)
[14:58:51.500 INFO]: RoadRunner(34) is moving N from (6, 0) to (5,0)
[14:58:51.500 INFO]: RoadRunner(43) is moving N from (9, 3) to (8,3)
[14:58:51.501 INFO]: RoadRunner(48) is moving SE from (6, 5) to (7,6)
[14:58:51.501 INFO]: RoadRunner(46) is moving SE from (6, 1) to (7,2)
[14:58:51.501 INFO]: RoadRunner just bred a new RoadRunner at cell (8,5)
[14:58:51.501 INFO]: RoadRunner just bred a new RoadRunner at cell (2,3)
[14:58:51.501 INFO]: RoadRunner just bred a new RoadRunner at cell (3,4)
[14:58:51.501 INFO]: RoadRunner just bred a new RoadRunner at cell (6,1)
[14:58:51.501 INFO]: RoadRunner just bred a new RoadRunner at cell (0,9)
[14:58:51.501 INFO]: RoadRunner just bred a new RoadRunner at cell (2,8)
[14:58:51.502 INFO]: RoadRunner just bred a new RoadRunner at cell (5,3)
[14:58:51.502 INFO]: RoadRunner just bred a new RoadRunner at cell (2,2)
[14:58:51.502 INFO]: RoadRunner just bred a new RoadRunner at cell (4,0)
[14:58:51.502 INFO]: RoadRunner just bred a new RoadRunner at cell (7,3)
[14:58:51.502 INFO]: RoadRunner just bred a new RoadRunner at cell (6,6)
[14:58:51.502 INFO]: RoadRunner just bred a new RoadRunner at cell (6,2)
[14:58:51.768 INFO]: 
[14:58:51.768 INFO]: 
[14:58:51.769 INFO]: ########## Age 15 ##########
[14:58:51.769 INFO]: 
[14:58:51.769 INFO]: 
[14:58:51.769 INFO]: RoadRunner(46) is moving SW from (7, 2) to (8,1)
[14:58:51.769 INFO]: RoadRunner(41) is moving W from (7, 1) to (7,0)
[14:58:51.769 INFO]: RoadRunner(60) is moving N from (6, 2) to (5,2)
[14:58:51.769 INFO]: RoadRunner(51) is moving SW from (3, 4) to (4,3)
[14:58:51.769 INFO]: RoadRunner(57) is moving NE from (4, 0) to (3,1)
[14:58:51.770 INFO]: RoadRunner(42) is moving E from (3, 3) to (3,4)
[14:58:51.770 INFO]: RoadRunner(53) is moving W from (0, 9) to (0,8)
[14:58:51.770 INFO]: RoadRunner(40) is moving S from (1, 9) to (2,9)
[14:58:51.770 INFO]: RoadRunner(45) is moving NW from (3, 8) to (2,7)
[14:58:51.770 INFO]: RoadRunner(56) is moving NW from (2, 2) to (1,1)
[14:58:51.770 INFO]: RoadRunner(55) is moving NW from (5, 3) to (4,2)
[14:58:51.770 INFO]: RoadRunner(50) is moving NE from (2, 3) to (1,4)
[14:58:51.770 INFO]: RoadRunner(48) is moving NE from (7, 6) to (6,7)
[14:58:51.770 INFO]: RoadRunner(49) is moving N from (8, 5) to (7,5)
[14:58:51.771 INFO]: RoadRunner(54) is moving SE from (2, 8) to (3,9)
[14:58:51.771 INFO]: RoadRunner(43) is moving W from (8, 3) to (8,2)
[14:58:51.771 INFO]: RoadRunner(37) is moving NE from (9, 5) to (8,6)
[14:58:51.771 INFO]: RoadRunner(52) is moving S from (6, 1) to (7,1)
[14:58:51.771 INFO]: RoadRunner(34) is moving SE from (5, 0) to (6,1)
[14:58:51.771 INFO]: RoadRunner(59) is moving N from (6, 6) to (5,6)
[14:58:51.771 INFO]: RoadRunner(44) is moving SE from (6, 3) to (7,4)
[14:58:51.771 INFO]: RoadRunner(47) is moving NE from (3, 2) to (2,3)
[14:58:51.771 INFO]: RoadRunner(58) is moving NW from (7, 3) to (6,2)
[14:58:51.771 INFO]: RoadRunner(6) is moving NE from (4, 4) to (3,5)
[14:58:51.977 INFO]: 
[14:58:51.978 INFO]: 
[14:58:51.978 INFO]: ########## Age 16 ##########
[14:58:51.978 INFO]: 
[14:58:51.978 INFO]: 
[14:58:51.978 INFO]: RoadRunner(55) is moving SW from (4, 2) to (5,1)
[14:58:51.979 INFO]: RoadRunner(54) is moving NW from (3, 9) to (2,8)
[14:58:51.979 INFO]: RoadRunner(34) is moving NW from (6, 1) to (5,0)
[14:58:51.979 INFO]: RoadRunner(41) is moving S from (7, 0) to (8,0)
[14:58:51.979 INFO]: RoadRunner(6) is moving S from (3, 5) to (4,5)
[14:58:51.979 INFO]: RoadRunner(45) is moving SW from (2, 7) to (3,6)
[14:58:51.979 INFO]: RoadRunner(48) is moving NE from (6, 7) to (5,8)
[14:58:51.979 INFO]: RoadRunner(49) is moving SW from (7, 5) to (8,4)
[14:58:51.980 INFO]: RoadRunner(60) is moving E from (5, 2) to (5,3)
[14:58:51.980 INFO]: RoadRunner(52) is moving N from (7, 1) to (6,1)
[14:58:51.980 INFO]: RoadRunner(44) is moving SW from (7, 4) to (8,3)
[14:58:51.980 INFO]: RoadRunner(57) is moving SW from (3, 1) to (4,0)
[14:58:51.980 INFO]: RoadRunner(43) is moving SW from (8, 2) to (9,1)
[14:58:51.980 INFO]: RoadRunner(59) is moving SW from (5, 6) to (6,5)
[14:58:51.981 INFO]: RoadRunner(40) is moving SW from (2, 9) to (3,8)
[14:58:51.981 INFO]: RoadRunner(42) is moving W from (3, 4) to (3,3)
[14:58:51.981 INFO]: RoadRunner(58) is moving SW from (6, 2) to (7,1)
[14:58:51.981 INFO]: RoadRunner(37) is moving N from (8, 6) to (7,6)
[14:58:51.981 INFO]: RoadRunner(51) is moving W from (4, 3) to (4,2)
[14:58:51.981 INFO]: RoadRunner(50) is moving NE from (1, 4) to (0,5)
[14:58:51.981 INFO]: RoadRunner(47) is moving N from (2, 3) to (1,3)
[14:58:51.982 INFO]: RoadRunner(46) is moving SW from (8, 1) to (9,0)
[14:58:51.982 INFO]: RoadRunner(53) is moving S from (0, 8) to (1,8)
[14:58:51.982 INFO]: RoadRunner(56) is moving NE from (1, 1) to (0,2)
[14:58:52.161 INFO]: 
[14:58:52.161 INFO]: 
[14:58:52.162 INFO]: ########## Age 17 ##########
[14:58:52.162 INFO]: 
[14:58:52.162 INFO]: 
[14:58:52.162 INFO]: RoadRunner(6) is moving W from (4, 5) to (4,4)
[14:58:52.162 INFO]: RoadRunner(52) is moving W from (6, 1) to (6,0)
[14:58:52.162 INFO]: RoadRunner(44) is moving SW from (8, 3) to (9,2)
[14:58:52.162 INFO]: RoadRunner(41) is moving N from (8, 0) to (7,0)
[14:58:52.163 INFO]: RoadRunner(45) is moving E from (3, 6) to (3,7)
[14:58:52.163 INFO]: RoadRunner(59) is moving NE from (6, 5) to (5,6)
[14:58:52.163 INFO]: RoadRunner(60) is moving N from (5, 3) to (4,3)
[14:58:52.163 INFO]: RoadRunner(53) is moving NW from (1, 8) to (0,7)
[14:58:52.163 INFO]: RoadRunner(57) is moving NE from (4, 0) to (3,1)
[14:58:52.163 INFO]: RoadRunner(58) is moving E from (7, 1) to (7,2)
[14:58:52.163 INFO]: RoadRunner(47) is moving NE from (1, 3) to (0,4)
[14:58:52.163 INFO]: RoadRunner(56) is moving SW from (0, 2) to (1,1)
[14:58:52.163 INFO]: RoadRunner(42) is moving E from (3, 3) to (3,4)
[14:58:52.164 INFO]: RoadRunner(34) is moving SE from (5, 0) to (6,1)
[14:58:52.164 INFO]: RoadRunner(43) is moving NW from (9, 1) to (8,0)
[14:58:52.164 INFO]: RoadRunner(50) is moving E from (0, 5) to (0,6)
[14:58:52.164 INFO]: RoadRunner(40) is moving SE from (3, 8) to (4,9)
[14:58:52.164 INFO]: RoadRunner(55) is moving E from (5, 1) to (5,2)
[14:58:52.164 INFO]: RoadRunner(37) is moving S from (7, 6) to (8,6)
[14:58:52.164 INFO]: RoadRunner(46) is moving NE from (9, 0) to (8,1)
[14:58:52.164 INFO]: RoadRunner(51) is moving W from (4, 2) to (4,1)
[14:58:52.164 INFO]: RoadRunner(48) is moving W from (5, 8) to (5,7)
[14:58:52.165 INFO]: RoadRunner(54) is moving SE from (2, 8) to (3,9)
[14:58:52.165 INFO]: RoadRunner(49) is moving SW from (8, 4) to (9,3)
[14:58:52.165 INFO]: RoadRunner just bred a new RoadRunner at cell (3,5)
[14:58:52.165 INFO]: RoadRunner just bred a new RoadRunner at cell (5,0)
[14:58:52.165 INFO]: RoadRunner just bred a new RoadRunner at cell (8,2)
[14:58:52.165 INFO]: RoadRunner just bred a new RoadRunner at cell (7,1)
[14:58:52.166 INFO]: RoadRunner just bred a new RoadRunner at cell (2,7)
[14:58:52.166 INFO]: RoadRunner just bred a new RoadRunner at cell (4,6)
[14:58:52.166 INFO]: RoadRunner just bred a new RoadRunner at cell (3,3)
[14:58:52.166 INFO]: RoadRunner just bred a new RoadRunner at cell (1,7)
[14:58:52.166 INFO]: RoadRunner just bred a new RoadRunner at cell (2,1)
[14:58:52.166 INFO]: RoadRunner just bred a new RoadRunner at cell (6,2)
[14:58:52.166 INFO]: RoadRunner just bred a new RoadRunner at cell (1,4)
[14:58:52.166 INFO]: RoadRunner just bred a new RoadRunner at cell (0,1)
[14:58:52.166 INFO]: RoadRunner just bred a new RoadRunner at cell (2,4)
[14:58:52.166 INFO]: RoadRunner just bred a new RoadRunner at cell (5,1)
[14:58:52.166 INFO]: RoadRunner just bred a new RoadRunner at cell (9,0)
[14:58:52.167 INFO]: RoadRunner just bred a new RoadRunner at cell (1,6)
[14:58:52.167 INFO]: RoadRunner just bred a new RoadRunner at cell (3,8)
[14:58:52.167 INFO]: RoadRunner just bred a new RoadRunner at cell (4,2)
[14:58:52.167 INFO]: RoadRunner just bred a new RoadRunner at cell (7,6)
[14:58:52.167 INFO]: RoadRunner just bred a new RoadRunner at cell (9,1)
[14:58:52.167 INFO]: RoadRunner just bred a new RoadRunner at cell (3,2)
[14:58:52.167 INFO]: RoadRunner just bred a new RoadRunner at cell (4,7)
[14:58:52.167 INFO]: RoadRunner just bred a new RoadRunner at cell (2,9)
[14:58:52.167 INFO]: RoadRunner just bred a new RoadRunner at cell (8,3)
[14:58:52.330 INFO]: 
[14:58:52.330 INFO]: 
[14:58:52.331 INFO]: ########## Age 18 ##########
[14:58:52.331 INFO]: 
[14:58:52.331 INFO]: 
[14:58:52.331 INFO]: RoadRunner(68) is moving NE from (1, 7) to (0,8)
[14:58:52.331 INFO]: RoadRunner(53) is moving SE from (0, 7) to (1,8)
[14:58:52.331 INFO]: RoadRunner(6) is moving E from (4, 4) to (4,5)
[14:58:52.331 INFO]: RoadRunner(77) is moving S from (3, 8) to (4,8)
[14:58:52.331 INFO]: RoadRunner(72) is moving SE from (0, 1) to (1,2)
[14:58:52.331 INFO]: RoadRunner(48) is moving E from (5, 7) to (5,8)
[14:58:52.332 INFO]: RoadRunner(61) is moving NE from (3, 5) to (2,6)
[14:58:52.332 INFO]: RoadRunner(56) is moving NW from (1, 1) to (0,0)
[14:58:52.332 INFO]: RoadRunner(55) is moving SE from (5, 2) to (6,3)
[14:58:52.332 INFO]: RoadRunner(81) is moving NE from (3, 2) to (2,3)
[14:58:52.332 INFO]: RoadRunner(49) is moving NE from (9, 3) to (8,4)
[14:58:52.332 INFO]: RoadRunner(47) is moving SE from (0, 4) to (1,5)
[14:58:52.332 INFO]: RoadRunner(40) is moving S from (4, 9) to (5,9)
[14:58:52.332 INFO]: RoadRunner(62) is moving N from (5, 0) to (4,0)
[14:58:52.332 INFO]: RoadRunner(37) is moving W from (8, 6) to (8,5)
[14:58:52.333 INFO]: RoadRunner(82) is moving S from (4, 7) to (5,7)
[14:58:52.333 INFO]: RoadRunner(71) is moving SE from (1, 4) to (2,5)
[14:58:52.333 INFO]: RoadRunner(83) is moving N from (2, 9) to (1,9)
[14:58:52.333 INFO]: RoadRunner(58) is moving E from (7, 2) to (7,3)
[14:58:52.333 INFO]: RoadRunner(65) is moving E from (2, 7) to (2,8)
[14:58:52.333 INFO]: RoadRunner(74) is moving W from (5, 1) to (5,0)
[14:58:52.333 INFO]: RoadRunner(46) is moving NE from (8, 1) to (7,2)
[14:58:52.334 INFO]: RoadRunner(76) is moving NW from (1, 6) to (0,5)
[14:58:52.334 INFO]: RoadRunner(67) is moving NW from (3, 3) to (2,2)
[14:58:52.334 INFO]: RoadRunner(59) is moving W from (5, 6) to (5,5)
[14:58:52.334 INFO]: RoadRunner(69) is moving SW from (2, 1) to (3,0)
[14:58:52.334 INFO]: RoadRunner(84) is moving SE from (8, 3) to (9,4)
[14:58:52.334 INFO]: RoadRunner(54) is moving S from (3, 9) to (4,9)
[14:58:52.334 INFO]: RoadRunner(52) is moving NE from (6, 0) to (5,1)
[14:58:52.334 INFO]: RoadRunner(60) is moving S from (4, 3) to (5,3)
[14:58:52.334 INFO]: RoadRunner(50) is moving E from (0, 6) to (0,7)
[14:58:52.335 INFO]: RoadRunner(43) is moving E from (8, 0) to (8,1)
[14:58:52.335 INFO]: RoadRunner(57) is moving N from (3, 1) to (2,1)
[14:58:52.335 INFO]: RoadRunner(73) is moving NW from (2, 4) to (1,3)
[14:58:52.335 INFO]: RoadRunner(78) is moving E from (4, 2) to (4,3)
[14:58:52.335 INFO]: RoadRunner(70) is moving N from (6, 2) to (5,2)
[14:58:52.335 INFO]: RoadRunner(45) is moving N from (3, 7) to (2,7)
[14:58:52.335 INFO]: RoadRunner(63) is moving E from (8, 2) to (8,3)
[14:58:52.335 INFO]: RoadRunner(42) is moving W from (3, 4) to (3,3)
[14:58:52.335 INFO]: RoadRunner(44) is moving N from (9, 2) to (8,2)
[14:58:52.336 INFO]: RoadRunner(75) is moving N from (9, 0) to (8,0)
[14:58:52.336 INFO]: RoadRunner(66) is moving E from (4, 6) to (4,7)
[14:58:52.336 INFO]: RoadRunner(51) is moving NE from (4, 1) to (3,2)
[14:58:52.336 INFO]: RoadRunner(79) is moving NE from (7, 6) to (6,7)
[14:58:52.336 INFO]: RoadRunner(41) is moving N from (7, 0) to (6,0)
[14:58:52.465 INFO]: 
[14:58:52.466 INFO]: 
[14:58:52.466 INFO]: ########## Age 19 ##########
[14:58:52.466 INFO]: 
[14:58:52.466 INFO]: 
[14:58:52.467 INFO]: RoadRunner(40) is moving SW from (5, 9) to (6,8)
[14:58:52.467 INFO]: RoadRunner(80) is moving W from (9, 1) to (9,0)
[14:58:52.467 INFO]: RoadRunner(70) is moving N from (5, 2) to (4,2)
[14:58:52.467 INFO]: RoadRunner(60) is moving E from (5, 3) to (5,4)
[14:58:52.467 INFO]: RoadRunner(47) is moving NW from (1, 5) to (0,4)
[14:58:52.467 INFO]: RoadRunner(50) is moving S from (0, 7) to (1,7)
[14:58:52.467 INFO]: RoadRunner(37) is moving NW from (8, 5) to (7,4)
[14:58:52.467 INFO]: RoadRunner(74) is moving NE from (5, 0) to (4,1)
[14:58:52.467 INFO]: RoadRunner(63) is moving SW from (8, 3) to (9,2)
[14:58:52.467 INFO]: RoadRunner(43) is moving S from (8, 1) to (9,1)
[14:58:52.468 INFO]: RoadRunner(45) is moving SE from (2, 7) to (3,8)
[14:58:52.468 INFO]: RoadRunner(62) is moving NE from (4, 0) to (3,1)
[14:58:52.468 INFO]: RoadRunner(76) is moving S from (0, 5) to (1,5)
[14:58:52.468 INFO]: RoadRunner(84) is moving W from (9, 4) to (9,3)
[14:58:52.468 INFO]: RoadRunner(78) is moving E from (4, 3) to (4,4)
[14:58:52.468 INFO]: RoadRunner(46) is moving N from (7, 2) to (6,2)
[14:58:52.468 INFO]: RoadRunner(79) is moving SW from (6, 7) to (7,6)
[14:58:52.468 INFO]: RoadRunner(77) is moving SE from (4, 8) to (5,9)
[14:58:52.468 INFO]: RoadRunner(82) is moving SW from (5, 7) to (6,6)
[14:58:52.468 INFO]: RoadRunner(65) is moving W from (2, 8) to (2,7)
[14:58:52.468 INFO]: RoadRunner(42) is moving NE from (3, 3) to (2,4)
[14:58:52.468 INFO]: RoadRunner(6) is moving NW from (4, 5) to (3,4)
[14:58:52.469 INFO]: RoadRunner(49) is moving SE from (8, 4) to (9,5)
[14:58:52.469 INFO]: RoadRunner(61) is moving N from (2, 6) to (1,6)
[14:58:52.469 INFO]: RoadRunner(69) is moving S from (3, 0) to (4,0)
[14:58:52.469 INFO]: RoadRunner(57) is moving SW from (2, 1) to (3,0)
[14:58:52.469 INFO]: RoadRunner(54) is moving N from (4, 9) to (3,9)
[14:58:52.469 INFO]: RoadRunner(41) is moving S from (6, 0) to (7,0)
[14:58:52.469 INFO]: RoadRunner(34) is moving W from (6, 1) to (6,0)
[14:58:52.469 INFO]: RoadRunner(48) is moving W from (5, 8) to (5,7)
[14:58:52.469 INFO]: RoadRunner(81) is moving NE from (2, 3) to (1,4)
[14:58:52.469 INFO]: RoadRunner(75) is moving E from (8, 0) to (8,1)
[14:58:52.469 INFO]: RoadRunner(68) is moving W from (0, 8) to (0,7)
[14:58:52.470 INFO]: RoadRunner(72) is moving W from (1, 2) to (1,1)
[14:58:52.470 INFO]: RoadRunner(52) is moving W from (5, 1) to (5,0)
[14:58:52.470 INFO]: RoadRunner(67) is moving W from (2, 2) to (2,1)
[14:58:52.470 INFO]: RoadRunner(83) is moving S from (1, 9) to (2,9)
[14:58:52.470 INFO]: RoadRunner(58) is moving W from (7, 3) to (7,2)
[14:58:52.470 INFO]: RoadRunner(51) is moving N from (3, 2) to (2,2)
[14:58:52.470 INFO]: RoadRunner(55) is moving N from (6, 3) to (5,3)
[14:58:52.470 INFO]: RoadRunner(73) is moving N from (1, 3) to (0,3)
[14:58:52.470 INFO]: RoadRunner(44) is moving E from (8, 2) to (8,3)
[14:58:52.471 INFO]: RoadRunner(71) is moving SE from (2, 5) to (3,6)
[14:58:52.471 INFO]: RoadRunner(66) is moving E from (4, 7) to (4,8)
[14:58:52.471 INFO]: RoadRunner(59) is moving NE from (5, 5) to (4,6)
[14:58:52.471 INFO]: RoadRunner(64) is moving SW from (7, 1) to (8,0)
[14:58:52.471 INFO]: RoadRunner(56) is moving E from (0, 0) to (0,1)
[14:58:52.471 INFO]: RoadRunner(53) is moving S from (1, 8) to (2,8)
[14:58:52.598 INFO]: 
[14:58:52.598 INFO]: 
[14:58:52.598 INFO]: ########## Age 20 ##########
[14:58:52.598 INFO]: 
[14:58:52.598 INFO]: 
[14:58:52.599 INFO]: RoadRunner(74) is moving S from (4, 1) to (5,1)
[14:58:52.599 INFO]: RoadRunner(45) is moving SW from (3, 8) to (4,7)
[14:58:52.599 INFO]: RoadRunner(78) is moving W from (4, 4) to (4,3)
[14:58:52.599 INFO]: RoadRunner(46) is moving E from (6, 2) to (6,3)
[14:58:52.599 INFO]: RoadRunner(81) is moving NE from (1, 4) to (0,5)
[14:58:52.599 INFO]: RoadRunner(76) is moving SE from (1, 5) to (2,6)
[14:58:52.599 INFO]: RoadRunner(51) is moving N from (2, 2) to (1,2)
[14:58:52.599 INFO]: RoadRunner(84) is moving E from (9, 3) to (9,4)
[14:58:52.600 INFO]: RoadRunner(82) is moving SW from (6, 6) to (7,5)
[14:58:52.600 INFO]: RoadRunner(54) is moving S from (3, 9) to (4,9)
[14:58:52.600 INFO]: RoadRunner(77) is moving S from (5, 9) to (6,9)
[14:58:52.600 INFO]: RoadRunner(64) is moving NE from (8, 0) to (7,1)
[14:58:52.600 INFO]: RoadRunner(60) is moving N from (5, 4) to (4,4)
[14:58:52.600 INFO]: RoadRunner(73) is moving SE from (0, 3) to (1,4)
[14:58:52.600 INFO]: RoadRunner(50) is moving E from (1, 7) to (1,8)
[14:58:52.600 INFO]: RoadRunner(34) is moving E from (6, 0) to (6,1)
[14:58:52.600 INFO]: RoadRunner(6) is moving NW from (3, 4) to (2,3)
[14:58:52.600 INFO]: RoadRunner(59) is moving NW from (4, 6) to (3,5)
[14:58:52.601 INFO]: RoadRunner(72) is moving SW from (1, 1) to (2,0)
[14:58:52.601 INFO]: RoadRunner(61) is moving N from (1, 6) to (0,6)
[14:58:52.601 INFO]: RoadRunner(55) is moving W from (5, 3) to (5,2)
[14:58:52.601 INFO]: RoadRunner(56) is moving W from (0, 1) to (0,0)
[14:58:52.601 INFO]: RoadRunner(41) is moving N from (7, 0) to (6,0)
[14:58:52.601 INFO]: RoadRunner(67) is moving N from (2, 1) to (1,1)
[14:58:52.601 INFO]: RoadRunner(42) is moving E from (2, 4) to (2,5)
[14:58:52.601 INFO]: RoadRunner(52) is moving NE from (5, 0) to (4,1)
[14:58:52.602 INFO]: RoadRunner(68) is moving E from (0, 7) to (0,8)
[14:58:52.602 INFO]: RoadRunner(75) is moving W from (8, 1) to (8,0)
[14:58:52.602 INFO]: RoadRunner(71) is moving E from (3, 6) to (3,7)
[14:58:52.602 INFO]: RoadRunner(47) is moving W from (0, 4) to (0,3)
[14:58:52.602 INFO]: RoadRunner(49) is moving E from (9, 5) to (9,6)
[14:58:52.602 INFO]: RoadRunner(57) is moving NE from (3, 0) to (2,1)
[14:58:52.602 INFO]: RoadRunner(69) is moving S from (4, 0) to (5,0)
[14:58:52.602 INFO]: RoadRunner(66) is moving SE from (4, 8) to (5,9)
[14:58:52.602 INFO]: RoadRunner(44) is moving N from (8, 3) to (7,3)
[14:58:52.603 INFO]: RoadRunner(65) is moving SW from (2, 7) to (3,6)
[14:58:52.603 INFO]: RoadRunner(58) is moving SW from (7, 2) to (8,1)
[14:58:52.603 INFO]: RoadRunner(62) is moving E from (3, 1) to (3,2)
[14:58:52.603 INFO]: RoadRunner(53) is moving S from (2, 8) to (3,8)
[14:58:52.603 INFO]: RoadRunner(37) is moving NE from (7, 4) to (6,5)
[14:58:52.603 INFO]: RoadRunner(63) is moving E from (9, 2) to (9,3)
[14:58:52.603 INFO]: RoadRunner(40) is moving N from (6, 8) to (5,8)
[14:58:52.603 INFO]: RoadRunner(70) is moving NE from (4, 2) to (3,3)
[14:58:52.604 INFO]: RoadRunner(83) is moving N from (2, 9) to (1,9)
[14:58:52.604 INFO]: RoadRunner(48) is moving SW from (5, 7) to (6,6)
[14:58:52.604 INFO]: RoadRunner(43) is moving NE from (9, 1) to (8,2)
[14:58:52.604 INFO]: RoadRunner(79) is moving SE from (7, 6) to (8,7)
[14:58:52.604 INFO]: RoadRunner just bred a new RoadRunner at cell (4,2)
[14:58:52.604 INFO]: RoadRunner just bred a new RoadRunner at cell (5,7)
[14:58:52.604 INFO]: RoadRunner just bred a new RoadRunner at cell (3,4)
[14:58:52.604 INFO]: RoadRunner just bred a new RoadRunner at cell (5,3)
[14:58:52.604 INFO]: RoadRunner just bred a new RoadRunner at cell (1,5)
[14:58:52.604 INFO]: RoadRunner just bred a new RoadRunner at cell (1,6)
[14:58:52.604 INFO]: RoadRunner just bred a new RoadRunner at cell (0,2)
[14:58:52.605 INFO]: RoadRunner just bred a new RoadRunner at cell (8,4)
[14:58:52.605 INFO]: RoadRunner just bred a new RoadRunner at cell (6,4)
[14:58:52.605 INFO]: RoadRunner just bred a new RoadRunner at cell (3,9)
[14:58:52.605 INFO]: RoadRunner just bred a new RoadRunner at cell (7,9)
[14:58:52.605 INFO]: RoadRunner just bred a new RoadRunner at cell (6,2)
[14:58:52.605 INFO]: RoadRunner just bred a new RoadRunner at cell (5,4)
[14:58:52.605 INFO]: RoadRunner just bred a new RoadRunner at cell (0,4)
[14:58:52.605 INFO]: RoadRunner just bred a new RoadRunner at cell (0,9)
[14:58:52.605 INFO]: RoadRunner just bred a new RoadRunner at cell (7,2)
[14:58:52.605 INFO]: RoadRunner just bred a new RoadRunner at cell (1,3)
[14:58:52.605 INFO]: RoadRunner just bred a new RoadRunner at cell (2,4)
[14:58:52.605 INFO]: RoadRunner just bred a new RoadRunner at cell (1,0)
[14:58:52.605 INFO]: RoadRunner just bred a new RoadRunner at cell (1,7)
[14:58:52.605 INFO]: RoadRunner just bred a new RoadRunner at cell (0,1)
[14:58:52.606 INFO]: RoadRunner just bred a new RoadRunner at cell (7,0)
[14:58:52.606 INFO]: RoadRunner just bred a new RoadRunner at cell (2,2)
[14:58:52.606 INFO]: RoadRunner just bred a new RoadRunner at cell (3,1)
[14:58:52.606 INFO]: RoadRunner just bred a new RoadRunner at cell (0,7)
[14:58:52.606 INFO]: RoadRunner just bred a new RoadRunner at cell (9,1)
[14:58:52.606 INFO]: RoadRunner just bred a new RoadRunner at cell (2,7)
[14:58:52.606 INFO]: RoadRunner just bred a new RoadRunner at cell (8,6)
[14:58:52.606 INFO]: RoadRunner just bred a new RoadRunner at cell (3,0)
[14:58:52.606 INFO]: RoadRunner just bred a new RoadRunner at cell (4,0)
[14:58:52.606 INFO]: RoadRunner just bred a new RoadRunner at cell (4,8)
[14:58:52.606 INFO]: RoadRunner just bred a new RoadRunner at cell (8,3)
[14:58:52.607 INFO]: RoadRunner just bred a new RoadRunner at cell (4,6)
[14:58:52.607 INFO]: RoadRunner just bred a new RoadRunner at cell (9,2)
[14:58:52.607 INFO]: RoadRunner just bred a new RoadRunner at cell (2,8)
[14:58:52.607 INFO]: RoadRunner just bred a new RoadRunner at cell (5,5)
[14:58:52.607 INFO]: RoadRunner just bred a new RoadRunner at cell (6,8)
[14:58:52.607 INFO]: RoadRunner just bred a new RoadRunner at cell (2,9)
[14:58:52.607 INFO]: RoadRunner just bred a new RoadRunner at cell (5,6)
[14:58:52.607 INFO]: RoadRunner just bred a new RoadRunner at cell (7,7)
[14:58:52.724 INFO]: 
[14:58:52.724 INFO]: 
[14:58:52.724 INFO]: ########## Age 21 ##########
[14:58:52.724 INFO]: 
[14:58:52.724 INFO]: 
[14:58:52.724 INFO]: RoadRunner(79) is moving E from (8, 7) to (8,8)
[14:58:52.725 INFO]: RoadRunner(60) is moving E from (4, 4) to (4,5)
[14:58:52.725 INFO]: RoadRunner(48) is moving S from (6, 6) to (7,6)
[14:58:52.725 INFO]: RoadRunner(70) is moving SE from (3, 3) to (4,4)
[14:58:52.725 INFO]: RoadRunner(78) is moving N from (4, 3) to (3,3)
[14:58:52.725 INFO]: RoadRunner(44) is moving E from (7, 3) to (7,4)
[14:58:52.725 INFO]: RoadRunner(124) is moving E from (7, 7) to (7,8)
[14:58:52.725 INFO]: RoadRunner(84) is moving E from (9, 4) to (9,5)
[14:58:52.725 INFO]: RoadRunner(49) is moving NE from (9, 6) to (8,7)
[14:58:52.726 INFO]: RoadRunner(100) is moving E from (7, 2) to (7,3)
[14:58:52.726 INFO]: RoadRunner(92) is moving S from (8, 4) to (9,4)
[14:58:52.726 INFO]: RoadRunner(121) is moving SW from (6, 8) to (7,7)
[14:58:52.726 INFO]: RoadRunner(37) is moving E from (6, 5) to (6,6)
[14:58:52.726 INFO]: RoadRunner(82) is moving SW from (7, 5) to (8,4)
[14:58:52.726 INFO]: RoadRunner(85) is moving E from (4, 2) to (4,3)
[14:58:52.727 INFO]: RoadRunner(46) is moving SW from (6, 3) to (7,2)
[14:58:52.727 INFO]: RoadRunner(120) is moving S from (5, 5) to (6,5)
[14:58:52.727 INFO]: RoadRunner(123) is moving W from (5, 6) to (5,5)
[14:58:52.727 INFO]: RoadRunner(95) is moving S from (7, 9) to (8,9)
[14:58:52.727 INFO]: RoadRunner(108) is moving SE from (3, 1) to (4,2)
[14:58:52.727 INFO]: RoadRunner(93) is moving W from (6, 4) to (6,3)
[14:58:52.727 INFO]: RoadRunner(112) is moving SE from (8, 6) to (9,7)
[14:58:52.728 INFO]: RoadRunner(72) is moving SE from (2, 0) to (3,1)
[14:58:52.728 INFO]: RoadRunner(97) is moving S from (5, 4) to (6,4)
[14:58:52.728 INFO]: RoadRunner(88) is moving E from (5, 3) to (5,4)
[14:58:52.728 INFO]: RoadRunner(40) is moving SW from (5, 8) to (6,7)
[14:58:52.728 INFO]: RoadRunner(86) is moving W from (5, 7) to (5,6)
[14:58:52.728 INFO]: RoadRunner(66) is moving SW from (5, 9) to (6,8)
[14:58:52.850 INFO]: 
[14:58:52.850 INFO]: 
[14:58:52.850 INFO]: ########## Age 22 ##########
[14:58:52.850 INFO]: 
[14:58:52.850 INFO]: 
[14:58:52.850 INFO]: RoadRunner(45) is moving SE from (4, 7) to (5,8)
[14:58:52.850 INFO]: RoadRunner(84) is moving NE from (9, 5) to (8,6)
[14:58:52.850 INFO]: RoadRunner(96) is moving NE from (6, 2) to (5,3)
[14:58:52.850 INFO]: RoadRunner(72) is moving NW from (3, 1) to (2,0)
[14:58:52.850 INFO]: RoadRunner(54) is moving S from (4, 9) to (5,9)
[14:58:52.850 INFO]: RoadRunner(71) is moving S from (3, 7) to (4,7)
[14:58:52.850 INFO]: RoadRunner(114) is moving NE from (4, 0) to (3,1)
[14:58:52.851 INFO]: RoadRunner(94) is moving S from (3, 9) to (4,9)
[14:58:52.851 INFO]: RoadRunner(112) is moving W from (9, 7) to (9,6)
[14:58:52.851 INFO]: RoadRunner(69) is moving N from (5, 0) to (4,0)
[14:58:52.851 INFO]: RoadRunner(92) is moving NE from (9, 4) to (8,5)
[14:58:52.851 INFO]: RoadRunner(37) is moving NE from (6, 6) to (5,7)
[14:58:52.851 INFO]: RoadRunner(93) is moving W from (6, 3) to (6,2)
[14:58:52.851 INFO]: RoadRunner(55) is moving SE from (5, 2) to (6,3)
[14:58:52.851 INFO]: RoadRunner(44) is moving E from (7, 4) to (7,5)
[14:58:52.851 INFO]: RoadRunner(100) is moving E from (7, 3) to (7,4)
[14:58:52.851 INFO]: RoadRunner(49) is moving SE from (8, 7) to (9,8)
[14:58:52.851 INFO]: RoadRunner(108) is moving S from (4, 2) to (5,2)
[14:58:52.851 INFO]: RoadRunner(46) is moving E from (7, 2) to (7,3)
[14:58:52.851 INFO]: RoadRunner(58) is moving NE from (8, 1) to (7,2)
[14:58:52.851 INFO]: RoadRunner(124) is moving E from (7, 8) to (7,9)
[14:58:52.852 INFO]: RoadRunner(34) is moving NW from (6, 1) to (5,0)
[14:58:52.852 INFO]: RoadRunner(78) is moving SW from (3, 3) to (4,2)
[14:58:52.852 INFO]: RoadRunner(95) is moving S from (8, 9) to (9,9)
[14:58:52.852 INFO]: RoadRunner(80) is moving NE from (9, 0) to (8,1)
[14:58:52.852 INFO]: RoadRunner(117) is moving NE from (4, 6) to (3,7)
[14:58:52.852 INFO]: RoadRunner(53) is moving E from (3, 8) to (3,9)
[14:58:52.852 INFO]: RoadRunner(6) is moving S from (2, 3) to (3,3)
[14:58:52.852 INFO]: RoadRunner(116) is moving SE from (8, 3) to (9,4)
[14:58:52.852 INFO]: RoadRunner(79) is moving E from (8, 8) to (8,9)
[14:58:52.852 INFO]: RoadRunner(65) is moving S from (3, 6) to (4,6)
[14:58:52.852 INFO]: RoadRunner(74) is moving S from (5, 1) to (6,1)
[14:58:52.852 INFO]: RoadRunner(86) is moving S from (5, 6) to (6,6)
[14:58:52.852 INFO]: RoadRunner(119) is moving S from (2, 8) to (3,8)
[14:58:52.852 INFO]: RoadRunner(66) is moving S from (6, 8) to (7,8)
[14:58:52.852 INFO]: RoadRunner(77) is moving W from (6, 9) to (6,8)
[14:58:52.853 INFO]: RoadRunner(82) is moving W from (8, 4) to (8,3)
[14:58:52.853 INFO]: RoadRunner(40) is moving NW from (6, 7) to (5,6)
[14:58:52.853 INFO]: RoadRunner(63) is moving NE from (9, 3) to (8,4)
[14:58:52.853 INFO]: RoadRunner(48) is moving NE from (7, 6) to (6,7)
[14:58:52.853 INFO]: RoadRunner(107) is moving E from (2, 2) to (2,3)
[14:58:52.853 INFO]: RoadRunner(120) is moving SE from (6, 5) to (7,6)
[14:58:52.853 INFO]: RoadRunner(88) is moving SE from (5, 4) to (6,5)
[14:58:52.853 INFO]: RoadRunner(75) is moving S from (8, 0) to (9,0)
[14:58:52.853 INFO]: RoadRunner(52) is moving S from (4, 1) to (5,1)
[14:58:52.853 INFO]: RoadRunner(111) is moving SW from (2, 7) to (3,6)
[14:58:52.853 INFO]: RoadRunner(51) is moving S from (1, 2) to (2,2)
[14:58:52.853 INFO]: RoadRunner(60) is moving SW from (4, 5) to (5,4)
[14:58:52.970 INFO]: 
[14:58:52.970 INFO]: 
[14:58:52.970 INFO]: ########## Age 23 ##########
[14:58:52.970 INFO]: 
[14:58:52.970 INFO]: 
[14:58:52.970 INFO]: RoadRunner(75) is moving N from (9, 0) to (8,0)
[14:58:52.970 INFO]: RoadRunner(66) is moving NE from (7, 8) to (6,9)
[14:58:52.971 INFO]: RoadRunner(123) is moving N from (5, 5) to (4,5)
[14:58:52.971 INFO]: RoadRunner(90) is moving SE from (1, 6) to (2,7)
[14:58:52.971 INFO]: RoadRunner(119) is moving N from (3, 8) to (2,8)
[14:58:52.971 INFO]: RoadRunner(114) is moving S from (3, 1) to (4,1)
[14:58:52.971 INFO]: RoadRunner(118) is moving E from (9, 2) to (9,3)
[14:58:52.971 INFO]: RoadRunner(62) is moving W from (3, 2) to (3,1)
[14:58:52.971 INFO]: RoadRunner(105) is moving SE from (0, 1) to (1,2)
[14:58:52.971 INFO]: RoadRunner(77) is moving S from (6, 8) to (7,8)
[14:58:52.971 INFO]: RoadRunner(122) is moving SW from (2, 9) to (3,8)
[14:58:52.971 INFO]: RoadRunner(82) is moving SW from (8, 3) to (9,2)
[14:58:52.971 INFO]: RoadRunner(54) is moving SW from (5, 9) to (6,8)
[14:58:52.971 INFO]: RoadRunner(124) is moving SW from (7, 9) to (8,8)
[14:58:52.972 INFO]: RoadRunner(67) is moving N from (1, 1) to (0,1)
[14:58:52.972 INFO]: RoadRunner(121) is moving S from (7, 7) to (8,7)
[14:58:52.972 INFO]: RoadRunner(120) is moving E from (7, 6) to (7,7)
[14:58:52.972 INFO]: RoadRunner(63) is moving W from (8, 4) to (8,3)
[14:58:52.972 INFO]: RoadRunner(86) is moving NW from (6, 6) to (5,5)
[14:58:52.972 INFO]: RoadRunner(88) is moving E from (6, 5) to (6,6)
[14:58:52.972 INFO]: RoadRunner(81) is moving SE from (0, 5) to (1,6)
[14:58:52.972 INFO]: RoadRunner(85) is moving NW from (4, 3) to (3,2)
[14:58:52.972 INFO]: RoadRunner(6) is moving S from (3, 3) to (4,3)
[14:58:52.972 INFO]: RoadRunner(78) is moving NE from (4, 2) to (3,3)
[14:58:52.972 INFO]: RoadRunner(116) is moving N from (9, 4) to (8,4)
[14:58:52.972 INFO]: RoadRunner(97) is moving E from (6, 4) to (6,5)
[14:58:52.972 INFO]: RoadRunner(44) is moving NW from (7, 5) to (6,4)
[14:58:52.972 INFO]: RoadRunner(84) is moving SW from (8, 6) to (9,5)
[14:58:52.972 INFO]: RoadRunner(79) is moving N from (8, 9) to (7,9)
[14:58:52.973 INFO]: RoadRunner(115) is moving SE from (4, 8) to (5,9)
[14:58:52.973 INFO]: RoadRunner(48) is moving SW from (6, 7) to (7,6)
[14:58:52.973 INFO]: RoadRunner(108) is moving N from (5, 2) to (4,2)
[14:58:52.973 INFO]: RoadRunner(100) is moving E from (7, 4) to (7,5)
[14:58:52.973 INFO]: RoadRunner(50) is moving SE from (1, 8) to (2,9)
[14:58:52.973 INFO]: RoadRunner(56) is moving SE from (0, 0) to (1,1)
[14:58:52.973 INFO]: RoadRunner(40) is moving SE from (5, 6) to (6,7)
[14:58:52.973 INFO]: RoadRunner(45) is moving N from (5, 8) to (4,8)
[14:58:52.973 INFO]: RoadRunner(103) is moving N from (1, 0) to (0,0)
[14:58:52.973 INFO]: RoadRunner(94) is moving SW from (4, 9) to (5,8)
[14:58:52.973 INFO]: RoadRunner(80) is moving SW from (8, 1) to (9,0)
[14:58:52.973 INFO]: RoadRunner(72) is moving N from (2, 0) to (1,0)
[14:58:52.973 INFO]: RoadRunner(73) is moving NE from (1, 4) to (0,5)
[14:58:52.974 INFO]: RoadRunner(37) is moving W from (5, 7) to (5,6)
[14:58:52.974 INFO]: RoadRunner(92) is moving E from (8, 5) to (8,6)
[14:58:52.974 INFO]: RoadRunner(42) is moving NW from (2, 5) to (1,4)
[14:58:52.974 INFO]: RoadRunner(83) is moving W from (1, 9) to (1,8)
[14:58:52.974 INFO]: RoadRunner(113) is moving N from (3, 0) to (2,0)
[14:58:52.974 INFO]: RoadRunner(110) is moving N from (9, 1) to (8,1)
[14:58:52.974 INFO]: RoadRunner(76) is moving W from (2, 6) to (2,5)
[14:58:52.974 INFO]: RoadRunner(112) is moving E from (9, 6) to (9,7)
[14:58:52.974 INFO]: RoadRunner(89) is moving SE from (1, 5) to (2,6)
[14:58:52.974 INFO]: RoadRunner(49) is moving NE from (9, 8) to (8,9)
[14:58:52.975 INFO]: RoadRunner(53) is moving S from (3, 9) to (4,9)
[14:58:52.975 INFO]: RoadRunner(57) is moving SW from (2, 1) to (3,0)
[14:58:52.975 INFO]: RoadRunner just bred a new RoadRunner at cell (5,7)
[14:58:52.975 INFO]: RoadRunner just bred a new RoadRunner at cell (9,1)
[14:58:52.975 INFO]: RoadRunner just bred a new RoadRunner at cell (1,5)
[14:58:52.975 INFO]: RoadRunner just bred a new RoadRunner at cell (5,2)
[14:58:52.975 INFO]: RoadRunner just bred a new RoadRunner at cell (1,9)
[14:58:52.975 INFO]: RoadRunner just bred a new RoadRunner at cell (9,4)
[14:58:52.975 INFO]: RoadRunner just bred a new RoadRunner at cell (2,1)
[14:58:52.976 INFO]: RoadRunner just bred a new RoadRunner at cell (7,4)
[14:58:52.976 INFO]: RoadRunner just bred a new RoadRunner at cell (3,9)
[14:58:52.976 INFO]: RoadRunner just bred a new RoadRunner at cell (9,8)
[14:58:52.976 INFO]: RoadRunner just bred a new RoadRunner at cell (9,6)
[14:58:52.976 INFO]: RoadRunner just bred a new RoadRunner at cell (8,5)
[14:58:53.092 INFO]: 
[14:58:53.092 INFO]: 
[14:58:53.092 INFO]: ########## Age 24 ##########
[14:58:53.092 INFO]: 
[14:58:53.092 INFO]: 
[14:58:53.210 INFO]: 
[14:58:53.210 INFO]: 
[14:58:53.210 INFO]: ########## Age 25 ##########
[14:58:53.211 INFO]: 
[14:58:53.211 INFO]: 
[14:58:53.348 INFO]: 
[14:58:53.348 INFO]: 
[14:58:53.348 INFO]: ########## Age 26 ##########
[14:58:53.348 INFO]: 
[14:58:53.348 INFO]: 
[14:58:53.452 INFO]: 
[14:58:53.452 INFO]: 
[14:58:53.452 INFO]: ########## Age 27 ##########
[14:58:53.452 INFO]: 
[14:58:53.452 INFO]: 
[14:58:53.583 INFO]: 
[14:58:53.583 INFO]: 
[14:58:53.583 INFO]: ########## Age 28 ##########
[14:58:53.583 INFO]: 
[14:58:53.584 INFO]: 
[14:58:53.699 INFO]: 
[14:58:53.700 INFO]: 
[14:58:53.700 INFO]: ########## Age 29 ##########
[14:58:53.700 INFO]: 
[14:58:53.700 INFO]: 
[14:58:53.829 INFO]: 
[14:58:53.829 INFO]: 
[14:58:53.829 INFO]: ########## Age 30 ##########
[14:58:53.829 INFO]: 
[14:58:53.829 INFO]: 
[14:58:53.941 INFO]: 
[14:58:53.941 INFO]: 
[14:58:53.941 INFO]: ########## Age 31 ##########
[14:58:53.941 INFO]: 
[14:58:53.941 INFO]: 
[14:58:54.053 INFO]: 
[14:58:54.053 INFO]: 
[14:58:54.053 INFO]: ########## Age 32 ##########
[14:58:54.053 INFO]: 
[14:58:54.053 INFO]: 
[14:58:54.173 INFO]: 
[14:58:54.173 INFO]: 
[14:58:54.174 INFO]: ########## Age 33 ##########
[14:58:54.174 INFO]: 
[14:58:54.174 INFO]: 
[14:58:54.293 INFO]: 
[14:58:54.293 INFO]: 
[14:58:54.294 INFO]: ########## Age 34 ##########
[14:58:54.294 INFO]: 
[14:58:54.294 INFO]: 
[14:58:59.826 INFO]: Simulation Found. Configuration Settings:
[14:58:59.838 INFO]: Rows: 10
[14:58:59.838 INFO]: Columns: 10
[14:58:59.838 INFO]: 
[14:58:59.838 INFO]: Min Prey: 10 Max Prey: 20
[14:58:59.839 INFO]: Min Predators: 10 Max Predators: 20
[14:59:02.695 INFO]: Starting Simulation...
[14:59:02.697 INFO]: Starting Prey: 11
[14:59:02.698 INFO]: Starting Predators: 14
[14:59:02.708 INFO]: RoadRunner(0) created at cell (3, 1)
[14:59:02.708 INFO]: RoadRunner(1) created at cell (1, 5)
[14:59:02.709 INFO]: RoadRunner(2) created at cell (9, 0)
[14:59:02.709 INFO]: RoadRunner(3) created at cell (7, 7)
[14:59:02.710 INFO]: RoadRunner(4) created at cell (5, 8)
[14:59:02.710 INFO]: RoadRunner(5) created at cell (3, 9)
[14:59:02.711 INFO]: RoadRunner(6) created at cell (7, 2)
[14:59:02.711 INFO]: RoadRunner(7) created at cell (6, 9)
[14:59:02.712 INFO]: RoadRunner(8) created at cell (4, 8)
[14:59:02.713 INFO]: RoadRunner(9) created at cell (9, 1)
[14:59:02.713 INFO]: RoadRunner(10) created at cell (5, 6)
[14:59:02.714 INFO]: Coyote(11) created at cell (3, 6)
[14:59:02.714 INFO]: Coyote(12) created at cell (2, 9)
[14:59:02.715 INFO]: Coyote(13) created at cell (8, 0)
[14:59:02.715 INFO]: Coyote(14) created at cell (2, 6)
[14:59:02.716 INFO]: Coyote(15) created at cell (6, 7)
[14:59:02.716 INFO]: Coyote(16) created at cell (1, 4)
[14:59:02.717 INFO]: Coyote(17) created at cell (3, 8)
[14:59:02.717 INFO]: Coyote(18) created at cell (8, 2)
[14:59:02.717 INFO]: Coyote(19) created at cell (2, 5)
[14:59:02.718 INFO]: Coyote(20) created at cell (6, 0)
[14:59:02.718 INFO]: Coyote(21) created at cell (0, 9)
[14:59:02.718 INFO]: Coyote(22) created at cell (2, 4)
[14:59:02.718 INFO]: Coyote(23) created at cell (5, 2)
[14:59:02.719 INFO]: Coyote(24) created at cell (9, 4)
[14:59:03.501 INFO]: 
[14:59:03.501 INFO]: 
[14:59:03.501 INFO]: ########## Age 0 ##########
[14:59:03.501 INFO]: 
[14:59:03.502 INFO]: 
[14:59:03.504 INFO]: RoadRunner is attempting to run away from 1 Coyotes!
[14:59:03.512 INFO]: RoadRunner(4) is moving NE from (5, 8) to (4,9)
[14:59:03.513 INFO]: RoadRunner(0) is moving N from (3, 1) to (2,1)
[14:59:03.513 INFO]: Coyote(20) is moving N from (6, 0) to (5,0)
[14:59:03.513 INFO]: RoadRunner is attempting to run away from 1 Coyotes!
[14:59:03.513 INFO]: RoadRunner is attempting to run away from 1 Coyotes!
[14:59:03.513 INFO]: RoadRunner(3) is moving SE from (7, 7) to (8,8)
[14:59:03.514 INFO]: RoadRunner is attempting to run away from 4 Coyotes!
[14:59:03.514 INFO]: RoadRunner(1) is moving NE from (1, 5) to (0,6)
[14:59:03.514 INFO]: RoadRunner is attempting to run away from 1 Coyotes!
[14:59:03.514 INFO]: RoadRunner(8) is moving SE from (4, 8) to (5,9)
[14:59:03.515 INFO]: RoadRunner is attempting to run away from 1 Coyotes!
[14:59:03.515 INFO]: RoadRunner(6) is moving NE from (7, 2) to (6,3)
[14:59:03.515 INFO]: Coyote(21) is moving SW from (0, 9) to (1,8)
[14:59:03.515 INFO]: Coyote(12) is moving S from (2, 9) to (3,9)
[14:59:03.516 WARN]: Coyote(12) just ate RoadRunner(5) at cell (3,9)
[14:59:03.516 INFO]: RoadRunner is attempting to run away from 2 Coyotes!
[14:59:03.516 INFO]: RoadRunner(9) is moving N from (9, 1) to (8,1)
[14:59:03.516 INFO]: Coyote(19) is moving NE from (2, 5) to (1,6)
[14:59:03.516 INFO]: Coyote(17) is moving SE from (3, 8) to (4,9)
[14:59:03.517 WARN]: Coyote(17) just ate RoadRunner(4) at cell (4,9)
[14:59:03.517 INFO]: Coyote(13) is moving S from (8, 0) to (9,0)
[14:59:03.517 WARN]: Coyote(13) just ate RoadRunner(2) at cell (9,0)
[14:59:03.517 INFO]: RoadRunner(7) is moving SW from (6, 9) to (7,8)
[14:59:03.518 INFO]: Coyote(23) is moving SE from (5, 2) to (6,3)
[14:59:03.518 WARN]: Coyote(23) just ate RoadRunner(6) at cell (6,3)
[14:59:03.518 INFO]: RoadRunner is attempting to run away from 1 Coyotes!
[14:59:03.518 INFO]: RoadRunner(10) is moving NW from (5, 6) to (4,5)
[14:59:03.519 INFO]: Coyote(16) is moving NE from (1, 4) to (0,5)
[14:59:03.519 INFO]: Coyote(15) is moving SE from (6, 7) to (7,8)
[14:59:03.520 WARN]: Coyote(15) just ate RoadRunner(7) at cell (7,8)
[14:59:03.520 INFO]: Coyote(18) is moving W from (8, 2) to (8,1)
[14:59:03.520 WARN]: Coyote(18) just ate RoadRunner(9) at cell (8,1)
[14:59:03.521 INFO]: Coyote(24) is moving N from (9, 4) to (8,4)
[14:59:03.521 INFO]: Coyote(22) is moving W from (2, 4) to (2,3)
[14:59:03.522 INFO]: Coyote(14) is moving NW from (2, 6) to (1,5)
[14:59:03.522 INFO]: Coyote(11) is moving SW from (3, 6) to (4,5)
[14:59:03.522 WARN]: Coyote(11) just ate RoadRunner(10) at cell (4,5)
[14:59:03.773 INFO]: 
[14:59:03.774 INFO]: 
[14:59:03.774 INFO]: ########## Age 1 ##########
[14:59:03.774 INFO]: 
[14:59:03.774 INFO]: 
[14:59:03.774 INFO]: RoadRunner is attempting to run away from 1 Coyotes!
[14:59:03.775 INFO]: RoadRunner(8) is moving SW from (5, 9) to (6,8)
[14:59:03.776 INFO]: Coyote(15) is moving N from (7, 8) to (6,8)
[14:59:03.776 WARN]: Coyote(15) just ate RoadRunner(8) at cell (6,8)
[14:59:03.777 INFO]: Coyote(17) is moving W from (4, 9) to (4,8)
[14:59:03.777 INFO]: Coyote(16) is moving E from (0, 5) to (0,6)
[14:59:03.777 WARN]: Coyote(16) just ate RoadRunner(1) at cell (0,6)
[14:59:03.777 INFO]: Coyote(20) is moving N from (5, 0) to (4,0)
[14:59:03.778 INFO]: Coyote(14) is moving N from (1, 5) to (0,5)
[14:59:03.778 INFO]: Coyote(19) is moving SW from (1, 6) to (2,5)
[14:59:03.778 INFO]: Coyote(11) is moving SW from (4, 5) to (5,4)
[14:59:03.779 INFO]: Coyote(13) is moving N from (9, 0) to (8,0)
[14:59:03.779 INFO]: Coyote(23) is moving E from (6, 3) to (6,4)
[14:59:03.779 INFO]: Coyote(22) is moving SW from (2, 3) to (3,2)
[14:59:03.779 INFO]: Coyote(18) is moving NW from (8, 1) to (7,0)
[14:59:03.780 INFO]: Coyote(12) is moving S from (3, 9) to (4,9)
[14:59:03.780 INFO]: Coyote(21) is moving S from (1, 8) to (2,8)
[14:59:03.780 INFO]: RoadRunner is attempting to run away from 1 Coyotes!
[14:59:03.781 INFO]: RoadRunner(0) is moving NW from (2, 1) to (1,0)
[14:59:03.781 INFO]: Coyote(24) is moving N from (8, 4) to (7,4)
[14:59:03.781 INFO]: RoadRunner(3) is moving W from (8, 8) to (8,7)
[15:02:49.585 INFO]: Simulation Found. Configuration Settings:
[15:02:49.616 INFO]: Rows: 10
[15:02:49.617 INFO]: Columns: 10
[15:02:49.617 INFO]: 
[15:02:49.618 INFO]: Min Prey: 10 Max Prey: 20
[15:02:49.618 INFO]: Min Predators: 10 Max Predators: 20
[15:02:54.258 INFO]: Starting Simulation...
[15:02:54.263 INFO]: Starting Prey: 13
[15:02:54.264 INFO]: Starting Predators: 20
[15:02:54.286 INFO]: RoadRunner(0) created at cell (8, 0)
[15:02:54.288 INFO]: RoadRunner(1) created at cell (1, 0)
[15:02:54.290 INFO]: RoadRunner(2) created at cell (4, 2)
[15:02:54.291 INFO]: RoadRunner(3) created at cell (3, 0)
[15:02:54.293 INFO]: RoadRunner(4) created at cell (2, 6)
[15:02:54.294 INFO]: RoadRunner(5) created at cell (6, 9)
[15:02:54.296 INFO]: RoadRunner(6) created at cell (5, 8)
[15:02:54.298 INFO]: RoadRunner(7) created at cell (3, 5)
[15:02:54.300 INFO]: RoadRunner(8) created at cell (5, 3)
[15:02:54.302 INFO]: RoadRunner(9) created at cell (4, 8)
[15:02:54.304 INFO]: RoadRunner(10) created at cell (4, 6)
[15:02:54.306 INFO]: RoadRunner(11) created at cell (5, 5)
[15:02:54.316 INFO]: RoadRunner(12) created at cell (2, 7)
[15:02:54.319 INFO]: Coyote(13) created at cell (6, 8)
[15:02:54.321 INFO]: Coyote(14) created at cell (3, 7)
[15:02:54.326 INFO]: Coyote(15) created at cell (1, 8)
[15:02:54.331 INFO]: Coyote(16) created at cell (4, 5)
[15:02:54.337 INFO]: Coyote(17) created at cell (9, 9)
[15:02:54.340 INFO]: Coyote(18) created at cell (3, 9)
[15:02:54.344 INFO]: Coyote(19) created at cell (2, 3)
[15:02:54.346 INFO]: Coyote(20) created at cell (6, 1)
[15:02:54.347 INFO]: Coyote(21) created at cell (0, 3)
[15:02:54.348 INFO]: Coyote(22) created at cell (9, 6)
[15:02:54.350 INFO]: Coyote(23) created at cell (5, 9)
[15:02:54.351 INFO]: Coyote(24) created at cell (4, 4)
[15:02:54.352 INFO]: Coyote(25) created at cell (3, 4)
[15:02:54.354 INFO]: Coyote(26) created at cell (3, 6)
[15:02:54.355 INFO]: Coyote(27) created at cell (2, 1)
[15:02:54.356 INFO]: Coyote(28) created at cell (2, 0)
[15:02:54.358 INFO]: Coyote(29) created at cell (6, 6)
[15:02:54.359 INFO]: Coyote(30) created at cell (0, 0)
[15:02:54.360 INFO]: Coyote(31) created at cell (9, 3)
[15:02:54.361 INFO]: Coyote(32) created at cell (4, 7)
[15:02:59.053 INFO]: 
[15:02:59.054 INFO]: 
[15:02:59.054 INFO]: ########## Age 0 ##########
[15:02:59.055 INFO]: 
[15:02:59.055 INFO]: 
[15:02:59.067 INFO]: Total Coyotes: 20
[15:02:59.068 INFO]: Total RoadRunners: 13
[15:02:59.072 INFO]: RoadRunner is attempting to run away from 2 Coyotes!
[15:02:59.087 INFO]: RoadRunner(3) is moving S from (3, 0) to (4,0)
[15:02:59.089 INFO]: Coyote(22) is moving NE from (9, 6) to (8,7)
[15:02:59.090 INFO]: RoadRunner is attempting to run away from 1 Coyotes!
[15:02:59.091 INFO]: RoadRunner(8) is moving SW from (5, 3) to (6,2)
[15:02:59.092 INFO]: Coyote(21) is moving SW from (0, 3) to (1,2)
[15:02:59.093 INFO]: RoadRunner is attempting to run away from 4 Coyotes!
[15:02:59.094 INFO]: RoadRunner(9) is moving N from (4, 8) to (3,8)
[15:02:59.095 INFO]: Coyote(19) is moving NE from (2, 3) to (1,4)
[15:02:59.096 INFO]: Coyote(27) is moving NW from (2, 1) to (1,0)
[15:02:59.097 WARN]: Coyote(27) just ate RoadRunner(1) at cell (1,0)
[15:02:59.098 INFO]: Coyote(26) is moving N from (3, 6) to (2,6)
[15:02:59.099 WARN]: Coyote(26) just ate RoadRunner(4) at cell (2,6)
[15:02:59.100 INFO]: Coyote(16) is moving N from (4, 5) to (3,5)
[15:02:59.101 WARN]: Coyote(16) just ate RoadRunner(7) at cell (3,5)
[15:02:59.102 INFO]: Coyote(30) is moving E from (0, 0) to (0,1)
[15:02:59.103 INFO]: Coyote(28) is moving S from (2, 0) to (3,0)
[15:02:59.105 INFO]: Coyote(15) is moving SW from (1, 8) to (2,7)
[15:02:59.106 WARN]: Coyote(15) just ate RoadRunner(12) at cell (2,7)
[15:02:59.107 INFO]: Coyote(29) is moving NW from (6, 6) to (5,5)
[15:02:59.108 WARN]: Coyote(29) just ate RoadRunner(11) at cell (5,5)
[15:02:59.110 INFO]: RoadRunner(0) is moving E from (8, 0) to (8,1)
[15:02:59.111 INFO]: Coyote(14) is moving SW from (3, 7) to (4,6)
[15:02:59.112 WARN]: Coyote(14) just ate RoadRunner(10) at cell (4,6)
[15:02:59.125 INFO]: Coyote(13) is moving N from (6, 8) to (5,8)
[15:02:59.125 WARN]: Coyote(13) just ate RoadRunner(6) at cell (5,8)
[15:02:59.126 INFO]: Coyote(32) is moving NE from (4, 7) to (3,8)
[15:02:59.127 WARN]: Coyote(32) just ate RoadRunner(9) at cell (3,8)
[15:02:59.128 INFO]: Coyote(31) is moving NW from (9, 3) to (8,2)
[15:02:59.129 INFO]: Coyote(17) is moving NW from (9, 9) to (8,8)
[15:02:59.130 INFO]: RoadRunner(2) is moving W from (4, 2) to (4,1)
[15:02:59.132 INFO]: Coyote(23) is moving S from (5, 9) to (6,9)
[15:02:59.133 WARN]: Coyote(23) just ate RoadRunner(5) at cell (6,9)
[15:02:59.134 INFO]: Coyote(24) is moving E from (4, 4) to (4,5)
[15:02:59.135 INFO]: Coyote(20) is moving E from (6, 1) to (6,2)
[15:02:59.136 WARN]: Coyote(20) just ate RoadRunner(8) at cell (6,2)
[15:02:59.138 INFO]: Coyote(18) is moving N from (3, 9) to (2,9)
[15:02:59.139 INFO]: Coyote(25) is moving W from (3, 4) to (3,3)
[15:03:07.204 INFO]: 
[15:03:07.204 INFO]: 
[15:03:07.204 INFO]: ########## Age 1 ##########
[15:03:07.204 INFO]: 
[15:03:07.204 INFO]: 
[15:03:07.205 INFO]: Total Coyotes: 20
[15:03:07.205 INFO]: Total RoadRunners: 3
[15:03:07.205 INFO]: RoadRunner is attempting to run away from 1 Coyotes!
[15:03:07.206 INFO]: RoadRunner(0) is moving NW from (8, 1) to (7,0)
[15:03:07.207 INFO]: Coyote(26) is moving NW from (2, 6) to (1,5)
[15:03:07.207 INFO]: Coyote(16) is moving E from (3, 5) to (3,6)
[15:03:07.208 INFO]: Coyote(21) is moving NE from (1, 2) to (0,3)
[15:03:07.208 INFO]: Coyote(22) is moving SE from (8, 7) to (9,8)
[15:03:07.208 INFO]: Coyote(18) is moving S from (2, 9) to (3,9)
[15:03:07.209 INFO]: Coyote(29) is moving W from (5, 5) to (5,4)
[15:03:07.209 INFO]: Coyote(15) is moving W from (2, 7) to (2,6)
[15:03:07.209 INFO]: Coyote(30) is moving SE from (0, 1) to (1,2)
[15:03:07.210 INFO]: Coyote(32) is moving W from (3, 8) to (3,7)
[15:03:07.210 INFO]: Coyote(27) is moving SE from (1, 0) to (2,1)
[15:03:07.210 INFO]: Coyote(25) is moving W from (3, 3) to (3,2)
[15:03:07.211 INFO]: Coyote(14) is moving SW from (4, 6) to (5,5)
[15:03:07.211 INFO]: Coyote(17) is moving NW from (8, 8) to (7,7)
[15:03:07.211 INFO]: Coyote(20) is moving E from (6, 2) to (6,3)
[15:03:07.211 INFO]: RoadRunner is attempting to run away from 2 Coyotes!
[15:03:07.212 INFO]: RoadRunner(2) is moving SE from (4, 1) to (5,2)
[15:03:07.212 INFO]: Coyote(28) is moving S from (3, 0) to (4,0)
[15:03:07.212 WARN]: Coyote(28) just ate RoadRunner(3) at cell (4,0)
[15:03:07.213 INFO]: Coyote(24) is moving N from (4, 5) to (3,5)
[15:03:07.213 INFO]: Coyote(19) is moving NE from (1, 4) to (0,5)
[15:03:07.213 INFO]: Coyote(13) is moving E from (5, 8) to (5,9)
[15:03:07.213 INFO]: Coyote(31) is moving N from (8, 2) to (7,2)
[15:03:07.213 INFO]: Coyote(23) is moving S from (6, 9) to (7,9)
[15:04:34.227 INFO]: 
[15:04:34.230 INFO]: 
[15:04:34.230 INFO]: ########## Age 2 ##########
[15:04:34.230 INFO]: 
[15:04:34.230 INFO]: 
[15:04:34.231 INFO]: Total Coyotes: 20
[15:04:34.231 INFO]: Total RoadRunners: 2
[15:04:34.233 INFO]: Coyote(15) is moving E from (2, 6) to (2,7)
[15:04:34.234 INFO]: Coyote(25) is moving NE from (3, 2) to (2,3)
[15:04:34.236 INFO]: Coyote(17) is moving NW from (7, 7) to (6,6)
[15:04:34.237 INFO]: Coyote(14) is moving S from (5, 5) to (6,5)
[15:04:34.237 INFO]: RoadRunner is attempting to run away from 1 Coyotes!
[15:04:34.238 INFO]: RoadRunner(2) is moving NW from (5, 2) to (4,1)
[15:04:34.239 INFO]: Coyote(30) is moving S from (1, 2) to (2,2)
[15:04:34.240 INFO]: Coyote(31) is moving E from (7, 2) to (7,3)
[15:04:34.241 INFO]: Coyote(24) is moving SW from (3, 5) to (4,4)
[15:04:34.241 INFO]: Coyote(22) is moving W from (9, 8) to (9,7)
[15:04:34.242 INFO]: Coyote(23) is moving SW from (7, 9) to (8,8)
[15:04:34.244 INFO]: Coyote(16) is moving SE from (3, 6) to (4,7)
[15:04:34.244 INFO]: Coyote(13) is moving SW from (5, 9) to (6,8)
[15:04:34.245 INFO]: Coyote(32) is moving NW from (3, 7) to (2,6)
[15:04:34.246 INFO]: Coyote(26) is moving W from (1, 5) to (1,4)
[15:04:34.246 INFO]: RoadRunner(0) is moving N from (7, 0) to (6,0)
[15:04:34.247 INFO]: Coyote(29) is moving W from (5, 4) to (5,3)
[15:04:34.247 INFO]: Coyote(21) is moving W from (0, 3) to (0,2)
[15:04:34.248 INFO]: Coyote(18) is moving SW from (3, 9) to (4,8)
[15:04:34.249 INFO]: Coyote(20) is moving SE from (6, 3) to (7,4)
[15:04:34.250 INFO]: Coyote(27) is moving SW from (2, 1) to (3,0)
[15:04:34.251 INFO]: Coyote(28) is moving E from (4, 0) to (4,1)
[15:04:34.252 WARN]: Coyote(28) just ate RoadRunner(2) at cell (4,1)
[15:04:34.252 INFO]: Coyote(19) is moving W from (0, 5) to (0,4)
[15:04:34.253 INFO]: RoadRunner just bred a new RoadRunner at cell (5,0)
[15:05:11.824 INFO]: Simulation Found. Configuration Settings:
[15:05:11.840 INFO]: Rows: 10
[15:05:11.841 INFO]: Columns: 10
[15:05:11.842 INFO]: 
[15:05:11.843 INFO]: Min Prey: 10 Max Prey: 20
[15:05:11.844 INFO]: Min Predators: 10 Max Predators: 20
[15:05:20.378 INFO]: Starting Simulation...
[15:05:20.390 INFO]: Starting Prey: 17
[15:05:20.391 INFO]: Starting Predators: 12
[15:05:20.409 INFO]: RoadRunner(0) created at cell (2, 0)
[15:05:20.411 INFO]: RoadRunner(1) created at cell (1, 9)
[15:05:20.412 INFO]: RoadRunner(2) created at cell (7, 3)
[15:05:20.414 INFO]: RoadRunner(3) created at cell (1, 4)
[15:05:20.415 INFO]: RoadRunner(4) created at cell (0, 5)
[15:05:20.417 INFO]: RoadRunner(5) created at cell (9, 1)
[15:05:20.419 INFO]: RoadRunner(6) created at cell (7, 9)
[15:05:20.421 INFO]: RoadRunner(7) created at cell (9, 9)
[15:05:20.423 INFO]: RoadRunner(8) created at cell (4, 5)
[15:05:20.425 INFO]: RoadRunner(9) created at cell (2, 4)
[15:05:20.426 INFO]: RoadRunner(10) created at cell (7, 7)
[15:05:20.428 INFO]: RoadRunner(11) created at cell (1, 2)
[15:05:20.429 INFO]: RoadRunner(12) created at cell (7, 6)
[15:05:20.431 INFO]: RoadRunner(13) created at cell (4, 6)
[15:05:20.432 INFO]: RoadRunner(14) created at cell (9, 8)
[15:05:20.435 INFO]: RoadRunner(15) created at cell (4, 1)
[15:05:20.437 INFO]: RoadRunner(16) created at cell (4, 2)
[15:05:20.439 INFO]: Coyote(17) created at cell (3, 2)
[15:05:20.443 INFO]: Coyote(18) created at cell (0, 4)
[15:05:20.445 INFO]: Coyote(19) created at cell (9, 2)
[15:05:20.454 INFO]: Coyote(20) created at cell (4, 8)
[15:05:20.455 INFO]: Coyote(21) created at cell (1, 0)
[15:05:20.457 INFO]: Coyote(22) created at cell (2, 9)
[15:05:20.458 INFO]: Coyote(23) created at cell (5, 8)
[15:05:20.459 INFO]: Coyote(24) created at cell (7, 5)
[15:05:20.460 INFO]: Coyote(25) created at cell (3, 3)
[15:05:20.462 INFO]: Coyote(26) created at cell (4, 4)
[15:05:20.463 INFO]: Coyote(27) created at cell (5, 3)
[15:05:20.464 INFO]: Coyote(28) created at cell (6, 0)
[15:05:23.460 INFO]: 
[15:05:23.460 INFO]: 
[15:05:23.461 INFO]: ########## Age 0 ##########
[15:05:23.461 INFO]: 
[15:05:23.461 INFO]: 
[15:05:23.466 INFO]: Coyote(17) is moving S from (3, 2) to (4,2)
[15:05:23.467 WARN]: Coyote(17) just ate RoadRunner(16) at cell (4,2)
[15:05:23.468 INFO]: RoadRunner is attempting to run away from 1 Coyotes!
[15:05:23.486 INFO]: RoadRunner(5) is moving NW from (9, 1) to (8,0)
[15:05:23.488 INFO]: Coyote(19) is moving W from (9, 2) to (9,1)
[15:05:23.489 INFO]: Coyote(27) is moving N from (5, 3) to (4,3)
[15:05:23.490 INFO]: RoadRunner(10) is moving N from (7, 7) to (6,7)
[15:05:23.491 INFO]: Coyote(25) is moving NE from (3, 3) to (2,4)
[15:05:23.492 WARN]: Coyote(25) just ate RoadRunner(9) at cell (2,4)
[15:05:23.493 INFO]: Coyote(21) is moving S from (1, 0) to (2,0)
[15:05:23.494 WARN]: Coyote(21) just ate RoadRunner(0) at cell (2,0)
[15:05:23.495 INFO]: Coyote(28) is moving NE from (6, 0) to (5,1)
[15:05:23.496 INFO]: Coyote(24) is moving E from (7, 5) to (7,6)
[15:05:23.497 WARN]: Coyote(24) just ate RoadRunner(12) at cell (7,6)
[15:05:23.497 INFO]: RoadRunner(13) is moving SW from (4, 6) to (5,5)
[15:05:23.498 INFO]: Coyote(18) is moving S from (0, 4) to (1,4)
[15:05:23.499 WARN]: Coyote(18) just ate RoadRunner(3) at cell (1,4)
[15:05:23.500 INFO]: RoadRunner(6) is moving S from (7, 9) to (8,9)
[15:05:23.501 INFO]: RoadRunner is attempting to run away from 2 Coyotes!
[15:05:23.503 INFO]: RoadRunner(15) is moving NW from (4, 1) to (3,0)
[15:05:23.504 INFO]: Coyote(23) is moving SW from (5, 8) to (6,7)
[15:05:23.505 WARN]: Coyote(23) just ate RoadRunner(10) at cell (6,7)
[15:05:23.507 INFO]: RoadRunner(2) is moving E from (7, 3) to (7,4)
[15:05:23.509 INFO]: RoadRunner(11) is moving E from (1, 2) to (1,3)
[15:05:23.510 INFO]: RoadRunner is attempting to run away from 1 Coyotes!
[15:05:23.512 INFO]: RoadRunner(8) is moving NE from (4, 5) to (3,6)
[15:05:23.513 INFO]: RoadRunner is attempting to run away from 1 Coyotes!
[15:05:23.516 INFO]: RoadRunner(4) is moving E from (0, 5) to (0,6)
[15:05:23.517 INFO]: RoadRunner(7) is moving NW from (9, 9) to (8,8)
[15:05:23.518 INFO]: RoadRunner is attempting to run away from 1 Coyotes!
[15:05:23.520 INFO]: RoadRunner(1) is moving NW from (1, 9) to (0,8)
[15:05:23.521 INFO]: Coyote(20) is moving NW from (4, 8) to (3,7)
[15:05:23.523 INFO]: Coyote(26) is moving SE from (4, 4) to (5,5)
[15:05:23.525 WARN]: Coyote(26) just ate RoadRunner(13) at cell (5,5)
[15:05:23.526 INFO]: RoadRunner(14) is moving NW from (9, 8) to (8,7)
[15:05:23.528 INFO]: Coyote(22) is moving N from (2, 9) to (1,9)
[15:05:23.544 INFO]: 
[15:05:23.545 INFO]: Total Coyotes Remaining: 12
[15:05:23.545 INFO]: Total RoadRunners Remaining: 10
[15:05:31.863 INFO]: 
[15:05:31.863 INFO]: 
[15:05:31.863 INFO]: ########## Age 1 ##########
[15:05:31.864 INFO]: 
[15:05:31.864 INFO]: 
[15:05:31.865 INFO]: RoadRunner is attempting to run away from 1 Coyotes!
[15:05:31.866 INFO]: RoadRunner(5) is moving N from (8, 0) to (7,0)
[15:05:31.867 INFO]: RoadRunner is attempting to run away from 1 Coyotes!
[15:05:31.868 INFO]: RoadRunner(1) is moving W from (0, 8) to (0,7)
[15:05:31.868 INFO]: Coyote(28) is moving W from (5, 1) to (5,0)
[15:05:31.869 INFO]: RoadRunner is attempting to run away from 1 Coyotes!
[15:05:31.871 INFO]: RoadRunner(8) is moving NW from (3, 6) to (2,5)
[15:05:31.871 INFO]: RoadRunner is attempting to run away from 1 Coyotes!
[15:05:31.872 INFO]: RoadRunner(15) is moving SE from (3, 0) to (4,1)
[15:05:31.873 INFO]: RoadRunner is attempting to run away from 1 Coyotes!
[15:05:31.873 INFO]: RoadRunner(14) is moving SE from (8, 7) to (9,8)
[15:05:31.874 INFO]: RoadRunner is attempting to run away from 2 Coyotes!
[15:05:31.875 INFO]: RoadRunner(11) is moving NW from (1, 3) to (0,2)
[15:05:31.876 INFO]: Coyote(22) is moving SW from (1, 9) to (2,8)
[15:05:31.877 INFO]: RoadRunner(6) is moving S from (8, 9) to (9,9)
[15:05:31.878 INFO]: Coyote(23) is moving SE from (6, 7) to (7,8)
[15:05:31.879 INFO]: Coyote(18) is moving SE from (1, 4) to (2,5)
[15:05:31.880 WARN]: Coyote(18) just ate RoadRunner(8) at cell (2,5)
[15:05:31.881 INFO]: Coyote(24) is moving SW from (7, 6) to (8,5)
[15:05:31.882 INFO]: Coyote(27) is moving NW from (4, 3) to (3,2)
[15:05:31.882 INFO]: RoadRunner is attempting to run away from 1 Coyotes!
[15:05:31.883 INFO]: RoadRunner(7) is moving SW from (8, 8) to (9,7)
[15:05:31.884 INFO]: Coyote(21) is moving NE from (2, 0) to (1,1)
[15:05:31.886 INFO]: Coyote(26) is moving NW from (5, 5) to (4,4)
[15:05:31.888 INFO]: Coyote(19) is moving NW from (9, 1) to (8,0)
[15:05:31.889 INFO]: Coyote(25) is moving SE from (2, 4) to (3,5)
[15:05:31.890 INFO]: Coyote(17) is moving W from (4, 2) to (4,1)
[15:05:31.891 WARN]: Coyote(17) just ate RoadRunner(15) at cell (4,1)
[15:05:31.892 INFO]: RoadRunner is attempting to run away from 1 Coyotes!
[15:05:31.893 INFO]: RoadRunner(2) is moving NW from (7, 4) to (6,3)
[15:05:31.894 INFO]: RoadRunner(4) is moving W from (0, 6) to (0,5)
[15:05:31.895 INFO]: Coyote(20) is moving N from (3, 7) to (2,7)
[15:05:31.896 INFO]: 
[15:05:31.896 INFO]: Total Coyotes Remaining: 12
[15:05:31.896 INFO]: Total RoadRunners Remaining: 8
[15:05:33.437 INFO]: 
[15:05:33.438 INFO]: 
[15:05:33.439 INFO]: ########## Age 2 ##########
[15:05:33.439 INFO]: 
[15:05:33.439 INFO]: 
[15:05:33.440 INFO]: RoadRunner(2) is moving NW from (6, 3) to (5,2)
[15:05:33.441 INFO]: Coyote(17) is moving SE from (4, 1) to (5,2)
[15:05:33.442 WARN]: Coyote(17) just ate RoadRunner(2) at cell (5,2)
[15:05:33.443 INFO]: Coyote(25) is moving W from (3, 5) to (3,4)
[15:05:33.443 INFO]: Coyote(26) is moving NE from (4, 4) to (3,5)
[15:05:33.444 INFO]: RoadRunner(4) is moving W from (0, 5) to (0,4)
[15:05:33.445 INFO]: Coyote(19) is moving N from (8, 0) to (7,0)
[15:05:33.446 WARN]: Coyote(19) just ate RoadRunner(5) at cell (7,0)
[15:05:33.446 INFO]: RoadRunner is attempting to run away from 1 Coyotes!
[15:05:33.447 INFO]: RoadRunner(11) is moving E from (0, 2) to (0,3)
[15:05:33.448 INFO]: Coyote(27) is moving NW from (3, 2) to (2,1)
[15:05:33.449 INFO]: Coyote(20) is moving NW from (2, 7) to (1,6)
[15:05:33.449 INFO]: RoadRunner(14) is moving NE from (9, 8) to (8,9)
[15:05:33.450 INFO]: RoadRunner is attempting to run away from 1 Coyotes!
[15:05:33.451 INFO]: RoadRunner(1) is moving E from (0, 7) to (0,8)
[15:05:33.451 INFO]: Coyote(22) is moving N from (2, 8) to (1,8)
[15:05:33.452 INFO]: Coyote(18) is moving N from (2, 5) to (1,5)
[15:05:33.453 INFO]: RoadRunner(6) is moving W from (9, 9) to (9,8)
[15:05:33.454 INFO]: RoadRunner(7) is moving NW from (9, 7) to (8,6)
[15:05:33.455 INFO]: Coyote(21) is moving SE from (1, 1) to (2,2)
[15:05:33.456 INFO]: Coyote(23) is moving SE from (7, 8) to (8,9)
[15:05:33.456 WARN]: Coyote(23) just ate RoadRunner(14) at cell (8,9)
[15:05:33.457 INFO]: Coyote(24) is moving E from (8, 5) to (8,6)
[15:05:33.457 WARN]: Coyote(24) just ate RoadRunner(7) at cell (8,6)
[15:05:33.458 INFO]: Coyote(28) is moving E from (5, 0) to (5,1)
[15:05:33.459 INFO]: RoadRunner just bred a new RoadRunner at cell (1,4)
[15:05:33.459 INFO]: RoadRunner just bred a new RoadRunner at cell (1,3)
[15:05:33.460 INFO]: RoadRunner just bred a new RoadRunner at cell (1,9)
[15:05:33.460 INFO]: RoadRunner just bred a new RoadRunner at cell (8,8)
[15:05:33.460 INFO]: 
[15:05:33.461 INFO]: Total Coyotes Remaining: 12
[15:05:33.461 INFO]: Total RoadRunners Remaining: 4
[15:05:34.920 INFO]: 
[15:05:34.922 INFO]: 
[15:05:34.922 INFO]: ########## Age 3 ##########
[15:05:34.922 INFO]: 
[15:05:34.923 INFO]: 
[15:05:34.924 INFO]: Coyote(21) is moving NE from (2, 2) to (1,3)
[15:05:34.925 WARN]: Coyote(21) just ate RoadRunner(30) at cell (1,3)
[15:05:34.925 INFO]: Coyote(19) is moving SE from (7, 0) to (8,1)
[15:05:34.926 INFO]: RoadRunner is attempting to run away from 1 Coyotes!
[15:05:34.926 INFO]: RoadRunner(11) is moving W from (0, 3) to (0,2)
[15:05:34.927 INFO]: Coyote(17) is moving NW from (5, 2) to (4,1)
[15:05:34.928 INFO]: RoadRunner is attempting to run away from 1 Coyotes!
[15:05:34.929 INFO]: RoadRunner(1) is moving E from (0, 8) to (0,9)
[15:05:34.930 INFO]: Coyote(24) is moving SW from (8, 6) to (9,5)
[15:05:34.931 INFO]: RoadRunner is attempting to run away from 1 Coyotes!
[15:05:34.931 INFO]: RoadRunner(31) is moving S from (1, 9) to (2,9)
[15:05:34.932 INFO]: Coyote(23) is moving SW from (8, 9) to (9,8)
[15:05:34.933 WARN]: Coyote(23) just ate RoadRunner(6) at cell (9,8)
[15:05:34.933 INFO]: Coyote(18) is moving NW from (1, 5) to (0,4)
[15:05:34.934 WARN]: Coyote(18) just ate RoadRunner(4) at cell (0,4)
[15:05:34.934 INFO]: Coyote(25) is moving NW from (3, 4) to (2,3)
[15:05:34.935 INFO]: RoadRunner is attempting to run away from 3 Coyotes!
[15:05:34.936 INFO]: RoadRunner(29) is moving SE from (1, 4) to (2,5)
[15:05:34.937 INFO]: Coyote(20) is moving SW from (1, 6) to (2,5)
[15:05:34.938 WARN]: Coyote(20) just ate RoadRunner(29) at cell (2,5)
[15:05:34.939 INFO]: Coyote(22) is moving NE from (1, 8) to (0,9)
[15:05:34.940 WARN]: Coyote(22) just ate RoadRunner(1) at cell (0,9)
[15:05:34.940 INFO]: RoadRunner is attempting to run away from 1 Coyotes!
[15:05:34.941 INFO]: RoadRunner(32) is moving NE from (8, 8) to (7,9)
[15:05:34.942 INFO]: Coyote(27) is moving SW from (2, 1) to (3,0)
[15:05:34.943 INFO]: Coyote(28) is moving E from (5, 1) to (5,2)
[15:05:34.944 INFO]: Coyote(26) is moving NE from (3, 5) to (2,6)
[15:05:34.945 INFO]: 
[15:05:34.945 INFO]: Total Coyotes Remaining: 12
[15:05:34.946 INFO]: Total RoadRunners Remaining: 3
[15:05:35.755 INFO]: 
[15:05:35.755 INFO]: 
[15:05:35.755 INFO]: ########## Age 4 ##########
[15:05:35.756 INFO]: 
[15:05:35.756 INFO]: 
[15:05:35.757 INFO]: Coyote(20) is moving N from (2, 5) to (1,5)
[15:05:35.758 INFO]: Coyote(24) is moving NW from (9, 5) to (8,4)
[15:05:35.758 WARN]: Coyote(26) died to starvation!
[15:05:35.759 INFO]: RoadRunner(31) is moving N from (2, 9) to (1,9)
[15:05:35.759 WARN]: Coyote(28) died to starvation!
[15:05:35.760 INFO]: Coyote(18) is moving S from (0, 4) to (1,4)
[15:05:35.760 INFO]: RoadRunner is attempting to run away from 1 Coyotes!
[15:05:35.761 INFO]: RoadRunner(11) is moving W from (0, 2) to (0,1)
[15:05:35.762 INFO]: Coyote(21) is moving NE from (1, 3) to (0,4)
[15:05:35.762 WARN]: Coyote(25) died to starvation!
[15:05:35.763 INFO]: Coyote(22) is moving S from (0, 9) to (1,9)
[15:05:35.763 WARN]: Coyote(22) just ate RoadRunner(31) at cell (1,9)
[15:05:35.764 INFO]: RoadRunner(32) is moving NW from (7, 9) to (6,8)
[15:05:35.764 WARN]: Coyote(27) died to starvation!
[15:05:35.764 INFO]: Coyote(23) is moving W from (9, 8) to (9,7)
[15:05:35.765 INFO]: Coyote(19) is moving SW from (8, 1) to (9,0)
[15:05:35.765 INFO]: Coyote(17) is moving E from (4, 1) to (4,2)
[15:05:35.766 INFO]: 
[15:05:35.766 INFO]: Total Coyotes Remaining: 8
[15:05:35.766 INFO]: Total RoadRunners Remaining: 2
[15:05:37.369 INFO]: 
[15:05:37.370 INFO]: 
[15:05:37.370 INFO]: ########## Age 5 ##########
[15:05:37.370 INFO]: 
[15:05:37.370 INFO]: 
[15:05:37.371 INFO]: Coyote(19) is moving E from (9, 0) to (9,1)
[15:05:37.373 INFO]: Coyote(24) is moving E from (8, 4) to (8,5)
[15:05:37.373 INFO]: Coyote(22) is moving SW from (1, 9) to (2,8)
[15:05:37.374 INFO]: Coyote(23) is moving NW from (9, 7) to (8,6)
[15:05:37.374 INFO]: Coyote(18) is moving SW from (1, 4) to (2,3)
[15:05:37.375 INFO]: Coyote(21) is moving S from (0, 4) to (1,4)
[15:05:37.375 INFO]: Coyote(17) is moving SE from (4, 2) to (5,3)
[15:05:37.376 INFO]: RoadRunner(32) is moving W from (6, 8) to (6,7)
[15:05:37.377 INFO]: Coyote(20) is moving NE from (1, 5) to (0,6)
[15:05:37.378 INFO]: RoadRunner(11) is moving S from (0, 1) to (1,1)
[15:05:37.378 INFO]: RoadRunner just bred a new RoadRunner at cell (5,7)
[15:05:37.379 INFO]: RoadRunner just bred a new RoadRunner at cell (0,1)
[15:05:37.379 INFO]: 
[15:05:37.379 INFO]: Total Coyotes Remaining: 8
[15:05:37.379 INFO]: Total RoadRunners Remaining: 2
[15:05:39.285 INFO]: 
[15:05:39.285 INFO]: 
[15:05:39.285 INFO]: ########## Age 6 ##########
[15:05:39.286 INFO]: 
[15:05:39.286 INFO]: 
[15:05:39.287 WARN]: Coyote(17) died to starvation!
[15:05:39.287 INFO]: Coyote(20) is moving W from (0, 6) to (0,5)
[15:05:39.288 INFO]: RoadRunner(32) is moving SW from (6, 7) to (7,6)
[15:05:39.288 INFO]: Coyote(21) is moving SE from (1, 4) to (2,5)
[15:05:39.289 INFO]: RoadRunner(34) is moving W from (0, 1) to (0,0)
[15:05:39.289 INFO]: Coyote(18) is moving W from (2, 3) to (2,2)
[15:05:39.290 INFO]: RoadRunner(33) is moving S from (5, 7) to (6,7)
[15:05:39.290 INFO]: Coyote(23) is moving N from (8, 6) to (7,6)
[15:05:39.291 WARN]: Coyote(23) just ate RoadRunner(32) at cell (7,6)
[15:05:39.291 INFO]: Coyote(22) is moving N from (2, 8) to (1,8)
[15:05:39.291 WARN]: Coyote(19) died to starvation!
[15:05:39.292 INFO]: RoadRunner is attempting to run away from 1 Coyotes!
[15:05:39.294 INFO]: RoadRunner(11) is moving N from (1, 1) to (0,1)
[15:05:39.294 WARN]: Coyote(24) died to starvation!
[15:05:39.295 INFO]: 
[15:05:39.295 INFO]: Total Coyotes Remaining: 5
[15:05:39.296 INFO]: Total RoadRunners Remaining: 3
[15:05:41.797 INFO]: 
[15:05:41.798 INFO]: 
[15:05:41.799 INFO]: ########## Age 7 ##########
[15:05:41.799 INFO]: 
[15:05:41.799 INFO]: 
[15:05:41.799 INFO]: RoadRunner(34) is moving SE from (0, 0) to (1,1)
[15:05:41.800 INFO]: Coyote(22) is moving NW from (1, 8) to (0,7)
[15:05:41.801 INFO]: Coyote(23) is moving NE from (7, 6) to (6,7)
[15:05:41.801 WARN]: Coyote(23) just ate RoadRunner(33) at cell (6,7)
[15:05:41.801 INFO]: RoadRunner(11) is moving W from (0, 1) to (0,0)
[15:05:41.802 WARN]: Coyote(21) died to starvation!
[15:05:41.802 WARN]: Coyote(20) died to starvation!
[15:05:41.802 WARN]: Coyote(18) died to starvation!
[15:05:41.803 INFO]: Coyote just bred a new Coyote at cell (1,7)
[15:05:41.803 INFO]: Coyote just bred a new Coyote at cell (5,7)
[15:05:41.803 INFO]: 
[15:05:41.803 INFO]: Total Coyotes Remaining: 2
[15:05:41.804 INFO]: Total RoadRunners Remaining: 2
[15:05:44.771 INFO]: 
[15:05:44.772 INFO]: 
[15:05:44.772 INFO]: ########## Age 8 ##########
[15:05:44.772 INFO]: 
[15:05:44.772 INFO]: 
[15:05:44.773 INFO]: Coyote(36) is moving E from (5, 7) to (5,8)
[15:05:44.774 INFO]: RoadRunner(34) is moving NE from (1, 1) to (0,2)
[15:05:44.774 WARN]: Coyote(22) died to starvation!
[15:05:44.774 INFO]: Coyote(35) is moving S from (1, 7) to (2,7)
[15:05:44.775 INFO]: Coyote(23) is moving SW from (6, 7) to (7,6)
[15:05:44.776 INFO]: RoadRunner(11) is moving E from (0, 0) to (0,1)
[15:05:44.776 INFO]: RoadRunner just bred a new RoadRunner at cell (1,2)
[15:05:44.777 INFO]: RoadRunner just bred a new RoadRunner at cell (1,1)
[15:05:44.777 INFO]: 
[15:05:44.777 INFO]: Total Coyotes Remaining: 3
[15:05:44.778 INFO]: Total RoadRunners Remaining: 2
[15:11:01.996 INFO]: Simulation Found. Configuration Settings:
[15:11:02.014 INFO]: Rows: 10
[15:11:02.015 INFO]: Columns: 10
[15:11:02.016 INFO]: 
[15:11:02.016 INFO]: Min Prey: 10 Max Prey: 20
[15:11:02.017 INFO]: Min Predators: 10 Max Predators: 20
[15:11:09.379 INFO]: Starting Simulation...
[15:11:09.384 INFO]: Starting Prey: 15
[15:11:09.385 INFO]: Starting Predators: 17
[15:11:09.406 INFO]: RoadRunner(0) created at cell (2, 1)
[15:11:09.408 INFO]: RoadRunner(1) created at cell (3, 8)
[15:11:09.409 INFO]: RoadRunner(2) created at cell (3, 3)
[15:11:09.411 INFO]: RoadRunner(3) created at cell (0, 0)
[15:11:09.413 INFO]: RoadRunner(4) created at cell (4, 3)
[15:11:09.414 INFO]: RoadRunner(5) created at cell (5, 9)
[15:11:09.416 INFO]: RoadRunner(6) created at cell (6, 2)
[15:11:09.419 INFO]: RoadRunner(7) created at cell (1, 4)
[15:11:09.420 INFO]: RoadRunner(8) created at cell (8, 2)
[15:11:09.422 INFO]: RoadRunner(9) created at cell (4, 6)
[15:11:09.424 INFO]: RoadRunner(10) created at cell (4, 4)
[15:11:09.426 INFO]: RoadRunner(11) created at cell (2, 0)
[15:11:09.427 INFO]: RoadRunner(12) created at cell (1, 7)
[15:11:09.429 INFO]: RoadRunner(13) created at cell (7, 7)
[15:11:09.430 INFO]: RoadRunner(14) created at cell (5, 7)
[15:11:09.432 INFO]: Coyote(15) created at cell (9, 0)
[15:11:09.434 INFO]: Coyote(16) created at cell (1, 9)
[15:11:09.436 INFO]: Coyote(17) created at cell (5, 0)
[15:11:09.438 INFO]: Coyote(18) created at cell (8, 4)
[15:11:09.440 INFO]: Coyote(19) created at cell (1, 0)
[15:11:09.442 INFO]: Coyote(20) created at cell (8, 5)
[15:11:09.444 INFO]: Coyote(21) created at cell (7, 1)
[15:11:09.446 INFO]: Coyote(22) created at cell (6, 4)
[15:11:09.447 INFO]: Coyote(23) created at cell (0, 5)
[15:11:09.449 INFO]: Coyote(24) created at cell (3, 5)
[15:11:09.450 INFO]: Coyote(25) created at cell (7, 9)
[15:11:09.451 INFO]: Coyote(26) created at cell (7, 3)
[15:11:09.453 INFO]: Coyote(27) created at cell (4, 2)
[15:11:09.454 INFO]: Coyote(28) created at cell (3, 7)
[15:11:09.455 INFO]: Coyote(29) created at cell (8, 0)
[15:11:09.456 INFO]: Coyote(30) created at cell (0, 9)
[15:11:09.456 INFO]: Coyote(31) created at cell (5, 2)
[15:11:10.065 INFO]: 
[15:11:10.066 INFO]: 
[15:11:10.067 INFO]: ########## Age 0 ##########
[15:11:10.067 INFO]: 
[15:11:10.067 INFO]: 
[15:11:10.071 INFO]: RoadRunner is attempting to run away from 3 Coyotes!
[15:11:10.089 INFO]: RoadRunner is attempting to run away from 2 Coyotes!
[15:11:10.091 INFO]: RoadRunner(9) is moving SW from (4, 6) to (5,5)
[15:11:10.092 INFO]: RoadRunner is attempting to run away from 1 Coyotes!
[15:11:10.093 INFO]: RoadRunner(3) is moving E from (0, 0) to (0,1)
[15:11:10.095 INFO]: RoadRunner(5) is moving W from (5, 9) to (5,8)
[15:11:10.097 INFO]: Coyote(22) is moving NE from (6, 4) to (5,5)
[15:11:10.098 WARN]: Coyote(22) just ate RoadRunner(9) at cell (5,5)
[15:11:10.099 INFO]: Coyote(15) is moving NE from (9, 0) to (8,1)
[15:11:10.100 INFO]: Coyote(24) is moving SW from (3, 5) to (4,4)
[15:11:10.101 WARN]: Coyote(24) just ate RoadRunner(10) at cell (4,4)
[15:11:10.102 INFO]: Coyote(16) is moving SW from (1, 9) to (2,8)
[15:11:10.102 INFO]: RoadRunner is attempting to run away from 1 Coyotes!
[15:11:10.103 INFO]: RoadRunner(11) is moving SE from (2, 0) to (3,1)
[15:11:10.104 INFO]: RoadRunner is attempting to run away from 2 Coyotes!
[15:11:10.105 INFO]: RoadRunner(2) is moving NE from (3, 3) to (2,4)
[15:11:10.106 INFO]: Coyote(29) is moving SE from (8, 0) to (9,1)
[15:11:10.107 INFO]: RoadRunner is attempting to run away from 1 Coyotes!
[15:11:10.109 INFO]: RoadRunner(0) is moving SE from (2, 1) to (3,2)
[15:11:10.110 INFO]: RoadRunner is attempting to run away from 1 Coyotes!
[15:11:10.110 INFO]: RoadRunner(7) is moving SW from (1, 4) to (2,3)
[15:11:10.111 INFO]: Coyote(25) is moving S from (7, 9) to (8,9)
[15:11:10.112 INFO]: Coyote(19) is moving NE from (1, 0) to (0,1)
[15:11:10.113 WARN]: Coyote(19) just ate RoadRunner(3) at cell (0,1)
[15:11:10.114 INFO]: Coyote(26) is moving NW from (7, 3) to (6,2)
[15:11:10.115 WARN]: Coyote(26) just ate RoadRunner(6) at cell (6,2)
[15:11:10.116 INFO]: Coyote(23) is moving W from (0, 5) to (0,4)
[15:11:10.117 INFO]: RoadRunner(13) is moving N from (7, 7) to (6,7)
[15:11:10.118 INFO]: Coyote(31) is moving NE from (5, 2) to (4,3)
[15:11:10.119 WARN]: Coyote(31) just ate RoadRunner(4) at cell (4,3)
[15:11:10.121 INFO]: RoadRunner is attempting to run away from 1 Coyotes!
[15:11:10.122 INFO]: RoadRunner(12) is moving NW from (1, 7) to (0,6)
[15:11:10.123 INFO]: RoadRunner is attempting to run away from 3 Coyotes!
[15:11:10.125 INFO]: RoadRunner(8) is moving NE from (8, 2) to (7,3)
[15:11:10.127 INFO]: Coyote(30) is moving W from (0, 9) to (0,8)
[15:11:10.128 INFO]: RoadRunner is attempting to run away from 2 Coyotes!
[15:11:10.130 INFO]: RoadRunner(1) is moving SE from (3, 8) to (4,9)
[15:11:10.132 INFO]: RoadRunner(14) is moving N from (5, 7) to (4,7)
[15:11:10.134 INFO]: Coyote(27) is moving N from (4, 2) to (3,2)
[15:11:10.135 WARN]: Coyote(27) just ate RoadRunner(0) at cell (3,2)
[15:11:10.136 INFO]: Coyote(18) is moving NW from (8, 4) to (7,3)
[15:11:10.137 WARN]: Coyote(18) just ate RoadRunner(8) at cell (7,3)
[15:11:10.139 INFO]: Coyote(17) is moving NE from (5, 0) to (4,1)
[15:11:10.141 INFO]: Coyote(21) is moving NW from (7, 1) to (6,0)
[15:11:10.142 INFO]: Coyote(20) is moving N from (8, 5) to (7,5)
[15:11:10.143 INFO]: Coyote(28) is moving S from (3, 7) to (4,7)
[15:11:10.144 WARN]: Coyote(28) just ate RoadRunner(14) at cell (4,7)
[15:11:10.154 INFO]: 
[15:11:10.155 INFO]: Coyotes Left: 17
[15:11:10.155 INFO]: RoadRunners Left: 7
[15:11:12.167 INFO]: 
[15:11:12.168 INFO]: 
[15:11:12.168 INFO]: ########## Age 1 ##########
[15:11:12.169 INFO]: 
[15:11:12.169 INFO]: 
[15:11:12.170 INFO]: Coyote(29) is moving NE from (9, 1) to (8,2)
[15:11:12.172 INFO]: Coyote(28) is moving SE from (4, 7) to (5,8)
[15:11:12.173 WARN]: Coyote(28) just ate RoadRunner(5) at cell (5,8)
[15:11:12.174 INFO]: Coyote(18) is moving SE from (7, 3) to (8,4)
[15:11:12.175 INFO]: RoadRunner(12) is moving SE from (0, 6) to (1,7)
[15:11:12.176 INFO]: RoadRunner is attempting to run away from 1 Coyotes!
[15:11:12.177 INFO]: RoadRunner(7) is moving NE from (2, 3) to (1,4)
[15:11:12.178 INFO]: Coyote(26) is moving E from (6, 2) to (6,3)
[15:11:12.180 INFO]: Coyote(19) is moving E from (0, 1) to (0,2)
[15:11:12.181 INFO]: Coyote(31) is moving NE from (4, 3) to (3,4)
[15:11:12.182 INFO]: Coyote(15) is moving SW from (8, 1) to (9,0)
[15:11:12.184 INFO]: Coyote(27) is moving W from (3, 2) to (3,1)
[15:11:12.185 WARN]: Coyote(27) just ate RoadRunner(11) at cell (3,1)
[15:11:12.185 INFO]: Coyote(20) is moving E from (7, 5) to (7,6)
[15:11:12.186 INFO]: Coyote(25) is moving W from (8, 9) to (8,8)
[15:11:12.187 INFO]: RoadRunner is attempting to run away from 1 Coyotes!
[15:11:12.188 INFO]: RoadRunner(2) is moving NE from (2, 4) to (1,5)
[15:11:12.190 INFO]: Coyote(17) is moving SW from (4, 1) to (5,0)
[15:11:12.192 INFO]: Coyote(16) is moving NW from (2, 8) to (1,7)
[15:11:12.193 WARN]: Coyote(16) just ate RoadRunner(12) at cell (1,7)
[15:11:12.194 INFO]: Coyote(24) is moving E from (4, 4) to (4,5)
[15:11:12.195 INFO]: RoadRunner is attempting to run away from 2 Coyotes!
[15:11:12.196 INFO]: RoadRunner(13) is moving NW from (6, 7) to (5,6)
[15:11:12.198 INFO]: Coyote(30) is moving S from (0, 8) to (1,8)
[15:11:12.199 INFO]: RoadRunner is attempting to run away from 1 Coyotes!
[15:11:12.200 INFO]: RoadRunner(1) is moving N from (4, 9) to (3,9)
[15:11:12.202 INFO]: Coyote(22) is moving E from (5, 5) to (5,6)
[15:11:12.202 WARN]: Coyote(22) just ate RoadRunner(13) at cell (5,6)
[15:11:12.203 INFO]: Coyote(21) is moving SE from (6, 0) to (7,1)
[15:11:12.204 INFO]: Coyote(23) is moving S from (0, 4) to (1,4)
[15:11:12.204 WARN]: Coyote(23) just ate RoadRunner(7) at cell (1,4)
[15:11:12.205 INFO]: 
[15:11:12.206 INFO]: Coyotes Left: 17
[15:11:12.206 INFO]: RoadRunners Left: 2
[15:11:12.897 INFO]: 
[15:11:12.898 INFO]: 
[15:11:12.898 INFO]: ########## Age 2 ##########
[15:11:12.898 INFO]: 
[15:11:12.899 INFO]: 
[15:11:12.900 INFO]: Coyote(18) is moving S from (8, 4) to (9,4)
[15:11:12.901 INFO]: Coyote(19) is moving E from (0, 2) to (0,3)
[15:11:12.902 INFO]: Coyote(26) is moving NW from (6, 3) to (5,2)
[15:11:12.902 INFO]: Coyote(29) is moving W from (8, 2) to (8,1)
[15:11:12.903 INFO]: Coyote(21) is moving E from (7, 1) to (7,2)
[15:11:12.904 INFO]: Coyote(23) is moving E from (1, 4) to (1,5)
[15:11:12.905 WARN]: Coyote(23) just ate RoadRunner(2) at cell (1,5)
[15:11:12.906 INFO]: Coyote(28) is moving NW from (5, 8) to (4,7)
[15:11:12.907 INFO]: Coyote(25) is moving N from (8, 8) to (7,8)
[15:11:12.908 INFO]: Coyote(15) is moving N from (9, 0) to (8,0)
[15:11:12.909 INFO]: Coyote(31) is moving NE from (3, 4) to (2,5)
[15:11:12.910 INFO]: Coyote(22) is moving SW from (5, 6) to (6,5)
[15:11:12.912 INFO]: Coyote(30) is moving SW from (1, 8) to (2,7)
[15:11:12.914 INFO]: RoadRunner(1) is moving S from (3, 9) to (4,9)
[15:11:12.915 INFO]: Coyote(24) is moving NE from (4, 5) to (3,6)
[15:11:12.916 INFO]: Coyote(16) is moving E from (1, 7) to (1,8)
[15:11:12.917 INFO]: Coyote(20) is moving N from (7, 6) to (6,6)
[15:11:12.918 INFO]: Coyote(27) is moving W from (3, 1) to (3,0)
[15:11:12.919 INFO]: Coyote(17) is moving SE from (5, 0) to (6,1)
[15:11:12.921 INFO]: RoadRunner just bred a new RoadRunner at cell (3,9)
[15:11:12.922 INFO]: 
[15:11:12.922 INFO]: Coyotes Left: 17
[15:11:12.922 INFO]: RoadRunners Left: 2
[15:11:13.604 INFO]: 
[15:11:13.605 INFO]: 
[15:11:13.605 INFO]: ########## Age 3 ##########
[15:11:13.605 INFO]: 
[15:11:13.606 INFO]: 
[15:11:13.607 INFO]: Coyote(19) is moving W from (0, 3) to (0,2)
[15:11:13.608 INFO]: Coyote(29) is moving SE from (8, 1) to (9,2)
[15:11:13.609 INFO]: Coyote(26) is moving E from (5, 2) to (5,3)
[15:11:13.610 INFO]: RoadRunner(32) is moving NW from (3, 9) to (2,8)
[15:11:13.611 INFO]: Coyote(15) is moving E from (8, 0) to (8,1)
[15:11:13.612 INFO]: Coyote(23) is moving SE from (1, 5) to (2,6)
[15:11:13.612 INFO]: Coyote(27) is moving SE from (3, 0) to (4,1)
[15:11:13.613 INFO]: Coyote(18) is moving NE from (9, 4) to (8,5)
[15:11:13.614 INFO]: Coyote(16) is moving S from (1, 8) to (2,8)
[15:11:13.614 WARN]: Coyote(16) just ate RoadRunner(32) at cell (2,8)
[15:11:13.615 INFO]: Coyote(24) is moving E from (3, 6) to (3,7)
[15:11:13.616 INFO]: Coyote(22) is moving W from (6, 5) to (6,4)
[15:11:13.617 INFO]: Coyote(25) is moving NE from (7, 8) to (6,9)
[15:11:13.618 INFO]: RoadRunner(1) is moving S from (4, 9) to (5,9)
[15:11:13.619 INFO]: Coyote(31) is moving SW from (2, 5) to (3,4)
[15:11:13.620 INFO]: Coyote(30) is moving NW from (2, 7) to (1,6)
[15:11:13.620 INFO]: Coyote(21) is moving SE from (7, 2) to (8,3)
[15:11:13.621 INFO]: Coyote(17) is moving N from (6, 1) to (5,1)
[15:11:13.622 INFO]: Coyote(20) is moving S from (6, 6) to (7,6)
[15:11:13.623 INFO]: Coyote(28) is moving SE from (4, 7) to (5,8)
[15:11:13.624 INFO]: 
[15:11:13.625 INFO]: Coyotes Left: 17
[15:11:13.626 INFO]: RoadRunners Left: 1
[15:11:14.570 INFO]: 
[15:11:14.571 INFO]: 
[15:11:14.571 INFO]: ########## Age 4 ##########
[15:11:14.572 INFO]: 
[15:11:14.572 INFO]: 
[15:11:14.573 INFO]: Coyote(28) is moving E from (5, 8) to (5,9)
[15:11:14.573 WARN]: Coyote(28) just ate RoadRunner(1) at cell (5,9)
[15:11:14.574 WARN]: Coyote(30) died to starvation!
[15:11:14.574 WARN]: Coyote(21) died to starvation!
[15:11:14.574 WARN]: Coyote(19) died to starvation!
[15:11:14.575 WARN]: Coyote(25) died to starvation!
[15:11:14.575 WARN]: Coyote(26) died to starvation!
[15:11:14.576 INFO]: Coyote(23) is moving S from (2, 6) to (3,6)
[15:11:14.576 WARN]: Coyote(15) died to starvation!
[15:11:14.576 WARN]: Coyote(17) died to starvation!
[15:11:14.576 WARN]: Coyote(18) died to starvation!
[15:11:14.577 WARN]: Coyote(29) died to starvation!
[15:11:14.578 INFO]: Coyote(27) is moving E from (4, 1) to (4,2)
[15:11:14.578 INFO]: Coyote(16) is moving SE from (2, 8) to (3,9)
[15:11:14.579 WARN]: Coyote(31) died to starvation!
[15:11:14.579 INFO]: Coyote(22) is moving NW from (6, 4) to (5,3)
[15:11:14.579 WARN]: Coyote(24) died to starvation!
[15:11:14.580 WARN]: Coyote(20) died to starvation!
[15:11:14.580 INFO]: 
[15:11:14.580 INFO]: Coyotes Left: 5
[15:11:14.581 INFO]: RoadRunners Left: 0
[15:11:18.582 INFO]: 
[15:11:18.583 INFO]: 
[15:11:18.583 INFO]: ########## Age 5 ##########
[15:11:18.583 INFO]: 
[15:11:18.583 INFO]: 
[15:11:18.584 INFO]: Coyote(28) is moving N from (5, 9) to (4,9)
[15:11:18.585 INFO]: Coyote(16) is moving NW from (3, 9) to (2,8)
[15:11:18.585 WARN]: Coyote(22) died to starvation!
[15:11:18.586 INFO]: Coyote(23) is moving E from (3, 6) to (3,7)
[15:11:18.587 WARN]: Coyote(27) died to starvation!
[15:11:18.587 INFO]: 
[15:11:18.587 INFO]: Coyotes Left: 3
[15:11:18.588 INFO]: RoadRunners Left: 0
[15:11:19.191 INFO]: 
[15:11:19.192 INFO]: 
[15:11:19.192 INFO]: ########## Age 6 ##########
[15:11:19.192 INFO]: 
[15:11:19.192 INFO]: 
[15:11:19.193 WARN]: Coyote(23) died to starvation!
[15:11:19.193 INFO]: Coyote(28) is moving S from (4, 9) to (5,9)
[15:11:19.194 INFO]: Coyote(16) is moving W from (2, 8) to (2,7)
[15:11:19.195 INFO]: 
[15:11:19.195 INFO]: Coyotes Left: 2
[15:11:19.195 INFO]: RoadRunners Left: 0
[15:11:20.128 INFO]: 
[15:11:20.128 INFO]: 
[15:11:20.129 INFO]: ########## Age 7 ##########
[15:11:20.129 INFO]: 
[15:11:20.129 INFO]: 
[15:11:20.130 INFO]: Coyote(28) is moving SW from (5, 9) to (6,8)
[15:11:20.130 WARN]: Coyote(16) died to starvation!
[15:11:20.131 INFO]: Coyote just bred a new Coyote at cell (5,8)
[15:11:20.131 INFO]: 
[15:11:20.131 INFO]: Coyotes Left: 2
[15:11:20.131 INFO]: RoadRunners Left: 0
[15:11:23.277 INFO]: 
[15:11:23.278 INFO]: 
[15:11:23.279 INFO]: ########## Age 8 ##########
[15:11:23.279 INFO]: 
[15:11:23.280 INFO]: 
[15:11:23.280 INFO]: Coyote(33) is moving NW from (5, 8) to (4,7)
[15:11:23.281 WARN]: Coyote(28) died to starvation!
[15:11:23.281 INFO]: 
[15:11:23.282 INFO]: Coyotes Left: 1
[15:11:23.282 INFO]: RoadRunners Left: 0
[15:11:25.505 INFO]: 
[15:11:25.505 INFO]: 
[15:11:25.506 INFO]: ########## Age 9 ##########
[15:11:25.506 INFO]: 
[15:11:25.506 INFO]: 
[15:11:25.507 INFO]: Coyote(33) is moving N from (4, 7) to (3,7)
[15:11:25.507 INFO]: 
[15:11:25.508 INFO]: Coyotes Left: 1
[15:11:25.508 INFO]: RoadRunners Left: 0
[15:11:26.963 INFO]: 
[15:11:26.964 INFO]: 
[15:11:26.964 INFO]: ########## Age 10 ##########
[15:11:26.964 INFO]: 
[15:11:26.965 INFO]: 
[15:11:26.965 INFO]: Coyote(33) is moving NW from (3, 7) to (2,6)
[15:11:26.966 INFO]: 
[15:11:26.966 INFO]: Coyotes Left: 1
[15:11:26.966 INFO]: RoadRunners Left: 0
[15:11:29.648 INFO]: 
[15:11:29.649 INFO]: 
[15:11:29.650 INFO]: ########## Age 11 ##########
[15:11:29.650 INFO]: 
[15:11:29.650 INFO]: 
[15:11:29.650 WARN]: Coyote(33) died to starvation!
[15:11:29.651 INFO]: 
[15:11:29.652 INFO]: Coyotes Left: 0
[15:11:29.652 INFO]: RoadRunners Left: 0
[15:11:31.114 INFO]: 
[15:11:31.114 INFO]: 
[15:11:31.115 INFO]: ########## Age 12 ##########
[15:11:31.115 INFO]: 
[15:11:31.115 INFO]: 
[15:11:31.115 INFO]: 
[15:11:31.116 INFO]: Coyotes Left: 0
[15:11:31.116 INFO]: RoadRunners Left: 0
[15:13:57.743 INFO]: Simulation Found. Configuration Settings:
[15:13:57.765 INFO]: Rows: 10
[15:13:57.766 INFO]: Columns: 10
[15:13:57.767 INFO]: 
[15:13:57.768 INFO]: Min Prey: 10 Max Prey: 20
[15:13:57.768 INFO]: Min Predators: 10 Max Predators: 20
[15:14:04.101 INFO]: Starting Simulation...
[15:14:04.105 INFO]: Starting Prey: 11
[15:14:04.105 INFO]: Starting Predators: 10
[15:14:04.131 INFO]: RoadRunner(0) created at cell (7, 2)
[15:14:04.134 INFO]: RoadRunner(1) created at cell (0, 0)
[15:14:04.136 INFO]: RoadRunner(2) created at cell (3, 9)
[15:14:04.138 INFO]: RoadRunner(3) created at cell (0, 9)
[15:14:04.140 INFO]: RoadRunner(4) created at cell (4, 9)
[15:14:04.142 INFO]: RoadRunner(5) created at cell (7, 8)
[15:14:04.144 INFO]: RoadRunner(6) created at cell (7, 3)
[15:14:04.146 INFO]: RoadRunner(7) created at cell (9, 5)
[15:14:04.148 INFO]: RoadRunner(8) created at cell (2, 0)
[15:14:04.150 INFO]: RoadRunner(9) created at cell (7, 7)
[15:14:04.152 INFO]: RoadRunner(10) created at cell (0, 4)
[15:14:04.154 INFO]: Coyote(11) created at cell (7, 0)
[15:14:04.156 INFO]: Coyote(12) created at cell (0, 3)
[15:14:04.157 INFO]: Coyote(13) created at cell (8, 2)
[15:14:04.158 INFO]: Coyote(14) created at cell (1, 8)
[15:14:04.160 INFO]: Coyote(15) created at cell (1, 3)
[15:14:04.161 INFO]: Coyote(16) created at cell (3, 3)
[15:14:04.162 INFO]: Coyote(17) created at cell (3, 2)
[15:14:04.164 INFO]: Coyote(18) created at cell (5, 2)
[15:14:04.166 INFO]: Coyote(19) created at cell (3, 5)
[15:14:04.167 INFO]: Coyote(20) created at cell (7, 4)
[15:14:04.995 INFO]: 
[15:14:04.996 INFO]: 
[15:14:04.997 INFO]: ########## Age 0 ##########
[15:14:04.998 INFO]: 
[15:14:04.998 INFO]: 
[15:14:05.008 INFO]: Coyote(14) is moving NE from (1, 8) to (0,9)
[15:14:05.009 WARN]: Coyote(14) just ate RoadRunner(3) at cell (0,9)
[15:14:05.011 INFO]: RoadRunner(8) is moving NE from (2, 0) to (1,1)
[15:14:05.012 INFO]: Coyote(11) is moving NE from (7, 0) to (6,1)
[15:14:05.013 INFO]: Coyote(19) is moving N from (3, 5) to (2,5)
[15:14:05.014 INFO]: RoadRunner(2) is moving N from (3, 9) to (2,9)
[15:14:05.015 INFO]: Coyote(12) is moving E from (0, 3) to (0,4)
[15:14:05.016 WARN]: Coyote(12) just ate RoadRunner(10) at cell (0,4)
[15:14:05.017 INFO]: Coyote(15) is moving NW from (1, 3) to (0,2)
[15:14:05.019 INFO]: RoadRunner is attempting to run away from 2 Coyotes!
[15:14:05.038 INFO]: RoadRunner(6) is moving NW from (7, 3) to (6,2)
[15:14:05.039 INFO]: RoadRunner is attempting to run away from 2 Coyotes!
[15:14:05.040 INFO]: RoadRunner(0) is moving NE from (7, 2) to (6,3)
[15:14:05.041 INFO]: Coyote(13) is moving N from (8, 2) to (7,2)
[15:14:05.043 INFO]: Coyote(20) is moving NW from (7, 4) to (6,3)
[15:14:05.044 WARN]: Coyote(20) just ate RoadRunner(0) at cell (6,3)
[15:14:05.045 INFO]: Coyote(17) is moving SW from (3, 2) to (4,1)
[15:14:05.046 INFO]: RoadRunner(7) is moving NW from (9, 5) to (8,4)
[15:14:05.047 INFO]: Coyote(18) is moving S from (5, 2) to (6,2)
[15:14:05.048 WARN]: Coyote(18) just ate RoadRunner(6) at cell (6,2)
[15:14:05.049 INFO]: RoadRunner(9) is moving N from (7, 7) to (6,7)
[15:14:05.051 INFO]: RoadRunner(4) is moving S from (4, 9) to (5,9)
[15:14:05.052 INFO]: RoadRunner(1) is moving S from (0, 0) to (1,0)
[15:14:05.054 INFO]: Coyote(16) is moving SW from (3, 3) to (4,2)
[15:14:05.056 INFO]: RoadRunner(5) is moving S from (7, 8) to (8,8)
[15:14:05.071 INFO]: 
[15:14:05.072 INFO]: Coyotes Left: 10
[15:14:05.073 INFO]: RoadRunners Left: 0
[15:14:05.373 INFO]: 
[15:14:05.374 INFO]: 
[15:14:05.374 INFO]: ########## Age 1 ##########
[15:14:05.374 INFO]: 
[15:14:05.375 INFO]: 
[15:14:05.376 INFO]: Coyote(11) is moving NW from (6, 1) to (5,0)
[15:14:05.378 INFO]: Coyote(15) is moving SW from (0, 2) to (1,1)
[15:14:05.379 WARN]: Coyote(15) just ate RoadRunner(8) at cell (1,1)
[15:14:05.381 INFO]: Coyote(20) is moving S from (6, 3) to (7,3)
[15:14:05.381 INFO]: RoadRunner is attempting to run away from 1 Coyotes!
[15:14:05.382 INFO]: RoadRunner(1) is moving N from (1, 0) to (0,0)
[15:14:05.383 INFO]: Coyote(18) is moving NW from (6, 2) to (5,1)
[15:14:05.384 INFO]: RoadRunner(9) is moving NW from (6, 7) to (5,6)
[15:14:05.385 INFO]: Coyote(13) is moving SW from (7, 2) to (8,1)
[15:14:05.386 INFO]: Coyote(19) is moving SW from (2, 5) to (3,4)
[15:14:05.387 INFO]: Coyote(16) is moving N from (4, 2) to (3,2)
[15:14:05.389 INFO]: Coyote(14) is moving S from (0, 9) to (1,9)
[15:14:05.390 INFO]: RoadRunner is attempting to run away from 1 Coyotes!
[15:14:05.391 INFO]: RoadRunner(2) is moving SW from (2, 9) to (3,8)
[15:14:05.392 INFO]: Coyote(17) is moving W from (4, 1) to (4,0)
[15:14:05.393 INFO]: Coyote(12) is moving W from (0, 4) to (0,3)
[15:14:05.394 INFO]: RoadRunner is attempting to run away from 1 Coyotes!
[15:14:05.395 INFO]: RoadRunner(7) is moving SE from (8, 4) to (9,5)
[15:14:05.397 INFO]: RoadRunner(4) is moving S from (5, 9) to (6,9)
[15:14:05.398 INFO]: RoadRunner(5) is moving S from (8, 8) to (9,8)
[15:14:05.399 INFO]: 
[15:14:05.399 INFO]: Coyotes Left: 10
[15:14:05.400 INFO]: RoadRunners Left: 0
[15:14:05.668 INFO]: 
[15:14:05.669 INFO]: 
[15:14:05.669 INFO]: ########## Age 2 ##########
[15:14:05.670 INFO]: 
[15:14:05.670 INFO]: 
[15:14:05.671 INFO]: Coyote(20) is moving E from (7, 3) to (7,4)
[15:14:05.672 INFO]: Coyote(18) is moving SE from (5, 1) to (6,2)
[15:14:05.673 INFO]: Coyote(15) is moving NW from (1, 1) to (0,0)
[15:14:05.673 WARN]: Coyote(15) just ate RoadRunner(1) at cell (0,0)
[15:14:05.674 INFO]: Coyote(17) is moving N from (4, 0) to (3,0)
[15:14:05.675 INFO]: RoadRunner(7) is moving NE from (9, 5) to (8,6)
[15:14:05.676 INFO]: RoadRunner(9) is moving SW from (5, 6) to (6,5)
[15:14:05.677 INFO]: Coyote(11) is moving NE from (5, 0) to (4,1)
[15:14:05.677 INFO]: RoadRunner(4) is moving SW from (6, 9) to (7,8)
[15:14:05.678 INFO]: RoadRunner(5) is moving E from (9, 8) to (9,9)
[15:14:05.679 INFO]: Coyote(14) is moving SW from (1, 9) to (2,8)
[15:14:05.680 INFO]: Coyote(12) is moving W from (0, 3) to (0,2)
[15:14:05.680 INFO]: RoadRunner is attempting to run away from 1 Coyotes!
[15:14:05.681 INFO]: RoadRunner(2) is moving SE from (3, 8) to (4,9)
[15:14:05.682 INFO]: Coyote(13) is moving E from (8, 1) to (8,2)
[15:14:05.683 INFO]: Coyote(19) is moving N from (3, 4) to (2,4)
[15:14:05.684 INFO]: Coyote(16) is moving N from (3, 2) to (2,2)
[15:14:05.685 INFO]: RoadRunner just bred a new RoadRunner at cell (7,6)
[15:14:05.686 INFO]: RoadRunner just bred a new RoadRunner at cell (5,5)
[15:14:05.687 INFO]: RoadRunner just bred a new RoadRunner at cell (6,8)
[15:14:05.688 INFO]: RoadRunner just bred a new RoadRunner at cell (8,9)
[15:14:05.689 INFO]: RoadRunner just bred a new RoadRunner at cell (3,9)
[15:14:05.689 INFO]: 
[15:14:05.690 INFO]: Coyotes Left: 10
[15:14:05.690 INFO]: RoadRunners Left: 0
[15:14:05.991 INFO]: 
[15:14:05.992 INFO]: 
[15:14:05.992 INFO]: ########## Age 3 ##########
[15:14:05.993 INFO]: 
[15:14:05.993 INFO]: 
[15:14:05.994 INFO]: RoadRunner is attempting to run away from 1 Coyotes!
[15:14:05.995 INFO]: RoadRunner(9) is moving NE from (6, 5) to (5,6)
[15:14:06.004 INFO]: RoadRunner is attempting to run away from 1 Coyotes!
[15:14:06.006 INFO]: RoadRunner(25) is moving SW from (3, 9) to (4,8)
[15:14:06.007 INFO]: Coyote(11) is moving N from (4, 1) to (3,1)
[15:14:06.007 INFO]: RoadRunner(7) is moving W from (8, 6) to (8,5)
[15:14:06.008 INFO]: Coyote(17) is moving SE from (3, 0) to (4,1)
[15:14:06.009 INFO]: Coyote(15) is moving SE from (0, 0) to (1,1)
[15:14:06.011 INFO]: Coyote(19) is moving NE from (2, 4) to (1,5)
[15:14:06.012 INFO]: RoadRunner(4) is moving NE from (7, 8) to (6,9)
[15:14:06.013 INFO]: RoadRunner(23) is moving N from (6, 8) to (5,8)
[15:14:06.014 INFO]: Coyote(18) is moving NE from (6, 2) to (5,3)
[15:14:06.015 INFO]: RoadRunner(5) is moving NW from (9, 9) to (8,8)
[15:14:06.016 INFO]: Coyote(14) is moving NE from (2, 8) to (1,9)
[15:14:06.017 INFO]: RoadRunner(22) is moving SE from (5, 5) to (6,6)
[15:14:06.018 INFO]: Coyote(16) is moving W from (2, 2) to (2,1)
[15:14:06.019 INFO]: Coyote(13) is moving SE from (8, 2) to (9,3)
[15:14:06.021 INFO]: RoadRunner(21) is moving W from (7, 6) to (7,5)
[15:14:06.022 INFO]: Coyote(20) is moving SE from (7, 4) to (8,5)
[15:14:06.023 WARN]: Coyote(20) just ate RoadRunner(7) at cell (8,5)
[15:14:06.023 INFO]: RoadRunner(2) is moving S from (4, 9) to (5,9)
[15:14:06.024 INFO]: RoadRunner(24) is moving N from (8, 9) to (7,9)
[15:14:06.026 INFO]: Coyote(12) is moving W from (0, 2) to (0,1)
[15:14:06.026 INFO]: 
[15:14:06.027 INFO]: Coyotes Left: 10
[15:14:06.027 INFO]: RoadRunners Left: 0
[15:14:06.253 INFO]: 
[15:14:06.254 INFO]: 
[15:14:06.254 INFO]: ########## Age 4 ##########
[15:14:06.255 INFO]: 
[15:14:06.255 INFO]: 
[15:14:06.256 WARN]: Coyote(16) died to starvation!
[15:14:06.256 WARN]: Coyote(18) died to starvation!
[15:14:06.257 INFO]: RoadRunner(2) is moving N from (5, 9) to (4,9)
[15:14:06.257 INFO]: RoadRunner is attempting to run away from 1 Coyotes!
[15:14:06.258 INFO]: RoadRunner(21) is moving NW from (7, 5) to (6,4)
[15:14:06.258 WARN]: Coyote(19) died to starvation!
[15:14:06.259 INFO]: RoadRunner(22) is moving W from (6, 6) to (6,5)
[15:14:06.259 WARN]: Coyote(13) died to starvation!
[15:14:06.260 INFO]: Coyote(20) is moving S from (8, 5) to (9,5)
[15:14:06.261 INFO]: RoadRunner(4) is moving N from (6, 9) to (5,9)
[15:14:06.261 WARN]: Coyote(11) died to starvation!
[15:14:06.262 WARN]: Coyote(17) died to starvation!
[15:14:06.262 INFO]: RoadRunner(5) is moving W from (8, 8) to (8,7)
[15:14:06.263 WARN]: Coyote(12) died to starvation!
[15:14:06.263 INFO]: RoadRunner(25) is moving SW from (4, 8) to (5,7)
[15:14:06.264 INFO]: RoadRunner(24) is moving NW from (7, 9) to (6,8)
[15:14:06.265 INFO]: RoadRunner(9) is moving W from (5, 6) to (5,5)
[15:14:06.265 WARN]: Coyote(14) died to starvation!
[15:14:06.266 INFO]: RoadRunner(23) is moving SW from (5, 8) to (6,7)
[15:14:06.266 INFO]: Coyote(15) is moving SW from (1, 1) to (2,0)
[15:14:06.267 INFO]: 
[15:14:06.267 INFO]: Coyotes Left: 2
[15:14:06.267 INFO]: RoadRunners Left: 0
[15:14:06.590 INFO]: 
[15:14:06.590 INFO]: 
[15:14:06.590 INFO]: ########## Age 5 ##########
[15:14:06.591 INFO]: 
[15:14:06.591 INFO]: 
[15:14:06.592 INFO]: Coyote(20) is moving NW from (9, 5) to (8,4)
[15:14:06.593 INFO]: RoadRunner(22) is moving E from (6, 5) to (6,6)
[15:14:06.593 INFO]: RoadRunner(23) is moving SW from (6, 7) to (7,6)
[15:14:06.594 INFO]: RoadRunner(21) is moving W from (6, 4) to (6,3)
[15:14:06.595 INFO]: RoadRunner(9) is moving E from (5, 5) to (5,6)
[15:14:06.596 INFO]: Coyote(15) is moving SE from (2, 0) to (3,1)
[15:14:06.597 INFO]: RoadRunner(5) is moving S from (8, 7) to (9,7)
[15:14:06.598 INFO]: RoadRunner(2) is moving N from (4, 9) to (3,9)
[15:14:06.599 INFO]: RoadRunner(25) is moving S from (5, 7) to (6,7)
[15:14:06.600 INFO]: RoadRunner(4) is moving NW from (5, 9) to (4,8)
[15:14:06.601 INFO]: RoadRunner(24) is moving N from (6, 8) to (5,8)
[15:14:06.602 INFO]: RoadRunner just bred a new RoadRunner at cell (5,7)
[15:14:06.603 INFO]: RoadRunner just bred a new RoadRunner at cell (6,5)
[15:14:06.604 INFO]: RoadRunner just bred a new RoadRunner at cell (5,3)
[15:14:06.604 INFO]: RoadRunner just bred a new RoadRunner at cell (4,6)
[15:14:06.605 INFO]: RoadRunner just bred a new RoadRunner at cell (8,7)
[15:14:06.605 INFO]: RoadRunner just bred a new RoadRunner at cell (2,9)
[15:14:06.606 INFO]: RoadRunner just bred a new RoadRunner at cell (7,7)
[15:14:06.606 INFO]: RoadRunner just bred a new RoadRunner at cell (3,8)
[15:14:06.607 INFO]: RoadRunner just bred a new RoadRunner at cell (4,9)
[15:14:06.608 INFO]: 
[15:14:06.608 INFO]: Coyotes Left: 2
[15:14:06.608 INFO]: RoadRunners Left: 0
[15:14:07.031 INFO]: 
[15:14:07.032 INFO]: 
[15:14:07.032 INFO]: ########## Age 6 ##########
[15:14:07.032 INFO]: 
[15:14:07.033 INFO]: 
[15:14:07.034 INFO]: RoadRunner(21) is moving W from (6, 3) to (6,2)
[15:14:07.035 INFO]: RoadRunner(31) is moving NW from (2, 9) to (1,8)
[15:14:07.035 INFO]: RoadRunner(5) is moving W from (9, 7) to (9,6)
[15:14:07.036 INFO]: RoadRunner(22) is moving NW from (6, 6) to (5,5)
[15:14:07.037 INFO]: RoadRunner(28) is moving W from (5, 3) to (5,2)
[15:14:07.038 INFO]: RoadRunner(26) is moving N from (5, 7) to (4,7)
[15:14:07.039 INFO]: RoadRunner(33) is moving NE from (3, 8) to (2,9)
[15:14:07.039 INFO]: RoadRunner(23) is moving W from (7, 6) to (7,5)
[15:14:07.040 INFO]: RoadRunner(9) is moving E from (5, 6) to (5,7)
[15:14:07.040 WARN]: Coyote(15) died to starvation!
[15:14:07.041 INFO]: RoadRunner(2) is moving NW from (3, 9) to (2,8)
[15:14:07.042 INFO]: RoadRunner(30) is moving W from (8, 7) to (8,6)
[15:14:07.042 INFO]: RoadRunner(34) is moving S from (4, 9) to (5,9)
[15:14:07.043 INFO]: Coyote(20) is moving NE from (8, 4) to (7,5)
[15:14:07.044 WARN]: Coyote(20) just ate RoadRunner(23) at cell (7,5)
[15:14:07.044 INFO]: RoadRunner(4) is moving NW from (4, 8) to (3,7)
[15:14:07.044 INFO]: RoadRunner is attempting to run away from 1 Coyotes!
[15:14:07.045 INFO]: RoadRunner(27) is moving NE from (6, 5) to (5,6)
[15:14:07.046 INFO]: RoadRunner(25) is moving W from (6, 7) to (6,6)
[15:14:07.047 INFO]: RoadRunner(24) is moving SW from (5, 8) to (6,7)
[15:14:07.047 INFO]: RoadRunner(29) is moving NW from (4, 6) to (3,5)
[15:14:07.048 INFO]: RoadRunner(32) is moving S from (7, 7) to (8,7)
[15:14:07.048 INFO]: 
[15:14:07.049 INFO]: Coyotes Left: 1
[15:14:07.049 INFO]: RoadRunners Left: 0
[15:14:07.528 INFO]: 
[15:14:07.529 INFO]: 
[15:14:07.530 INFO]: ########## Age 7 ##########
[15:14:07.530 INFO]: 
[15:14:07.531 INFO]: 
[15:14:07.532 INFO]: RoadRunner(5) is moving E from (9, 6) to (9,7)
[15:14:07.533 INFO]: RoadRunner(2) is moving W from (2, 8) to (2,7)
[15:14:07.533 INFO]: RoadRunner(33) is moving N from (2, 9) to (1,9)
[15:14:07.534 INFO]: RoadRunner(27) is moving SW from (5, 6) to (6,5)
[15:14:07.534 INFO]: RoadRunner(26) is moving SE from (4, 7) to (5,8)
[15:14:07.535 INFO]: RoadRunner(32) is moving NW from (8, 7) to (7,6)
[15:14:07.536 INFO]: Coyote(20) is moving N from (7, 5) to (6,5)
[15:14:07.537 WARN]: Coyote(20) just ate RoadRunner(27) at cell (6,5)
[15:14:07.537 INFO]: RoadRunner(34) is moving N from (5, 9) to (4,9)
[15:14:07.538 INFO]: RoadRunner(21) is moving NW from (6, 2) to (5,1)
[15:14:07.539 INFO]: RoadRunner(4) is moving SE from (3, 7) to (4,8)
[15:14:07.539 INFO]: RoadRunner(30) is moving E from (8, 6) to (8,7)
[15:14:07.540 INFO]: RoadRunner(31) is moving SE from (1, 8) to (2,9)
[15:14:07.541 INFO]: RoadRunner(29) is moving E from (3, 5) to (3,6)
[15:14:07.542 INFO]: RoadRunner(28) is moving NW from (5, 2) to (4,1)
[15:14:07.543 INFO]: RoadRunner is attempting to run away from 1 Coyotes!
[15:14:07.544 INFO]: RoadRunner(22) is moving NE from (5, 5) to (4,6)
[15:14:07.544 INFO]: RoadRunner is attempting to run away from 1 Coyotes!
[15:14:07.545 INFO]: RoadRunner(25) is moving SE from (6, 6) to (7,7)
[15:14:07.546 INFO]: RoadRunner(9) is moving N from (5, 7) to (4,7)
[15:14:07.547 INFO]: RoadRunner(24) is moving SE from (6, 7) to (7,8)
[15:14:07.548 INFO]: Coyote just bred a new Coyote at cell (5,5)
[15:14:07.549 INFO]: 
[15:14:07.549 INFO]: Coyotes Left: 2
[15:14:07.549 INFO]: RoadRunners Left: 0
[15:14:07.873 INFO]: 
[15:14:07.873 INFO]: 
[15:14:07.873 INFO]: ########## Age 8 ##########
[15:14:07.874 INFO]: 
[15:14:07.874 INFO]: 
[15:14:07.874 INFO]: RoadRunner(33) is moving SW from (1, 9) to (2,8)
[15:14:07.875 INFO]: RoadRunner is attempting to run away from 1 Coyotes!
[15:14:07.875 INFO]: RoadRunner(22) is moving NE from (4, 6) to (3,7)
[15:14:07.876 INFO]: RoadRunner(30) is moving SW from (8, 7) to (9,6)
[15:14:07.876 INFO]: RoadRunner(34) is moving S from (4, 9) to (5,9)
[15:14:07.877 INFO]: RoadRunner(4) is moving N from (4, 8) to (3,8)
[15:14:07.877 INFO]: RoadRunner(5) is moving N from (9, 7) to (8,7)
[15:14:07.877 INFO]: RoadRunner is attempting to run away from 1 Coyotes!
[15:14:07.878 INFO]: RoadRunner(32) is moving S from (7, 6) to (8,6)
[15:14:07.878 INFO]: RoadRunner(21) is moving W from (5, 1) to (5,0)
[15:14:07.879 INFO]: RoadRunner(24) is moving NW from (7, 8) to (6,7)
[15:14:07.879 INFO]: RoadRunner(2) is moving NW from (2, 7) to (1,6)
[15:14:07.880 INFO]: Coyote(20) is moving SE from (6, 5) to (7,6)
[15:14:07.880 INFO]: RoadRunner(29) is moving SW from (3, 6) to (4,5)
[15:14:07.881 INFO]: RoadRunner is attempting to run away from 1 Coyotes!
[15:14:07.881 INFO]: RoadRunner(25) is moving NE from (7, 7) to (6,8)
[15:14:07.882 INFO]: Coyote(35) is moving N from (5, 5) to (4,5)
[15:14:07.882 WARN]: Coyote(35) just ate RoadRunner(29) at cell (4,5)
[15:14:07.882 INFO]: RoadRunner(26) is moving SE from (5, 8) to (6,9)
[15:14:07.883 INFO]: RoadRunner(28) is moving N from (4, 1) to (3,1)
[15:14:07.883 INFO]: RoadRunner(31) is moving N from (2, 9) to (1,9)
[15:14:07.883 INFO]: RoadRunner(9) is moving W from (4, 7) to (4,6)
[15:14:07.884 INFO]: RoadRunner just bred a new RoadRunner at cell (1,8)
[15:14:07.884 INFO]: RoadRunner just bred a new RoadRunner at cell (2,7)
[15:14:07.885 INFO]: RoadRunner just bred a new RoadRunner at cell (8,5)
[15:14:07.885 INFO]: RoadRunner just bred a new RoadRunner at cell (4,9)
[15:14:07.885 INFO]: RoadRunner just bred a new RoadRunner at cell (2,9)
[15:14:07.886 INFO]: RoadRunner just bred a new RoadRunner at cell (7,7)
[15:14:07.886 INFO]: RoadRunner just bred a new RoadRunner at cell (7,5)
[15:14:07.886 INFO]: RoadRunner just bred a new RoadRunner at cell (4,0)
[15:14:07.887 INFO]: RoadRunner just bred a new RoadRunner at cell (5,7)
[15:14:07.887 INFO]: RoadRunner just bred a new RoadRunner at cell (0,6)
[15:14:07.888 INFO]: RoadRunner just bred a new RoadRunner at cell (5,8)
[15:14:07.888 INFO]: RoadRunner just bred a new RoadRunner at cell (7,9)
[15:14:07.889 INFO]: RoadRunner just bred a new RoadRunner at cell (2,1)
[15:14:07.889 INFO]: RoadRunner just bred a new RoadRunner at cell (0,9)
[15:14:07.890 INFO]: RoadRunner just bred a new RoadRunner at cell (3,6)
[15:14:07.890 INFO]: 
[15:14:07.890 INFO]: Coyotes Left: 2
[15:14:07.890 INFO]: RoadRunners Left: 0
[15:14:08.257 INFO]: 
[15:14:08.257 INFO]: 
[15:14:08.258 INFO]: ########## Age 9 ##########
[15:14:08.258 INFO]: 
[15:14:08.258 INFO]: 
[15:14:08.259 INFO]: RoadRunner(44) is moving NE from (5, 7) to (4,8)
[15:14:08.259 INFO]: RoadRunner(37) is moving N from (2, 7) to (1,7)
[15:14:08.260 INFO]: RoadRunner(36) is moving SW from (1, 8) to (2,7)
[15:14:08.261 INFO]: RoadRunner(47) is moving W from (7, 9) to (7,8)
[15:14:08.261 INFO]: RoadRunner(2) is moving W from (1, 6) to (1,5)
[15:14:08.261 INFO]: RoadRunner(43) is moving N from (4, 0) to (3,0)
[15:14:08.262 INFO]: RoadRunner(48) is moving SE from (2, 1) to (3,2)
[15:14:08.262 INFO]: RoadRunner(30) is moving W from (9, 6) to (9,5)
[15:14:08.263 INFO]: RoadRunner(26) is moving S from (6, 9) to (7,9)
[15:14:08.263 INFO]: RoadRunner(31) is moving W from (1, 9) to (1,8)
[15:14:08.264 INFO]: RoadRunner is attempting to run away from 1 Coyotes!
[15:14:08.265 INFO]: RoadRunner(38) is moving SW from (8, 5) to (9,4)
[15:14:08.266 INFO]: RoadRunner(49) is moving W from (0, 9) to (0,8)
[15:14:08.266 INFO]: RoadRunner(46) is moving NW from (5, 8) to (4,7)
[15:14:08.267 INFO]: RoadRunner is attempting to run away from 1 Coyotes!
[15:14:08.267 INFO]: RoadRunner(50) is moving N from (3, 6) to (2,6)
[15:14:08.267 INFO]: RoadRunner(33) is moving SE from (2, 8) to (3,9)
[15:14:08.268 INFO]: RoadRunner(25) is moving NW from (6, 8) to (5,7)
[15:14:08.268 INFO]: RoadRunner is attempting to run away from 1 Coyotes!
[15:14:08.269 INFO]: RoadRunner(24) is moving NE from (6, 7) to (5,8)
[15:14:08.269 INFO]: RoadRunner(22) is moving NE from (3, 7) to (2,8)
[15:14:08.269 INFO]: RoadRunner(28) is moving SW from (3, 1) to (4,0)
[15:14:08.270 INFO]: Coyote(20) is moving S from (7, 6) to (8,6)
[15:14:08.270 WARN]: Coyote(20) just ate RoadRunner(32) at cell (8,6)
[15:14:08.271 INFO]: RoadRunner(34) is moving S from (5, 9) to (6,9)
[15:14:08.271 INFO]: RoadRunner(4) is moving W from (3, 8) to (3,7)
[15:14:08.272 INFO]: RoadRunner(45) is moving W from (0, 6) to (0,5)
[15:14:08.272 INFO]: RoadRunner is attempting to run away from 1 Coyotes!
[15:14:08.273 INFO]: RoadRunner(41) is moving NE from (7, 7) to (6,8)
[15:14:08.273 INFO]: RoadRunner(40) is moving N from (2, 9) to (1,9)
[15:14:08.273 INFO]: RoadRunner(21) is moving E from (5, 0) to (5,1)
[15:14:08.273 INFO]: RoadRunner is attempting to run away from 1 Coyotes!
[15:14:08.274 INFO]: RoadRunner(5) is moving SE from (8, 7) to (9,8)
[15:14:08.274 INFO]: Coyote(35) is moving E from (4, 5) to (4,6)
[15:14:08.275 WARN]: Coyote(35) just ate RoadRunner(9) at cell (4,6)
[15:14:08.275 INFO]: RoadRunner is attempting to run away from 1 Coyotes!
[15:14:08.275 INFO]: RoadRunner(42) is moving NW from (7, 5) to (6,4)
[15:14:08.276 INFO]: 
[15:14:08.276 INFO]: Coyotes Left: 2
[15:14:08.276 INFO]: RoadRunners Left: 0
[15:14:10.808 INFO]: 
[15:14:10.808 INFO]: 
[15:14:10.809 INFO]: ########## Age 10 ##########
[15:14:10.809 INFO]: 
[15:14:10.809 INFO]: 
[15:14:10.810 INFO]: RoadRunner(5) is moving NE from (9, 8) to (8,9)
[15:14:10.810 INFO]: RoadRunner(42) is moving NW from (6, 4) to (5,3)
[15:14:10.811 INFO]: RoadRunner(49) is moving W from (0, 8) to (0,7)
[15:14:10.811 INFO]: RoadRunner(2) is moving S from (1, 5) to (2,5)
[15:14:10.812 INFO]: RoadRunner(21) is moving W from (5, 1) to (5,0)
[15:14:10.813 INFO]: RoadRunner(48) is moving NW from (3, 2) to (2,1)
[15:14:10.813 INFO]: RoadRunner is attempting to run away from 1 Coyotes!
[15:14:10.814 INFO]: RoadRunner(46) is moving NE from (4, 7) to (3,8)
[15:14:10.815 INFO]: RoadRunner(26) is moving SW from (7, 9) to (8,8)
[15:14:10.815 INFO]: RoadRunner(24) is moving E from (5, 8) to (5,9)
[15:14:10.815 INFO]: RoadRunner(44) is moving S from (4, 8) to (5,8)
[15:14:10.816 INFO]: RoadRunner(28) is moving NE from (4, 0) to (3,1)
[15:14:10.816 INFO]: RoadRunner(22) is moving E from (2, 8) to (2,9)
[15:14:10.817 INFO]: RoadRunner(39) is moving W from (4, 9) to (4,8)
[15:14:10.824 INFO]: RoadRunner is attempting to run away from 1 Coyotes!
[15:14:10.825 INFO]: RoadRunner(4) is moving NE from (3, 7) to (2,8)
[15:14:10.826 INFO]: RoadRunner(31) is moving NE from (1, 8) to (0,9)
[15:14:10.826 INFO]: RoadRunner(36) is moving SW from (2, 7) to (3,6)
[15:14:10.827 INFO]: Coyote(20) is moving SW from (8, 6) to (9,5)
[15:14:10.827 WARN]: Coyote(20) just ate RoadRunner(30) at cell (9,5)
[15:14:10.829 INFO]: RoadRunner(41) is moving SW from (6, 8) to (7,7)
[15:14:10.830 INFO]: RoadRunner(37) is moving NW from (1, 7) to (0,6)
[15:14:10.830 INFO]: Coyote(35) is moving N from (4, 6) to (3,6)
[15:14:10.831 WARN]: Coyote(35) just ate RoadRunner(36) at cell (3,6)
[15:14:10.831 INFO]: RoadRunner(25) is moving SE from (5, 7) to (6,8)
[15:14:10.832 INFO]: RoadRunner(43) is moving N from (3, 0) to (2,0)
[15:14:10.832 INFO]: RoadRunner(45) is moving W from (0, 5) to (0,4)
[15:14:10.833 INFO]: RoadRunner is attempting to run away from 1 Coyotes!
[15:14:10.833 INFO]: RoadRunner(38) is moving NW from (9, 4) to (8,3)
[15:14:10.834 INFO]: RoadRunner(33) is moving S from (3, 9) to (4,9)
[15:14:10.837 INFO]: RoadRunner(34) is moving S from (6, 9) to (7,9)
[15:14:10.838 INFO]: RoadRunner(47) is moving NE from (7, 8) to (6,9)
[15:14:10.838 INFO]: RoadRunner is attempting to run away from 1 Coyotes!
[15:14:10.839 INFO]: RoadRunner(50) is moving NE from (2, 6) to (1,7)
[15:14:10.839 INFO]: RoadRunner(40) is moving NW from (1, 9) to (0,8)
[15:14:10.840 INFO]: 
[15:14:10.840 INFO]: Coyotes Left: 2
[15:14:10.841 INFO]: RoadRunners Left: 0
[15:14:11.518 INFO]: 
[15:14:11.519 INFO]: 
[15:14:11.519 INFO]: ########## Age 11 ##########
[15:14:11.520 INFO]: 
[15:14:11.520 INFO]: 
[15:14:11.520 INFO]: RoadRunner(22) is moving S from (2, 9) to (3,9)
[15:14:11.521 INFO]: RoadRunner(41) is moving S from (7, 7) to (8,7)
[15:14:11.521 INFO]: RoadRunner(47) is moving SW from (6, 9) to (7,8)
[15:14:11.522 INFO]: RoadRunner(4) is moving E from (2, 8) to (2,9)
[15:14:11.522 INFO]: RoadRunner(26) is moving SW from (8, 8) to (9,7)
[15:14:11.523 INFO]: RoadRunner(45) is moving SW from (0, 4) to (1,3)
[15:14:11.523 INFO]: RoadRunner(5) is moving S from (8, 9) to (9,9)
[15:14:11.523 INFO]: RoadRunner(46) is moving SW from (3, 8) to (4,7)
[15:14:11.524 INFO]: Coyote(35) is moving NW from (3, 6) to (2,5)
[15:14:11.524 WARN]: Coyote(35) just ate RoadRunner(2) at cell (2,5)
[15:14:11.524 INFO]: RoadRunner(37) is moving W from (0, 6) to (0,5)
[15:14:11.525 INFO]: RoadRunner(48) is moving SW from (2, 1) to (3,0)
[15:14:11.525 INFO]: RoadRunner(43) is moving E from (2, 0) to (2,1)
[15:14:11.526 INFO]: RoadRunner(44) is moving W from (5, 8) to (5,7)
[15:14:11.526 INFO]: RoadRunner(25) is moving W from (6, 8) to (6,7)
[15:14:11.526 INFO]: RoadRunner(50) is moving E from (1, 7) to (1,8)
[15:14:11.527 INFO]: RoadRunner(40) is moving SW from (0, 8) to (1,7)
[15:14:11.527 INFO]: RoadRunner(39) is moving N from (4, 8) to (3,8)
[15:14:11.528 INFO]: RoadRunner(28) is moving S from (3, 1) to (4,1)
[15:14:11.528 INFO]: RoadRunner(34) is moving NW from (7, 9) to (6,8)
[15:14:11.529 INFO]: RoadRunner(21) is moving N from (5, 0) to (4,0)
[15:14:11.529 INFO]: RoadRunner(42) is moving SE from (5, 3) to (6,4)
[15:14:11.529 INFO]: RoadRunner(31) is moving W from (0, 9) to (0,8)
[15:14:11.530 INFO]: RoadRunner(24) is moving W from (5, 9) to (5,8)
[15:14:11.530 INFO]: RoadRunner(38) is moving NW from (8, 3) to (7,2)
[15:14:11.530 INFO]: Coyote(20) is moving NE from (9, 5) to (8,6)
[15:14:11.531 INFO]: RoadRunner(49) is moving W from (0, 7) to (0,6)
[15:14:11.531 INFO]: RoadRunner just bred a new RoadRunner at cell (2,8)
[15:14:11.532 INFO]: RoadRunner just bred a new RoadRunner at cell (7,7)
[15:14:11.532 INFO]: RoadRunner just bred a new RoadRunner at cell (6,9)
[15:14:11.532 INFO]: RoadRunner just bred a new RoadRunner at cell (1,9)
[15:14:11.533 INFO]: RoadRunner just bred a new RoadRunner at cell (8,8)
[15:14:11.534 INFO]: RoadRunner just bred a new RoadRunner at cell (5,9)
[15:14:11.536 INFO]: RoadRunner just bred a new RoadRunner at cell (0,3)
[15:14:11.539 INFO]: RoadRunner just bred a new RoadRunner at cell (8,9)
[15:14:11.543 INFO]: RoadRunner just bred a new RoadRunner at cell (3,7)
[15:14:11.543 INFO]: RoadRunner just bred a new RoadRunner at cell (1,5)
[15:14:11.544 INFO]: RoadRunner just bred a new RoadRunner at cell (2,0)
[15:14:11.544 INFO]: RoadRunner just bred a new RoadRunner at cell (1,1)
[15:14:11.544 INFO]: RoadRunner just bred a new RoadRunner at cell (4,8)
[15:14:11.545 INFO]: RoadRunner just bred a new RoadRunner at cell (5,6)
[15:14:11.545 INFO]: RoadRunner just bred a new RoadRunner at cell (0,9)
[15:14:11.545 INFO]: RoadRunner just bred a new RoadRunner at cell (0,7)
[15:14:11.546 INFO]: RoadRunner just bred a new RoadRunner at cell (2,7)
[15:14:11.546 INFO]: RoadRunner just bred a new RoadRunner at cell (3,1)
[15:14:11.547 INFO]: RoadRunner just bred a new RoadRunner at cell (7,9)
[15:14:11.548 INFO]: RoadRunner just bred a new RoadRunner at cell (5,0)
[15:14:11.548 INFO]: RoadRunner just bred a new RoadRunner at cell (5,4)
[15:14:11.548 INFO]: RoadRunner just bred a new RoadRunner at cell (6,2)
[15:14:11.549 INFO]: RoadRunner just bred a new RoadRunner at cell (1,6)
[15:14:11.549 INFO]: 
[15:14:11.549 INFO]: Coyotes Left: 2
[15:14:11.549 INFO]: RoadRunners Left: 0
[15:14:11.930 INFO]: 
[15:14:11.931 INFO]: 
[15:14:11.931 INFO]: ########## Age 12 ##########
[15:14:11.931 INFO]: 
[15:14:11.931 INFO]: 
[15:14:11.933 INFO]: RoadRunner(25) is moving SW from (6, 7) to (7,6)
[15:14:11.934 INFO]: RoadRunner(57) is moving W from (0, 3) to (0,2)
[15:14:11.935 INFO]: RoadRunner(21) is moving SE from (4, 0) to (5,1)
[15:14:11.935 INFO]: RoadRunner(47) is moving NW from (7, 8) to (6,7)
[15:14:11.936 INFO]: Coyote(35) is moving N from (2, 5) to (1,5)
[15:14:11.936 WARN]: Coyote(35) just ate RoadRunner(60) at cell (1,5)
[15:14:11.936 INFO]: RoadRunner(55) is moving S from (8, 8) to (9,8)
[15:14:11.937 INFO]: RoadRunner(42) is moving SE from (6, 4) to (7,5)
[15:14:11.938 INFO]: RoadRunner(34) is moving S from (6, 8) to (7,8)
[15:14:11.938 INFO]: RoadRunner(44) is moving NW from (5, 7) to (4,6)
[15:14:11.939 INFO]: RoadRunner(64) is moving W from (5, 6) to (5,5)
[15:14:11.939 INFO]: RoadRunner(62) is moving NW from (1, 1) to (0,0)
[15:14:11.939 INFO]: RoadRunner(28) is moving W from (4, 1) to (4,0)
[15:14:11.940 INFO]: RoadRunner(53) is moving W from (6, 9) to (6,8)
[15:14:11.940 INFO]: RoadRunner(59) is moving W from (3, 7) to (3,6)
[15:14:11.941 INFO]: RoadRunner(68) is moving E from (3, 1) to (3,2)
[15:14:11.941 INFO]: RoadRunner(67) is moving S from (2, 7) to (3,7)
[15:14:11.942 INFO]: RoadRunner(63) is moving SW from (4, 8) to (5,7)
[15:14:11.943 INFO]: RoadRunner(33) is moving W from (4, 9) to (4,8)
[15:14:11.943 INFO]: RoadRunner(38) is moving W from (7, 2) to (7,1)
[15:14:11.943 INFO]: RoadRunner is attempting to run away from 1 Coyotes!
[15:14:11.944 INFO]: RoadRunner(37) is moving W from (0, 5) to (0,4)
[15:14:11.944 INFO]: RoadRunner(71) is moving SE from (5, 4) to (6,5)
[15:14:11.945 INFO]: RoadRunner(61) is moving SE from (2, 0) to (3,1)
[15:14:11.945 INFO]: RoadRunner(5) is moving NW from (9, 9) to (8,8)
[15:14:11.945 INFO]: Coyote(20) is moving N from (8, 6) to (7,6)
[15:14:11.946 WARN]: Coyote(20) just ate RoadRunner(25) at cell (7,6)
[15:14:11.946 INFO]: RoadRunner is attempting to run away from 1 Coyotes!
[15:14:11.946 INFO]: RoadRunner(41) is moving SW from (8, 7) to (9,6)
[15:14:11.947 INFO]: RoadRunner(26) is moving NW from (9, 7) to (8,6)
[15:14:11.947 INFO]: RoadRunner(48) is moving N from (3, 0) to (2,0)
[15:14:11.948 INFO]: RoadRunner(43) is moving N from (2, 1) to (1,1)
[15:14:11.948 INFO]: RoadRunner(72) is moving W from (6, 2) to (6,1)
[15:14:11.949 INFO]: RoadRunner(70) is moving S from (5, 0) to (6,0)
[15:14:11.950 INFO]: RoadRunner is attempting to run away from 1 Coyotes!
[15:14:11.951 INFO]: RoadRunner(73) is moving SE from (1, 6) to (2,7)
[15:14:11.952 INFO]: RoadRunner(58) is moving S from (8, 9) to (9,9)
[15:14:11.952 INFO]: RoadRunner(45) is moving SE from (1, 3) to (2,4)
[15:14:11.954 INFO]: RoadRunner is attempting to run away from 1 Coyotes!
[15:14:11.955 INFO]: RoadRunner(52) is moving S from (7, 7) to (8,7)
[15:14:11.955 INFO]: RoadRunner(40) is moving W from (1, 7) to (1,6)
[15:14:11.956 INFO]: RoadRunner(24) is moving SE from (5, 8) to (6,9)
[15:14:11.956 INFO]: RoadRunner(46) is moving SW from (4, 7) to (5,6)
[15:14:11.957 INFO]: 
[15:14:11.957 INFO]: Coyotes Left: 2
[15:14:11.958 INFO]: RoadRunners Left: 0
[15:14:12.712 INFO]: 
[15:14:12.713 INFO]: 
[15:14:12.713 INFO]: ########## Age 13 ##########
[15:14:12.713 INFO]: 
[15:14:12.713 INFO]: 
[15:14:12.714 INFO]: Coyote(20) is moving NE from (7, 6) to (6,7)
[15:14:12.715 WARN]: Coyote(20) just ate RoadRunner(47) at cell (6,7)
[15:14:12.715 INFO]: Coyote(35) is moving NE from (1, 5) to (0,6)
[15:14:12.716 WARN]: Coyote(35) just ate RoadRunner(49) at cell (0,6)
[15:14:12.716 INFO]: RoadRunner(45) is moving W from (2, 4) to (2,3)
[15:14:12.716 INFO]: RoadRunner(61) is moving S from (3, 1) to (4,1)
[15:14:12.717 INFO]: RoadRunner(70) is moving S from (6, 0) to (7,0)
[15:14:12.717 INFO]: RoadRunner(59) is moving N from (3, 6) to (2,6)
[15:14:12.718 INFO]: RoadRunner(31) is moving SW from (0, 8) to (1,7)
[15:14:12.718 INFO]: RoadRunner(67) is moving W from (3, 7) to (3,6)
[15:14:12.718 INFO]: RoadRunner(68) is moving N from (3, 2) to (2,2)
[15:14:12.719 INFO]: RoadRunner(65) is moving W from (0, 9) to (0,8)
[15:14:12.719 INFO]: RoadRunner(52) is moving S from (8, 7) to (9,7)
[15:14:12.719 INFO]: RoadRunner(28) is moving S from (4, 0) to (5,0)
[15:14:12.720 INFO]: RoadRunner is attempting to run away from 1 Coyotes!
[15:14:12.720 INFO]: RoadRunner(46) is moving NW from (5, 6) to (4,5)
[15:14:12.721 INFO]: RoadRunner is attempting to run away from 1 Coyotes!
[15:14:12.721 INFO]: RoadRunner(63) is moving N from (5, 7) to (4,7)
[15:14:12.722 INFO]: RoadRunner(73) is moving S from (2, 7) to (3,7)
[15:14:12.722 INFO]: RoadRunner(69) is moving S from (7, 9) to (8,9)
[15:14:12.722 INFO]: RoadRunner(26) is moving N from (8, 6) to (7,6)
[15:14:12.723 INFO]: RoadRunner(22) is moving S from (3, 9) to (4,9)
[15:14:12.723 INFO]: RoadRunner(21) is moving SE from (5, 1) to (6,2)
[15:14:12.723 INFO]: RoadRunner is attempting to run away from 1 Coyotes!
[15:14:12.724 INFO]: RoadRunner(53) is moving SE from (6, 8) to (7,9)
[15:14:12.724 INFO]: RoadRunner(41) is moving NW from (9, 6) to (8,5)
[15:14:12.724 INFO]: RoadRunner(50) is moving NE from (1, 8) to (0,9)
[15:14:12.725 INFO]: RoadRunner(72) is moving NE from (6, 1) to (5,2)
[15:14:12.725 INFO]: RoadRunner(57) is moving W from (0, 2) to (0,1)
[15:14:12.725 INFO]: RoadRunner(51) is moving W from (2, 8) to (2,7)
[15:14:12.725 INFO]: RoadRunner(5) is moving NW from (8, 8) to (7,7)
[15:14:12.725 INFO]: RoadRunner(64) is moving SW from (5, 5) to (6,4)
[15:14:12.726 INFO]: RoadRunner(54) is moving W from (1, 9) to (1,8)
[15:14:12.726 INFO]: RoadRunner(24) is moving W from (6, 9) to (6,8)
[15:14:12.726 INFO]: RoadRunner(43) is moving S from (1, 1) to (2,1)
[15:14:12.726 INFO]: RoadRunner(38) is moving NW from (7, 1) to (6,0)
[15:14:12.727 INFO]: RoadRunner(55) is moving N from (9, 8) to (8,8)
[15:14:12.727 INFO]: RoadRunner(42) is moving SW from (7, 5) to (8,4)
[15:14:12.727 INFO]: RoadRunner(48) is moving NE from (2, 0) to (1,1)
[15:14:12.728 INFO]: RoadRunner(37) is moving SW from (0, 4) to (1,3)
[15:14:12.728 INFO]: RoadRunner is attempting to run away from 1 Coyotes!
[15:14:12.729 INFO]: RoadRunner(58) is moving W from (9, 9) to (9,8)
[15:14:12.729 INFO]: RoadRunner(33) is moving S from (4, 8) to (5,8)
[15:14:12.729 INFO]: RoadRunner(56) is moving S from (5, 9) to (6,9)
[15:14:12.729 INFO]: RoadRunner(39) is moving E from (3, 8) to (3,9)
[15:14:12.730 INFO]: RoadRunner is attempting to run away from 1 Coyotes!
[15:14:12.730 INFO]: RoadRunner(40) is moving SW from (1, 6) to (2,5)
[15:14:12.730 INFO]: RoadRunner(62) is moving S from (0, 0) to (1,0)
[15:14:12.731 INFO]: RoadRunner(4) is moving N from (2, 9) to (1,9)
[15:14:12.731 INFO]: RoadRunner is attempting to run away from 1 Coyotes!
[15:14:12.732 INFO]: RoadRunner(34) is moving SW from (7, 8) to (8,7)
[15:14:12.732 INFO]: RoadRunner(71) is moving S from (6, 5) to (7,5)
[15:14:12.732 INFO]: RoadRunner(44) is moving SW from (4, 6) to (5,5)
[15:14:12.733 INFO]: 
[15:14:12.733 INFO]: Coyotes Left: 2
[15:14:12.733 INFO]: RoadRunners Left: 0
[15:14:14.956 INFO]: 
[15:14:14.956 INFO]: 
[15:14:14.956 INFO]: ########## Age 14 ##########
[15:14:14.956 INFO]: 
[15:14:14.956 INFO]: 
[15:14:14.957 INFO]: RoadRunner(21) is moving SW from (6, 2) to (7,1)
[15:14:14.958 INFO]: RoadRunner(43) is moving NE from (2, 1) to (1,2)
[15:14:14.958 INFO]: RoadRunner(56) is moving N from (6, 9) to (5,9)
[15:14:14.958 INFO]: RoadRunner(54) is moving SE from (1, 8) to (2,9)
[15:14:14.958 INFO]: RoadRunner(62) is moving S from (1, 0) to (2,0)
[15:14:14.959 INFO]: RoadRunner(68) is moving W from (2, 2) to (2,1)
[15:14:14.959 INFO]: RoadRunner(45) is moving NE from (2, 3) to (1,4)
[15:14:14.959 INFO]: RoadRunner(37) is moving NW from (1, 3) to (0,2)
[15:14:14.959 INFO]: RoadRunner(58) is moving E from (9, 8) to (9,9)
[15:14:14.959 INFO]: RoadRunner(70) is moving SE from (7, 0) to (8,1)
[15:14:14.960 INFO]: RoadRunner(52) is moving W from (9, 7) to (9,6)
[15:14:14.960 INFO]: RoadRunner is attempting to run away from 1 Coyotes!
[15:14:14.960 INFO]: RoadRunner(33) is moving N from (5, 8) to (4,8)
[15:14:14.960 INFO]: RoadRunner(57) is moving SW from (0, 1) to (1,0)
[15:14:14.961 INFO]: RoadRunner(53) is moving N from (7, 9) to (6,9)
[15:14:14.961 INFO]: RoadRunner(61) is moving W from (4, 1) to (4,0)
[15:14:14.961 INFO]: RoadRunner(69) is moving NW from (8, 9) to (7,8)
[15:14:14.961 INFO]: RoadRunner is attempting to run away from 1 Coyotes!
[15:14:14.961 INFO]: RoadRunner(24) is moving SE from (6, 8) to (7,9)
[15:14:14.962 INFO]: RoadRunner(46) is moving N from (4, 5) to (3,5)
[15:14:14.962 INFO]: Coyote(35) is moving SE from (0, 6) to (1,7)
[15:14:14.962 WARN]: Coyote(35) just ate RoadRunner(31) at cell (1,7)
[15:14:14.962 INFO]: RoadRunner(38) is moving S from (6, 0) to (7,0)
[15:14:14.963 INFO]: RoadRunner(22) is moving NW from (4, 9) to (3,8)
[15:14:14.963 INFO]: RoadRunner(40) is moving SW from (2, 5) to (3,4)
[15:14:14.963 INFO]: RoadRunner(63) is moving W from (4, 7) to (4,6)
[15:14:14.963 INFO]: RoadRunner(64) is moving S from (6, 4) to (7,4)
[15:14:14.964 INFO]: RoadRunner is attempting to run away from 1 Coyotes!
[15:14:14.964 INFO]: RoadRunner(26) is moving S from (7, 6) to (8,6)
[15:14:14.964 INFO]: RoadRunner(34) is moving S from (8, 7) to (9,7)
[15:14:14.965 INFO]: Coyote(20) is moving S from (6, 7) to (7,7)
[15:14:14.965 WARN]: Coyote(20) just ate RoadRunner(5) at cell (7,7)
[15:14:14.965 INFO]: RoadRunner(72) is moving W from (5, 2) to (5,1)
[15:14:14.965 INFO]: RoadRunner(73) is moving S from (3, 7) to (4,7)
[15:14:14.965 INFO]: RoadRunner(50) is moving SW from (0, 9) to (1,8)
[15:14:14.965 INFO]: RoadRunner is attempting to run away from 1 Coyotes!
[15:14:14.966 INFO]: RoadRunner(66) is moving W from (0, 7) to (0,6)
[15:14:14.966 INFO]: RoadRunner is attempting to run away from 1 Coyotes!
[15:14:14.966 INFO]: RoadRunner(59) is moving W from (2, 6) to (2,5)
[15:14:14.966 INFO]: RoadRunner is attempting to run away from 1 Coyotes!
[15:14:14.967 INFO]: RoadRunner(51) is moving S from (2, 7) to (3,7)
[15:14:14.967 INFO]: RoadRunner(44) is moving E from (5, 5) to (5,6)
[15:14:14.967 INFO]: RoadRunner is attempting to run away from 1 Coyotes!
[15:14:14.967 INFO]: RoadRunner(55) is moving S from (8, 8) to (9,8)
[15:14:14.968 INFO]: RoadRunner(41) is moving SW from (8, 5) to (9,4)
[15:14:14.968 INFO]: RoadRunner(4) is moving N from (1, 9) to (0,9)
[15:14:14.968 INFO]: RoadRunner(39) is moving S from (3, 9) to (4,9)
[15:14:14.969 INFO]: RoadRunner(42) is moving SW from (8, 4) to (9,3)
[15:14:14.969 INFO]: RoadRunner(67) is moving NE from (3, 6) to (2,7)
[15:14:14.969 INFO]: RoadRunner(28) is moving SE from (5, 0) to (6,1)
[15:14:14.969 INFO]: RoadRunner(48) is moving SE from (1, 1) to (2,2)
[15:14:14.969 INFO]: RoadRunner is attempting to run away from 1 Coyotes!
[15:14:14.970 INFO]: RoadRunner(65) is moving SE from (0, 8) to (1,9)
[15:14:14.970 INFO]: RoadRunner(71) is moving N from (7, 5) to (6,5)
[15:14:14.971 INFO]: RoadRunner just bred a new RoadRunner at cell (6,2)
[15:14:14.971 INFO]: RoadRunner just bred a new RoadRunner at cell (0,3)
[15:14:14.971 INFO]: RoadRunner just bred a new RoadRunner at cell (6,8)
[15:14:14.972 INFO]: RoadRunner just bred a new RoadRunner at cell (3,9)
[15:14:14.972 INFO]: RoadRunner just bred a new RoadRunner at cell (1,1)
[15:14:14.972 INFO]: RoadRunner just bred a new RoadRunner at cell (3,1)
[15:14:14.973 INFO]: RoadRunner just bred a new RoadRunner at cell (0,4)
[15:14:14.973 INFO]: RoadRunner just bred a new RoadRunner at cell (1,3)
[15:14:14.973 INFO]: RoadRunner just bred a new RoadRunner at cell (8,9)
[15:14:14.974 INFO]: RoadRunner just bred a new RoadRunner at cell (7,2)
[15:14:14.974 INFO]: RoadRunner just bred a new RoadRunner at cell (8,7)
[15:14:14.974 INFO]: RoadRunner just bred a new RoadRunner at cell (5,8)
[15:14:14.975 INFO]: RoadRunner just bred a new RoadRunner at cell (0,0)
[15:14:14.975 INFO]: RoadRunner just bred a new RoadRunner at cell (3,0)
[15:14:14.975 INFO]: RoadRunner just bred a new RoadRunner at cell (6,7)
[15:14:14.975 INFO]: RoadRunner just bred a new RoadRunner at cell (8,8)
[15:14:14.976 INFO]: RoadRunner just bred a new RoadRunner at cell (2,6)
[15:14:14.976 INFO]: RoadRunner just bred a new RoadRunner at cell (6,0)
[15:14:14.976 INFO]: RoadRunner just bred a new RoadRunner at cell (2,8)
[15:14:14.977 INFO]: RoadRunner just bred a new RoadRunner at cell (2,4)
[15:14:14.977 INFO]: RoadRunner just bred a new RoadRunner at cell (3,6)
[15:14:14.977 INFO]: RoadRunner just bred a new RoadRunner at cell (6,4)
[15:14:14.977 INFO]: RoadRunner just bred a new RoadRunner at cell (7,6)
[15:14:14.978 INFO]: RoadRunner just bred a new RoadRunner at cell (4,1)
[15:14:14.978 INFO]: RoadRunner just bred a new RoadRunner at cell (5,7)
[15:14:14.978 INFO]: RoadRunner just bred a new RoadRunner at cell (0,8)
[15:14:14.978 INFO]: RoadRunner just bred a new RoadRunner at cell (1,6)
[15:14:14.979 INFO]: RoadRunner just bred a new RoadRunner at cell (1,5)
[15:14:14.979 INFO]: RoadRunner just bred a new RoadRunner at cell (4,5)
[15:14:14.979 INFO]: RoadRunner just bred a new RoadRunner at cell (8,4)
[15:14:14.979 INFO]: RoadRunner just bred a new RoadRunner at cell (8,3)
[15:14:14.980 INFO]: RoadRunner just bred a new RoadRunner at cell (5,2)
[15:14:14.980 INFO]: RoadRunner just bred a new RoadRunner at cell (3,2)
[15:14:14.980 INFO]: RoadRunner just bred a new RoadRunner at cell (5,5)
[15:14:14.980 INFO]: 
[15:14:14.981 INFO]: Coyotes Left: 2
[15:14:14.981 INFO]: RoadRunners Left: 0
[15:14:15.486 INFO]: 
[15:14:15.487 INFO]: 
[15:14:15.487 INFO]: ########## Age 15 ##########
[15:14:15.487 INFO]: 
[15:14:15.487 INFO]: 
[15:14:15.488 INFO]: RoadRunner is attempting to run away from 1 Coyotes!
[15:14:15.488 INFO]: RoadRunner(26) is moving SW from (8, 6) to (9,5)
[15:14:15.489 INFO]: RoadRunner is attempting to run away from 1 Coyotes!
[15:14:15.489 INFO]: RoadRunner(88) is moving W from (6, 7) to (6,6)
[15:14:15.489 INFO]: RoadRunner is attempting to run away from 1 Coyotes!
[15:14:15.490 INFO]: RoadRunner(37) is moving W from (0, 2) to (0,1)
[15:14:15.490 INFO]: RoadRunner(98) is moving S from (5, 7) to (6,7)
[15:14:15.490 INFO]: RoadRunner(85) is moving W from (5, 8) to (5,7)
[15:14:15.491 INFO]: RoadRunner(41) is moving NE from (9, 4) to (8,5)
[15:14:15.491 INFO]: RoadRunner(107) is moving NW from (5, 5) to (4,4)
[15:14:15.491 INFO]: RoadRunner is attempting to run away from 1 Coyotes!
[15:14:15.492 INFO]: RoadRunner(101) is moving N from (1, 5) to (0,5)
[15:14:15.492 INFO]: RoadRunner(80) is moving SE from (0, 4) to (1,5)
[15:14:15.492 INFO]: RoadRunner(97) is moving E from (4, 1) to (4,2)
[15:14:15.492 INFO]: RoadRunner(61) is moving S from (4, 0) to (5,0)
[15:14:15.492 INFO]: RoadRunner(102) is moving SW from (4, 5) to (5,4)
[15:14:15.493 INFO]: RoadRunner is attempting to run away from 1 Coyotes!
[15:14:15.493 INFO]: RoadRunner(78) is moving NE from (1, 1) to (0,2)
[15:14:15.493 INFO]: RoadRunner is attempting to run away from 1 Coyotes!
[15:14:15.494 INFO]: RoadRunner is attempting to run away from 1 Coyotes!
[15:14:15.494 INFO]: RoadRunner(95) is moving W from (6, 4) to (6,3)
[15:14:15.495 INFO]: RoadRunner is attempting to run away from 1 Coyotes!
[15:14:15.495 INFO]: RoadRunner(84) is moving W from (8, 7) to (8,6)
[15:14:15.495 INFO]: RoadRunner(55) is moving NW from (9, 8) to (8,7)
[15:14:15.496 INFO]: RoadRunner(81) is moving S from (1, 3) to (2,3)
[15:14:15.496 INFO]: RoadRunner(34) is moving E from (9, 7) to (9,8)
[15:14:15.496 INFO]: RoadRunner(44) is moving NW from (5, 6) to (4,5)
[15:14:15.496 INFO]: RoadRunner is attempting to run away from 1 Coyotes!
[15:14:15.497 INFO]: RoadRunner(83) is moving E from (7, 2) to (7,3)
[15:14:15.497 INFO]: RoadRunner(72) is moving NW from (5, 1) to (4,0)
[15:14:15.497 INFO]: RoadRunner(21) is moving E from (7, 1) to (7,2)
[15:14:15.498 INFO]: Coyote(20) is moving N from (7, 7) to (6,7)
[15:14:15.498 WARN]: Coyote(20) just ate RoadRunner(98) at cell (6,7)
[15:14:15.498 INFO]: RoadRunner(103) is moving NE from (8, 4) to (7,5)
[15:14:15.499 INFO]: RoadRunner is attempting to run away from 1 Coyotes!
[15:14:15.500 INFO]: RoadRunner(76) is moving N from (6, 8) to (5,8)
[15:14:15.500 INFO]: RoadRunner(63) is moving S from (4, 6) to (5,6)
[15:14:15.500 INFO]: RoadRunner(24) is moving NW from (7, 9) to (6,8)
[15:14:15.501 INFO]: RoadRunner(87) is moving SE from (3, 0) to (4,1)
[15:14:15.501 INFO]: RoadRunner(86) is moving SE from (0, 0) to (1,1)
[15:14:15.501 INFO]: RoadRunner(94) is moving S from (3, 6) to (4,6)
[15:14:15.501 INFO]: RoadRunner(52) is moving E from (9, 6) to (9,7)
[15:14:15.501 INFO]: RoadRunner(59) is moving SE from (2, 5) to (3,6)
[15:14:15.501 INFO]: RoadRunner(28) is moving S from (6, 1) to (7,1)
[15:14:15.502 INFO]: RoadRunner(71) is moving N from (6, 5) to (5,5)
[15:14:15.502 INFO]: RoadRunner(48) is moving SE from (2, 2) to (3,3)
[15:14:15.502 INFO]: RoadRunner(104) is moving W from (8, 3) to (8,2)
[15:14:15.502 INFO]: RoadRunner(93) is moving NW from (2, 4) to (1,3)
[15:14:15.502 INFO]: RoadRunner(74) is moving NW from (6, 2) to (5,1)
[15:14:15.502 INFO]: RoadRunner(42) is moving NE from (9, 3) to (8,4)
[15:14:15.503 INFO]: RoadRunner(46) is moving N from (3, 5) to (2,5)
[15:14:15.503 INFO]: RoadRunner(57) is moving N from (1, 0) to (0,0)
[15:14:15.503 INFO]: RoadRunner is attempting to run away from 1 Coyotes!
[15:14:15.504 INFO]: RoadRunner(40) is moving SW from (3, 4) to (4,3)
[15:14:15.504 INFO]: Coyote(35) is moving NE from (1, 7) to (0,8)
[15:14:15.504 WARN]: Coyote(35) just ate RoadRunner(99) at cell (0,8)
[15:14:15.505 INFO]: RoadRunner(105) is moving S from (5, 2) to (6,2)
[15:14:15.505 INFO]: RoadRunner is attempting to run away from 1 Coyotes!
[15:14:15.505 INFO]: RoadRunner(50) is moving W from (1, 8) to (1,7)
[15:14:15.506 INFO]: RoadRunner(82) is moving N from (8, 9) to (7,9)
[15:14:15.506 INFO]: RoadRunner is attempting to run away from 1 Coyotes!
[15:14:15.506 INFO]: RoadRunner(96) is moving NW from (7, 6) to (6,5)
[15:14:15.506 INFO]: RoadRunner(106) is moving N from (3, 2) to (2,2)
[15:14:15.506 INFO]: RoadRunner(70) is moving S from (8, 1) to (9,1)
[15:14:15.507 INFO]: RoadRunner(38) is moving SE from (7, 0) to (8,1)
[15:14:15.507 INFO]: RoadRunner(64) is moving N from (7, 4) to (6,4)
[15:14:15.507 INFO]: RoadRunner(45) is moving S from (1, 4) to (2,4)
[15:14:15.507 INFO]: RoadRunner(79) is moving W from (3, 1) to (3,0)
[15:14:15.508 INFO]: Coyote just bred a new Coyote at cell (7,7)
[15:14:15.508 INFO]: Coyote just bred a new Coyote at cell (1,8)
[15:14:15.508 INFO]: 
[15:14:15.508 INFO]: Coyotes Left: 4
[15:14:15.508 INFO]: RoadRunners Left: 0
[15:14:16.021 INFO]: 
[15:14:16.021 INFO]: 
[15:14:16.021 INFO]: ########## Age 16 ##########
[15:14:16.022 INFO]: 
[15:14:16.022 INFO]: 
[15:14:16.022 INFO]: RoadRunner(48) is moving E from (3, 3) to (3,4)
[15:14:16.023 INFO]: RoadRunner(94) is moving NW from (4, 6) to (3,5)
[15:14:16.023 INFO]: RoadRunner is attempting to run away from 1 Coyotes!
[15:14:16.023 INFO]: RoadRunner(40) is moving SW from (4, 3) to (5,2)
[15:14:16.024 INFO]: RoadRunner(62) is moving N from (2, 0) to (1,0)
[15:14:16.024 INFO]: RoadRunner(97) is moving NW from (4, 2) to (3,1)
[15:14:16.024 INFO]: RoadRunner(52) is moving W from (9, 7) to (9,6)
[15:14:16.024 INFO]: RoadRunner(86) is moving SW from (1, 1) to (2,0)
[15:14:16.024 INFO]: RoadRunner(103) is moving W from (7, 5) to (7,4)
[15:14:16.024 INFO]: RoadRunner is attempting to run away from 1 Coyotes!
[15:14:16.025 INFO]: RoadRunner(80) is moving NW from (1, 5) to (0,4)
[15:14:16.025 INFO]: RoadRunner(26) is moving W from (9, 5) to (9,4)
[15:14:16.025 INFO]: RoadRunner(91) is moving S from (6, 0) to (7,0)
[15:14:16.025 INFO]: RoadRunner is attempting to run away from 1 Coyotes!
[15:14:16.025 INFO]: RoadRunner(89) is moving E from (8, 8) to (8,9)
[15:14:16.026 INFO]: RoadRunner(73) is moving W from (4, 7) to (4,6)
[15:14:16.026 INFO]: RoadRunner(42) is moving NE from (8, 4) to (7,5)
[15:14:16.026 INFO]: RoadRunner(70) is moving E from (9, 1) to (9,2)
[15:14:16.026 INFO]: RoadRunner is attempting to run away from 2 Coyotes!
[15:14:16.026 INFO]: RoadRunner(50) is moving N from (1, 7) to (0,7)
[15:14:16.026 INFO]: RoadRunner(83) is moving SE from (7, 3) to (8,4)
[15:14:16.027 INFO]: RoadRunner(61) is moving SE from (5, 0) to (6,1)
[15:14:16.027 INFO]: RoadRunner is attempting to run away from 2 Coyotes!
[15:14:16.027 INFO]: RoadRunner(104) is moving NE from (8, 2) to (7,3)
[15:14:16.027 INFO]: RoadRunner(21) is moving SE from (7, 2) to (8,3)
[15:14:16.027 INFO]: RoadRunner(58) is moving NW from (9, 9) to (8,8)
[15:14:16.027 INFO]: RoadRunner(34) is moving W from (9, 8) to (9,7)
[15:14:16.028 INFO]: RoadRunner(46) is moving NW from (2, 5) to (1,4)
[15:14:16.028 INFO]: RoadRunner(38) is moving NE from (8, 1) to (7,2)
[15:14:16.028 INFO]: Coyote(109) is moving NE from (1, 8) to (0,9)
[15:14:16.029 WARN]: Coyote(109) just ate RoadRunner(4) at cell (0,9)
[15:14:16.029 INFO]: Coyote(108) is moving NE from (7, 7) to (6,8)
[15:14:16.029 WARN]: Coyote(108) just ate RoadRunner(24) at cell (6,8)
[15:14:16.029 INFO]: RoadRunner(102) is moving W from (5, 4) to (5,3)
[15:14:16.029 INFO]: RoadRunner(66) is moving SW from (0, 6) to (1,5)
[15:14:16.029 INFO]: RoadRunner is attempting to run away from 1 Coyotes!
[15:14:16.030 INFO]: RoadRunner(88) is moving S from (6, 6) to (7,6)
[15:14:16.030 INFO]: RoadRunner(28) is moving SE from (7, 1) to (8,2)
[15:14:16.030 INFO]: RoadRunner(101) is moving E from (0, 5) to (0,6)
[15:14:16.030 INFO]: RoadRunner(74) is moving NE from (5, 1) to (4,2)
[15:14:16.030 INFO]: RoadRunner(64) is moving N from (6, 4) to (5,4)
[15:14:16.031 INFO]: RoadRunner(95) is moving E from (6, 3) to (6,4)
[15:14:16.031 INFO]: RoadRunner(54) is moving NW from (2, 9) to (1,8)
[15:14:16.031 INFO]: RoadRunner(105) is moving NW from (6, 2) to (5,1)
[15:14:16.031 INFO]: RoadRunner is attempting to run away from 1 Coyotes!
[15:14:16.031 INFO]: RoadRunner(41) is moving S from (8, 5) to (9,5)
[15:14:16.031 INFO]: RoadRunner(55) is moving SE from (8, 7) to (9,8)
[15:14:16.032 INFO]: RoadRunner(33) is moving W from (4, 8) to (4,7)
[15:14:16.032 INFO]: Coyote(35) is moving S from (0, 8) to (1,8)
[15:14:16.032 WARN]: Coyote(35) just ate RoadRunner(54) at cell (1,8)
[15:14:16.032 INFO]: RoadRunner is attempting to run away from 1 Coyotes!
[15:14:16.032 INFO]: RoadRunner is attempting to run away from 2 Coyotes!
[15:14:16.032 INFO]: RoadRunner(85) is moving NE from (5, 7) to (4,8)
[15:14:16.033 INFO]: RoadRunner is attempting to run away from 1 Coyotes!
[15:14:16.033 INFO]: RoadRunner(81) is moving S from (2, 3) to (3,3)
[15:14:16.033 INFO]: RoadRunner(87) is moving NE from (4, 1) to (3,2)
[15:14:16.033 INFO]: RoadRunner(68) is moving N from (2, 1) to (1,1)
[15:14:16.033 INFO]: Coyote(20) is moving NE from (6, 7) to (5,8)
[15:14:16.033 WARN]: Coyote(20) just ate RoadRunner(76) at cell (5,8)
[15:14:16.034 INFO]: RoadRunner(59) is moving NW from (3, 6) to (2,5)
[15:14:16.034 INFO]: RoadRunner(45) is moving W from (2, 4) to (2,3)
[15:14:16.034 INFO]: RoadRunner(107) is moving W from (4, 4) to (4,3)
[15:14:16.034 INFO]: RoadRunner(96) is moving E from (6, 5) to (6,6)
[15:14:16.034 INFO]: RoadRunner(106) is moving W from (2, 2) to (2,1)
[15:14:16.034 INFO]: RoadRunner is attempting to run away from 1 Coyotes!
[15:14:16.035 INFO]: RoadRunner(69) is moving SW from (7, 8) to (8,7)
[15:14:16.035 INFO]: RoadRunner(72) is moving E from (4, 0) to (4,1)
[15:14:16.035 INFO]: RoadRunner(100) is moving E from (1, 6) to (1,7)
[15:14:16.035 INFO]: RoadRunner is attempting to run away from 1 Coyotes!
[15:14:16.035 INFO]: RoadRunner(79) is moving S from (3, 0) to (4,0)
[15:14:16.035 INFO]: RoadRunner(84) is moving NE from (8, 6) to (7,7)
[15:14:16.035 INFO]: RoadRunner is attempting to run away from 2 Coyotes!
[15:14:16.036 INFO]: RoadRunner(65) is moving S from (1, 9) to (2,9)
[15:14:16.036 INFO]: 
[15:14:16.036 INFO]: Coyotes Left: 4
[15:14:16.037 INFO]: RoadRunners Left: 0
[15:14:16.501 INFO]: 
[15:14:16.502 INFO]: 
[15:14:16.502 INFO]: ########## Age 17 ##########
[15:14:16.502 INFO]: 
[15:14:16.502 INFO]: 
[15:14:16.503 INFO]: Coyote(20) is moving N from (5, 8) to (4,8)
[15:14:16.503 WARN]: Coyote(20) just ate RoadRunner(85) at cell (4,8)
[15:14:16.503 INFO]: RoadRunner(43) is moving S from (1, 2) to (2,2)
[15:14:16.503 INFO]: RoadRunner(26) is moving NE from (9, 4) to (8,5)
[15:14:16.504 INFO]: RoadRunner(89) is moving S from (8, 9) to (9,9)
[15:14:16.504 INFO]: RoadRunner(90) is moving S from (2, 6) to (3,6)
[15:14:16.504 INFO]: RoadRunner is attempting to run away from 1 Coyotes!
[15:14:16.504 INFO]: RoadRunner(84) is moving SW from (7, 7) to (8,6)
[15:14:16.505 INFO]: RoadRunner(102) is moving NE from (5, 3) to (4,4)
[15:14:16.505 INFO]: RoadRunner(64) is moving SW from (5, 4) to (6,3)
[15:14:16.505 INFO]: RoadRunner(72) is moving NW from (4, 1) to (3,0)
[15:14:16.505 INFO]: RoadRunner(80) is moving E from (0, 4) to (0,5)
[15:14:16.506 INFO]: RoadRunner(87) is moving SW from (3, 2) to (4,1)
[15:14:16.506 INFO]: RoadRunner(83) is moving SW from (8, 4) to (9,3)
[15:14:16.506 INFO]: RoadRunner(59) is moving NE from (2, 5) to (1,6)
[15:14:16.506 INFO]: RoadRunner(42) is moving SW from (7, 5) to (8,4)
[15:14:16.507 INFO]: RoadRunner(61) is moving S from (6, 1) to (7,1)
[15:14:16.507 INFO]: RoadRunner is attempting to run away from 1 Coyotes!
[15:14:16.507 INFO]: RoadRunner(82) is moving S from (7, 9) to (8,9)
[15:14:16.507 INFO]: RoadRunner(94) is moving NW from (3, 5) to (2,4)
[15:14:16.508 INFO]: RoadRunner(88) is moving W from (7, 6) to (7,5)
[15:14:16.508 INFO]: RoadRunner is attempting to run away from 1 Coyotes!
[15:14:16.508 INFO]: RoadRunner(67) is moving W from (2, 7) to (2,6)
[15:14:16.508 INFO]: RoadRunner(66) is moving S from (1, 5) to (2,5)
[15:14:16.509 INFO]: RoadRunner(58) is moving NW from (8, 8) to (7,7)
[15:14:16.509 INFO]: RoadRunner(107) is moving SE from (4, 3) to (5,4)
[15:14:16.509 INFO]: RoadRunner(105) is moving W from (5, 1) to (5,0)
[15:14:16.510 INFO]: RoadRunner(37) is moving SE from (0, 1) to (1,2)
[15:14:16.510 INFO]: RoadRunner is attempting to run away from 1 Coyotes!
[15:14:16.510 INFO]: RoadRunner(33) is moving S from (4, 7) to (5,7)
[15:14:16.510 INFO]: RoadRunner(38) is moving SW from (7, 2) to (8,1)
[15:14:16.510 INFO]: RoadRunner(93) is moving NE from (1, 3) to (0,4)
[15:14:16.510 INFO]: RoadRunner is attempting to run away from 1 Coyotes!
[15:14:16.511 INFO]: RoadRunner(51) is moving N from (3, 7) to (2,7)
[15:14:16.511 INFO]: RoadRunner(55) is moving N from (9, 8) to (8,8)
[15:14:16.511 INFO]: RoadRunner is attempting to run away from 1 Coyotes!
[15:14:16.511 INFO]: RoadRunner is attempting to run away from 1 Coyotes!
[15:14:16.511 INFO]: RoadRunner(65) is moving N from (2, 9) to (1,9)
[15:14:16.512 INFO]: RoadRunner is attempting to run away from 1 Coyotes!
[15:14:16.512 INFO]: RoadRunner(92) is moving SW from (2, 8) to (3,7)
[15:14:16.513 INFO]: RoadRunner(75) is moving S from (0, 3) to (1,3)
[15:14:16.513 INFO]: RoadRunner(73) is moving E from (4, 6) to (4,7)
[15:14:16.513 INFO]: RoadRunner is attempting to run away from 1 Coyotes!
[15:14:16.513 INFO]: RoadRunner(77) is moving N from (3, 9) to (2,9)
[15:14:16.514 INFO]: RoadRunner(34) is moving E from (9, 7) to (9,8)
[15:14:16.514 INFO]: Coyote(35) is moving NW from (1, 8) to (0,7)
[15:14:16.514 WARN]: Coyote(35) just ate RoadRunner(50) at cell (0,7)
[15:14:16.514 INFO]: RoadRunner(103) is moving NE from (7, 4) to (6,5)
[15:14:16.514 INFO]: RoadRunner(45) is moving SW from (2, 3) to (3,2)
[15:14:16.514 INFO]: RoadRunner is attempting to run away from 1 Coyotes!
[15:14:16.515 INFO]: RoadRunner(53) is moving S from (6, 9) to (7,9)
[15:14:16.515 INFO]: RoadRunner is attempting to run away from 1 Coyotes!
[15:14:16.515 INFO]: RoadRunner(100) is moving SE from (1, 7) to (2,8)
[15:14:16.515 INFO]: RoadRunner(68) is moving N from (1, 1) to (0,1)
[15:14:16.515 INFO]: RoadRunner(96) is moving S from (6, 6) to (7,6)
[15:14:16.516 INFO]: RoadRunner(78) is moving E from (0, 2) to (0,3)
[15:14:16.516 INFO]: RoadRunner is attempting to run away from 1 Coyotes!
[15:14:16.517 INFO]: RoadRunner(101) is moving SW from (0, 6) to (1,5)
[15:14:16.517 INFO]: RoadRunner(104) is moving NW from (7, 3) to (6,2)
[15:14:16.517 INFO]: RoadRunner(40) is moving W from (5, 2) to (5,1)
[15:14:16.518 INFO]: Coyote(108) is moving NE from (6, 8) to (5,9)
[15:14:16.518 WARN]: Coyote(108) just ate RoadRunner(56) at cell (5,9)
[15:14:16.518 INFO]: RoadRunner(62) is moving E from (1, 0) to (1,1)
[15:14:16.518 INFO]: RoadRunner is attempting to run away from 1 Coyotes!
[15:14:16.518 INFO]: RoadRunner(22) is moving E from (3, 8) to (3,9)
[15:14:16.519 INFO]: RoadRunner(48) is moving E from (3, 4) to (3,5)
[15:14:16.519 INFO]: RoadRunner(74) is moving E from (4, 2) to (4,3)
[15:14:16.519 INFO]: RoadRunner(44) is moving E from (4, 5) to (4,6)
[15:14:16.520 INFO]: RoadRunner(86) is moving N from (2, 0) to (1,0)
[15:14:16.520 INFO]: RoadRunner(81) is moving E from (3, 3) to (3,4)
[15:14:16.520 INFO]: RoadRunner(95) is moving SW from (6, 4) to (7,3)
[15:14:16.521 INFO]: RoadRunner(91) is moving S from (7, 0) to (8,0)
[15:14:16.521 INFO]: RoadRunner(70) is moving W from (9, 2) to (9,1)
[15:14:16.521 INFO]: RoadRunner(41) is moving W from (9, 5) to (9,4)
[15:14:16.522 INFO]: RoadRunner(21) is moving SW from (8, 3) to (9,2)
[15:14:16.522 INFO]: RoadRunner(97) is moving SE from (3, 1) to (4,2)
[15:14:16.522 INFO]: RoadRunner(69) is moving NE from (8, 7) to (7,8)
[15:14:16.523 INFO]: RoadRunner(106) is moving W from (2, 1) to (2,0)
[15:14:16.523 INFO]: RoadRunner(63) is moving SE from (5, 6) to (6,7)
[15:14:16.523 INFO]: RoadRunner(52) is moving NE from (9, 6) to (8,7)
[15:14:16.523 INFO]: RoadRunner(71) is moving N from (5, 5) to (4,5)
[15:14:16.524 INFO]: Coyote(109) is moving S from (0, 9) to (1,9)
[15:14:16.524 WARN]: Coyote(109) just ate RoadRunner(65) at cell (1,9)
[15:14:16.524 INFO]: RoadRunner(46) is moving SW from (1, 4) to (2,3)
[15:14:16.524 INFO]: RoadRunner(28) is moving N from (8, 2) to (7,2)
[15:14:16.524 INFO]: RoadRunner just bred a new RoadRunner at cell (3,3)
[15:14:16.525 INFO]: RoadRunner just bred a new RoadRunner at cell (7,4)
[15:14:16.525 INFO]: RoadRunner just bred a new RoadRunner at cell (9,6)
[15:14:16.525 INFO]: RoadRunner just bred a new RoadRunner at cell (5,5)
[15:14:16.525 INFO]: RoadRunner just bred a new RoadRunner at cell (5,3)
[15:14:16.526 INFO]: RoadRunner just bred a new RoadRunner at cell (2,1)
[15:14:16.526 INFO]: RoadRunner just bred a new RoadRunner at cell (1,4)
[15:14:16.526 INFO]: RoadRunner just bred a new RoadRunner at cell (3,1)
[15:14:16.526 INFO]: RoadRunner just bred a new RoadRunner at cell (8,3)
[15:14:16.526 INFO]: RoadRunner just bred a new RoadRunner at cell (0,6)
[15:14:16.526 INFO]: RoadRunner just bred a new RoadRunner at cell (9,5)
[15:14:16.527 INFO]: RoadRunner just bred a new RoadRunner at cell (6,1)
[15:14:16.527 INFO]: RoadRunner just bred a new RoadRunner at cell (6,6)
[15:14:16.527 INFO]: RoadRunner just bred a new RoadRunner at cell (1,7)
[15:14:16.527 INFO]: RoadRunner just bred a new RoadRunner at cell (6,8)
[15:14:16.527 INFO]: RoadRunner just bred a new RoadRunner at cell (6,4)
[15:14:16.527 INFO]: RoadRunner just bred a new RoadRunner at cell (6,0)
[15:14:16.528 INFO]: RoadRunner just bred a new RoadRunner at cell (0,2)
[15:14:16.528 INFO]: RoadRunner just bred a new RoadRunner at cell (5,8)
[15:14:16.528 INFO]: RoadRunner just bred a new RoadRunner at cell (7,0)
[15:14:16.528 INFO]: RoadRunner just bred a new RoadRunner at cell (1,8)
[15:14:16.528 INFO]: RoadRunner just bred a new RoadRunner at cell (9,7)
[15:14:16.528 INFO]: RoadRunner just bred a new RoadRunner at cell (3,8)
[15:14:16.529 INFO]: RoadRunner just bred a new RoadRunner at cell (5,6)
[15:14:16.529 INFO]: RoadRunner just bred a new RoadRunner at cell (6,9)
[15:14:16.529 INFO]: RoadRunner just bred a new RoadRunner at cell (5,2)
[15:14:16.529 INFO]: RoadRunner just bred a new RoadRunner at cell (8,2)
[15:14:16.530 INFO]: RoadRunner just bred a new RoadRunner at cell (9,0)
[15:14:16.530 INFO]: 
[15:14:16.530 INFO]: Coyotes Left: 4
[15:14:16.530 INFO]: RoadRunners Left: 0
[15:14:16.934 INFO]: 
[15:14:16.934 INFO]: 
[15:14:16.934 INFO]: ########## Age 18 ##########
[15:14:16.935 INFO]: 
[15:14:16.935 INFO]: 
[15:14:16.935 INFO]: RoadRunner is attempting to run away from 1 Coyotes!
[15:14:16.936 INFO]: RoadRunner is attempting to run away from 2 Coyotes!
[15:14:16.936 INFO]: RoadRunner(130) is moving N from (1, 8) to (0,8)
[15:14:16.936 INFO]: RoadRunner is attempting to run away from 1 Coyotes!
[15:14:16.936 INFO]: RoadRunner is attempting to run away from 1 Coyotes!
[15:14:16.937 INFO]: RoadRunner is attempting to run away from 1 Coyotes!
[15:14:16.937 INFO]: RoadRunner is attempting to run away from 1 Coyotes!
[15:14:16.937 INFO]: RoadRunner is attempting to run away from 1 Coyotes!
[15:14:16.938 INFO]: RoadRunner(123) is moving E from (1, 7) to (1,8)
[15:14:16.938 INFO]: RoadRunner(51) is moving N from (2, 7) to (1,7)
[15:14:16.938 INFO]: RoadRunner is attempting to run away from 1 Coyotes!
[15:14:16.939 INFO]: RoadRunner(59) is moving SE from (1, 6) to (2,7)
[15:14:16.939 INFO]: RoadRunner is attempting to run away from 1 Coyotes!
[15:14:16.939 INFO]: RoadRunner is attempting to run away from 1 Coyotes!
[15:14:16.939 INFO]: RoadRunner is attempting to run away from 1 Coyotes!
[15:14:16.939 INFO]: RoadRunner is attempting to run away from 1 Coyotes!
[15:14:16.940 INFO]: RoadRunner(119) is moving S from (0, 6) to (1,6)
[15:14:16.940 INFO]: RoadRunner(101) is moving NE from (1, 5) to (0,6)
[15:14:16.940 INFO]: RoadRunner(94) is moving NE from (2, 4) to (1,5)
[15:14:16.940 INFO]: Coyote(109) is moving NW from (1, 9) to (0,8)
[15:14:16.940 WARN]: Coyote(109) just ate RoadRunner(130) at cell (0,8)
[15:14:16.941 INFO]: RoadRunner(116) is moving S from (1, 4) to (2,4)
[15:14:16.941 INFO]: RoadRunner is attempting to run away from 2 Coyotes!
[15:14:16.941 INFO]: RoadRunner(77) is moving N from (2, 9) to (1,9)
[15:14:16.942 INFO]: Coyote(35) is moving S from (0, 7) to (1,7)
[15:14:16.942 WARN]: Coyote(35) just ate RoadRunner(51) at cell (1,7)
[15:14:16.942 INFO]: Coyote(108) is moving N from (5, 9) to (4,9)
[15:14:16.942 WARN]: Coyote(108) just ate RoadRunner(39) at cell (4,9)
[15:14:16.943 INFO]: Coyote(20) is moving N from (4, 8) to (3,8)
[15:14:16.943 WARN]: Coyote(20) just ate RoadRunner(132) at cell (3,8)
[15:14:16.943 INFO]: 
[15:14:16.943 INFO]: Coyotes Left: 4
[15:14:16.943 INFO]: RoadRunners Left: 0
[15:14:17.615 INFO]: 
[15:14:17.615 INFO]: 
[15:14:17.616 INFO]: ########## Age 19 ##########
[15:14:17.616 INFO]: 
[15:14:17.616 INFO]: 
[15:14:17.616 INFO]: RoadRunner is attempting to run away from 2 Coyotes!
[15:14:17.617 INFO]: RoadRunner(75) is moving E from (1, 3) to (1,4)
[15:14:17.617 INFO]: Coyote(20) is moving N from (3, 8) to (2,8)
[15:14:17.617 WARN]: Coyote(20) just ate RoadRunner(100) at cell (2,8)
[15:14:17.617 INFO]: Coyote(35) is moving NW from (1, 7) to (0,6)
[15:14:17.617 WARN]: Coyote(35) just ate RoadRunner(101) at cell (0,6)
[15:14:17.617 INFO]: RoadRunner is attempting to run away from 1 Coyotes!
[15:14:17.618 INFO]: RoadRunner(128) is moving N from (5, 8) to (4,8)
[15:14:17.618 INFO]: Coyote(109) is moving S from (0, 8) to (1,8)
[15:14:17.618 WARN]: Coyote(109) just ate RoadRunner(123) at cell (1,8)
[15:14:17.618 INFO]: RoadRunner(43) is moving NE from (2, 2) to (1,3)
[15:14:17.618 INFO]: RoadRunner is attempting to run away from 2 Coyotes!
[15:14:17.619 INFO]: RoadRunner(22) is moving N from (3, 9) to (2,9)
[15:14:17.619 INFO]: RoadRunner(73) is moving SE from (4, 7) to (5,8)
[15:14:17.619 INFO]: RoadRunner is attempting to run away from 1 Coyotes!
[15:14:17.619 INFO]: RoadRunner(110) is moving NW from (3, 3) to (2,2)
[15:14:17.619 INFO]: RoadRunner is attempting to run away from 1 Coyotes!
[15:14:17.620 INFO]: RoadRunner(33) is moving N from (5, 7) to (4,7)
[15:14:17.620 INFO]: RoadRunner(116) is moving SW from (2, 4) to (3,3)
[15:14:17.620 INFO]: RoadRunner(44) is moving SE from (4, 6) to (5,7)
[15:14:17.620 INFO]: RoadRunner(133) is moving N from (5, 6) to (4,6)
[15:14:17.621 INFO]: RoadRunner is attempting to run away from 1 Coyotes!
[15:14:17.621 INFO]: RoadRunner(48) is moving NW from (3, 5) to (2,4)
[15:14:17.621 INFO]: RoadRunner(124) is moving NE from (6, 8) to (5,9)
[15:14:17.622 INFO]: RoadRunner is attempting to run away from 2 Coyotes!
[15:14:17.622 INFO]: RoadRunner(77) is moving N from (1, 9) to (0,9)
[15:14:17.622 INFO]: RoadRunner(122) is moving N from (6, 6) to (5,6)
[15:14:17.623 INFO]: RoadRunner(81) is moving E from (3, 4) to (3,5)
[15:14:17.623 INFO]: RoadRunner(134) is moving W from (6, 9) to (6,8)
[15:14:17.623 INFO]: RoadRunner is attempting to run away from 1 Coyotes!
[15:14:17.624 INFO]: RoadRunner(119) is moving E from (1, 6) to (1,7)
[15:14:17.624 INFO]: RoadRunner(46) is moving SE from (2, 3) to (3,4)
[15:14:17.624 INFO]: Coyote(108) is moving S from (4, 9) to (5,9)
[15:14:17.625 WARN]: Coyote(108) just ate RoadRunner(124) at cell (5,9)
[15:14:17.625 INFO]: RoadRunner(63) is moving W from (6, 7) to (6,6)
[15:14:17.625 INFO]: RoadRunner(67) is moving N from (2, 6) to (1,6)
[15:14:17.626 INFO]: 
[15:14:17.626 INFO]: Coyotes Left: 4
[15:14:17.626 INFO]: RoadRunners Left: 0
[15:14:18.104 INFO]: 
[15:14:18.105 INFO]: 
[15:14:18.105 INFO]: ########## Age 20 ##########
[15:14:18.105 INFO]: 
[15:14:18.105 INFO]: 
[15:14:18.105 INFO]: RoadRunner is attempting to run away from 2 Coyotes!
[15:14:18.106 INFO]: RoadRunner(22) is moving S from (2, 9) to (3,9)
[15:14:18.106 INFO]: RoadRunner(44) is moving S from (5, 7) to (6,7)
[15:14:18.106 INFO]: RoadRunner(48) is moving W from (2, 4) to (2,3)
[15:14:18.107 INFO]: RoadRunner(43) is moving SE from (1, 3) to (2,4)
[15:14:18.107 INFO]: RoadRunner is attempting to run away from 1 Coyotes!
[15:14:18.107 INFO]: RoadRunner(128) is moving N from (4, 8) to (3,8)
[15:14:18.107 INFO]: RoadRunner is attempting to run away from 1 Coyotes!
[15:14:18.107 INFO]: RoadRunner(73) is moving W from (5, 8) to (5,7)
[15:14:18.108 INFO]: RoadRunner(69) is moving NE from (7, 8) to (6,9)
[15:14:18.108 INFO]: RoadRunner(58) is moving E from (7, 7) to (7,8)
[15:14:18.108 INFO]: RoadRunner is attempting to run away from 1 Coyotes!
[15:14:18.108 INFO]: RoadRunner(90) is moving N from (3, 6) to (2,6)
[15:14:18.108 INFO]: Coyote(35) is moving S from (0, 6) to (1,6)
[15:14:18.108 WARN]: Coyote(35) just ate RoadRunner(67) at cell (1,6)
[15:14:18.109 INFO]: RoadRunner is attempting to run away from 1 Coyotes!
[15:14:18.109 INFO]: RoadRunner(66) is moving SE from (2, 5) to (3,6)
[15:14:18.109 INFO]: Coyote(108) is moving S from (5, 9) to (6,9)
[15:14:18.109 WARN]: Coyote(108) just ate RoadRunner(69) at cell (6,9)
[15:14:18.110 INFO]: RoadRunner(81) is moving N from (3, 5) to (2,5)
[15:14:18.110 INFO]: RoadRunner is attempting to run away from 3 Coyotes!
[15:14:18.110 INFO]: RoadRunner(96) is moving E from (7, 6) to (7,7)
[15:14:18.110 INFO]: RoadRunner is attempting to run away from 1 Coyotes!
[15:14:18.111 INFO]: RoadRunner(134) is moving N from (6, 8) to (5,8)
[15:14:18.111 INFO]: RoadRunner(37) is moving E from (1, 2) to (1,3)
[15:14:18.111 INFO]: RoadRunner(33) is moving E from (4, 7) to (4,8)
[15:14:18.111 INFO]: RoadRunner(26) is moving NE from (8, 5) to (7,6)
[15:14:18.111 INFO]: RoadRunner is attempting to run away from 3 Coyotes!
[15:14:18.112 INFO]: RoadRunner(119) is moving N from (1, 7) to (0,7)
[15:14:18.112 INFO]: RoadRunner is attempting to run away from 1 Coyotes!
[15:14:18.112 INFO]: RoadRunner(102) is moving NE from (4, 4) to (3,5)
[15:14:18.112 INFO]: RoadRunner(107) is moving N from (5, 4) to (4,4)
[15:14:18.113 INFO]: RoadRunner(112) is moving NW from (9, 6) to (8,5)
[15:14:18.113 INFO]: RoadRunner is attempting to run away from 1 Coyotes!
[15:14:18.113 INFO]: Coyote(109) is moving NE from (1, 8) to (0,9)
[15:14:18.113 WARN]: Coyote(109) just ate RoadRunner(77) at cell (0,9)
[15:14:18.114 INFO]: RoadRunner(110) is moving N from (2, 2) to (1,2)
[15:14:18.114 INFO]: RoadRunner is attempting to run away from 1 Coyotes!
[15:14:18.114 INFO]: RoadRunner(92) is moving S from (3, 7) to (4,7)
[15:14:18.114 INFO]: RoadRunner(114) is moving E from (5, 3) to (5,4)
[15:14:18.115 INFO]: RoadRunner(52) is moving SW from (8, 7) to (9,6)
[15:14:18.115 INFO]: RoadRunner(133) is moving NE from (4, 6) to (3,7)
[15:14:18.115 INFO]: RoadRunner(71) is moving E from (4, 5) to (4,6)
[15:14:18.115 INFO]: RoadRunner(104) is moving NE from (6, 2) to (5,3)
[15:14:18.115 INFO]: RoadRunner is attempting to run away from 1 Coyotes!
[15:14:18.116 INFO]: Coyote(20) is moving S from (2, 8) to (3,8)
[15:14:18.116 WARN]: Coyote(20) just ate RoadRunner(128) at cell (3,8)
[15:14:18.116 INFO]: RoadRunner(84) is moving E from (8, 6) to (8,7)
[15:14:18.116 INFO]: RoadRunner(131) is moving NW from (9, 7) to (8,6)
[15:14:18.116 INFO]: RoadRunner(62) is moving SE from (1, 1) to (2,2)
[15:14:18.117 INFO]: RoadRunner just bred a new RoadRunner at cell (2,9)
[15:14:18.117 INFO]: RoadRunner just bred a new RoadRunner at cell (6,2)
[15:14:18.117 INFO]: RoadRunner just bred a new RoadRunner at cell (1,1)
[15:14:18.117 INFO]: RoadRunner just bred a new RoadRunner at cell (6,8)
[15:14:18.117 INFO]: RoadRunner just bred a new RoadRunner at cell (4,5)
[15:14:18.117 INFO]: RoadRunner just bred a new RoadRunner at cell (1,7)
[15:14:18.118 INFO]: RoadRunner just bred a new RoadRunner at cell (9,7)
[15:14:18.118 INFO]: RoadRunner just bred a new RoadRunner at cell (1,8)
[15:14:18.118 INFO]: RoadRunner just bred a new RoadRunner at cell (4,9)
[15:14:18.118 INFO]: RoadRunner just bred a new RoadRunner at cell (5,9)
[15:14:18.118 INFO]: RoadRunner just bred a new RoadRunner at cell (0,8)
[15:14:18.118 INFO]: RoadRunner just bred a new RoadRunner at cell (0,6)
[15:14:18.119 INFO]: RoadRunner just bred a new RoadRunner at cell (2,8)
[15:14:18.119 INFO]: 
[15:14:18.119 INFO]: Coyotes Left: 4
[15:14:18.119 INFO]: RoadRunners Left: 0
[15:14:18.593 INFO]: 
[15:14:18.594 INFO]: 
[15:14:18.594 INFO]: ########## Age 21 ##########
[15:14:18.594 INFO]: 
[15:14:18.594 INFO]: 
[15:14:18.595 INFO]: RoadRunner is attempting to run away from 1 Coyotes!
[15:14:18.595 INFO]: RoadRunner is attempting to run away from 1 Coyotes!
[15:14:18.596 INFO]: RoadRunner is attempting to run away from 1 Coyotes!
[15:14:18.596 INFO]: RoadRunner is attempting to run away from 1 Coyotes!
[15:14:18.596 INFO]: RoadRunner is attempting to run away from 1 Coyotes!
[15:14:18.596 INFO]: RoadRunner(138) is moving N from (2, 9) to (1,9)
[15:14:18.596 INFO]: RoadRunner is attempting to run away from 1 Coyotes!
[15:14:18.597 INFO]: RoadRunner is attempting to run away from 1 Coyotes!
[15:14:18.597 INFO]: RoadRunner(145) is moving SE from (1, 8) to (2,9)
[15:14:18.597 INFO]: Coyote(108) is moving N from (6, 9) to (5,9)
[15:14:18.597 WARN]: Coyote(108) just ate RoadRunner(147) at cell (5,9)
[15:14:18.597 INFO]: RoadRunner is attempting to run away from 1 Coyotes!
[15:14:18.597 INFO]: RoadRunner(119) is moving SE from (0, 7) to (1,8)
[15:14:18.598 INFO]: RoadRunner is attempting to run away from 1 Coyotes!
[15:14:18.598 INFO]: RoadRunner is attempting to run away from 1 Coyotes!
[15:14:18.598 INFO]: RoadRunner is attempting to run away from 1 Coyotes!
[15:14:18.598 INFO]: Coyote(35) is moving N from (1, 6) to (0,6)
[15:14:18.598 WARN]: Coyote(35) just ate RoadRunner(149) at cell (0,6)
[15:14:18.599 INFO]: RoadRunner is attempting to run away from 2 Coyotes!
[15:14:18.599 INFO]: RoadRunner is attempting to run away from 1 Coyotes!
[15:14:18.599 INFO]: RoadRunner is attempting to run away from 1 Coyotes!
[15:14:18.599 INFO]: RoadRunner is attempting to run away from 1 Coyotes!
[15:14:18.600 INFO]: RoadRunner(143) is moving N from (1, 7) to (0,7)
[15:14:18.600 INFO]: RoadRunner(53) is moving N from (7, 9) to (6,9)
[15:14:18.600 INFO]: RoadRunner is attempting to run away from 1 Coyotes!
[15:14:18.600 INFO]: RoadRunner(59) is moving NW from (2, 7) to (1,6)
[15:14:18.601 INFO]: Coyote(20) is moving N from (3, 8) to (2,8)
[15:14:18.601 WARN]: Coyote(20) just ate RoadRunner(150) at cell (2,8)
[15:14:18.601 INFO]: RoadRunner(92) is moving NE from (4, 7) to (3,8)
[15:14:18.601 INFO]: RoadRunner is attempting to run away from 1 Coyotes!
[15:14:18.602 INFO]: RoadRunner(148) is moving SW from (0, 8) to (1,7)
[15:14:18.602 INFO]: RoadRunner(122) is moving NE from (5, 6) to (4,7)
[15:14:18.602 INFO]: RoadRunner(142) is moving SE from (4, 5) to (5,6)
[15:14:18.602 INFO]: RoadRunner is attempting to run away from 1 Coyotes!
[15:14:18.602 INFO]: RoadRunner(107) is moving E from (4, 4) to (4,5)
[15:14:18.603 INFO]: Coyote(109) is moving S from (0, 9) to (1,9)
[15:14:18.603 WARN]: Coyote(109) just ate RoadRunner(138) at cell (1,9)
[15:14:18.603 INFO]: 
[15:14:18.604 INFO]: Coyotes Left: 4
[15:14:18.604 INFO]: RoadRunners Left: 0
[15:18:13.671 INFO]: Simulation Found. Configuration Settings:
[15:18:13.681 INFO]: Rows: 10
[15:18:13.681 INFO]: Columns: 10
[15:18:13.681 INFO]: 
[15:18:13.681 INFO]: Min Prey: 10 Max Prey: 20
[15:18:13.682 INFO]: Min Predators: 10 Max Predators: 20
[15:18:16.995 INFO]: Starting Simulation...
[15:18:16.996 INFO]: Starting Prey: 20
[15:18:16.997 INFO]: Starting Predators: 14
[15:18:17.005 INFO]: RoadRunner(0) created at cell (4, 4)
[15:18:17.006 INFO]: RoadRunner(1) created at cell (0, 8)
[15:18:17.006 INFO]: RoadRunner(2) created at cell (4, 7)
[15:18:17.007 INFO]: RoadRunner(3) created at cell (2, 5)
[15:18:17.007 INFO]: RoadRunner(4) created at cell (9, 1)
[15:18:17.008 INFO]: RoadRunner(5) created at cell (1, 2)
[15:18:17.008 INFO]: RoadRunner(6) created at cell (8, 0)
[15:18:17.009 INFO]: RoadRunner(7) created at cell (9, 4)
[15:18:17.009 INFO]: RoadRunner(8) created at cell (0, 6)
[15:18:17.010 INFO]: RoadRunner(9) created at cell (5, 7)
[15:18:17.011 INFO]: RoadRunner(10) created at cell (0, 3)
[15:18:17.011 INFO]: RoadRunner(11) created at cell (3, 9)
[15:18:17.012 INFO]: RoadRunner(12) created at cell (6, 2)
[15:18:17.013 INFO]: RoadRunner(13) created at cell (4, 0)
[15:18:17.013 INFO]: RoadRunner(14) created at cell (8, 5)
[15:18:17.014 INFO]: RoadRunner(15) created at cell (6, 4)
[15:18:17.015 INFO]: RoadRunner(16) created at cell (7, 5)
[15:18:17.015 INFO]: RoadRunner(17) created at cell (7, 6)
[15:18:17.016 INFO]: RoadRunner(18) created at cell (7, 3)
[15:18:17.016 INFO]: RoadRunner(19) created at cell (2, 2)
[15:18:17.017 INFO]: Coyote(20) created at cell (1, 8)
[15:18:17.017 INFO]: Coyote(21) created at cell (3, 6)
[15:18:17.018 INFO]: Coyote(22) created at cell (5, 1)
[15:18:17.018 INFO]: Coyote(23) created at cell (2, 4)
[15:18:17.018 INFO]: Coyote(24) created at cell (8, 8)
[15:18:17.019 INFO]: Coyote(25) created at cell (1, 9)
[15:18:17.019 INFO]: Coyote(26) created at cell (3, 7)
[15:18:17.020 INFO]: Coyote(27) created at cell (2, 6)
[15:18:17.020 INFO]: Coyote(28) created at cell (1, 0)
[15:18:17.020 INFO]: Coyote(29) created at cell (4, 2)
[15:18:17.021 INFO]: Coyote(30) created at cell (1, 7)
[15:18:17.021 INFO]: Coyote(31) created at cell (1, 1)
[15:18:17.021 INFO]: Coyote(32) created at cell (9, 8)
[15:18:17.022 INFO]: Coyote(33) created at cell (6, 1)
[15:18:17.835 INFO]: 
[15:18:17.835 INFO]: 
[15:18:17.835 INFO]: ########## Age 0 ##########
[15:18:17.835 INFO]: 
[15:18:17.836 INFO]: 
[15:18:17.838 INFO]: Coyote(30) is moving NE from (1, 7) to (0,8)
[15:18:17.839 WARN]: Coyote(30) just ate RoadRunner(1) at cell (0,8)
[15:18:17.839 INFO]: RoadRunner(14) is moving NW from (8, 5) to (7,4)
[15:18:17.840 INFO]: RoadRunner is attempting to run away from 2 Coyotes!
[15:18:17.847 INFO]: RoadRunner(12) is moving NE from (6, 2) to (5,3)
[15:18:17.848 INFO]: RoadRunner(11) is moving NW from (3, 9) to (2,8)
[15:18:17.848 INFO]: Coyote(32) is moving NE from (9, 8) to (8,9)
[15:18:17.849 INFO]: Coyote(26) is moving NE from (3, 7) to (2,8)
[15:18:17.849 WARN]: Coyote(26) just ate RoadRunner(11) at cell (2,8)
[15:18:17.849 INFO]: Coyote(23) is moving E from (2, 4) to (2,5)
[15:18:17.849 WARN]: Coyote(23) just ate RoadRunner(3) at cell (2,5)
[15:18:17.850 INFO]: RoadRunner(15) is moving NE from (6, 4) to (5,5)
[15:18:17.850 INFO]: RoadRunner(8) is moving W from (0, 6) to (0,5)
[15:18:17.850 INFO]: RoadRunner(7) is moving W from (9, 4) to (9,3)
[15:18:17.850 INFO]: Coyote(24) is moving S from (8, 8) to (9,8)
[15:18:17.851 INFO]: RoadRunner(16) is moving SW from (7, 5) to (8,4)
[15:18:17.851 INFO]: RoadRunner is attempting to run away from 1 Coyotes!
[15:18:17.851 INFO]: RoadRunner(2) is moving SE from (4, 7) to (5,8)
[15:18:17.852 INFO]: RoadRunner(17) is moving NE from (7, 6) to (6,7)
[15:18:17.852 INFO]: RoadRunner(18) is moving S from (7, 3) to (8,3)
[15:18:17.852 INFO]: Coyote(33) is moving S from (6, 1) to (7,1)
[15:18:17.853 INFO]: Coyote(25) is moving S from (1, 9) to (2,9)
[15:18:17.853 INFO]: RoadRunner(0) is moving NW from (4, 4) to (3,3)
[15:18:17.854 INFO]: Coyote(20) is moving NW from (1, 8) to (0,7)
[15:18:17.854 INFO]: RoadRunner(4) is moving W from (9, 1) to (9,0)
[15:18:17.854 INFO]: Coyote(28) is moving SE from (1, 0) to (2,1)
[15:18:17.855 INFO]: Coyote(27) is moving NW from (2, 6) to (1,5)
[15:18:17.855 INFO]: Coyote(29) is moving NE from (4, 2) to (3,3)
[15:18:17.856 WARN]: Coyote(29) just ate RoadRunner(0) at cell (3,3)
[15:18:17.856 INFO]: RoadRunner is attempting to run away from 3 Coyotes!
[15:18:17.856 INFO]: RoadRunner(19) is moving NE from (2, 2) to (1,3)
[15:18:17.856 INFO]: RoadRunner is attempting to run away from 2 Coyotes!
[15:18:17.857 INFO]: RoadRunner(5) is moving SE from (1, 2) to (2,3)
[15:18:17.857 INFO]: RoadRunner is attempting to run away from 1 Coyotes!
[15:18:17.857 INFO]: RoadRunner(6) is moving SE from (8, 0) to (9,1)
[15:18:17.857 INFO]: Coyote(22) is moving NW from (5, 1) to (4,0)
[15:18:17.857 WARN]: Coyote(22) just ate RoadRunner(13) at cell (4,0)
[15:18:17.858 INFO]: Coyote(31) is moving NE from (1, 1) to (0,2)
[15:18:17.858 INFO]: RoadRunner(9) is moving NE from (5, 7) to (4,8)
[15:18:17.858 INFO]: RoadRunner is attempting to run away from 1 Coyotes!
[15:18:17.858 INFO]: RoadRunner(10) is moving SE from (0, 3) to (1,4)
[15:18:17.859 INFO]: Coyote(21) is moving E from (3, 6) to (3,7)
[15:18:17.863 INFO]: 
[15:18:17.864 INFO]: Coyotes Left: 14
[15:18:17.864 INFO]: RoadRunners Left: 15
[15:18:28.854 INFO]: 
[15:18:28.854 INFO]: 
[15:18:28.854 INFO]: ########## Age 1 ##########
[15:18:28.854 INFO]: 
[15:18:28.855 INFO]: 
[15:18:28.855 INFO]: RoadRunner(12) is moving S from (5, 3) to (6,3)
[15:18:28.856 INFO]: RoadRunner is attempting to run away from 1 Coyotes!
[15:18:28.856 INFO]: RoadRunner(5) is moving NW from (2, 3) to (1,2)
[15:18:28.856 INFO]: RoadRunner(7) is moving W from (9, 3) to (9,2)
[15:18:28.857 INFO]: RoadRunner is attempting to run away from 1 Coyotes!
[15:18:28.857 INFO]: RoadRunner(19) is moving SE from (1, 3) to (2,4)
[15:18:28.857 INFO]: Coyote(28) is moving NE from (2, 1) to (1,2)
[15:18:28.858 WARN]: Coyote(28) just ate RoadRunner(5) at cell (1,2)
[15:18:28.858 INFO]: RoadRunner(18) is moving SE from (8, 3) to (9,4)
[15:18:28.858 INFO]: RoadRunner is attempting to run away from 1 Coyotes!
[15:18:28.858 INFO]: RoadRunner(9) is moving SE from (4, 8) to (5,9)
[15:18:28.859 INFO]: Coyote(24) is moving E from (9, 8) to (9,9)
[15:18:28.859 INFO]: Coyote(32) is moving NW from (8, 9) to (7,8)
[15:18:28.860 INFO]: Coyote(21) is moving NW from (3, 7) to (2,6)
[15:18:28.860 INFO]: RoadRunner(6) is moving NW from (9, 1) to (8,0)
[15:18:28.860 INFO]: Coyote(31) is moving SW from (0, 2) to (1,1)
[15:18:28.861 INFO]: RoadRunner(2) is moving NE from (5, 8) to (4,9)
[15:18:28.861 INFO]: Coyote(25) is moving N from (2, 9) to (1,9)
[15:18:28.861 INFO]: RoadRunner is attempting to run away from 1 Coyotes!
[15:18:28.862 INFO]: RoadRunner(17) is moving NW from (6, 7) to (5,6)
[15:18:28.862 INFO]: Coyote(20) is moving SW from (0, 7) to (1,6)
[15:18:28.862 INFO]: Coyote(22) is moving NE from (4, 0) to (3,1)
[15:18:28.862 INFO]: RoadRunner is attempting to run away from 2 Coyotes!
[15:18:28.862 INFO]: RoadRunner(10) is moving NW from (1, 4) to (0,3)
[15:18:28.863 INFO]: RoadRunner(15) is moving NW from (5, 5) to (4,4)
[15:18:28.863 INFO]: RoadRunner(16) is moving E from (8, 4) to (8,5)
[15:18:28.863 INFO]: Coyote(33) is moving SW from (7, 1) to (8,0)
[15:18:28.863 WARN]: Coyote(33) just ate RoadRunner(6) at cell (8,0)
[15:18:28.863 INFO]: Coyote(26) is moving N from (2, 8) to (1,8)
[15:18:28.864 INFO]: RoadRunner is attempting to run away from 1 Coyotes!
[15:18:28.864 INFO]: RoadRunner(4) is moving E from (9, 0) to (9,1)
[15:18:28.864 INFO]: RoadRunner(14) is moving S from (7, 4) to (8,4)
[15:18:28.864 INFO]: RoadRunner is attempting to run away from 2 Coyotes!
[15:18:28.865 INFO]: RoadRunner(8) is moving W from (0, 5) to (0,4)
[15:18:28.865 INFO]: Coyote(30) is moving W from (0, 8) to (0,7)
[15:18:28.865 INFO]: Coyote(23) is moving W from (2, 5) to (2,4)
[15:18:28.865 WARN]: Coyote(23) just ate RoadRunner(19) at cell (2,4)
[15:18:28.865 INFO]: Coyote(29) is moving SE from (3, 3) to (4,4)
[15:18:28.865 WARN]: Coyote(29) just ate RoadRunner(15) at cell (4,4)
[15:18:28.866 INFO]: Coyote(27) is moving NW from (1, 5) to (0,4)
[15:18:28.866 WARN]: Coyote(27) just ate RoadRunner(8) at cell (0,4)
[15:18:28.866 INFO]: 
[15:18:28.866 INFO]: Coyotes Left: 14
[15:18:28.866 INFO]: RoadRunners Left: 10
[15:22:46.211 INFO]: 
[15:22:46.214 INFO]: 
[15:22:46.214 INFO]: ########## Age 2 ##########
[15:22:46.214 INFO]: 
[15:22:46.215 INFO]: 
[15:22:46.215 INFO]: Coyote(33) is moving SE from (8, 0) to (9,1)
[15:22:46.216 WARN]: Coyote(33) just ate RoadRunner(4) at cell (9,1)
[15:22:46.216 INFO]: Coyote(29) is moving SE from (4, 4) to (5,5)
[15:22:46.216 INFO]: RoadRunner(9) is moving NW from (5, 9) to (4,8)
[15:22:46.216 INFO]: Coyote(26) is moving SW from (1, 8) to (2,7)
[15:22:46.217 INFO]: Coyote(20) is moving NW from (1, 6) to (0,5)
[15:22:46.217 INFO]: RoadRunner(2) is moving S from (4, 9) to (5,9)
[15:22:46.217 INFO]: Coyote(23) is moving NE from (2, 4) to (1,5)
[15:22:46.217 INFO]: Coyote(30) is moving E from (0, 7) to (0,8)
[15:22:46.218 INFO]: RoadRunner is attempting to run away from 2 Coyotes!
[15:22:46.218 INFO]: Coyote(28) is moving NE from (1, 2) to (0,3)
[15:22:46.218 WARN]: Coyote(28) just ate RoadRunner(10) at cell (0,3)
[15:22:46.219 INFO]: RoadRunner is attempting to run away from 1 Coyotes!
[15:22:46.219 INFO]: RoadRunner(7) is moving NE from (9, 2) to (8,3)
[15:22:46.220 INFO]: Coyote(27) is moving S from (0, 4) to (1,4)
[15:22:46.220 INFO]: RoadRunner(14) is moving SW from (8, 4) to (9,3)
[15:22:46.220 INFO]: RoadRunner(16) is moving SE from (8, 5) to (9,6)
[15:22:46.221 INFO]: Coyote(25) is moving SW from (1, 9) to (2,8)
[15:22:46.221 INFO]: RoadRunner(18) is moving NE from (9, 4) to (8,5)
[15:22:46.221 INFO]: Coyote(31) is moving SE from (1, 1) to (2,2)
[15:22:46.221 INFO]: Coyote(32) is moving NE from (7, 8) to (6,9)
[15:22:46.222 INFO]: Coyote(21) is moving NE from (2, 6) to (1,7)
[15:22:46.222 INFO]: Coyote(24) is moving NW from (9, 9) to (8,8)
[15:22:46.223 INFO]: RoadRunner is attempting to run away from 1 Coyotes!
[15:22:46.223 INFO]: RoadRunner(17) is moving NE from (5, 6) to (4,7)
[15:22:46.223 INFO]: RoadRunner(12) is moving N from (6, 3) to (5,3)
[15:22:46.224 INFO]: Coyote(22) is moving SW from (3, 1) to (4,0)
[15:22:46.224 INFO]: RoadRunner just bred a new RoadRunner at cell (3,8)
[15:22:46.224 INFO]: RoadRunner just bred a new RoadRunner at cell (4,9)
[15:22:46.225 INFO]: RoadRunner just bred a new RoadRunner at cell (7,3)
[15:22:46.225 INFO]: RoadRunner just bred a new RoadRunner at cell (8,4)
[15:22:46.225 INFO]: RoadRunner just bred a new RoadRunner at cell (8,6)
[15:22:46.225 INFO]: RoadRunner just bred a new RoadRunner at cell (7,5)
[15:22:46.225 INFO]: RoadRunner just bred a new RoadRunner at cell (3,7)
[15:22:46.226 INFO]: RoadRunner just bred a new RoadRunner at cell (4,3)
[15:22:46.226 INFO]: 
[15:22:46.226 INFO]: Coyotes Left: 14
[15:22:46.226 INFO]: RoadRunners Left: 16
[15:22:46.708 INFO]: 
[15:22:46.708 INFO]: 
[15:22:46.708 INFO]: ########## Age 3 ##########
[15:22:46.708 INFO]: 
[15:22:46.709 INFO]: 
[15:22:46.709 INFO]: RoadRunner(16) is moving NE from (9, 6) to (8,7)
[15:22:46.710 INFO]: RoadRunner is attempting to run away from 1 Coyotes!
[15:22:46.711 INFO]: RoadRunner(2) is moving W from (5, 9) to (5,8)
[15:22:46.711 INFO]: RoadRunner(14) is moving NW from (9, 3) to (8,2)
[15:22:46.711 INFO]: Coyote(27) is moving SW from (1, 4) to (2,3)
[15:22:46.711 INFO]: RoadRunner(38) is moving SW from (8, 6) to (9,5)
[15:22:46.712 INFO]: Coyote(31) is moving S from (2, 2) to (3,2)
[15:22:46.712 INFO]: Coyote(26) is moving S from (2, 7) to (3,7)
[15:22:46.712 WARN]: Coyote(26) just ate RoadRunner(40) at cell (3,7)
[15:22:46.712 INFO]: Coyote(20) is moving SE from (0, 5) to (1,6)
[15:22:46.712 INFO]: Coyote(25) is moving S from (2, 8) to (3,8)
[15:22:46.713 WARN]: Coyote(25) just ate RoadRunner(34) at cell (3,8)
[15:22:46.713 INFO]: RoadRunner(36) is moving NW from (7, 3) to (6,2)
[15:22:46.713 INFO]: RoadRunner is attempting to run away from 2 Coyotes!
[15:22:46.713 INFO]: RoadRunner(9) is moving SE from (4, 8) to (5,9)
[15:22:46.713 INFO]: RoadRunner(12) is moving W from (5, 3) to (5,2)
[15:22:46.714 INFO]: Coyote(30) is moving W from (0, 8) to (0,7)
[15:22:46.714 INFO]: Coyote(29) is moving NW from (5, 5) to (4,4)
[15:22:46.714 INFO]: RoadRunner is attempting to run away from 2 Coyotes!
[15:22:46.714 INFO]: RoadRunner(41) is moving S from (4, 3) to (5,3)
[15:22:46.714 INFO]: RoadRunner(39) is moving E from (7, 5) to (7,6)
[15:22:46.715 INFO]: Coyote(28) is moving W from (0, 3) to (0,2)
[15:22:46.715 INFO]: Coyote(23) is moving S from (1, 5) to (2,5)
[15:22:46.715 INFO]: Coyote(24) is moving W from (8, 8) to (8,7)
[15:22:46.715 WARN]: Coyote(24) just ate RoadRunner(16) at cell (8,7)
[15:22:46.716 INFO]: Coyote(22) is moving SE from (4, 0) to (5,1)
[15:22:46.716 INFO]: Coyote(21) is moving NW from (1, 7) to (0,6)
[15:22:46.716 INFO]: Coyote(33) is moving NE from (9, 1) to (8,2)
[15:22:46.716 WARN]: Coyote(33) just ate RoadRunner(14) at cell (8,2)
[15:22:46.716 INFO]: RoadRunner(18) is moving NW from (8, 5) to (7,4)
[15:22:46.716 INFO]: RoadRunner is attempting to run away from 1 Coyotes!
[15:22:46.717 INFO]: RoadRunner(35) is moving N from (4, 9) to (3,9)
[15:22:46.717 INFO]: RoadRunner(37) is moving NE from (8, 4) to (7,5)
[15:22:46.717 INFO]: RoadRunner is attempting to run away from 1 Coyotes!
[15:22:46.717 INFO]: RoadRunner(7) is moving SE from (8, 3) to (9,4)
[15:22:46.717 INFO]: RoadRunner is attempting to run away from 2 Coyotes!
[15:22:46.718 INFO]: RoadRunner(17) is moving SW from (4, 7) to (5,6)
[15:22:46.718 INFO]: Coyote(32) is moving N from (6, 9) to (5,9)
[15:22:46.718 WARN]: Coyote(32) just ate RoadRunner(9) at cell (5,9)
[15:22:46.718 INFO]: 
[15:22:46.719 INFO]: Coyotes Left: 14
[15:22:46.719 INFO]: RoadRunners Left: 11
[15:22:47.060 INFO]: 
[15:22:47.061 INFO]: 
[15:22:47.061 INFO]: ########## Age 4 ##########
[15:22:47.061 INFO]: 
[15:22:47.062 INFO]: 
[15:22:47.062 WARN]: Coyote(20) died to starvation!
[15:22:47.062 INFO]: Coyote(28) is moving W from (0, 2) to (0,1)
[15:22:47.063 INFO]: Coyote(26) is moving NE from (3, 7) to (2,8)
[15:22:47.063 INFO]: Coyote(33) is moving NW from (8, 2) to (7,1)
[15:22:47.063 WARN]: Coyote(30) died to starvation!
[15:22:47.063 INFO]: Coyote(24) is moving NW from (8, 7) to (7,6)
[15:22:47.063 WARN]: Coyote(24) just ate RoadRunner(39) at cell (7,6)
[15:22:47.064 INFO]: RoadRunner is attempting to run away from 2 Coyotes!
[15:22:47.064 INFO]: RoadRunner(36) is moving SE from (6, 2) to (7,3)
[15:22:47.064 INFO]: RoadRunner is attempting to run away from 1 Coyotes!
[15:22:47.064 INFO]: RoadRunner(37) is moving NW from (7, 5) to (6,4)
[15:22:47.064 WARN]: Coyote(31) died to starvation!
[15:22:47.065 INFO]: Coyote(27) is moving SE from (2, 3) to (3,4)
[15:22:47.065 INFO]: RoadRunner(18) is moving SE from (7, 4) to (8,5)
[15:22:47.065 INFO]: RoadRunner is attempting to run away from 1 Coyotes!
[15:22:47.065 INFO]: RoadRunner(41) is moving SW from (5, 3) to (6,2)
[15:22:47.066 WARN]: Coyote(21) died to starvation!
[15:22:47.066 INFO]: Coyote(29) is moving SW from (4, 4) to (5,3)
[15:22:47.066 INFO]: Coyote(25) is moving E from (3, 8) to (3,9)
[15:22:47.067 WARN]: Coyote(25) just ate RoadRunner(35) at cell (3,9)
[15:22:47.067 INFO]: RoadRunner is attempting to run away from 1 Coyotes!
[15:22:47.067 INFO]: RoadRunner(2) is moving NW from (5, 8) to (4,7)
[15:22:47.068 INFO]: RoadRunner(7) is moving NW from (9, 4) to (8,3)
[15:22:47.068 INFO]: Coyote(32) is moving SW from (5, 9) to (6,8)
[15:22:47.069 INFO]: RoadRunner is attempting to run away from 2 Coyotes!
[15:22:47.069 INFO]: RoadRunner(12) is moving N from (5, 2) to (4,2)
[15:22:47.069 WARN]: Coyote(22) died to starvation!
[15:22:47.070 INFO]: RoadRunner(38) is moving W from (9, 5) to (9,4)
[15:22:47.070 INFO]: Coyote(23) is moving S from (2, 5) to (3,5)
[15:22:47.070 INFO]: RoadRunner(17) is moving SE from (5, 6) to (6,7)
[15:22:47.070 INFO]: 
[15:22:47.071 INFO]: Coyotes Left: 9
[15:22:47.071 INFO]: RoadRunners Left: 9
[15:22:49.688 INFO]: 
[15:22:49.688 INFO]: 
[15:22:49.688 INFO]: ########## Age 5 ##########
[15:22:49.688 INFO]: 
[15:22:49.688 INFO]: 
[15:22:49.689 INFO]: RoadRunner is attempting to run away from 1 Coyotes!
[15:22:49.689 INFO]: RoadRunner(18) is moving S from (8, 5) to (9,5)
[15:22:49.690 INFO]: Coyote(26) is moving W from (2, 8) to (2,7)
[15:22:49.690 INFO]: RoadRunner(36) is moving N from (7, 3) to (6,3)
[15:22:49.690 WARN]: Coyote(29) died to starvation!
[15:22:49.691 INFO]: RoadRunner(2) is moving SE from (4, 7) to (5,8)
[15:22:49.691 INFO]: Coyote(33) is moving NE from (7, 1) to (6,2)
[15:22:49.691 WARN]: Coyote(33) just ate RoadRunner(41) at cell (6,2)
[15:22:49.691 WARN]: Coyote(27) died to starvation!
[15:22:49.691 INFO]: Coyote(24) is moving NE from (7, 6) to (6,7)
[15:22:49.692 WARN]: Coyote(24) just ate RoadRunner(17) at cell (6,7)
[15:22:49.692 INFO]: Coyote(25) is moving N from (3, 9) to (2,9)
[15:22:49.692 WARN]: Coyote(23) died to starvation!
[15:22:49.692 INFO]: RoadRunner(12) is moving SE from (4, 2) to (5,3)
[15:22:49.692 INFO]: RoadRunner(37) is moving NE from (6, 4) to (5,5)
[15:22:49.693 INFO]: Coyote(28) is moving W from (0, 1) to (0,0)
[15:22:49.693 INFO]: Coyote(32) is moving N from (6, 8) to (5,8)
[15:22:49.693 WARN]: Coyote(32) just ate RoadRunner(2) at cell (5,8)
[15:22:49.693 INFO]: RoadRunner(7) is moving S from (8, 3) to (9,3)
[15:22:49.693 INFO]: RoadRunner(38) is moving NW from (9, 4) to (8,3)
[15:22:49.694 INFO]: RoadRunner just bred a new RoadRunner at cell (8,5)
[15:22:49.694 INFO]: RoadRunner just bred a new RoadRunner at cell (5,4)
[15:22:49.694 INFO]: RoadRunner just bred a new RoadRunner at cell (4,3)
[15:22:49.694 INFO]: RoadRunner just bred a new RoadRunner at cell (4,5)
[15:22:49.694 INFO]: RoadRunner just bred a new RoadRunner at cell (8,4)
[15:22:49.695 INFO]: RoadRunner just bred a new RoadRunner at cell (7,3)
[15:22:49.695 INFO]: 
[15:22:49.695 INFO]: Coyotes Left: 6
[15:22:49.695 INFO]: RoadRunners Left: 12
[15:22:51.098 INFO]: 
[15:22:51.098 INFO]: 
[15:22:51.098 INFO]: ########## Age 6 ##########
[15:22:51.098 INFO]: 
[15:22:51.099 INFO]: 
[15:22:51.099 INFO]: RoadRunner(42) is moving E from (8, 5) to (8,6)
[15:22:51.099 INFO]: RoadRunner(18) is moving N from (9, 5) to (8,5)
[15:22:51.100 INFO]: RoadRunner(37) is moving E from (5, 5) to (5,6)
[15:22:51.100 INFO]: RoadRunner is attempting to run away from 1 Coyotes!
[15:22:51.100 INFO]: RoadRunner(36) is moving SE from (6, 3) to (7,4)
[15:22:51.101 INFO]: Coyote(25) is moving S from (2, 9) to (3,9)
[15:22:51.101 INFO]: Coyote(33) is moving NE from (6, 2) to (5,3)
[15:22:51.101 WARN]: Coyote(33) just ate RoadRunner(12) at cell (5,3)
[15:22:51.102 INFO]: RoadRunner(7) is moving E from (9, 3) to (9,4)
[15:22:51.102 INFO]: RoadRunner(38) is moving W from (8, 3) to (8,2)
[15:22:51.102 INFO]: RoadRunner(45) is moving E from (4, 5) to (4,6)
[15:22:51.102 INFO]: RoadRunner is attempting to run away from 1 Coyotes!
[15:22:51.103 INFO]: RoadRunner(44) is moving NE from (4, 3) to (3,4)
[15:22:51.103 INFO]: RoadRunner(46) is moving NE from (8, 4) to (7,5)
[15:22:51.103 INFO]: RoadRunner is attempting to run away from 1 Coyotes!
[15:22:51.103 INFO]: RoadRunner(43) is moving NE from (5, 4) to (4,5)
[15:22:51.103 INFO]: Coyote(26) is moving S from (2, 7) to (3,7)
[15:22:51.103 INFO]: Coyote(32) is moving W from (5, 8) to (5,7)
[15:22:51.104 INFO]: RoadRunner(47) is moving N from (7, 3) to (6,3)
[15:22:51.104 WARN]: Coyote(28) died to starvation!
[15:22:51.104 INFO]: Coyote(24) is moving NW from (6, 7) to (5,6)
[15:22:51.104 WARN]: Coyote(24) just ate RoadRunner(37) at cell (5,6)
[15:22:51.104 INFO]: 
[15:22:51.104 INFO]: Coyotes Left: 5
[15:22:51.104 INFO]: RoadRunners Left: 10
[15:22:51.835 INFO]: 
[15:22:51.836 INFO]: 
[15:22:51.836 INFO]: ########## Age 7 ##########
[15:22:51.836 INFO]: 
[15:22:51.836 INFO]: 
[15:22:51.837 INFO]: RoadRunner(42) is moving SE from (8, 6) to (9,7)
[15:22:51.837 INFO]: RoadRunner(18) is moving W from (8, 5) to (8,4)
[15:22:51.837 WARN]: Coyote(26) died to starvation!
[15:22:51.837 INFO]: Coyote(25) is moving SW from (3, 9) to (4,8)
[15:22:51.838 INFO]: Coyote(33) is moving S from (5, 3) to (6,3)
[15:22:51.838 WARN]: Coyote(33) just ate RoadRunner(47) at cell (6,3)
[15:22:51.838 INFO]: RoadRunner(44) is moving W from (3, 4) to (3,3)
[15:22:51.838 INFO]: Coyote(24) is moving N from (5, 6) to (4,6)
[15:22:51.838 WARN]: Coyote(24) just ate RoadRunner(45) at cell (4,6)
[15:22:51.839 INFO]: RoadRunner is attempting to run away from 1 Coyotes!
[15:22:51.839 INFO]: RoadRunner(36) is moving SE from (7, 4) to (8,5)
[15:22:51.839 INFO]: Coyote(32) is moving W from (5, 7) to (5,6)
[15:22:51.839 INFO]: RoadRunner(46) is moving W from (7, 5) to (7,4)
[15:22:51.839 INFO]: RoadRunner is attempting to run away from 2 Coyotes!
[15:22:51.839 INFO]: RoadRunner(43) is moving NW from (4, 5) to (3,4)
[15:22:51.839 INFO]: RoadRunner(38) is moving N from (8, 2) to (7,2)
[15:22:51.840 INFO]: RoadRunner(7) is moving W from (9, 4) to (9,3)
[15:22:51.840 INFO]: Coyote just bred a new Coyote at cell (3,8)
[15:22:51.840 INFO]: Coyote just bred a new Coyote at cell (5,3)
[15:22:51.840 INFO]: Coyote just bred a new Coyote at cell (3,6)
[15:22:51.840 INFO]: Coyote just bred a new Coyote at cell (4,7)
[15:22:51.841 INFO]: 
[15:22:51.841 INFO]: Coyotes Left: 8
[15:22:51.841 INFO]: RoadRunners Left: 8
[15:22:53.166 INFO]: 
[15:22:53.167 INFO]: 
[15:22:53.167 INFO]: ########## Age 8 ##########
[15:22:53.167 INFO]: 
[15:22:53.167 INFO]: 
[15:22:53.168 INFO]: Coyote(50) is moving SW from (3, 6) to (4,5)
[15:22:53.168 INFO]: Coyote(51) is moving S from (4, 7) to (5,7)
[15:22:53.168 INFO]: Coyote(32) is moving NE from (5, 6) to (4,7)
[15:22:53.169 INFO]: RoadRunner(44) is moving NW from (3, 3) to (2,2)
[15:22:53.169 INFO]: RoadRunner(36) is moving E from (8, 5) to (8,6)
[15:22:53.169 INFO]: RoadRunner(42) is moving NE from (9, 7) to (8,8)
[15:22:53.169 INFO]: Coyote(49) is moving NW from (5, 3) to (4,2)
[15:22:53.169 INFO]: RoadRunner(7) is moving NW from (9, 3) to (8,2)
[15:22:53.169 INFO]: RoadRunner is attempting to run away from 1 Coyotes!
[15:22:53.170 INFO]: RoadRunner(46) is moving SE from (7, 4) to (8,5)
[15:22:53.170 INFO]: Coyote(33) is moving SW from (6, 3) to (7,2)
[15:22:53.170 WARN]: Coyote(33) just ate RoadRunner(38) at cell (7,2)
[15:22:53.170 INFO]: RoadRunner is attempting to run away from 1 Coyotes!
[15:22:53.170 INFO]: RoadRunner(43) is moving NW from (3, 4) to (2,3)
[15:22:53.171 INFO]: Coyote(48) is moving NW from (3, 8) to (2,7)
[15:22:53.171 WARN]: Coyote(25) died to starvation!
[15:22:53.171 INFO]: Coyote(24) is moving S from (4, 6) to (5,6)
[15:22:53.171 INFO]: RoadRunner(18) is moving SE from (8, 4) to (9,5)
[15:22:53.172 INFO]: RoadRunner just bred a new RoadRunner at cell (1,2)
[15:22:53.172 INFO]: RoadRunner just bred a new RoadRunner at cell (7,6)
[15:22:53.172 INFO]: RoadRunner just bred a new RoadRunner at cell (7,8)
[15:22:53.172 INFO]: RoadRunner just bred a new RoadRunner at cell (7,3)
[15:22:53.173 INFO]: RoadRunner just bred a new RoadRunner at cell (7,5)
[15:22:53.173 INFO]: RoadRunner just bred a new RoadRunner at cell (1,3)
[15:22:53.173 INFO]: RoadRunner just bred a new RoadRunner at cell (8,4)
[15:22:53.173 INFO]: 
[15:22:53.173 INFO]: Coyotes Left: 7
[15:22:53.173 INFO]: RoadRunners Left: 14
[15:22:54.271 INFO]: 
[15:22:54.272 INFO]: 
[15:22:54.273 INFO]: ########## Age 9 ##########
[15:22:54.273 INFO]: 
[15:22:54.273 INFO]: 
[15:22:54.273 INFO]: RoadRunner(43) is moving S from (2, 3) to (3,3)
[15:22:54.274 INFO]: RoadRunner(52) is moving SE from (1, 2) to (2,3)
[15:22:54.274 INFO]: RoadRunner(53) is moving N from (7, 6) to (6,6)
[15:22:54.275 INFO]: Coyote(51) is moving SW from (5, 7) to (6,6)
[15:22:54.275 WARN]: Coyote(51) just ate RoadRunner(53) at cell (6,6)
[15:22:54.275 INFO]: RoadRunner(57) is moving N from (1, 3) to (0,3)
[15:22:54.275 INFO]: Coyote(48) is moving W from (2, 7) to (2,6)
[15:22:54.276 INFO]: RoadRunner(18) is moving W from (9, 5) to (9,4)
[15:22:54.276 INFO]: RoadRunner(54) is moving NW from (7, 8) to (6,7)
[15:22:54.276 INFO]: Coyote(50) is moving W from (4, 5) to (4,4)
[15:22:54.276 INFO]: RoadRunner(36) is moving NE from (8, 6) to (7,7)
[15:22:54.277 INFO]: RoadRunner is attempting to run away from 1 Coyotes!
[15:22:54.277 INFO]: RoadRunner(55) is moving NE from (7, 3) to (6,4)
[15:22:54.277 INFO]: RoadRunner is attempting to run away from 1 Coyotes!
[15:22:54.277 INFO]: RoadRunner(7) is moving SE from (8, 2) to (9,3)
[15:22:54.277 INFO]: Coyote(49) is moving NE from (4, 2) to (3,3)
[15:22:54.278 WARN]: Coyote(49) just ate RoadRunner(43) at cell (3,3)
[15:22:54.278 INFO]: RoadRunner(58) is moving SE from (8, 4) to (9,5)
[15:22:54.278 INFO]: RoadRunner is attempting to run away from 1 Coyotes!
[15:22:54.278 INFO]: RoadRunner(44) is moving NW from (2, 2) to (1,1)
[15:22:54.278 INFO]: RoadRunner is attempting to run away from 1 Coyotes!
[15:22:54.278 INFO]: RoadRunner(56) is moving SW from (7, 5) to (8,4)
[15:22:54.278 WARN]: Coyote(32) died to starvation!
[15:22:54.278 INFO]: Coyote(24) is moving SE from (5, 6) to (6,7)
[15:22:54.278 WARN]: Coyote(24) just ate RoadRunner(54) at cell (6,7)
[15:22:54.278 INFO]: RoadRunner(42) is moving SW from (8, 8) to (9,7)
[15:22:54.279 INFO]: Coyote(33) is moving NE from (7, 2) to (6,3)
[15:22:54.279 INFO]: RoadRunner(46) is moving NE from (8, 5) to (7,6)
[15:22:54.279 INFO]: 
[15:22:54.279 INFO]: Coyotes Left: 6
[15:22:54.279 INFO]: RoadRunners Left: 11
[15:22:55.321 INFO]: 
[15:22:55.321 INFO]: 
[15:22:55.321 INFO]: ########## Age 10 ##########
[15:22:55.322 INFO]: 
[15:22:55.322 INFO]: 
[15:22:55.322 INFO]: RoadRunner(42) is moving W from (9, 7) to (9,6)
[15:22:55.323 INFO]: RoadRunner(18) is moving NW from (9, 4) to (8,3)
[15:22:55.323 INFO]: RoadRunner(58) is moving NE from (9, 5) to (8,6)
[15:22:55.323 INFO]: RoadRunner(44) is moving N from (1, 1) to (0,1)
[15:22:55.323 INFO]: RoadRunner(56) is moving E from (8, 4) to (8,5)
[15:22:55.323 INFO]: RoadRunner(7) is moving NW from (9, 3) to (8,2)
[15:22:55.323 INFO]: RoadRunner is attempting to run away from 2 Coyotes!
[15:22:55.324 INFO]: RoadRunner(46) is moving SE from (7, 6) to (8,7)
[15:22:55.324 INFO]: RoadRunner is attempting to run away from 1 Coyotes!
[15:22:55.324 INFO]: RoadRunner(55) is moving NE from (6, 4) to (5,5)
[15:22:55.325 INFO]: Coyote(50) is moving SE from (4, 4) to (5,5)
[15:22:55.325 WARN]: Coyote(50) just ate RoadRunner(55) at cell (5,5)
[15:22:55.325 INFO]: Coyote(48) is moving N from (2, 6) to (1,6)
[15:22:55.325 INFO]: Coyote(33) is moving N from (6, 3) to (5,3)
[15:22:55.325 INFO]: RoadRunner is attempting to run away from 2 Coyotes!
[15:22:55.326 INFO]: RoadRunner(36) is moving SE from (7, 7) to (8,8)
[15:22:55.326 INFO]: RoadRunner is attempting to run away from 1 Coyotes!
[15:22:55.326 INFO]: RoadRunner(52) is moving NE from (2, 3) to (1,4)
[15:22:55.326 INFO]: Coyote(49) is moving SE from (3, 3) to (4,4)
[15:22:55.326 INFO]: RoadRunner(57) is moving E from (0, 3) to (0,4)
[15:22:55.326 INFO]: Coyote(51) is moving N from (6, 6) to (5,6)
[15:22:55.326 INFO]: Coyote(24) is moving SE from (6, 7) to (7,8)
[15:22:55.327 INFO]: 
[15:22:55.327 INFO]: Coyotes Left: 6
[15:22:55.327 INFO]: RoadRunners Left: 10
[15:22:56.579 INFO]: 
[15:22:56.579 INFO]: 
[15:22:56.580 INFO]: ########## Age 11 ##########
[15:22:56.580 INFO]: 
[15:22:56.580 INFO]: 
[15:22:56.580 INFO]: RoadRunner(7) is moving N from (8, 2) to (7,2)
[15:22:56.580 WARN]: Coyote(48) died to starvation!
[15:22:56.580 INFO]: RoadRunner is attempting to run away from 1 Coyotes!
[15:22:56.581 INFO]: RoadRunner(36) is moving SE from (8, 8) to (9,9)
[15:22:56.581 INFO]: RoadRunner(44) is moving W from (0, 1) to (0,0)
[15:22:56.581 INFO]: RoadRunner(18) is moving NE from (8, 3) to (7,4)
[15:22:56.581 INFO]: Coyote(49) is moving S from (4, 4) to (5,4)
[15:22:56.581 INFO]: RoadRunner is attempting to run away from 1 Coyotes!
[15:22:56.582 INFO]: RoadRunner(46) is moving S from (8, 7) to (9,7)
[15:22:56.582 INFO]: RoadRunner(42) is moving NE from (9, 6) to (8,7)
[15:22:56.582 INFO]: RoadRunner(57) is moving SE from (0, 4) to (1,5)
[15:22:56.582 INFO]: Coyote(51) is moving E from (5, 6) to (5,7)
[15:22:56.582 INFO]: RoadRunner(52) is moving SE from (1, 4) to (2,5)
[15:22:56.583 INFO]: RoadRunner(56) is moving NE from (8, 5) to (7,6)
[15:22:56.583 INFO]: Coyote(24) is moving SW from (7, 8) to (8,7)
[15:22:56.583 WARN]: Coyote(24) just ate RoadRunner(42) at cell (8,7)
[15:22:56.583 INFO]: Coyote(33) is moving NE from (5, 3) to (4,4)
[15:22:56.583 INFO]: Coyote(50) is moving E from (5, 5) to (5,6)
[15:22:56.583 INFO]: RoadRunner is attempting to run away from 1 Coyotes!
[15:22:56.583 INFO]: RoadRunner(58) is moving NW from (8, 6) to (7,5)
[15:22:56.583 INFO]: RoadRunner just bred a new RoadRunner at cell (6,2)
[15:22:56.583 INFO]: RoadRunner just bred a new RoadRunner at cell (8,9)
[15:22:56.584 INFO]: RoadRunner just bred a new RoadRunner at cell (1,0)
[15:22:56.584 INFO]: RoadRunner just bred a new RoadRunner at cell (6,4)
[15:22:56.584 INFO]: RoadRunner just bred a new RoadRunner at cell (8,8)
[15:22:56.584 INFO]: RoadRunner just bred a new RoadRunner at cell (0,5)
[15:22:56.584 INFO]: RoadRunner just bred a new RoadRunner at cell (1,6)
[15:22:56.584 INFO]: RoadRunner just bred a new RoadRunner at cell (6,6)
[15:22:56.584 INFO]: RoadRunner just bred a new RoadRunner at cell (6,5)
[15:22:56.584 INFO]: 
[15:22:56.584 INFO]: Coyotes Left: 5
[15:22:56.584 INFO]: RoadRunners Left: 18
[15:22:57.526 INFO]: 
[15:22:57.526 INFO]: 
[15:22:57.526 INFO]: ########## Age 12 ##########
[15:22:57.526 INFO]: 
[15:22:57.526 INFO]: 
[15:22:57.527 INFO]: RoadRunner is attempting to run away from 2 Coyotes!
[15:22:57.527 INFO]: RoadRunner(66) is moving SE from (6, 6) to (7,7)
[15:22:57.528 INFO]: Coyote(50) is moving SW from (5, 6) to (6,5)
[15:22:57.528 WARN]: Coyote(50) just ate RoadRunner(67) at cell (6,5)
[15:22:57.528 INFO]: RoadRunner(57) is moving NW from (1, 5) to (0,4)
[15:22:57.528 INFO]: Coyote(51) is moving W from (5, 7) to (5,6)
[15:22:57.528 INFO]: RoadRunner is attempting to run away from 1 Coyotes!
[15:22:57.528 INFO]: RoadRunner(18) is moving SW from (7, 4) to (8,3)
[15:22:57.529 INFO]: RoadRunner(36) is moving W from (9, 9) to (9,8)
[15:22:57.529 INFO]: RoadRunner(7) is moving S from (7, 2) to (8,2)
[15:22:57.529 INFO]: RoadRunner(59) is moving NE from (6, 2) to (5,3)
[15:22:57.529 INFO]: RoadRunner(44) is moving E from (0, 0) to (0,1)
[15:22:57.529 WARN]: Coyote(33) died to starvation!
[15:22:57.529 INFO]: RoadRunner is attempting to run away from 2 Coyotes!
[15:22:57.529 INFO]: RoadRunner(62) is moving SW from (6, 4) to (7,3)
[15:22:57.530 INFO]: RoadRunner(52) is moving SE from (2, 5) to (3,6)
[15:22:57.530 INFO]: Coyote(24) is moving N from (8, 7) to (7,7)
[15:22:57.530 WARN]: Coyote(24) just ate RoadRunner(66) at cell (7,7)
[15:22:57.530 INFO]: RoadRunner(46) is moving NW from (9, 7) to (8,6)
[15:22:57.530 INFO]: RoadRunner(61) is moving S from (1, 0) to (2,0)
[15:22:57.530 INFO]: RoadRunner(60) is moving S from (8, 9) to (9,9)
[15:22:57.531 INFO]: RoadRunner(65) is moving N from (1, 6) to (0,6)
[15:22:57.531 INFO]: RoadRunner is attempting to run away from 1 Coyotes!
[15:22:57.531 INFO]: RoadRunner(58) is moving SW from (7, 5) to (8,4)
[15:22:57.531 INFO]: RoadRunner is attempting to run away from 1 Coyotes!
[15:22:57.531 INFO]: RoadRunner(63) is moving E from (8, 8) to (8,9)
[15:22:57.531 INFO]: RoadRunner(64) is moving SW from (0, 5) to (1,4)
[15:22:57.532 INFO]: Coyote(49) is moving W from (5, 4) to (5,3)
[15:22:57.532 WARN]: Coyote(49) just ate RoadRunner(59) at cell (5,3)
[15:22:57.532 INFO]: RoadRunner is attempting to run away from 2 Coyotes!
[15:22:57.532 INFO]: RoadRunner(56) is moving SW from (7, 6) to (8,5)
[15:22:57.532 INFO]: 
[15:22:57.532 INFO]: Coyotes Left: 4
[15:22:57.532 INFO]: RoadRunners Left: 15
[15:22:58.879 INFO]: 
[15:22:58.880 INFO]: 
[15:22:58.880 INFO]: ########## Age 13 ##########
[15:22:58.880 INFO]: 
[15:22:58.880 INFO]: 
[15:22:58.880 INFO]: RoadRunner(60) is moving NW from (9, 9) to (8,8)
[15:22:58.881 INFO]: RoadRunner(36) is moving NW from (9, 8) to (8,7)
[15:22:58.881 INFO]: RoadRunner(63) is moving N from (8, 9) to (7,9)
[15:22:58.881 INFO]: Coyote(24) is moving S from (7, 7) to (8,7)
[15:22:58.881 WARN]: Coyote(24) just ate RoadRunner(36) at cell (8,7)
[15:22:58.881 WARN]: Coyote(51) died to starvation!
[15:22:58.881 INFO]: RoadRunner(44) is moving W from (0, 1) to (0,0)
[15:22:58.881 INFO]: RoadRunner(58) is moving S from (8, 4) to (9,4)
[15:22:58.882 INFO]: RoadRunner(65) is moving SE from (0, 6) to (1,7)
[15:22:58.882 INFO]: RoadRunner(62) is moving SE from (7, 3) to (8,4)
[15:22:58.882 INFO]: RoadRunner(56) is moving SE from (8, 5) to (9,6)
[15:22:58.883 INFO]: Coyote(50) is moving NE from (6, 5) to (5,6)
[15:22:58.883 INFO]: RoadRunner is attempting to run away from 1 Coyotes!
[15:22:58.883 INFO]: RoadRunner(46) is moving NW from (8, 6) to (7,5)
[15:22:58.883 INFO]: RoadRunner(64) is moving SE from (1, 4) to (2,5)
[15:22:58.883 INFO]: RoadRunner(57) is moving S from (0, 4) to (1,4)
[15:22:58.884 INFO]: RoadRunner(7) is moving W from (8, 2) to (8,1)
[15:22:58.884 INFO]: RoadRunner(18) is moving S from (8, 3) to (9,3)
[15:22:58.884 INFO]: RoadRunner(61) is moving NE from (2, 0) to (1,1)
[15:22:58.884 INFO]: RoadRunner(52) is moving S from (3, 6) to (4,6)
[15:22:58.884 INFO]: Coyote(49) is moving N from (5, 3) to (4,3)
[15:22:58.885 INFO]: 
[15:22:58.885 INFO]: Coyotes Left: 3
[15:22:58.885 INFO]: RoadRunners Left: 14
[15:22:59.761 INFO]: 
[15:22:59.761 INFO]: 
[15:22:59.761 INFO]: ########## Age 14 ##########
[15:22:59.761 INFO]: 
[15:22:59.761 INFO]: 
[15:22:59.761 INFO]: RoadRunner(62) is moving NW from (8, 4) to (7,3)
[15:22:59.762 INFO]: Coyote(49) is moving SW from (4, 3) to (5,2)
[15:22:59.762 INFO]: RoadRunner is attempting to run away from 1 Coyotes!
[15:22:59.762 INFO]: RoadRunner(52) is moving NE from (4, 6) to (3,7)
[15:22:59.762 INFO]: RoadRunner(58) is moving NE from (9, 4) to (8,5)
[15:22:59.763 INFO]: RoadRunner(64) is moving SW from (2, 5) to (3,4)
[15:22:59.763 INFO]: RoadRunner(18) is moving N from (9, 3) to (8,3)
[15:22:59.763 INFO]: Coyote(24) is moving SW from (8, 7) to (9,6)
[15:22:59.763 WARN]: Coyote(24) just ate RoadRunner(56) at cell (9,6)
[15:22:59.764 INFO]: RoadRunner(63) is moving S from (7, 9) to (8,9)
[15:22:59.764 INFO]: RoadRunner(7) is moving N from (8, 1) to (7,1)
[15:22:59.764 INFO]: RoadRunner(61) is moving S from (1, 1) to (2,1)
[15:22:59.764 INFO]: Coyote(50) is moving SE from (5, 6) to (6,7)
[15:22:59.764 INFO]: RoadRunner(57) is moving W from (1, 4) to (1,3)
[15:22:59.764 INFO]: RoadRunner(60) is moving S from (8, 8) to (9,8)
[15:22:59.764 INFO]: RoadRunner(44) is moving SE from (0, 0) to (1,1)
[15:22:59.764 INFO]: RoadRunner(65) is moving NW from (1, 7) to (0,6)
[15:22:59.765 INFO]: RoadRunner(46) is moving SW from (7, 5) to (8,4)
[15:22:59.765 INFO]: RoadRunner just bred a new RoadRunner at cell (6,3)
[15:22:59.765 INFO]: RoadRunner just bred a new RoadRunner at cell (2,7)
[15:22:59.765 INFO]: RoadRunner just bred a new RoadRunner at cell (7,5)
[15:22:59.765 INFO]: RoadRunner just bred a new RoadRunner at cell (2,4)
[15:22:59.765 INFO]: RoadRunner just bred a new RoadRunner at cell (7,4)
[15:22:59.765 INFO]: RoadRunner just bred a new RoadRunner at cell (7,9)
[15:22:59.765 INFO]: RoadRunner just bred a new RoadRunner at cell (6,1)
[15:22:59.765 INFO]: RoadRunner just bred a new RoadRunner at cell (1,2)
[15:22:59.766 INFO]: RoadRunner just bred a new RoadRunner at cell (0,3)
[15:22:59.766 INFO]: RoadRunner just bred a new RoadRunner at cell (8,8)
[15:22:59.766 INFO]: RoadRunner just bred a new RoadRunner at cell (0,1)
[15:22:59.766 INFO]: RoadRunner just bred a new RoadRunner at cell (1,6)
[15:22:59.766 INFO]: RoadRunner just bred a new RoadRunner at cell (9,4)
[15:22:59.766 INFO]: 
[15:22:59.766 INFO]: Coyotes Left: 3
[15:22:59.766 INFO]: RoadRunners Left: 26
[15:23:02.991 INFO]: 
[15:23:02.991 INFO]: 
[15:23:02.991 INFO]: ########## Age 15 ##########
[15:23:02.991 INFO]: 
[15:23:02.991 INFO]: 
[15:23:02.991 INFO]: RoadRunner is attempting to run away from 1 Coyotes!
[15:23:02.992 INFO]: RoadRunner(58) is moving NE from (8, 5) to (7,6)
[15:23:02.992 INFO]: RoadRunner(77) is moving SW from (8, 8) to (9,7)
[15:23:02.992 INFO]: RoadRunner(57) is moving E from (1, 3) to (1,4)
[15:23:02.993 INFO]: RoadRunner(52) is moving E from (3, 7) to (3,8)
[15:23:02.993 INFO]: RoadRunner(46) is moving E from (8, 4) to (8,5)
[15:23:02.993 INFO]: RoadRunner(71) is moving SW from (2, 4) to (3,3)
[15:23:02.993 INFO]: RoadRunner(65) is moving W from (0, 6) to (0,5)
[15:23:02.993 INFO]: RoadRunner(60) is moving NW from (9, 8) to (8,7)
[15:23:02.993 INFO]: RoadRunner(64) is moving SE from (3, 4) to (4,5)
[15:23:02.994 INFO]: Coyote(24) is moving NE from (9, 6) to (8,7)
[15:23:02.994 WARN]: Coyote(24) just ate RoadRunner(60) at cell (8,7)
[15:23:02.994 INFO]: RoadRunner(78) is moving W from (0, 1) to (0,0)
[15:23:02.994 INFO]: RoadRunner is attempting to run away from 1 Coyotes!
[15:23:02.994 INFO]: RoadRunner(74) is moving SW from (6, 1) to (7,0)
[15:23:02.994 INFO]: RoadRunner(69) is moving W from (2, 7) to (2,6)
[15:23:02.994 INFO]: RoadRunner(75) is moving SE from (1, 2) to (2,3)
[15:23:02.994 INFO]: RoadRunner(72) is moving S from (7, 4) to (8,4)
[15:23:02.995 INFO]: RoadRunner is attempting to run away from 1 Coyotes!
[15:23:02.995 INFO]: RoadRunner(68) is moving SE from (6, 3) to (7,4)
[15:23:02.995 INFO]: RoadRunner(80) is moving W from (9, 4) to (9,3)
[15:23:02.995 INFO]: RoadRunner(61) is moving W from (2, 1) to (2,0)
[15:23:02.995 INFO]: RoadRunner(70) is moving N from (7, 5) to (6,5)
[15:23:02.995 INFO]: RoadRunner(7) is moving SW from (7, 1) to (8,0)
[15:23:02.995 INFO]: Coyote(49) is moving W from (5, 2) to (5,1)
[15:23:02.995 INFO]: RoadRunner(73) is moving N from (7, 9) to (6,9)
[15:23:02.995 INFO]: RoadRunner(18) is moving SW from (8, 3) to (9,2)
[15:23:02.995 INFO]: RoadRunner(76) is moving W from (0, 3) to (0,2)
[15:23:02.996 INFO]: RoadRunner(62) is moving S from (7, 3) to (8,3)
[15:23:02.996 INFO]: RoadRunner(79) is moving SW from (1, 6) to (2,5)
[15:23:02.996 INFO]: Coyote(50) is moving SW from (6, 7) to (7,6)
[15:23:02.996 WARN]: Coyote(50) just ate RoadRunner(58) at cell (7,6)
[15:23:02.996 INFO]: RoadRunner(44) is moving SE from (1, 1) to (2,2)
[15:23:02.996 INFO]: RoadRunner(63) is moving S from (8, 9) to (9,9)
[15:23:02.996 INFO]: Coyote just bred a new Coyote at cell (7,7)
[15:23:02.996 INFO]: Coyote just bred a new Coyote at cell (4,1)
[15:23:02.997 INFO]: Coyote just bred a new Coyote at cell (6,6)
[15:23:02.997 INFO]: 
[15:23:02.997 INFO]: Coyotes Left: 6
[15:23:02.997 INFO]: RoadRunners Left: 24
[15:23:03.896 INFO]: 
[15:23:03.897 INFO]: 
[15:23:03.897 INFO]: ########## Age 16 ##########
[15:23:03.897 INFO]: 
[15:23:03.897 INFO]: 
[15:23:03.898 INFO]: RoadRunner(80) is moving E from (9, 3) to (9,4)
[15:23:03.898 INFO]: Coyote(81) is moving E from (7, 7) to (7,8)
[15:23:03.898 WARN]: Coyote(49) died to starvation!
[15:23:03.898 INFO]: RoadRunner is attempting to run away from 2 Coyotes!
[15:23:03.899 INFO]: RoadRunner(70) is moving NW from (6, 5) to (5,4)
[15:23:03.899 INFO]: RoadRunner(62) is moving S from (8, 3) to (9,3)
[15:23:03.899 INFO]: RoadRunner(63) is moving W from (9, 9) to (9,8)
[15:23:03.899 INFO]: RoadRunner is attempting to run away from 1 Coyotes!
[15:23:03.899 INFO]: RoadRunner(46) is moving S from (8, 5) to (9,5)
[15:23:03.899 INFO]: RoadRunner(68) is moving NE from (7, 4) to (6,5)
[15:23:03.899 INFO]: RoadRunner(52) is moving SW from (3, 8) to (4,7)
[15:23:03.899 INFO]: Coyote(24) is moving S from (8, 7) to (9,7)
[15:23:03.899 WARN]: Coyote(24) just ate RoadRunner(77) at cell (9,7)
[15:23:03.900 INFO]: RoadRunner(57) is moving S from (1, 4) to (2,4)
[15:23:03.900 INFO]: Coyote(83) is moving W from (6, 6) to (6,5)
[15:23:03.900 WARN]: Coyote(83) just ate RoadRunner(68) at cell (6,5)
[15:23:03.900 INFO]: RoadRunner(78) is moving E from (0, 0) to (0,1)
[15:23:03.900 INFO]: RoadRunner(71) is moving E from (3, 3) to (3,4)
[15:23:03.900 INFO]: RoadRunner(7) is moving SE from (8, 0) to (9,1)
[15:23:03.900 INFO]: RoadRunner(69) is moving NE from (2, 6) to (1,7)
[15:23:03.900 INFO]: RoadRunner(72) is moving NW from (8, 4) to (7,3)
[15:23:03.900 INFO]: RoadRunner(76) is moving S from (0, 2) to (1,2)
[15:23:03.900 INFO]: RoadRunner(64) is moving W from (4, 5) to (4,4)
[15:23:03.900 INFO]: RoadRunner(74) is moving N from (7, 0) to (6,0)
[15:23:03.900 INFO]: RoadRunner is attempting to run away from 1 Coyotes!
[15:23:03.900 INFO]: RoadRunner(73) is moving N from (6, 9) to (5,9)
[15:23:03.901 INFO]: RoadRunner(18) is moving NW from (9, 2) to (8,1)
[15:23:03.901 INFO]: RoadRunner(79) is moving S from (2, 5) to (3,5)
[15:23:03.901 INFO]: RoadRunner(61) is moving E from (2, 0) to (2,1)
[15:23:03.901 INFO]: RoadRunner(44) is moving SW from (2, 2) to (3,1)
[15:23:03.901 INFO]: RoadRunner(75) is moving NE from (2, 3) to (1,4)
[15:23:03.901 INFO]: Coyote(82) is moving N from (4, 1) to (3,1)
[15:23:03.901 WARN]: Coyote(82) just ate RoadRunner(44) at cell (3,1)
[15:23:03.901 INFO]: Coyote(50) is moving SW from (7, 6) to (8,5)
[15:23:03.901 INFO]: RoadRunner(65) is moving S from (0, 5) to (1,5)
[15:23:03.901 INFO]: 
[15:23:03.901 INFO]: Coyotes Left: 5
[15:23:03.901 INFO]: RoadRunners Left: 21
[15:23:04.825 INFO]: 
[15:23:04.826 INFO]: 
[15:23:04.826 INFO]: ########## Age 17 ##########
[15:23:04.826 INFO]: 
[15:23:04.826 INFO]: 
[15:23:04.826 INFO]: RoadRunner(69) is moving SE from (1, 7) to (2,8)
[15:23:04.826 INFO]: RoadRunner(75) is moving SW from (1, 4) to (2,3)
[15:23:04.826 INFO]: Coyote(82) is moving N from (3, 1) to (2,1)
[15:23:04.827 WARN]: Coyote(82) just ate RoadRunner(61) at cell (2,1)
[15:23:04.827 INFO]: Coyote(50) is moving S from (8, 5) to (9,5)
[15:23:04.827 WARN]: Coyote(50) just ate RoadRunner(46) at cell (9,5)
[15:23:04.827 INFO]: RoadRunner(18) is moving NW from (8, 1) to (7,0)
[15:23:04.827 INFO]: RoadRunner is attempting to run away from 1 Coyotes!
[15:23:04.827 INFO]: RoadRunner(63) is moving NE from (9, 8) to (8,9)
[15:23:04.827 INFO]: RoadRunner(52) is moving E from (4, 7) to (4,8)
[15:23:04.827 INFO]: RoadRunner(74) is moving E from (6, 0) to (6,1)
[15:23:04.828 INFO]: RoadRunner is attempting to run away from 1 Coyotes!
[15:23:04.828 INFO]: RoadRunner(80) is moving NW from (9, 4) to (8,3)
[15:23:04.828 INFO]: Coyote(83) is moving NW from (6, 5) to (5,4)
[15:23:04.828 WARN]: Coyote(83) just ate RoadRunner(70) at cell (5,4)
[15:23:04.828 INFO]: Coyote(24) is moving NE from (9, 7) to (8,8)
[15:23:04.828 INFO]: RoadRunner(72) is moving NW from (7, 3) to (6,2)
[15:23:04.828 INFO]: RoadRunner(73) is moving N from (5, 9) to (4,9)
[15:23:04.828 INFO]: RoadRunner(62) is moving NW from (9, 3) to (8,2)
[15:23:04.829 INFO]: Coyote(81) is moving SE from (7, 8) to (8,9)
[15:23:04.829 WARN]: Coyote(81) just ate RoadRunner(63) at cell (8,9)
[15:23:04.829 INFO]: RoadRunner(78) is moving W from (0, 1) to (0,0)
[15:23:04.829 INFO]: RoadRunner(79) is moving N from (3, 5) to (2,5)
[15:23:04.829 INFO]: RoadRunner(7) is moving NW from (9, 1) to (8,0)
[15:23:04.829 INFO]: RoadRunner(57) is moving NW from (2, 4) to (1,3)
[15:23:04.829 INFO]: RoadRunner is attempting to run away from 1 Coyotes!
[15:23:04.829 INFO]: RoadRunner(64) is moving NE from (4, 4) to (3,5)
[15:23:04.829 INFO]: RoadRunner(71) is moving SW from (3, 4) to (4,3)
[15:23:04.829 INFO]: RoadRunner is attempting to run away from 1 Coyotes!
[15:23:04.829 INFO]: RoadRunner(76) is moving NE from (1, 2) to (0,3)
[15:23:04.830 INFO]: RoadRunner(65) is moving N from (1, 5) to (0,5)
[15:23:04.830 INFO]: RoadRunner just bred a new RoadRunner at cell (1,8)
[15:23:04.830 INFO]: RoadRunner just bred a new RoadRunner at cell (1,4)
[15:23:04.830 INFO]: RoadRunner just bred a new RoadRunner at cell (6,0)
[15:23:04.830 INFO]: RoadRunner just bred a new RoadRunner at cell (3,8)
[15:23:04.830 INFO]: RoadRunner just bred a new RoadRunner at cell (5,1)
[15:23:04.830 INFO]: RoadRunner just bred a new RoadRunner at cell (7,3)
[15:23:04.830 INFO]: RoadRunner just bred a new RoadRunner at cell (5,2)
[15:23:04.830 INFO]: RoadRunner just bred a new RoadRunner at cell (3,9)
[15:23:04.830 INFO]: RoadRunner just bred a new RoadRunner at cell (7,2)
[15:23:04.830 INFO]: RoadRunner just bred a new RoadRunner at cell (1,0)
[15:23:04.830 INFO]: RoadRunner just bred a new RoadRunner at cell (1,5)
[15:23:04.830 INFO]: RoadRunner just bred a new RoadRunner at cell (7,1)
[15:23:04.830 INFO]: RoadRunner just bred a new RoadRunner at cell (0,4)
[15:23:04.831 INFO]: RoadRunner just bred a new RoadRunner at cell (2,6)
[15:23:04.831 INFO]: RoadRunner just bred a new RoadRunner at cell (3,3)
[15:23:04.831 INFO]: RoadRunner just bred a new RoadRunner at cell (1,2)
[15:23:04.831 INFO]: RoadRunner just bred a new RoadRunner at cell (1,6)
[15:23:04.831 INFO]: 
[15:23:04.831 INFO]: Coyotes Left: 5
[15:23:04.831 INFO]: RoadRunners Left: 34
[15:23:05.947 INFO]: 
[15:23:05.948 INFO]: 
[15:23:05.948 INFO]: ########## Age 18 ##########
[15:23:05.948 INFO]: 
[15:23:05.948 INFO]: 
[15:23:05.948 INFO]: RoadRunner(91) is moving N from (3, 9) to (2,9)
[15:23:05.948 INFO]: RoadRunner(78) is moving SE from (0, 0) to (1,1)
[15:23:05.948 INFO]: RoadRunner(90) is moving NW from (5, 2) to (4,1)
[15:23:05.949 INFO]: RoadRunner(62) is moving SW from (8, 2) to (9,1)
[15:23:05.949 INFO]: RoadRunner(87) is moving NW from (3, 8) to (2,7)
[15:23:05.949 INFO]: RoadRunner(85) is moving S from (1, 4) to (2,4)
[15:23:05.949 INFO]: RoadRunner(7) is moving E from (8, 0) to (8,1)
[15:23:05.949 INFO]: Coyote(50) is moving W from (9, 5) to (9,4)
[15:23:05.949 INFO]: RoadRunner(89) is moving NE from (7, 3) to (6,4)
[15:23:05.949 INFO]: RoadRunner(72) is moving SE from (6, 2) to (7,3)
[15:23:05.949 INFO]: RoadRunner(88) is moving W from (5, 1) to (5,0)
[15:23:05.950 INFO]: RoadRunner(65) is moving E from (0, 5) to (0,6)
[15:23:05.950 INFO]: Coyote(83) is moving NW from (5, 4) to (4,3)
[15:23:05.950 WARN]: Coyote(83) just ate RoadRunner(71) at cell (4,3)
[15:23:05.950 INFO]: RoadRunner(94) is moving N from (1, 5) to (0,5)
[15:23:05.950 INFO]: Coyote(24) is moving W from (8, 8) to (8,7)
[15:23:05.950 INFO]: RoadRunner is attempting to run away from 1 Coyotes!
[15:23:05.950 INFO]: RoadRunner(99) is moving N from (1, 2) to (0,2)
[15:23:05.951 INFO]: RoadRunner(95) is moving NE from (7, 1) to (6,2)
[15:23:05.951 INFO]: RoadRunner(75) is moving SW from (2, 3) to (3,2)
[15:23:05.951 INFO]: Coyote(81) is moving SW from (8, 9) to (9,8)
[15:23:05.951 INFO]: RoadRunner(76) is moving SE from (0, 3) to (1,4)
[15:23:05.951 INFO]: RoadRunner(97) is moving SE from (2, 6) to (3,7)
[15:23:05.951 INFO]: RoadRunner is attempting to run away from 1 Coyotes!
[15:23:05.951 INFO]: RoadRunner(93) is moving N from (1, 0) to (0,0)
[15:23:05.951 INFO]: RoadRunner(69) is moving SE from (2, 8) to (3,9)
[15:23:05.952 INFO]: RoadRunner(64) is moving E from (3, 5) to (3,6)
[15:23:05.952 INFO]: RoadRunner(100) is moving S from (1, 6) to (2,6)
[15:23:05.952 INFO]: Coyote(82) is moving N from (2, 1) to (1,1)
[15:23:05.952 WARN]: Coyote(82) just ate RoadRunner(78) at cell (1,1)
[15:23:05.952 INFO]: RoadRunner is attempting to run away from 1 Coyotes!
[15:23:05.952 INFO]: RoadRunner(98) is moving NW from (3, 3) to (2,2)
[15:23:05.952 INFO]: RoadRunner(52) is moving N from (4, 8) to (3,8)
[15:23:05.952 INFO]: RoadRunner(86) is moving NE from (6, 0) to (5,1)
[15:23:05.953 INFO]: RoadRunner is attempting to run away from 1 Coyotes!
[15:23:05.953 INFO]: RoadRunner(80) is moving W from (8, 3) to (8,2)
[15:23:05.953 INFO]: RoadRunner(57) is moving N from (1, 3) to (0,3)
[15:23:05.953 INFO]: RoadRunner(73) is moving W from (4, 9) to (4,8)
[15:23:05.953 INFO]: RoadRunner(18) is moving N from (7, 0) to (6,0)
[15:23:05.953 INFO]: RoadRunner(84) is moving S from (1, 8) to (2,8)
[15:23:05.953 INFO]: RoadRunner(74) is moving S from (6, 1) to (7,1)
[15:23:05.953 INFO]: RoadRunner(79) is moving S from (2, 5) to (3,5)
[15:23:05.953 INFO]: RoadRunner(92) is moving SE from (7, 2) to (8,3)
[15:23:05.954 INFO]: RoadRunner(96) is moving SW from (0, 4) to (1,3)
[15:23:05.954 INFO]: 
[15:23:05.954 INFO]: Coyotes Left: 5
[15:23:05.954 INFO]: RoadRunners Left: 32
[15:23:06.437 INFO]: 
[15:23:06.437 INFO]: 
[15:23:06.437 INFO]: ########## Age 19 ##########
[15:23:06.437 INFO]: 
[15:23:06.437 INFO]: 
[15:23:06.437 INFO]: RoadRunner(94) is moving W from (0, 5) to (0,4)
[15:23:06.437 INFO]: RoadRunner is attempting to run away from 1 Coyotes!
[15:23:06.438 INFO]: RoadRunner(79) is moving N from (3, 5) to (2,5)
[15:23:06.438 INFO]: RoadRunner(64) is moving S from (3, 6) to (4,6)
[15:23:06.438 INFO]: Coyote(24) is moving W from (8, 7) to (8,6)
[15:23:06.438 INFO]: RoadRunner(85) is moving NE from (2, 4) to (1,5)
[15:23:06.438 INFO]: RoadRunner(90) is moving N from (4, 1) to (3,1)
[15:23:06.438 INFO]: RoadRunner is attempting to run away from 1 Coyotes!
[15:23:06.438 INFO]: RoadRunner(57) is moving SW from (0, 3) to (1,2)
[15:23:06.439 INFO]: Coyote(83) is moving NW from (4, 3) to (3,2)
[15:23:06.439 WARN]: Coyote(83) just ate RoadRunner(75) at cell (3,2)
[15:23:06.439 INFO]: RoadRunner(88) is moving SE from (5, 0) to (6,1)
[15:23:06.439 INFO]: RoadRunner(80) is moving N from (8, 2) to (7,2)
[15:23:06.439 INFO]: RoadRunner(52) is moving SE from (3, 8) to (4,9)
[15:23:06.439 INFO]: RoadRunner(91) is moving NW from (2, 9) to (1,8)
[15:23:06.439 INFO]: RoadRunner(96) is moving SE from (1, 3) to (2,4)
[15:23:06.439 INFO]: RoadRunner(69) is moving N from (3, 9) to (2,9)
[15:23:06.439 INFO]: RoadRunner(73) is moving NE from (4, 8) to (3,9)
[15:23:06.439 INFO]: RoadRunner(89) is moving E from (6, 4) to (6,5)
[15:23:06.440 INFO]: RoadRunner(84) is moving NE from (2, 8) to (1,9)
[15:23:06.440 INFO]: Coyote(82) is moving NE from (1, 1) to (0,2)
[15:23:06.440 WARN]: Coyote(82) just ate RoadRunner(99) at cell (0,2)
[15:23:06.440 INFO]: Coyote(81) is moving NE from (9, 8) to (8,9)
[15:23:06.440 INFO]: Coyote(50) is moving NW from (9, 4) to (8,3)
[15:23:06.440 WARN]: Coyote(50) just ate RoadRunner(92) at cell (8,3)
[15:23:06.440 INFO]: RoadRunner(7) is moving W from (8, 1) to (8,0)
[15:23:06.440 INFO]: RoadRunner(100) is moving SW from (2, 6) to (3,5)
[15:23:06.440 INFO]: RoadRunner(62) is moving NE from (9, 1) to (8,2)
[15:23:06.440 INFO]: RoadRunner(76) is moving SW from (1, 4) to (2,3)
[15:23:06.440 INFO]: RoadRunner(95) is moving E from (6, 2) to (6,3)
[15:23:06.440 INFO]: RoadRunner(65) is moving W from (0, 6) to (0,5)
[15:23:06.440 INFO]: RoadRunner(87) is moving SW from (2, 7) to (3,6)
[15:23:06.440 INFO]: RoadRunner is attempting to run away from 1 Coyotes!
[15:23:06.441 INFO]: RoadRunner(98) is moving NE from (2, 2) to (1,3)
[15:23:06.441 INFO]: RoadRunner(18) is moving S from (6, 0) to (7,0)
[15:23:06.441 INFO]: RoadRunner(97) is moving E from (3, 7) to (3,8)
[15:23:06.441 INFO]: RoadRunner(74) is moving NE from (7, 1) to (6,2)
[15:23:06.441 INFO]: RoadRunner(86) is moving NE from (5, 1) to (4,2)
[15:23:06.441 INFO]: RoadRunner is attempting to run away from 1 Coyotes!
[15:23:06.441 INFO]: RoadRunner(72) is moving NE from (7, 3) to (6,4)
[15:23:06.441 INFO]: 
[15:23:06.441 INFO]: Coyotes Left: 5
[15:23:06.441 INFO]: RoadRunners Left: 29
[15:23:07.806 INFO]: 
[15:23:07.806 INFO]: 
[15:23:07.806 INFO]: ########## Age 20 ##########
[15:23:07.806 INFO]: 
[15:23:07.806 INFO]: 
[15:23:07.807 INFO]: RoadRunner(64) is moving SE from (4, 6) to (5,7)
[15:23:07.807 INFO]: Coyote(81) is moving S from (8, 9) to (9,9)
[15:23:07.807 INFO]: RoadRunner(52) is moving SW from (4, 9) to (5,8)
[15:23:07.807 INFO]: RoadRunner is attempting to run away from 1 Coyotes!
[15:23:07.807 INFO]: RoadRunner(76) is moving NE from (2, 3) to (1,4)
[15:23:07.807 INFO]: RoadRunner(65) is moving E from (0, 5) to (0,6)
[15:23:07.808 INFO]: Coyote(82) is moving S from (0, 2) to (1,2)
[15:23:07.808 WARN]: Coyote(82) just ate RoadRunner(57) at cell (1,2)
[15:23:07.808 INFO]: RoadRunner(89) is moving NE from (6, 5) to (5,6)
[15:23:07.808 INFO]: RoadRunner(74) is moving NE from (6, 2) to (5,3)
[15:23:07.808 INFO]: RoadRunner(93) is moving SE from (0, 0) to (1,1)
[15:23:07.808 INFO]: RoadRunner(94) is moving E from (0, 4) to (0,5)
[15:23:07.808 INFO]: RoadRunner(73) is moving SW from (3, 9) to (4,8)
[15:23:07.808 INFO]: RoadRunner is attempting to run away from 1 Coyotes!
[15:23:07.809 INFO]: RoadRunner(98) is moving NE from (1, 3) to (0,4)
[15:23:07.809 INFO]: RoadRunner is attempting to run away from 1 Coyotes!
[15:23:07.809 INFO]: RoadRunner(86) is moving SW from (4, 2) to (5,1)
[15:23:07.809 INFO]: RoadRunner(7) is moving NE from (8, 0) to (7,1)
[15:23:07.809 INFO]: RoadRunner(97) is moving E from (3, 8) to (3,9)
[15:23:07.809 INFO]: RoadRunner(79) is moving NE from (2, 5) to (1,6)
[15:23:07.810 INFO]: Coyote(50) is moving NW from (8, 3) to (7,2)
[15:23:07.810 WARN]: Coyote(50) just ate RoadRunner(80) at cell (7,2)
[15:23:07.810 INFO]: RoadRunner is attempting to run away from 1 Coyotes!
[15:23:07.810 INFO]: RoadRunner(95) is moving NE from (6, 3) to (5,4)
[15:23:07.810 INFO]: RoadRunner is attempting to run away from 1 Coyotes!
[15:23:07.810 INFO]: RoadRunner(62) is moving SE from (8, 2) to (9,3)
[15:23:07.810 INFO]: RoadRunner(87) is moving NW from (3, 6) to (2,5)
[15:23:07.810 INFO]: RoadRunner(91) is moving W from (1, 8) to (1,7)
[15:23:07.810 INFO]: RoadRunner(72) is moving SW from (6, 4) to (7,3)
[15:23:07.810 INFO]: RoadRunner(85) is moving SE from (1, 5) to (2,6)
[15:23:07.810 INFO]: Coyote(83) is moving W from (3, 2) to (3,1)
[15:23:07.810 WARN]: Coyote(83) just ate RoadRunner(90) at cell (3,1)
[15:23:07.810 INFO]: RoadRunner(84) is moving W from (1, 9) to (1,8)
[15:23:07.810 INFO]: RoadRunner(96) is moving NE from (2, 4) to (1,5)
[15:23:07.810 INFO]: RoadRunner is attempting to run away from 1 Coyotes!
[15:23:07.810 INFO]: RoadRunner(88) is moving NW from (6, 1) to (5,0)
[15:23:07.811 INFO]: RoadRunner(100) is moving S from (3, 5) to (4,5)
[15:23:07.811 INFO]: RoadRunner(69) is moving N from (2, 9) to (1,9)
[15:23:07.811 WARN]: Coyote(24) died to starvation!
[15:23:07.811 INFO]: RoadRunner(18) is moving N from (7, 0) to (6,0)
[15:23:07.811 INFO]: RoadRunner just bred a new RoadRunner at cell (4,7)
[15:23:07.811 INFO]: RoadRunner just bred a new RoadRunner at cell (4,9)
[15:23:07.811 INFO]: RoadRunner just bred a new RoadRunner at cell (0,3)
[15:23:07.811 INFO]: RoadRunner just bred a new RoadRunner at cell (0,7)
[15:23:07.811 INFO]: RoadRunner just bred a new RoadRunner at cell (4,6)
[15:23:07.811 INFO]: RoadRunner just bred a new RoadRunner at cell (4,3)
[15:23:07.811 INFO]: RoadRunner just bred a new RoadRunner at cell (0,1)
[15:23:07.811 INFO]: RoadRunner just bred a new RoadRunner at cell (3,8)
[15:23:07.811 INFO]: RoadRunner just bred a new RoadRunner at cell (1,3)
[15:23:07.812 INFO]: RoadRunner just bred a new RoadRunner at cell (4,1)
[15:23:07.812 INFO]: RoadRunner just bred a new RoadRunner at cell (6,1)
[15:23:07.812 INFO]: RoadRunner just bred a new RoadRunner at cell (2,9)
[15:23:07.812 INFO]: RoadRunner just bred a new RoadRunner at cell (2,7)
[15:23:07.812 INFO]: RoadRunner just bred a new RoadRunner at cell (4,4)
[15:23:07.812 INFO]: RoadRunner just bred a new RoadRunner at cell (8,3)
[15:23:07.812 INFO]: RoadRunner just bred a new RoadRunner at cell (3,5)
[15:23:07.812 INFO]: RoadRunner just bred a new RoadRunner at cell (0,8)
[15:23:07.812 INFO]: RoadRunner just bred a new RoadRunner at cell (6,3)
[15:23:07.813 INFO]: RoadRunner just bred a new RoadRunner at cell (3,6)
[15:23:07.813 INFO]: RoadRunner just bred a new RoadRunner at cell (0,9)
[15:23:07.813 INFO]: RoadRunner just bred a new RoadRunner at cell (2,4)
[15:23:07.813 INFO]: RoadRunner just bred a new RoadRunner at cell (4,0)
[15:23:07.813 INFO]: RoadRunner just bred a new RoadRunner at cell (3,4)
[15:23:07.813 INFO]: RoadRunner just bred a new RoadRunner at cell (2,8)
[15:23:07.813 INFO]: RoadRunner just bred a new RoadRunner at cell (7,0)
[15:23:07.814 INFO]: 
[15:23:07.814 INFO]: Coyotes Left: 4
[15:23:07.814 INFO]: RoadRunners Left: 51
[15:23:08.697 INFO]: 
[15:23:08.697 INFO]: 
[15:23:08.697 INFO]: ########## Age 21 ##########
[15:23:08.697 INFO]: 
[15:23:08.697 INFO]: 
[15:23:08.697 INFO]: RoadRunner(76) is moving SW from (1, 4) to (2,3)
[15:23:08.697 INFO]: RoadRunner is attempting to run away from 1 Coyotes!
[15:23:08.698 INFO]: RoadRunner(118) is moving E from (6, 3) to (6,4)
[15:23:08.698 INFO]: RoadRunner(121) is moving N from (2, 4) to (1,4)
[15:23:08.698 INFO]: RoadRunner is attempting to run away from 1 Coyotes!
[15:23:08.698 INFO]: RoadRunner(72) is moving SE from (7, 3) to (8,4)
[15:23:08.698 INFO]: RoadRunner is attempting to run away from 1 Coyotes!
[15:23:08.698 INFO]: RoadRunner(110) is moving SE from (4, 1) to (5,2)
[15:23:08.698 INFO]: RoadRunner is attempting to run away from 1 Coyotes!
[15:23:08.699 INFO]: RoadRunner(109) is moving SE from (1, 3) to (2,4)
[15:23:08.699 INFO]: RoadRunner(52) is moving SW from (5, 8) to (6,7)
[15:23:08.699 INFO]: RoadRunner(105) is moving SW from (4, 6) to (5,5)
[15:23:08.699 INFO]: RoadRunner(100) is moving E from (4, 5) to (4,6)
[15:23:08.699 INFO]: Coyote(83) is moving SW from (3, 1) to (4,0)
[15:23:08.699 WARN]: Coyote(83) just ate RoadRunner(122) at cell (4,0)
[15:23:08.699 INFO]: Coyote(50) is moving NW from (7, 2) to (6,1)
[15:23:08.700 WARN]: Coyote(50) just ate RoadRunner(111) at cell (6,1)
[15:23:08.700 INFO]: RoadRunner(73) is moving SE from (4, 8) to (5,9)
[15:23:08.700 INFO]: RoadRunner is attempting to run away from 1 Coyotes!
[15:23:08.700 INFO]: RoadRunner is attempting to run away from 1 Coyotes!
[15:23:08.700 INFO]: RoadRunner(107) is moving W from (0, 1) to (0,0)
[15:23:08.700 INFO]: RoadRunner(124) is moving SW from (2, 8) to (3,7)
[15:23:08.700 INFO]: RoadRunner(119) is moving SW from (3, 6) to (4,5)
[15:23:08.700 INFO]: RoadRunner(74) is moving S from (5, 3) to (6,3)
[15:23:08.700 INFO]: RoadRunner is attempting to run away from 2 Coyotes!
[15:23:08.700 INFO]: RoadRunner is attempting to run away from 1 Coyotes!
[15:23:08.700 INFO]: RoadRunner is attempting to run away from 1 Coyotes!
[15:23:08.701 INFO]: RoadRunner(125) is moving S from (7, 0) to (8,0)
[15:23:08.701 INFO]: Coyote(82) is moving NE from (1, 2) to (0,3)
[15:23:08.701 WARN]: Coyote(82) just ate RoadRunner(103) at cell (0,3)
[15:23:08.701 INFO]: RoadRunner is attempting to run away from 2 Coyotes!
[15:23:08.701 INFO]: RoadRunner(86) is moving NE from (5, 1) to (4,2)
[15:23:08.701 INFO]: RoadRunner(95) is moving W from (5, 4) to (5,3)
[15:23:08.701 INFO]: RoadRunner(112) is moving W from (2, 9) to (2,8)
[15:23:08.701 INFO]: RoadRunner(115) is moving NE from (8, 3) to (7,4)
[15:23:08.701 INFO]: RoadRunner(102) is moving W from (4, 9) to (4,8)
[15:23:08.701 INFO]: RoadRunner(106) is moving N from (4, 3) to (3,3)
[15:23:08.701 WARN]: Coyote(81) died to starvation!
[15:23:08.701 INFO]: RoadRunner(93) is moving NE from (1, 1) to (0,2)
[15:23:08.701 INFO]: RoadRunner(85) is moving S from (2, 6) to (3,6)
[15:23:08.701 INFO]: RoadRunner(123) is moving SW from (3, 4) to (4,3)
[15:23:08.702 INFO]: RoadRunner(64) is moving E from (5, 7) to (5,8)
[15:23:08.702 INFO]: RoadRunner(108) is moving SE from (3, 8) to (4,9)
[15:23:08.702 INFO]: RoadRunner(89) is moving E from (5, 6) to (5,7)
[15:23:08.702 INFO]: RoadRunner(62) is moving NW from (9, 3) to (8,2)
[15:23:08.702 INFO]: RoadRunner(113) is moving W from (2, 7) to (2,6)
[15:23:08.702 INFO]: RoadRunner(114) is moving S from (4, 4) to (5,4)
[15:23:08.702 INFO]: RoadRunner(101) is moving NE from (4, 7) to (3,8)
[15:23:08.702 INFO]: RoadRunner is attempting to run away from 1 Coyotes!
[15:23:08.702 INFO]: RoadRunner(7) is moving S from (7, 1) to (8,1)
[15:23:08.702 INFO]: RoadRunner(97) is moving N from (3, 9) to (2,9)
[15:23:08.702 INFO]: 
[15:23:08.703 INFO]: Coyotes Left: 3
[15:23:08.703 INFO]: RoadRunners Left: 48
[15:23:10.370 INFO]: 
[15:23:10.370 INFO]: 
[15:23:10.370 INFO]: ########## Age 22 ##########
[15:23:10.371 INFO]: 
[15:23:10.371 INFO]: 
[15:23:10.371 INFO]: RoadRunner(107) is moving E from (0, 0) to (0,1)
[15:23:10.371 INFO]: RoadRunner(100) is moving E from (4, 6) to (4,7)
[15:23:10.371 INFO]: RoadRunner is attempting to run away from 1 Coyotes!
[15:23:10.371 INFO]: RoadRunner(91) is moving S from (1, 7) to (2,7)
[15:23:10.371 INFO]: RoadRunner(123) is moving NW from (4, 3) to (3,2)
[15:23:10.371 INFO]: RoadRunner is attempting to run away from 1 Coyotes!
[15:23:10.371 INFO]: RoadRunner(18) is moving S from (6, 0) to (7,0)
[15:23:10.372 INFO]: RoadRunner(86) is moving NW from (4, 2) to (3,1)
[15:23:10.372 INFO]: RoadRunner(73) is moving SW from (5, 9) to (6,8)
[15:23:10.372 INFO]: RoadRunner(74) is moving SW from (6, 3) to (7,2)
[15:23:10.372 INFO]: RoadRunner(52) is moving W from (6, 7) to (6,6)
[15:23:10.372 INFO]: RoadRunner is attempting to run away from 2 Coyotes!
[15:23:10.372 INFO]: RoadRunner(109) is moving S from (2, 4) to (3,4)
[15:23:10.372 INFO]: RoadRunner(113) is moving NE from (2, 6) to (1,7)
[15:23:10.372 INFO]: RoadRunner(105) is moving NW from (5, 5) to (4,4)
[15:23:10.372 INFO]: RoadRunner(7) is moving SW from (8, 1) to (9,0)
[15:23:10.372 INFO]: RoadRunner is attempting to run away from 1 Coyotes!
[15:23:10.372 INFO]: RoadRunner(93) is moving SW from (0, 2) to (1,1)
[15:23:10.372 INFO]: Coyote(83) is moving NE from (4, 0) to (3,1)
[15:23:10.372 WARN]: Coyote(83) just ate RoadRunner(86) at cell (3,1)
[15:23:10.373 INFO]: RoadRunner(85) is moving S from (3, 6) to (4,6)
[15:23:10.373 INFO]: RoadRunner(89) is moving S from (5, 7) to (6,7)
[15:23:10.373 INFO]: RoadRunner(72) is moving E from (8, 4) to (8,5)
[15:23:10.373 INFO]: RoadRunner(62) is moving NW from (8, 2) to (7,1)
[15:23:10.373 INFO]: RoadRunner(96) is moving SW from (1, 5) to (2,4)
[15:23:10.373 INFO]: RoadRunner(76) is moving W from (2, 3) to (2,2)
[15:23:10.373 INFO]: RoadRunner(101) is moving E from (3, 8) to (3,9)
[15:23:10.373 INFO]: RoadRunner(114) is moving E from (5, 4) to (5,5)
[15:23:10.373 INFO]: RoadRunner(118) is moving E from (6, 4) to (6,5)
[15:23:10.373 INFO]: RoadRunner(125) is moving E from (8, 0) to (8,1)
[15:23:10.373 INFO]: RoadRunner is attempting to run away from 1 Coyotes!
[15:23:10.373 INFO]: RoadRunner(110) is moving NE from (5, 2) to (4,3)
[15:23:10.373 INFO]: RoadRunner(119) is moving SW from (4, 5) to (5,4)
[15:23:10.374 INFO]: RoadRunner(112) is moving S from (2, 8) to (3,8)
[15:23:10.374 INFO]: RoadRunner(102) is moving SW from (4, 8) to (5,7)
[15:23:10.374 INFO]: RoadRunner(79) is moving S from (1, 6) to (2,6)
[15:23:10.374 INFO]: RoadRunner is attempting to run away from 1 Coyotes!
[15:23:10.374 INFO]: RoadRunner(98) is moving SE from (0, 4) to (1,5)
[15:23:10.374 INFO]: Coyote(82) is moving SE from (0, 3) to (1,4)
[15:23:10.374 WARN]: Coyote(82) just ate RoadRunner(121) at cell (1,4)
[15:23:10.374 INFO]: RoadRunner(124) is moving SE from (3, 7) to (4,8)
[15:23:10.374 INFO]: RoadRunner(108) is moving S from (4, 9) to (5,9)
[15:23:10.374 INFO]: RoadRunner(116) is moving S from (3, 5) to (4,5)
[15:23:10.374 INFO]: RoadRunner(106) is moving SW from (3, 3) to (4,2)
[15:23:10.374 INFO]: RoadRunner(95) is moving S from (5, 3) to (6,3)
[15:23:10.374 INFO]: RoadRunner is attempting to run away from 1 Coyotes!
[15:23:10.374 INFO]: RoadRunner(87) is moving SE from (2, 5) to (3,6)
[15:23:10.374 INFO]: RoadRunner(65) is moving S from (0, 6) to (1,6)
[15:23:10.375 INFO]: RoadRunner(97) is moving W from (2, 9) to (2,8)
[15:23:10.375 INFO]: RoadRunner(64) is moving SE from (5, 8) to (6,9)
[15:23:10.375 INFO]: RoadRunner(69) is moving S from (1, 9) to (2,9)
[15:23:10.375 INFO]: Coyote(50) is moving NW from (6, 1) to (5,0)
[15:23:10.375 WARN]: Coyote(50) just ate RoadRunner(88) at cell (5,0)
[15:23:10.375 INFO]: RoadRunner(115) is moving E from (7, 4) to (7,5)
[15:23:10.375 INFO]: 
[15:23:10.375 INFO]: Coyotes Left: 3
[15:23:10.375 INFO]: RoadRunners Left: 45
[15:23:12.807 INFO]: 
[15:23:12.807 INFO]: 
[15:23:12.807 INFO]: ########## Age 23 ##########
[15:23:12.807 INFO]: 
[15:23:12.807 INFO]: 
[15:23:12.808 INFO]: RoadRunner(87) is moving NW from (3, 6) to (2,5)
[15:23:12.808 INFO]: RoadRunner(52) is moving SE from (6, 6) to (7,7)
[15:23:12.808 INFO]: RoadRunner(110) is moving SW from (4, 3) to (5,2)
[15:23:12.808 INFO]: RoadRunner(7) is moving N from (9, 0) to (8,0)
[15:23:12.808 INFO]: RoadRunner(84) is moving E from (1, 8) to (1,9)
[15:23:12.808 INFO]: RoadRunner(79) is moving S from (2, 6) to (3,6)
[15:23:12.808 INFO]: RoadRunner(62) is moving SE from (7, 1) to (8,2)
[15:23:12.808 INFO]: Coyote(83) is moving NE from (3, 1) to (2,2)
[15:23:12.808 WARN]: Coyote(83) just ate RoadRunner(76) at cell (2,2)
[15:23:12.809 INFO]: RoadRunner(125) is moving SE from (8, 1) to (9,2)
[15:23:12.809 INFO]: RoadRunner(73) is moving N from (6, 8) to (5,8)
[15:23:12.809 INFO]: RoadRunner(113) is moving NW from (1, 7) to (0,6)
[15:23:12.809 INFO]: RoadRunner(89) is moving SW from (6, 7) to (7,6)
[15:23:12.809 INFO]: RoadRunner is attempting to run away from 1 Coyotes!
[15:23:12.809 INFO]: RoadRunner(96) is moving SE from (2, 4) to (3,5)
[15:23:12.810 INFO]: RoadRunner(104) is moving SE from (0, 7) to (1,8)
[15:23:12.810 INFO]: RoadRunner(97) is moving SW from (2, 8) to (3,7)
[15:23:12.810 INFO]: RoadRunner(64) is moving W from (6, 9) to (6,8)
[15:23:12.810 INFO]: RoadRunner(74) is moving W from (7, 2) to (7,1)
[15:23:12.810 INFO]: RoadRunner is attempting to run away from 1 Coyotes!
[15:23:12.810 INFO]: RoadRunner(93) is moving NW from (1, 1) to (0,0)
[15:23:12.810 INFO]: RoadRunner is attempting to run away from 1 Coyotes!
[15:23:12.810 INFO]: RoadRunner(98) is moving SE from (1, 5) to (2,6)
[15:23:12.810 INFO]: RoadRunner(117) is moving SW from (0, 8) to (1,7)
[15:23:12.810 INFO]: RoadRunner(114) is moving E from (5, 5) to (5,6)
[15:23:12.811 INFO]: RoadRunner(95) is moving N from (6, 3) to (5,3)
[15:23:12.811 INFO]: RoadRunner(112) is moving SE from (3, 8) to (4,9)
[15:23:12.811 INFO]: RoadRunner(69) is moving SW from (2, 9) to (3,8)
[15:23:12.811 INFO]: RoadRunner(120) is moving W from (0, 9) to (0,8)
[15:23:12.811 INFO]: RoadRunner is attempting to run away from 1 Coyotes!
[15:23:12.811 INFO]: RoadRunner(123) is moving SE from (3, 2) to (4,3)
[15:23:12.811 INFO]: RoadRunner(85) is moving SW from (4, 6) to (5,5)
[15:23:12.811 INFO]: RoadRunner(118) is moving W from (6, 5) to (6,4)
[15:23:12.811 INFO]: RoadRunner(109) is moving N from (3, 4) to (2,4)
[15:23:12.811 INFO]: RoadRunner(116) is moving NW from (4, 5) to (3,4)
[15:23:12.811 INFO]: RoadRunner(91) is moving E from (2, 7) to (2,8)
[15:23:12.811 INFO]: RoadRunner(72) is moving W from (8, 5) to (8,4)
[15:23:12.812 INFO]: RoadRunner(65) is moving NE from (1, 6) to (0,7)
[15:23:12.812 INFO]: RoadRunner(106) is moving NE from (4, 2) to (3,3)
[15:23:12.812 INFO]: RoadRunner(102) is moving SW from (5, 7) to (6,6)
[15:23:12.812 INFO]: RoadRunner(100) is moving S from (4, 7) to (5,7)
[15:23:12.812 INFO]: Coyote(82) is moving NE from (1, 4) to (0,5)
[15:23:12.812 WARN]: Coyote(82) just ate RoadRunner(94) at cell (0,5)
[15:23:12.812 INFO]: RoadRunner(119) is moving SE from (5, 4) to (6,5)
[15:23:12.812 INFO]: RoadRunner(105) is moving E from (4, 4) to (4,5)
[15:23:12.812 INFO]: RoadRunner(115) is moving W from (7, 5) to (7,4)
[15:23:12.812 INFO]: RoadRunner(107) is moving E from (0, 1) to (0,2)
[15:23:12.812 INFO]: Coyote(50) is moving NE from (5, 0) to (4,1)
[15:23:12.812 INFO]: RoadRunner(124) is moving W from (4, 8) to (4,7)
[15:23:12.812 INFO]: RoadRunner(108) is moving S from (5, 9) to (6,9)
[15:23:12.812 INFO]: RoadRunner(18) is moving NE from (7, 0) to (6,1)
[15:23:12.813 INFO]: RoadRunner(101) is moving N from (3, 9) to (2,9)
[15:23:12.813 INFO]: RoadRunner just bred a new RoadRunner at cell (1,5)
[15:23:12.813 INFO]: RoadRunner just bred a new RoadRunner at cell (6,7)
[15:23:12.813 INFO]: RoadRunner just bred a new RoadRunner at cell (4,2)
[15:23:12.813 INFO]: RoadRunner just bred a new RoadRunner at cell (7,0)
[15:23:12.813 INFO]: RoadRunner just bred a new RoadRunner at cell (0,9)
[15:23:12.813 INFO]: RoadRunner just bred a new RoadRunner at cell (2,7)
[15:23:12.813 INFO]: RoadRunner just bred a new RoadRunner at cell (7,2)
[15:23:12.813 INFO]: Coyote just bred a new Coyote at cell (1,2)
[15:23:12.813 INFO]: RoadRunner just bred a new RoadRunner at cell (8,3)
[15:23:12.813 INFO]: RoadRunner just bred a new RoadRunner at cell (4,8)
[15:23:12.813 INFO]: RoadRunner just bred a new RoadRunner at cell (1,6)
[15:23:12.813 INFO]: RoadRunner just bred a new RoadRunner at cell (8,6)
[15:23:12.814 INFO]: RoadRunner just bred a new RoadRunner at cell (4,6)
[15:23:12.814 INFO]: RoadRunner just bred a new RoadRunner at cell (5,9)
[15:23:12.814 INFO]: RoadRunner just bred a new RoadRunner at cell (6,2)
[15:23:12.814 INFO]: RoadRunner just bred a new RoadRunner at cell (1,0)
[15:23:12.814 INFO]: RoadRunner just bred a new RoadRunner at cell (4,4)
[15:23:12.814 INFO]: RoadRunner just bred a new RoadRunner at cell (3,9)
[15:23:12.814 INFO]: RoadRunner just bred a new RoadRunner at cell (3,2)
[15:23:12.814 INFO]: RoadRunner just bred a new RoadRunner at cell (5,4)
[15:23:12.814 INFO]: RoadRunner just bred a new RoadRunner at cell (7,5)
[15:23:12.814 INFO]: RoadRunner just bred a new RoadRunner at cell (1,4)
[15:23:12.814 INFO]: RoadRunner just bred a new RoadRunner at cell (2,3)
[15:23:12.814 INFO]: RoadRunner just bred a new RoadRunner at cell (7,3)
[15:23:12.814 INFO]: Coyote just bred a new Coyote at cell (0,4)
[15:23:12.815 INFO]: RoadRunner just bred a new RoadRunner at cell (6,3)
[15:23:12.815 INFO]: RoadRunner just bred a new RoadRunner at cell (1,3)
[15:23:12.815 INFO]: Coyote just bred a new Coyote at cell (3,1)
[15:23:12.815 INFO]: RoadRunner just bred a new RoadRunner at cell (7,9)
[15:23:12.815 INFO]: RoadRunner just bred a new RoadRunner at cell (5,1)
[15:23:12.815 INFO]: 
[15:23:12.815 INFO]: Coyotes Left: 6
[15:23:12.815 INFO]: RoadRunners Left: 70
[15:23:13.384 INFO]: 
[15:23:13.385 INFO]: 
[15:23:13.385 INFO]: ########## Age 24 ##########
[15:23:13.385 INFO]: 
[15:23:13.385 INFO]: 
[15:23:13.385 INFO]: RoadRunner is attempting to run away from 2 Coyotes!
[15:23:13.385 INFO]: RoadRunner(146) is moving S from (7, 5) to (8,5)
[15:23:13.386 INFO]: RoadRunner(125) is moving NW from (9, 2) to (8,1)
[15:23:13.386 INFO]: RoadRunner(129) is moving N from (7, 0) to (6,0)
[15:23:13.386 INFO]: Coyote(82) is moving S from (0, 5) to (1,5)
[15:23:13.386 WARN]: Coyote(82) just ate RoadRunner(126) at cell (1,5)
[15:23:13.386 INFO]: RoadRunner(52) is moving E from (7, 7) to (7,8)
[15:23:13.387 INFO]: RoadRunner(18) is moving SW from (6, 1) to (7,0)
[15:23:13.387 INFO]: RoadRunner is attempting to run away from 1 Coyotes!
[15:23:13.387 INFO]: RoadRunner is attempting to run away from 1 Coyotes!
[15:23:13.387 INFO]: RoadRunner(107) is moving E from (0, 2) to (0,3)
[15:23:13.387 INFO]: RoadRunner is attempting to run away from 1 Coyotes!
[15:23:13.387 INFO]: RoadRunner is attempting to run away from 1 Coyotes!
[15:23:13.387 INFO]: RoadRunner(110) is moving SW from (5, 2) to (6,1)
[15:23:13.387 INFO]: RoadRunner(62) is moving SW from (8, 2) to (9,1)
[15:23:13.387 INFO]: RoadRunner(72) is moving S from (8, 4) to (9,4)
[15:23:13.388 INFO]: RoadRunner(141) is moving S from (1, 0) to (2,0)
[15:23:13.388 INFO]: RoadRunner is attempting to run away from 2 Coyotes!
[15:23:13.388 INFO]: RoadRunner is attempting to run away from 3 Coyotes!
[15:23:13.388 INFO]: Coyote(83) is moving NE from (2, 2) to (1,3)
[15:23:13.388 WARN]: Coyote(83) just ate RoadRunner(152) at cell (1,3)
[15:23:13.388 INFO]: RoadRunner(89) is moving W from (7, 6) to (7,5)
[15:23:13.388 INFO]: RoadRunner(64) is moving SW from (6, 8) to (7,7)
[15:23:13.388 INFO]: RoadRunner(95) is moving W from (5, 3) to (5,2)
[15:23:13.388 INFO]: RoadRunner(108) is moving W from (6, 9) to (6,8)
[15:23:13.388 INFO]: RoadRunner is attempting to run away from 1 Coyotes!
[15:23:13.388 INFO]: RoadRunner(106) is moving NW from (3, 3) to (2,2)
[15:23:13.388 INFO]: RoadRunner(145) is moving W from (5, 4) to (5,3)
[15:23:13.389 INFO]: RoadRunner(73) is moving SE from (5, 8) to (6,9)
[15:23:13.389 INFO]: Coyote(133) is moving NE from (1, 2) to (0,3)
[15:23:13.389 WARN]: Coyote(133) just ate RoadRunner(107) at cell (0,3)
[15:23:13.389 INFO]: RoadRunner(132) is moving S from (7, 2) to (8,2)
[15:23:13.389 INFO]: RoadRunner(7) is moving S from (8, 0) to (9,0)
[15:23:13.389 INFO]: RoadRunner(149) is moving SE from (7, 3) to (8,4)
[15:23:13.389 INFO]: RoadRunner(124) is moving SE from (4, 7) to (5,8)
[15:23:13.389 INFO]: RoadRunner(137) is moving SE from (8, 6) to (9,7)
[15:23:13.389 INFO]: RoadRunner(140) is moving SE from (6, 2) to (7,3)
[15:23:13.389 INFO]: RoadRunner is attempting to run away from 1 Coyotes!
[15:23:13.389 INFO]: RoadRunner(155) is moving SE from (5, 1) to (6,2)
[15:23:13.389 INFO]: RoadRunner(105) is moving SW from (4, 5) to (5,4)
[15:23:13.389 INFO]: RoadRunner(74) is moving E from (7, 1) to (7,2)
[15:23:13.389 INFO]: RoadRunner is attempting to run away from 1 Coyotes!
[15:23:13.390 INFO]: RoadRunner(119) is moving SE from (6, 5) to (7,6)
[15:23:13.390 INFO]: RoadRunner(93) is moving S from (0, 0) to (1,0)
[15:23:13.390 INFO]: RoadRunner is attempting to run away from 2 Coyotes!
[15:23:13.390 INFO]: RoadRunner(144) is moving E from (3, 2) to (3,3)
[15:23:13.390 INFO]: RoadRunner(85) is moving S from (5, 5) to (6,5)
[15:23:13.390 INFO]: RoadRunner(79) is moving SW from (3, 6) to (4,5)
[15:23:13.390 INFO]: RoadRunner(134) is moving SW from (8, 3) to (9,2)
[15:23:13.390 INFO]: RoadRunner(114) is moving NE from (5, 6) to (4,7)
[15:23:13.390 INFO]: RoadRunner(131) is moving SW from (2, 7) to (3,6)
[15:23:13.390 INFO]: Coyote(50) is moving SE from (4, 1) to (5,2)
[15:23:13.390 WARN]: Coyote(50) just ate RoadRunner(95) at cell (5,2)
[15:23:13.391 INFO]: RoadRunner is attempting to run away from 2 Coyotes!
[15:23:13.391 INFO]: RoadRunner(128) is moving N from (4, 2) to (3,2)
[15:23:13.391 INFO]: RoadRunner(118) is moving NE from (6, 4) to (5,5)
[15:23:13.391 INFO]: RoadRunner(138) is moving S from (4, 6) to (5,6)
[15:23:13.391 INFO]: RoadRunner(154) is moving SW from (7, 9) to (8,8)
[15:23:13.391 INFO]: RoadRunner(97) is moving N from (3, 7) to (2,7)
[15:23:13.391 INFO]: RoadRunner(100) is moving NW from (5, 7) to (4,6)
[15:23:13.391 INFO]: RoadRunner(102) is moving NE from (6, 6) to (5,7)
[15:23:13.391 INFO]: Coyote(150) is moving S from (0, 4) to (1,4)
[15:23:13.391 WARN]: Coyote(150) just ate RoadRunner(147) at cell (1,4)
[15:23:13.391 INFO]: Coyote(153) is moving NE from (3, 1) to (2,2)
[15:23:13.391 WARN]: Coyote(153) just ate RoadRunner(106) at cell (2,2)
[15:23:13.392 INFO]: RoadRunner is attempting to run away from 3 Coyotes!
[15:23:13.392 INFO]: RoadRunner(127) is moving W from (6, 7) to (6,6)
[15:23:13.392 INFO]: 
[15:23:13.392 INFO]: Coyotes Left: 6
[15:23:13.392 INFO]: RoadRunners Left: 64
[15:23:14.041 INFO]: 
[15:23:14.041 INFO]: 
[15:23:14.041 INFO]: ########## Age 25 ##########
[15:23:14.041 INFO]: 
[15:23:14.041 INFO]: 
[15:23:14.042 INFO]: RoadRunner(108) is moving SE from (6, 8) to (7,9)
[15:23:14.042 INFO]: Coyote(150) is moving S from (1, 4) to (2,4)
[15:23:14.042 WARN]: Coyote(150) just ate RoadRunner(109) at cell (2,4)
[15:23:14.042 INFO]: RoadRunner(135) is moving NW from (4, 8) to (3,7)
[15:23:14.042 INFO]: RoadRunner(134) is moving NE from (9, 2) to (8,3)
[15:23:14.042 INFO]: RoadRunner is attempting to run away from 1 Coyotes!
[15:23:14.042 INFO]: RoadRunner(110) is moving S from (6, 1) to (7,1)
[15:23:14.042 INFO]: RoadRunner(146) is moving E from (8, 5) to (8,6)
[15:23:14.042 INFO]: RoadRunner(112) is moving W from (4, 9) to (4,8)
[15:23:14.042 INFO]: Coyote(83) is moving S from (1, 3) to (2,3)
[15:23:14.043 WARN]: Coyote(83) just ate RoadRunner(148) at cell (2,3)
[15:23:14.043 INFO]: RoadRunner(154) is moving S from (8, 8) to (9,8)
[15:23:14.043 INFO]: RoadRunner is attempting to run away from 2 Coyotes!
[15:23:14.043 INFO]: RoadRunner(128) is moving SW from (3, 2) to (4,1)
[15:23:14.043 INFO]: RoadRunner is attempting to run away from 1 Coyotes!
[15:23:14.043 INFO]: RoadRunner(145) is moving SE from (5, 3) to (6,4)
[15:23:14.043 INFO]: RoadRunner is attempting to run away from 1 Coyotes!
[15:23:14.044 INFO]: RoadRunner(123) is moving NW from (4, 3) to (3,2)
[15:23:14.044 INFO]: RoadRunner(69) is moving SE from (3, 8) to (4,9)
[15:23:14.044 INFO]: RoadRunner(137) is moving NE from (9, 7) to (8,8)
[15:23:14.044 INFO]: RoadRunner is attempting to run away from 1 Coyotes!
[15:23:14.044 INFO]: RoadRunner(18) is moving S from (7, 0) to (8,0)
[15:23:14.044 INFO]: RoadRunner(89) is moving S from (7, 5) to (8,5)
[15:23:14.044 INFO]: RoadRunner(127) is moving E from (6, 6) to (6,7)
[15:23:14.044 INFO]: RoadRunner is attempting to run away from 1 Coyotes!
[15:23:14.044 INFO]: RoadRunner(129) is moving S from (6, 0) to (7,0)
[15:23:14.044 INFO]: RoadRunner(118) is moving SE from (5, 5) to (6,6)
[15:23:14.045 INFO]: RoadRunner is attempting to run away from 1 Coyotes!
[15:23:14.045 INFO]: RoadRunner(151) is moving N from (6, 3) to (5,3)
[15:23:14.045 INFO]: RoadRunner(138) is moving W from (5, 6) to (5,5)
[15:23:14.045 INFO]: RoadRunner(140) is moving N from (7, 3) to (6,3)
[15:23:14.045 INFO]: RoadRunner(72) is moving W from (9, 4) to (9,3)
[15:23:14.045 INFO]: RoadRunner(125) is moving SE from (8, 1) to (9,2)
[15:23:14.045 INFO]: RoadRunner(141) is moving E from (2, 0) to (2,1)
[15:23:14.045 INFO]: RoadRunner is attempting to run away from 2 Coyotes!
[15:23:14.045 INFO]: Coyote(133) is moving W from (0, 3) to (0,2)
[15:23:14.045 INFO]: RoadRunner(62) is moving N from (9, 1) to (8,1)
[15:23:14.046 INFO]: RoadRunner(52) is moving N from (7, 8) to (6,8)
[15:23:14.046 INFO]: RoadRunner(74) is moving NW from (7, 2) to (6,1)
[15:23:14.046 INFO]: RoadRunner is attempting to run away from 3 Coyotes!
[15:23:14.046 INFO]: RoadRunner(144) is moving SW from (3, 3) to (4,2)
[15:23:14.046 INFO]: RoadRunner(73) is moving SW from (6, 9) to (7,8)
[15:23:14.046 INFO]: RoadRunner(124) is moving SE from (5, 8) to (6,9)
[15:23:14.046 INFO]: RoadRunner(132) is moving N from (8, 2) to (7,2)
[15:23:14.046 INFO]: RoadRunner(79) is moving SE from (4, 5) to (5,6)
[15:23:14.046 INFO]: RoadRunner(143) is moving W from (3, 9) to (3,8)
[15:23:14.046 INFO]: Coyote(82) is moving NE from (1, 5) to (0,6)
[15:23:14.046 WARN]: Coyote(82) just ate RoadRunner(113) at cell (0,6)
[15:23:14.046 INFO]: RoadRunner(105) is moving NW from (5, 4) to (4,3)
[15:23:14.047 INFO]: RoadRunner(85) is moving S from (6, 5) to (7,5)
[15:23:14.047 INFO]: RoadRunner(7) is moving E from (9, 0) to (9,1)
[15:23:14.047 INFO]: RoadRunner(149) is moving SE from (8, 4) to (9,5)
[15:23:14.047 INFO]: RoadRunner is attempting to run away from 1 Coyotes!
[15:23:14.047 INFO]: RoadRunner(155) is moving SE from (6, 2) to (7,3)
[15:23:14.047 INFO]: RoadRunner(115) is moving S from (7, 4) to (8,4)
[15:23:14.047 INFO]: RoadRunner(64) is moving S from (7, 7) to (8,7)
[15:23:14.047 INFO]: RoadRunner(93) is moving S from (1, 0) to (2,0)
[15:23:14.047 INFO]: RoadRunner(100) is moving W from (4, 6) to (4,5)
[15:23:14.047 INFO]: RoadRunner(114) is moving W from (4, 7) to (4,6)
[15:23:14.047 INFO]: RoadRunner(102) is moving N from (5, 7) to (4,7)
[15:23:14.047 INFO]: Coyote(50) is moving N from (5, 2) to (4,2)
[15:23:14.048 WARN]: Coyote(50) just ate RoadRunner(144) at cell (4,2)
[15:23:14.048 INFO]: Coyote(153) is moving S from (2, 2) to (3,2)
[15:23:14.048 WARN]: Coyote(153) just ate RoadRunner(123) at cell (3,2)
[15:23:14.048 INFO]: RoadRunner is attempting to run away from 1 Coyotes!
[15:23:14.048 INFO]: RoadRunner is attempting to run away from 1 Coyotes!
[15:23:14.048 INFO]: RoadRunner(136) is moving W from (1, 6) to (1,5)
[15:23:14.048 INFO]: RoadRunner(119) is moving NW from (7, 6) to (6,5)
[15:23:14.048 INFO]: 
[15:23:14.048 INFO]: Coyotes Left: 6
[15:23:14.049 INFO]: RoadRunners Left: 59
[15:23:15.459 INFO]: 
[15:23:15.459 INFO]: 
[15:23:15.459 INFO]: ########## Age 26 ##########
[15:23:15.459 INFO]: 
[15:23:15.460 INFO]: 
[15:23:15.460 INFO]: RoadRunner(93) is moving SE from (2, 0) to (3,1)
[15:23:15.460 INFO]: RoadRunner(69) is moving N from (4, 9) to (3,9)
[15:23:15.460 INFO]: RoadRunner(143) is moving SE from (3, 8) to (4,9)
[15:23:15.460 INFO]: RoadRunner is attempting to run away from 2 Coyotes!
[15:23:15.461 INFO]: RoadRunner(128) is moving SW from (4, 1) to (5,0)
[15:23:15.461 INFO]: Coyote(83) is moving SE from (2, 3) to (3,4)
[15:23:15.461 WARN]: Coyote(83) just ate RoadRunner(116) at cell (3,4)
[15:23:15.461 INFO]: RoadRunner(73) is moving SE from (7, 8) to (8,9)
[15:23:15.461 INFO]: RoadRunner(155) is moving NW from (7, 3) to (6,2)
[15:23:15.461 INFO]: RoadRunner(132) is moving E from (7, 2) to (7,3)
[15:23:15.461 INFO]: RoadRunner(115) is moving S from (8, 4) to (9,4)
[15:23:15.461 INFO]: RoadRunner is attempting to run away from 1 Coyotes!
[15:23:15.462 INFO]: RoadRunner(141) is moving NW from (2, 1) to (1,0)
[15:23:15.462 INFO]: RoadRunner(145) is moving S from (6, 4) to (7,4)
[15:23:15.462 INFO]: RoadRunner(114) is moving SE from (4, 6) to (5,7)
[15:23:15.462 INFO]: RoadRunner is attempting to run away from 2 Coyotes!
[15:23:15.462 INFO]: RoadRunner(136) is moving NW from (1, 5) to (0,4)
[15:23:15.462 INFO]: Coyote(133) is moving W from (0, 2) to (0,1)
[15:23:15.462 INFO]: RoadRunner(134) is moving NW from (8, 3) to (7,2)
[15:23:15.463 INFO]: RoadRunner is attempting to run away from 1 Coyotes!
[15:23:15.463 INFO]: RoadRunner(118) is moving S from (6, 6) to (7,6)
[15:23:15.463 INFO]: RoadRunner(18) is moving S from (8, 0) to (9,0)
[15:23:15.463 INFO]: RoadRunner(131) is moving S from (3, 6) to (4,6)
[15:23:15.463 INFO]: Coyote(150) is moving SE from (2, 4) to (3,5)
[15:23:15.463 WARN]: Coyote(150) just ate RoadRunner(96) at cell (3,5)
[15:23:15.463 INFO]: RoadRunner(62) is moving W from (8, 1) to (8,0)
[15:23:15.463 INFO]: RoadRunner(112) is moving S from (4, 8) to (5,8)
[15:23:15.463 INFO]: RoadRunner(110) is moving SE from (7, 1) to (8,2)
[15:23:15.463 INFO]: RoadRunner is attempting to run away from 3 Coyotes!
[15:23:15.463 INFO]: RoadRunner(105) is moving SE from (4, 3) to (5,4)
[15:23:15.463 INFO]: RoadRunner(74) is moving NE from (6, 1) to (5,2)
[15:23:15.463 INFO]: RoadRunner is attempting to run away from 1 Coyotes!
[15:23:15.463 INFO]: RoadRunner(151) is moving SE from (5, 3) to (6,4)
[15:23:15.463 INFO]: RoadRunner is attempting to run away from 1 Coyotes!
[15:23:15.464 INFO]: RoadRunner(98) is moving N from (2, 6) to (1,6)
[15:23:15.464 INFO]: RoadRunner(139) is moving NW from (5, 9) to (4,8)
[15:23:15.464 INFO]: RoadRunner(89) is moving W from (8, 5) to (8,4)
[15:23:15.464 INFO]: RoadRunner(7) is moving N from (9, 1) to (8,1)
[15:23:15.464 INFO]: RoadRunner(97) is moving W from (2, 7) to (2,6)
[15:23:15.464 INFO]: RoadRunner(137) is moving N from (8, 8) to (7,8)
[15:23:15.464 INFO]: RoadRunner(64) is moving SW from (8, 7) to (9,6)
[15:23:15.464 INFO]: RoadRunner(91) is moving S from (2, 8) to (3,8)
[15:23:15.464 INFO]: Coyote(50) is moving NW from (4, 2) to (3,1)
[15:23:15.464 WARN]: Coyote(50) just ate RoadRunner(93) at cell (3,1)
[15:23:15.464 INFO]: RoadRunner(79) is moving S from (5, 6) to (6,6)
[15:23:15.464 INFO]: Coyote(82) is moving S from (0, 6) to (1,6)
[15:23:15.465 WARN]: Coyote(82) just ate RoadRunner(98) at cell (1,6)
[15:23:15.465 INFO]: RoadRunner(127) is moving S from (6, 7) to (7,7)
[15:23:15.465 INFO]: RoadRunner is attempting to run away from 2 Coyotes!
[15:23:15.465 INFO]: RoadRunner(100) is moving SE from (4, 5) to (5,6)
[15:23:15.465 INFO]: RoadRunner(129) is moving NE from (7, 0) to (6,1)
[15:23:15.465 INFO]: RoadRunner(124) is moving N from (6, 9) to (5,9)
[15:23:15.465 INFO]: RoadRunner(125) is moving W from (9, 2) to (9,1)
[15:23:15.465 INFO]: RoadRunner(72) is moving W from (9, 3) to (9,2)
[15:23:15.465 INFO]: Coyote(153) is moving SE from (3, 2) to (4,3)
[15:23:15.465 INFO]: RoadRunner is attempting to run away from 1 Coyotes!
[15:23:15.466 INFO]: RoadRunner(85) is moving S from (7, 5) to (8,5)
[15:23:15.466 INFO]: RoadRunner(135) is moving NE from (3, 7) to (2,8)
[15:23:15.466 INFO]: RoadRunner(154) is moving N from (9, 8) to (8,8)
[15:23:15.466 INFO]: RoadRunner(146) is moving E from (8, 6) to (8,7)
[15:23:15.466 INFO]: RoadRunner(140) is moving N from (6, 3) to (5,3)
[15:23:15.466 INFO]: RoadRunner(102) is moving N from (4, 7) to (3,7)
[15:23:15.466 INFO]: RoadRunner is attempting to run away from 3 Coyotes!
[15:23:15.466 INFO]: RoadRunner(108) is moving N from (7, 9) to (6,9)
[15:23:15.466 INFO]: RoadRunner(52) is moving W from (6, 8) to (6,7)
[15:23:15.466 INFO]: RoadRunner is attempting to run away from 3 Coyotes!
[15:23:15.466 INFO]: RoadRunner(87) is moving NW from (2, 5) to (1,4)
[15:23:15.467 INFO]: RoadRunner(119) is moving S from (6, 5) to (7,5)
[15:23:15.467 INFO]: RoadRunner(138) is moving N from (5, 5) to (4,5)
[15:23:15.467 INFO]: RoadRunner just bred a new RoadRunner at cell (4,0)
[15:23:15.467 INFO]: RoadRunner just bred a new RoadRunner at cell (7,9)
[15:23:15.467 INFO]: RoadRunner just bred a new RoadRunner at cell (5,1)
[15:23:15.467 INFO]: RoadRunner just bred a new RoadRunner at cell (6,3)
[15:23:15.467 INFO]: RoadRunner just bred a new RoadRunner at cell (8,3)
[15:23:15.467 INFO]: RoadRunner just bred a new RoadRunner at cell (0,0)
[15:23:15.467 INFO]: RoadRunner just bred a new RoadRunner at cell (6,5)
[15:23:15.467 INFO]: RoadRunner just bred a new RoadRunner at cell (2,7)
[15:23:15.468 INFO]: RoadRunner just bred a new RoadRunner at cell (4,7)
[15:23:15.468 INFO]: RoadRunner just bred a new RoadRunner at cell (1,5)
[15:23:15.468 INFO]: RoadRunner just bred a new RoadRunner at cell (7,1)
[15:23:15.468 INFO]: RoadRunner just bred a new RoadRunner at cell (0,6)
[15:23:15.468 INFO]: RoadRunner just bred a new RoadRunner at cell (8,6)
[15:23:15.468 INFO]: RoadRunner just bred a new RoadRunner at cell (3,6)
[15:23:15.468 INFO]: RoadRunner just bred a new RoadRunner at cell (7,0)
[15:23:15.468 INFO]: RoadRunner just bred a new RoadRunner at cell (6,8)
[15:23:15.468 INFO]: RoadRunner just bred a new RoadRunner at cell (9,3)
[15:23:15.468 INFO]: RoadRunner just bred a new RoadRunner at cell (5,5)
[15:23:15.468 INFO]: RoadRunner just bred a new RoadRunner at cell (4,2)
[15:23:15.468 INFO]: RoadRunner just bred a new RoadRunner at cell (2,5)
[15:23:15.469 INFO]: RoadRunner just bred a new RoadRunner at cell (9,7)
[15:23:15.469 INFO]: RoadRunner just bred a new RoadRunner at cell (6,0)
[15:23:15.469 INFO]: RoadRunner just bred a new RoadRunner at cell (9,8)
[15:23:15.469 INFO]: RoadRunner just bred a new RoadRunner at cell (3,3)
[15:23:15.469 INFO]: RoadRunner just bred a new RoadRunner at cell (0,5)
[15:23:15.469 INFO]: 
[15:23:15.469 INFO]: Coyotes Left: 6
[15:23:15.469 INFO]: RoadRunners Left: 80
[15:23:15.812 INFO]: 
[15:23:15.813 INFO]: 
[15:23:15.813 INFO]: ########## Age 27 ##########
[15:23:15.813 INFO]: 
[15:23:15.813 INFO]: 
[15:23:15.813 INFO]: RoadRunner is attempting to run away from 2 Coyotes!
[15:23:15.813 INFO]: RoadRunner(174) is moving N from (4, 2) to (3,2)
[15:23:15.813 INFO]: RoadRunner is attempting to run away from 2 Coyotes!
[15:23:15.814 INFO]: Coyote(133) is moving SW from (0, 1) to (1,0)
[15:23:15.814 WARN]: Coyote(133) just ate RoadRunner(141) at cell (1,0)
[15:23:15.814 INFO]: Coyote(82) is moving N from (1, 6) to (0,6)
[15:23:15.814 WARN]: Coyote(82) just ate RoadRunner(167) at cell (0,6)
[15:23:15.814 INFO]: RoadRunner(87) is moving SW from (1, 4) to (2,3)
[15:23:15.814 INFO]: RoadRunner is attempting to run away from 1 Coyotes!
[15:23:15.815 INFO]: RoadRunner(158) is moving NE from (5, 1) to (4,2)
[15:23:15.815 INFO]: RoadRunner(73) is moving S from (8, 9) to (9,9)
[15:23:15.815 INFO]: RoadRunner is attempting to run away from 1 Coyotes!
[15:23:15.815 INFO]: RoadRunner(74) is moving W from (5, 2) to (5,1)
[15:23:15.815 INFO]: Coyote(150) is moving N from (3, 5) to (2,5)
[15:23:15.815 WARN]: Coyote(150) just ate RoadRunner(175) at cell (2,5)
[15:23:15.815 INFO]: RoadRunner(159) is moving NW from (6, 3) to (5,2)
[15:23:15.815 INFO]: RoadRunner(154) is moving E from (8, 8) to (8,9)
[15:23:15.815 INFO]: RoadRunner(145) is moving NW from (7, 4) to (6,3)
[15:23:15.815 INFO]: RoadRunner(119) is moving W from (7, 5) to (7,4)
[15:23:15.815 INFO]: RoadRunner(137) is moving S from (7, 8) to (8,8)
[15:23:15.815 INFO]: RoadRunner is attempting to run away from 1 Coyotes!
[15:23:15.816 INFO]: RoadRunner(180) is moving SW from (0, 5) to (1,4)
[15:23:15.816 INFO]: RoadRunner(89) is moving NE from (8, 4) to (7,5)
[15:23:15.816 INFO]: RoadRunner is attempting to run away from 1 Coyotes!
[15:23:15.816 INFO]: Coyote(50) is moving SE from (3, 1) to (4,2)
[15:23:15.816 WARN]: Coyote(50) just ate RoadRunner(158) at cell (4,2)
[15:23:15.816 INFO]: RoadRunner(128) is moving NE from (5, 0) to (4,1)
[15:23:15.816 INFO]: RoadRunner is attempting to run away from 1 Coyotes!
[15:23:15.816 INFO]: RoadRunner(156) is moving S from (4, 0) to (5,0)
[15:23:15.816 INFO]: RoadRunner is attempting to run away from 1 Coyotes!
[15:23:15.816 INFO]: RoadRunner(108) is moving SW from (6, 9) to (7,8)
[15:23:15.817 INFO]: RoadRunner(112) is moving SE from (5, 8) to (6,9)
[15:23:15.817 INFO]: Coyote(83) is moving NW from (3, 4) to (2,3)
[15:23:15.817 WARN]: Coyote(83) just ate RoadRunner(87) at cell (2,3)
[15:23:15.817 INFO]: Coyote(153) is moving N from (4, 3) to (3,3)
[15:23:15.817 WARN]: Coyote(153) just ate RoadRunner(179) at cell (3,3)
[15:23:15.817 INFO]: RoadRunner(172) is moving NE from (9, 3) to (8,4)
[15:23:15.817 INFO]: RoadRunner(138) is moving NW from (4, 5) to (3,4)
[15:23:15.817 INFO]: RoadRunner(131) is moving W from (4, 6) to (4,5)
[15:23:15.817 INFO]: RoadRunner(163) is moving NW from (2, 7) to (1,6)
[15:23:15.817 INFO]: RoadRunner(110) is moving SE from (8, 2) to (9,3)
[15:23:15.817 INFO]: RoadRunner(105) is moving NW from (5, 4) to (4,3)
[15:23:15.817 INFO]: RoadRunner(136) is moving E from (0, 4) to (0,5)
[15:23:15.818 INFO]: RoadRunner(52) is moving NE from (6, 7) to (5,8)
[15:23:15.818 INFO]: RoadRunner(134) is moving S from (7, 2) to (8,2)
[15:23:15.818 INFO]: RoadRunner is attempting to run away from 1 Coyotes!
[15:23:15.818 INFO]: RoadRunner(161) is moving E from (0, 0) to (0,1)
[15:23:15.818 INFO]: RoadRunner(7) is moving NE from (8, 1) to (7,2)
[15:23:15.818 INFO]: RoadRunner is attempting to run away from 2 Coyotes!
[15:23:15.818 INFO]: RoadRunner(165) is moving NW from (1, 5) to (0,4)
[15:23:15.818 INFO]: RoadRunner(118) is moving NE from (7, 6) to (6,7)
[15:23:15.818 INFO]: RoadRunner(18) is moving NE from (9, 0) to (8,1)
[15:23:15.819 INFO]: RoadRunner(85) is moving NE from (8, 5) to (7,6)
[15:23:15.819 INFO]: RoadRunner(91) is moving NW from (3, 8) to (2,7)
[15:23:15.819 INFO]: RoadRunner(64) is moving NW from (9, 6) to (8,5)
[15:23:15.819 INFO]: RoadRunner is attempting to run away from 1 Coyotes!
[15:23:15.819 INFO]: RoadRunner(142) is moving S from (4, 4) to (5,4)
[15:23:15.819 INFO]: 
[15:23:15.819 INFO]: Coyotes Left: 6
[15:23:15.819 INFO]: RoadRunners Left: 74
[15:23:17.987 INFO]: 
[15:23:17.987 INFO]: 
[15:23:17.987 INFO]: ########## Age 28 ##########
[15:23:17.987 INFO]: 
[15:23:17.987 INFO]: 
[15:23:17.987 INFO]: RoadRunner(165) is moving SE from (0, 4) to (1,5)
[15:23:17.987 INFO]: RoadRunner is attempting to run away from 1 Coyotes!
[15:23:17.988 INFO]: RoadRunner(136) is moving W from (0, 5) to (0,4)
[15:23:17.988 INFO]: RoadRunner(131) is moving N from (4, 5) to (3,5)
[15:23:17.988 INFO]: RoadRunner(142) is moving N from (5, 4) to (4,4)
[15:23:17.988 INFO]: RoadRunner(100) is moving NW from (5, 6) to (4,5)
[15:23:17.988 INFO]: RoadRunner is attempting to run away from 2 Coyotes!
[15:23:17.988 INFO]: RoadRunner(168) is moving S from (8, 6) to (9,6)
[15:23:17.988 INFO]: RoadRunner(69) is moving W from (3, 9) to (3,8)
[15:23:17.988 INFO]: RoadRunner(135) is moving SE from (2, 8) to (3,9)
[15:23:17.988 INFO]: RoadRunner is attempting to run away from 1 Coyotes!
[15:23:17.988 INFO]: RoadRunner(161) is moving E from (0, 1) to (0,2)
[15:23:17.988 INFO]: RoadRunner(149) is moving NE from (9, 5) to (8,6)
[15:23:17.988 INFO]: RoadRunner is attempting to run away from 2 Coyotes!
[15:23:17.988 INFO]: RoadRunner(105) is moving SE from (4, 3) to (5,4)
[15:23:17.989 INFO]: RoadRunner is attempting to run away from 1 Coyotes!
[15:23:17.989 INFO]: RoadRunner(128) is moving NW from (4, 1) to (3,0)
[15:23:17.989 INFO]: RoadRunner(162) is moving NE from (6, 5) to (5,6)
[15:23:17.989 INFO]: RoadRunner is attempting to run away from 1 Coyotes!
[15:23:17.989 INFO]: RoadRunner(104) is moving S from (1, 8) to (2,8)
[15:23:17.989 INFO]: RoadRunner is attempting to run away from 3 Coyotes!
[15:23:17.989 INFO]: RoadRunner(174) is moving NW from (3, 2) to (2,1)
[15:23:17.989 INFO]: Coyote(50) is moving S from (4, 2) to (5,2)
[15:23:17.989 WARN]: Coyote(50) just ate RoadRunner(159) at cell (5,2)
[15:23:17.990 INFO]: RoadRunner(85) is moving NW from (7, 6) to (6,5)
[15:23:17.990 INFO]: Coyote(153) is moving SE from (3, 3) to (4,4)
[15:23:17.990 WARN]: Coyote(153) just ate RoadRunner(142) at cell (4,4)
[15:23:17.990 INFO]: RoadRunner(130) is moving SW from (0, 9) to (1,8)
[15:23:17.990 INFO]: RoadRunner(127) is moving W from (7, 7) to (7,6)
[15:23:17.990 INFO]: RoadRunner(172) is moving SE from (8, 4) to (9,5)
[15:23:17.990 INFO]: RoadRunner is attempting to run away from 1 Coyotes!
[15:23:17.990 INFO]: RoadRunner(169) is moving S from (3, 6) to (4,6)
[15:23:17.990 INFO]: RoadRunner(62) is moving S from (8, 0) to (9,0)
[15:23:17.991 INFO]: Coyote(133) is moving SE from (1, 0) to (2,1)
[15:23:17.991 WARN]: Coyote(133) just ate RoadRunner(174) at cell (2,1)
[15:23:17.991 INFO]: RoadRunner(118) is moving S from (6, 7) to (7,7)
[15:23:17.991 INFO]: RoadRunner(108) is moving NW from (7, 8) to (6,7)
[15:23:17.991 INFO]: RoadRunner(164) is moving NW from (4, 7) to (3,6)
[15:23:17.991 INFO]: RoadRunner(125) is moving NW from (9, 1) to (8,0)
[15:23:17.991 INFO]: RoadRunner(114) is moving N from (5, 7) to (4,7)
[15:23:17.991 INFO]: Coyote(83) is moving NE from (2, 3) to (1,4)
[15:23:17.991 WARN]: Coyote(83) just ate RoadRunner(180) at cell (1,4)
[15:23:17.991 INFO]: RoadRunner is attempting to run away from 1 Coyotes!
[15:23:17.992 INFO]: RoadRunner(74) is moving NW from (5, 1) to (4,0)
[15:23:17.992 INFO]: RoadRunner(119) is moving S from (7, 4) to (8,4)
[15:23:17.992 INFO]: RoadRunner is attempting to run away from 1 Coyotes!
[15:23:17.992 INFO]: RoadRunner is attempting to run away from 1 Coyotes!
[15:23:17.992 INFO]: RoadRunner(146) is moving NE from (8, 7) to (7,8)
[15:23:17.992 INFO]: RoadRunner is attempting to run away from 2 Coyotes!
[15:23:17.992 INFO]: RoadRunner(140) is moving N from (5, 3) to (4,3)
[15:23:17.992 INFO]: RoadRunner is attempting to run away from 1 Coyotes!
[15:23:17.992 INFO]: RoadRunner(79) is moving NE from (6, 6) to (5,7)
[15:23:17.992 INFO]: RoadRunner is attempting to run away from 2 Coyotes!
[15:23:17.993 INFO]: RoadRunner(138) is moving NW from (3, 4) to (2,3)
[15:23:17.993 INFO]: RoadRunner is attempting to run away from 1 Coyotes!
[15:23:17.993 INFO]: RoadRunner(18) is moving S from (8, 1) to (9,1)
[15:23:17.993 INFO]: RoadRunner is attempting to run away from 1 Coyotes!
[15:23:17.993 INFO]: RoadRunner(7) is moving SW from (7, 2) to (8,1)
[15:23:17.993 INFO]: RoadRunner(156) is moving E from (5, 0) to (5,1)
[15:23:17.993 INFO]: RoadRunner is attempting to run away from 1 Coyotes!
[15:23:17.994 INFO]: RoadRunner(145) is moving SE from (6, 3) to (7,4)
[15:23:17.994 INFO]: Coyote(150) is moving N from (2, 5) to (1,5)
[15:23:17.994 WARN]: Coyote(150) just ate RoadRunner(165) at cell (1,5)
[15:23:17.994 INFO]: RoadRunner(160) is moving NW from (8, 3) to (7,2)
[15:23:17.994 INFO]: Coyote(82) is moving S from (0, 6) to (1,6)
[15:23:17.994 WARN]: Coyote(82) just ate RoadRunner(163) at cell (1,6)
[15:23:17.994 INFO]: 
[15:23:17.994 INFO]: Coyotes Left: 6
[15:23:17.994 INFO]: RoadRunners Left: 68
[15:23:23.946 INFO]: 
[15:23:23.946 INFO]: 
[15:23:23.946 INFO]: ########## Age 29 ##########
[15:23:23.946 INFO]: 
[15:23:23.946 INFO]: 
[15:23:23.946 INFO]: RoadRunner is attempting to run away from 1 Coyotes!
[15:23:23.947 INFO]: RoadRunner(138) is moving SW from (2, 3) to (3,2)
[15:23:23.947 INFO]: RoadRunner(74) is moving NE from (4, 0) to (3,1)
[15:23:23.947 INFO]: RoadRunner(110) is moving N from (9, 3) to (8,3)
[15:23:23.947 INFO]: Coyote(50) is moving NE from (5, 2) to (4,3)
[15:23:23.947 WARN]: Coyote(50) just ate RoadRunner(140) at cell (4,3)
[15:23:23.947 INFO]: RoadRunner(164) is moving NW from (3, 6) to (2,5)
[15:23:23.947 INFO]: RoadRunner(85) is moving E from (6, 5) to (6,6)
[15:23:23.948 INFO]: RoadRunner is attempting to run away from 1 Coyotes!
[15:23:23.948 INFO]: RoadRunner(100) is moving NE from (4, 5) to (3,6)
[15:23:23.948 INFO]: RoadRunner is attempting to run away from 1 Coyotes!
[15:23:23.948 INFO]: RoadRunner is attempting to run away from 1 Coyotes!
[15:23:23.948 INFO]: RoadRunner(131) is moving NW from (3, 5) to (2,4)
[15:23:23.948 INFO]: RoadRunner(177) is moving N from (6, 0) to (5,0)
[15:23:23.948 INFO]: RoadRunner(161) is moving W from (0, 2) to (0,1)
[15:23:23.949 INFO]: RoadRunner(151) is moving W from (6, 4) to (6,3)
[15:23:23.949 INFO]: RoadRunner(170) is moving N from (7, 0) to (6,0)
[15:23:23.949 INFO]: RoadRunner is attempting to run away from 1 Coyotes!
[15:23:23.949 INFO]: RoadRunner(173) is moving S from (5, 5) to (6,5)
[15:23:23.949 INFO]: RoadRunner(7) is moving NW from (8, 1) to (7,0)
[15:23:23.949 INFO]: RoadRunner(62) is moving NE from (9, 0) to (8,1)
[15:23:23.949 INFO]: RoadRunner is attempting to run away from 2 Coyotes!
[15:23:23.949 INFO]: RoadRunner(105) is moving S from (5, 4) to (6,4)
[15:23:23.950 INFO]: RoadRunner(156) is moving E from (5, 1) to (5,2)
[15:23:23.950 INFO]: RoadRunner(162) is moving NW from (5, 6) to (4,5)
[15:23:23.950 INFO]: RoadRunner(72) is moving E from (9, 2) to (9,3)
[15:23:23.950 INFO]: Coyote(133) is moving S from (2, 1) to (3,1)
[15:23:23.950 WARN]: Coyote(133) just ate RoadRunner(74) at cell (3,1)
[15:23:23.950 INFO]: RoadRunner(168) is moving NE from (9, 6) to (8,7)
[15:23:23.950 INFO]: RoadRunner(134) is moving S from (8, 2) to (9,2)
[15:23:23.950 INFO]: RoadRunner(132) is moving SW from (7, 3) to (8,2)
[15:23:23.950 INFO]: RoadRunner(176) is moving W from (9, 7) to (9,6)
[15:23:23.950 INFO]: RoadRunner is attempting to run away from 2 Coyotes!
[15:23:23.950 INFO]: RoadRunner(97) is moving SW from (2, 6) to (3,5)
[15:23:23.951 INFO]: RoadRunner(178) is moving W from (9, 8) to (9,7)
[15:23:23.951 INFO]: RoadRunner(145) is moving W from (7, 4) to (7,3)
[15:23:23.951 INFO]: RoadRunner(125) is moving S from (8, 0) to (9,0)
[15:23:23.951 INFO]: RoadRunner(130) is moving NE from (1, 8) to (0,9)
[15:23:23.951 INFO]: RoadRunner is attempting to run away from 1 Coyotes!
[15:23:23.951 INFO]: RoadRunner(65) is moving SE from (0, 7) to (1,8)
[15:23:23.951 INFO]: RoadRunner(166) is moving SW from (7, 1) to (8,0)
[15:23:23.951 INFO]: RoadRunner is attempting to run away from 2 Coyotes!
[15:23:23.951 INFO]: RoadRunner(136) is moving W from (0, 4) to (0,3)
[15:23:23.951 INFO]: RoadRunner(129) is moving S from (6, 1) to (7,1)
[15:23:23.951 INFO]: RoadRunner is attempting to run away from 1 Coyotes!
[15:23:23.952 INFO]: RoadRunner(128) is moving N from (3, 0) to (2,0)
[15:23:23.952 INFO]: RoadRunner(155) is moving W from (6, 2) to (6,1)
[15:23:23.952 INFO]: Coyote(83) is moving NW from (1, 4) to (0,3)
[15:23:23.952 WARN]: Coyote(83) just ate RoadRunner(136) at cell (0,3)
[15:23:23.952 INFO]: RoadRunner(89) is moving W from (7, 5) to (7,4)
[15:23:23.952 INFO]: RoadRunner(137) is moving S from (8, 8) to (9,8)
[15:23:23.952 INFO]: RoadRunner(119) is moving NE from (8, 4) to (7,5)
[15:23:23.952 INFO]: Coyote(82) is moving SE from (1, 6) to (2,7)
[15:23:23.952 WARN]: Coyote(82) just ate RoadRunner(91) at cell (2,7)
[15:23:23.952 INFO]: RoadRunner(120) is moving W from (0, 8) to (0,7)
[15:23:23.952 INFO]: RoadRunner is attempting to run away from 1 Coyotes!
[15:23:23.952 INFO]: Coyote(153) is moving NE from (4, 4) to (3,5)
[15:23:23.953 WARN]: Coyote(153) just ate RoadRunner(97) at cell (3,5)
[15:23:23.953 INFO]: RoadRunner is attempting to run away from 1 Coyotes!
[15:23:23.953 INFO]: RoadRunner(117) is moving NE from (1, 7) to (0,8)
[15:23:23.953 INFO]: RoadRunner(73) is moving NW from (9, 9) to (8,8)
[15:23:23.953 INFO]: RoadRunner(64) is moving W from (8, 5) to (8,4)
[15:23:23.953 INFO]: Coyote(150) is moving S from (1, 5) to (2,5)
[15:23:23.953 WARN]: Coyote(150) just ate RoadRunner(164) at cell (2,5)
[15:23:23.953 INFO]: RoadRunner just bred a new RoadRunner at cell (2,2)
[15:23:23.953 INFO]: RoadRunner just bred a new RoadRunner at cell (1,7)
[15:23:23.953 INFO]: RoadRunner just bred a new RoadRunner at cell (9,9)
[15:23:23.953 INFO]: RoadRunner just bred a new RoadRunner at cell (5,6)
[15:23:23.954 INFO]: RoadRunner just bred a new RoadRunner at cell (5,5)
[15:23:23.954 INFO]: RoadRunner just bred a new RoadRunner at cell (2,6)
[15:23:23.954 INFO]: RoadRunner just bred a new RoadRunner at cell (1,4)
[15:23:23.954 INFO]: RoadRunner just bred a new RoadRunner at cell (4,0)
[15:23:23.954 INFO]: RoadRunner just bred a new RoadRunner at cell (1,1)
[15:23:23.954 INFO]: RoadRunner just bred a new RoadRunner at cell (5,3)
[15:23:23.954 INFO]: RoadRunner just bred a new RoadRunner at cell (5,1)
[15:23:23.954 INFO]: RoadRunner just bred a new RoadRunner at cell (5,4)
[15:23:23.954 INFO]: RoadRunner just bred a new RoadRunner at cell (4,2)
[15:23:23.954 INFO]: RoadRunner just bred a new RoadRunner at cell (3,4)
[15:23:23.954 INFO]: RoadRunner just bred a new RoadRunner at cell (6,2)
[15:23:23.954 INFO]: RoadRunner just bred a new RoadRunner at cell (8,5)
[15:23:23.955 INFO]: RoadRunner just bred a new RoadRunner at cell (1,0)
[15:23:23.955 INFO]: RoadRunner just bred a new RoadRunner at cell (1,6)
[15:23:23.955 INFO]: 
[15:23:23.955 INFO]: Coyotes Left: 6
[15:23:23.955 INFO]: RoadRunners Left: 80
[15:23:26.049 INFO]: 
[15:23:26.049 INFO]: 
[15:23:26.049 INFO]: ########## Age 30 ##########
[15:23:26.049 INFO]: 
[15:23:26.049 INFO]: 
[15:23:26.050 INFO]: Coyote(83) is moving SE from (0, 3) to (1,4)
[15:23:26.050 WARN]: Coyote(83) just ate RoadRunner(187) at cell (1,4)
[15:23:26.050 INFO]: RoadRunner is attempting to run away from 1 Coyotes!
[15:23:26.050 INFO]: RoadRunner(156) is moving NW from (5, 2) to (4,1)
[15:23:26.050 INFO]: RoadRunner is attempting to run away from 1 Coyotes!
[15:23:26.050 INFO]: RoadRunner is attempting to run away from 1 Coyotes!
[15:23:26.050 INFO]: RoadRunner(192) is moving N from (5, 4) to (4,4)
[15:23:26.050 INFO]: RoadRunner is attempting to run away from 3 Coyotes!
[15:23:26.051 INFO]: RoadRunner(131) is moving SW from (2, 4) to (3,3)
[15:23:26.051 INFO]: RoadRunner is attempting to run away from 1 Coyotes!
[15:23:26.051 INFO]: RoadRunner(190) is moving E from (5, 3) to (5,4)
[15:23:26.051 INFO]: RoadRunner(155) is moving NE from (6, 1) to (5,2)
[15:23:26.051 INFO]: RoadRunner is attempting to run away from 1 Coyotes!
[15:23:26.051 INFO]: RoadRunner(170) is moving E from (6, 0) to (6,1)
[15:23:26.051 INFO]: RoadRunner(197) is moving N from (1, 0) to (0,0)
[15:23:26.052 INFO]: RoadRunner is attempting to run away from 2 Coyotes!
[15:23:26.052 INFO]: Coyote(82) is moving N from (2, 7) to (1,7)
[15:23:26.052 WARN]: Coyote(82) just ate RoadRunner(182) at cell (1,7)
[15:23:26.052 INFO]: RoadRunner is attempting to run away from 2 Coyotes!
[15:23:26.052 INFO]: RoadRunner(138) is moving NE from (3, 2) to (2,3)
[15:23:26.052 INFO]: RoadRunner(102) is moving N from (3, 7) to (2,7)
[15:23:26.052 INFO]: Coyote(150) is moving NE from (2, 5) to (1,6)
[15:23:26.052 WARN]: Coyote(150) just ate RoadRunner(198) at cell (1,6)
[15:23:26.053 INFO]: RoadRunner is attempting to run away from 1 Coyotes!
[15:23:26.053 INFO]: RoadRunner(188) is moving N from (4, 0) to (3,0)
[15:23:26.053 INFO]: RoadRunner(7) is moving N from (7, 0) to (6,0)
[15:23:26.053 INFO]: RoadRunner is attempting to run away from 1 Coyotes!
[15:23:26.053 INFO]: RoadRunner(128) is moving N from (2, 0) to (1,0)
[15:23:26.053 INFO]: Coyote(50) is moving N from (4, 3) to (3,3)
[15:23:26.053 WARN]: Coyote(50) just ate RoadRunner(131) at cell (3,3)
[15:23:26.053 INFO]: RoadRunner(105) is moving NW from (6, 4) to (5,3)
[15:23:26.053 INFO]: RoadRunner is attempting to run away from 1 Coyotes!
[15:23:26.053 INFO]: RoadRunner is attempting to run away from 3 Coyotes!
[15:23:26.053 INFO]: RoadRunner(186) is moving SE from (2, 6) to (3,7)
[15:23:26.054 INFO]: RoadRunner(185) is moving SW from (5, 5) to (6,4)
[15:23:26.054 INFO]: RoadRunner(191) is moving NW from (5, 1) to (4,0)
[15:23:26.054 INFO]: RoadRunner is attempting to run away from 1 Coyotes!
[15:23:26.054 INFO]: RoadRunner(169) is moving SW from (4, 6) to (5,5)
[15:23:26.054 INFO]: RoadRunner is attempting to run away from 1 Coyotes!
[15:23:26.054 INFO]: RoadRunner(129) is moving W from (7, 1) to (7,0)
[15:23:26.054 INFO]: Coyote(153) is moving S from (3, 5) to (4,5)
[15:23:26.054 WARN]: Coyote(153) just ate RoadRunner(162) at cell (4,5)
[15:23:26.054 INFO]: Coyote(133) is moving NE from (3, 1) to (2,2)
[15:23:26.055 WARN]: Coyote(133) just ate RoadRunner(181) at cell (2,2)
[15:23:26.055 INFO]: RoadRunner is attempting to run away from 2 Coyotes!
[15:23:26.055 INFO]: RoadRunner is attempting to run away from 1 Coyotes!
[15:23:26.055 INFO]: RoadRunner(184) is moving N from (5, 6) to (4,6)
[15:23:26.055 INFO]: RoadRunner(166) is moving NE from (8, 0) to (7,1)
[15:23:26.055 INFO]: RoadRunner(195) is moving NW from (6, 2) to (5,1)
[15:23:26.055 INFO]: RoadRunner(173) is moving NE from (6, 5) to (5,6)
[15:23:26.055 INFO]: RoadRunner is attempting to run away from 1 Coyotes!
[15:23:26.055 INFO]: RoadRunner(100) is moving N from (3, 6) to (2,6)
[15:23:26.055 INFO]: RoadRunner is attempting to run away from 1 Coyotes!
[15:23:26.055 INFO]: RoadRunner(189) is moving NE from (1, 1) to (0,2)
[15:23:26.056 INFO]: RoadRunner(161) is moving SE from (0, 1) to (1,2)
[15:23:26.056 INFO]: RoadRunner(127) is moving NW from (7, 6) to (6,5)
[15:23:26.056 INFO]: RoadRunner is attempting to run away from 2 Coyotes!
[15:23:26.056 INFO]: RoadRunner(194) is moving NE from (3, 4) to (2,5)
[15:23:26.056 INFO]: RoadRunner(149) is moving N from (8, 6) to (7,6)
[15:23:26.056 INFO]: RoadRunner(62) is moving W from (8, 1) to (8,0)
[15:23:26.056 INFO]: RoadRunner(160) is moving N from (7, 2) to (6,2)
[15:23:26.056 INFO]: RoadRunner(110) is moving NW from (8, 3) to (7,2)
[15:23:26.056 INFO]: 
[15:23:26.056 INFO]: Coyotes Left: 6
[15:23:26.056 INFO]: RoadRunners Left: 74
[15:23:27.204 INFO]: 
[15:23:27.204 INFO]: 
[15:23:27.204 INFO]: ########## Age 31 ##########
[15:23:27.204 INFO]: 
[15:23:27.204 INFO]: 
[15:23:27.204 INFO]: RoadRunner(166) is moving S from (7, 1) to (8,1)
[15:23:27.205 INFO]: Coyote(50) is moving N from (3, 3) to (2,3)
[15:23:27.205 WARN]: Coyote(50) just ate RoadRunner(138) at cell (2,3)
[15:23:27.205 INFO]: RoadRunner(170) is moving S from (6, 1) to (7,1)
[15:23:27.205 INFO]: RoadRunner(195) is moving S from (5, 1) to (6,1)
[15:23:27.205 INFO]: RoadRunner is attempting to run away from 1 Coyotes!
[15:23:27.205 INFO]: RoadRunner(192) is moving NW from (4, 4) to (3,3)
[15:23:27.206 INFO]: RoadRunner(110) is moving SE from (7, 2) to (8,3)
[15:23:27.206 INFO]: RoadRunner(168) is moving W from (8, 7) to (8,6)
[15:23:27.206 INFO]: RoadRunner(155) is moving NE from (5, 2) to (4,3)
[15:23:27.206 INFO]: RoadRunner is attempting to run away from 1 Coyotes!
[15:23:27.206 INFO]: RoadRunner(193) is moving N from (4, 2) to (3,2)
[15:23:27.206 INFO]: RoadRunner(178) is moving N from (9, 7) to (8,7)
[15:23:27.206 INFO]: RoadRunner(160) is moving S from (6, 2) to (7,2)
[15:23:27.206 INFO]: RoadRunner(156) is moving E from (4, 1) to (4,2)
[15:23:27.207 INFO]: RoadRunner(137) is moving W from (9, 8) to (9,7)
[15:23:27.207 INFO]: RoadRunner is attempting to run away from 1 Coyotes!
[15:23:27.207 INFO]: RoadRunner(184) is moving N from (4, 6) to (3,6)
[15:23:27.207 INFO]: Coyote(153) is moving NE from (4, 5) to (3,6)
[15:23:27.207 WARN]: Coyote(153) just ate RoadRunner(184) at cell (3,6)
[15:23:27.207 INFO]: RoadRunner is attempting to run away from 2 Coyotes!
[15:23:27.207 INFO]: RoadRunner(105) is moving W from (5, 3) to (5,2)
[15:23:27.207 INFO]: RoadRunner(151) is moving N from (6, 3) to (5,3)
[15:23:27.207 INFO]: RoadRunner(169) is moving NW from (5, 5) to (4,4)
[15:23:27.208 INFO]: RoadRunner(188) is moving NE from (3, 0) to (2,1)
[15:23:27.208 INFO]: RoadRunner is attempting to run away from 3 Coyotes!
[15:23:27.208 INFO]: RoadRunner(194) is moving SW from (2, 5) to (3,4)
[15:23:27.208 INFO]: RoadRunner(185) is moving NE from (6, 4) to (5,5)
[15:23:27.208 INFO]: RoadRunner is attempting to run away from 1 Coyotes!
[15:23:27.208 INFO]: RoadRunner(128) is moving S from (1, 0) to (2,0)
[15:23:27.208 INFO]: RoadRunner(145) is moving NW from (7, 3) to (6,2)
[15:23:27.208 INFO]: RoadRunner(197) is moving E from (0, 0) to (0,1)
[15:23:27.208 INFO]: RoadRunner(127) is moving W from (6, 5) to (6,4)
[15:23:27.208 INFO]: RoadRunner(173) is moving NW from (5, 6) to (4,5)
[15:23:27.208 INFO]: RoadRunner is attempting to run away from 1 Coyotes!
[15:23:27.209 INFO]: RoadRunner(177) is moving NE from (5, 0) to (4,1)
[15:23:27.209 INFO]: Coyote(82) is moving N from (1, 7) to (0,7)
[15:23:27.209 WARN]: Coyote(82) just ate RoadRunner(120) at cell (0,7)
[15:23:27.209 INFO]: RoadRunner(7) is moving NE from (6, 0) to (5,1)
[15:23:27.209 INFO]: Coyote(150) is moving S from (1, 6) to (2,6)
[15:23:27.209 WARN]: Coyote(150) just ate RoadRunner(100) at cell (2,6)
[15:23:27.209 INFO]: RoadRunner is attempting to run away from 2 Coyotes!
[15:23:27.209 INFO]: RoadRunner(102) is moving N from (2, 7) to (1,7)
[15:23:27.210 INFO]: RoadRunner(190) is moving SW from (5, 4) to (6,3)
[15:23:27.210 INFO]: RoadRunner(73) is moving S from (8, 8) to (9,8)
[15:23:27.210 INFO]: RoadRunner(189) is moving SW from (0, 2) to (1,1)
[15:23:27.210 INFO]: RoadRunner is attempting to run away from 2 Coyotes!
[15:23:27.210 INFO]: RoadRunner(186) is moving N from (3, 7) to (2,7)
[15:23:27.210 INFO]: RoadRunner(119) is moving N from (7, 5) to (6,5)
[15:23:27.210 INFO]: Coyote(133) is moving N from (2, 2) to (1,2)
[15:23:27.210 WARN]: Coyote(133) just ate RoadRunner(161) at cell (1,2)
[15:23:27.210 INFO]: Coyote(83) is moving NW from (1, 4) to (0,3)
[15:23:27.210 INFO]: RoadRunner is attempting to run away from 1 Coyotes!
[15:23:27.210 INFO]: RoadRunner(114) is moving SW from (4, 7) to (5,6)
[15:23:27.210 INFO]: RoadRunner(191) is moving N from (4, 0) to (3,0)
[15:23:27.211 INFO]: RoadRunner(157) is moving SW from (7, 9) to (8,8)
[15:23:27.211 INFO]: RoadRunner(85) is moving SW from (6, 6) to (7,5)
[15:23:27.211 INFO]: RoadRunner(132) is moving NE from (8, 2) to (7,3)
[15:23:27.211 INFO]: RoadRunner(154) is moving N from (8, 9) to (7,9)
[15:23:27.211 INFO]: RoadRunner(149) is moving N from (7, 6) to (6,6)
[15:23:27.211 INFO]: Coyote just bred a new Coyote at cell (1,3)
[15:23:27.211 INFO]: Coyote just bred a new Coyote at cell (2,5)
[15:23:27.211 INFO]: Coyote just bred a new Coyote at cell (1,6)
[15:23:27.211 INFO]: Coyote just bred a new Coyote at cell (1,5)
[15:23:27.211 INFO]: Coyote just bred a new Coyote at cell (0,2)
[15:23:27.211 INFO]: Coyote just bred a new Coyote at cell (1,4)
[15:23:27.211 INFO]: 
[15:23:27.212 INFO]: Coyotes Left: 12
[15:23:27.212 INFO]: RoadRunners Left: 69
[15:23:28.974 INFO]: 
[15:23:28.974 INFO]: 
[15:23:28.974 INFO]: ########## Age 32 ##########
[15:23:28.974 INFO]: 
[15:23:28.974 INFO]: 
[15:23:28.975 INFO]: RoadRunner is attempting to run away from 1 Coyotes!
[15:23:28.975 INFO]: RoadRunner(173) is moving SW from (4, 5) to (5,4)
[15:23:28.975 INFO]: Coyote(153) is moving NE from (3, 6) to (2,7)
[15:23:28.975 WARN]: Coyote(153) just ate RoadRunner(186) at cell (2,7)
[15:23:28.975 INFO]: RoadRunner(73) is moving NE from (9, 8) to (8,9)
[15:23:28.975 INFO]: RoadRunner(170) is moving SE from (7, 1) to (8,2)
[15:23:28.975 INFO]: RoadRunner(157) is moving S from (8, 8) to (9,8)
[15:23:28.975 INFO]: RoadRunner(85) is moving E from (7, 5) to (7,6)
[15:23:28.975 INFO]: RoadRunner is attempting to run away from 2 Coyotes!
[15:23:28.976 INFO]: RoadRunner(156) is moving NW from (4, 2) to (3,1)
[15:23:28.976 INFO]: Coyote(199) is moving NE from (1, 3) to (0,4)
[15:23:28.976 INFO]: Coyote(133) is moving NW from (1, 2) to (0,1)
[15:23:28.976 WARN]: Coyote(133) just ate RoadRunner(197) at cell (0,1)
[15:23:28.976 INFO]: Coyote(202) is moving NE from (1, 5) to (0,6)
[15:23:28.976 INFO]: RoadRunner(128) is moving N from (2, 0) to (1,0)
[15:23:28.976 INFO]: RoadRunner(168) is moving NW from (8, 6) to (7,5)
[15:23:28.977 INFO]: Coyote(203) is moving SW from (0, 2) to (1,1)
[15:23:28.977 WARN]: Coyote(203) just ate RoadRunner(189) at cell (1,1)
[15:23:28.977 INFO]: RoadRunner(146) is moving S from (7, 8) to (8,8)
[15:23:28.977 INFO]: Coyote(200) is moving SW from (2, 5) to (3,4)
[15:23:28.977 WARN]: Coyote(200) just ate RoadRunner(194) at cell (3,4)
[15:23:28.977 INFO]: RoadRunner is attempting to run away from 1 Coyotes!
[15:23:28.977 INFO]: RoadRunner(188) is moving E from (2, 1) to (2,2)
[15:23:28.977 INFO]: RoadRunner(137) is moving NW from (9, 7) to (8,6)
[15:23:28.977 INFO]: RoadRunner is attempting to run away from 1 Coyotes!
[15:23:28.977 INFO]: RoadRunner(69) is moving SW from (3, 8) to (4,7)
[15:23:28.977 INFO]: RoadRunner(166) is moving N from (8, 1) to (7,1)
[15:23:28.978 INFO]: RoadRunner(191) is moving S from (3, 0) to (4,0)
[15:23:28.978 INFO]: RoadRunner(135) is moving W from (3, 9) to (3,8)
[15:23:28.978 INFO]: RoadRunner(171) is moving S from (6, 8) to (7,8)
[15:23:28.978 INFO]: RoadRunner(105) is moving N from (5, 2) to (4,2)
[15:23:28.978 INFO]: RoadRunner(139) is moving NW from (4, 8) to (3,7)
[15:23:28.978 INFO]: Coyote(201) is moving E from (1, 6) to (1,7)
[15:23:28.978 WARN]: Coyote(201) just ate RoadRunner(102) at cell (1,7)
[15:23:28.978 INFO]: RoadRunner is attempting to run away from 2 Coyotes!
[15:23:28.978 INFO]: RoadRunner(104) is moving SE from (2, 8) to (3,9)
[15:23:28.978 INFO]: RoadRunner(134) is moving NW from (9, 2) to (8,1)
[15:23:28.978 INFO]: RoadRunner is attempting to run away from 2 Coyotes!
[15:23:28.978 INFO]: RoadRunner(7) is moving W from (5, 1) to (5,0)
[15:23:28.978 INFO]: RoadRunner(79) is moving SE from (5, 7) to (6,8)
[15:23:28.978 INFO]: Coyote(150) is moving SE from (2, 6) to (3,7)
[15:23:28.978 WARN]: Coyote(150) just ate RoadRunner(139) at cell (3,7)
[15:23:28.978 INFO]: RoadRunner is attempting to run away from 1 Coyotes!
[15:23:28.978 INFO]: RoadRunner(169) is moving E from (4, 4) to (4,5)
[15:23:28.978 INFO]: Coyote(204) is moving W from (1, 4) to (1,3)
[15:23:28.978 INFO]: RoadRunner(151) is moving W from (5, 3) to (5,2)
[15:23:28.979 INFO]: RoadRunner(129) is moving N from (7, 0) to (6,0)
[15:23:28.979 INFO]: RoadRunner(18) is moving E from (9, 1) to (9,2)
[15:23:28.979 INFO]: RoadRunner(127) is moving NW from (6, 4) to (5,3)
[15:23:28.979 INFO]: Coyote(50) is moving S from (2, 3) to (3,3)
[15:23:28.979 WARN]: Coyote(50) just ate RoadRunner(192) at cell (3,3)
[15:23:28.979 INFO]: RoadRunner is attempting to run away from 1 Coyotes!
[15:23:28.979 INFO]: RoadRunner(193) is moving NW from (3, 2) to (2,1)
[15:23:28.979 INFO]: RoadRunner(62) is moving N from (8, 0) to (7,0)
[15:23:28.979 INFO]: RoadRunner(119) is moving W from (6, 5) to (6,4)
[15:23:28.979 INFO]: Coyote(83) is moving W from (0, 3) to (0,2)
[15:23:28.979 INFO]: RoadRunner(108) is moving N from (6, 7) to (5,7)
[15:23:28.979 INFO]: RoadRunner(178) is moving S from (8, 7) to (9,7)
[15:23:28.979 INFO]: RoadRunner(114) is moving N from (5, 6) to (4,6)
[15:23:28.980 INFO]: RoadRunner(52) is moving N from (5, 8) to (4,8)
[15:23:28.980 INFO]: RoadRunner(185) is moving E from (5, 5) to (5,6)
[15:23:28.980 INFO]: RoadRunner(177) is moving NE from (4, 1) to (3,2)
[15:23:28.980 INFO]: RoadRunner(195) is moving N from (6, 1) to (5,1)
[15:23:28.980 INFO]: RoadRunner(145) is moving W from (6, 2) to (6,1)
[15:23:28.980 INFO]: Coyote(82) is moving SE from (0, 7) to (1,8)
[15:23:28.980 WARN]: Coyote(82) just ate RoadRunner(65) at cell (1,8)
[15:23:28.980 INFO]: RoadRunner(124) is moving W from (5, 9) to (5,8)
[15:23:28.980 INFO]: RoadRunner(112) is moving N from (6, 9) to (5,9)
[15:23:28.980 INFO]: RoadRunner(132) is moving NW from (7, 3) to (6,2)
[15:23:28.980 INFO]: RoadRunner is attempting to run away from 1 Coyotes!
[15:23:28.980 INFO]: RoadRunner just bred a new RoadRunner at cell (8,7)
[15:23:28.980 INFO]: RoadRunner just bred a new RoadRunner at cell (4,4)
[15:23:28.980 INFO]: RoadRunner just bred a new RoadRunner at cell (7,3)
[15:23:28.980 INFO]: RoadRunner just bred a new RoadRunner at cell (6,7)
[15:23:28.980 INFO]: RoadRunner just bred a new RoadRunner at cell (2,0)
[15:23:28.980 INFO]: RoadRunner just bred a new RoadRunner at cell (8,0)
[15:23:28.981 INFO]: RoadRunner just bred a new RoadRunner at cell (0,0)
[15:23:28.981 INFO]: RoadRunner just bred a new RoadRunner at cell (6,5)
[15:23:28.981 INFO]: RoadRunner just bred a new RoadRunner at cell (2,8)
[15:23:28.981 INFO]: RoadRunner just bred a new RoadRunner at cell (1,2)
[15:23:28.981 INFO]: RoadRunner just bred a new RoadRunner at cell (3,6)
[15:23:28.981 INFO]: RoadRunner just bred a new RoadRunner at cell (3,0)
[15:23:28.981 INFO]: RoadRunner just bred a new RoadRunner at cell (6,9)
[15:23:28.981 INFO]: RoadRunner just bred a new RoadRunner at cell (4,1)
[15:23:28.981 INFO]: RoadRunner just bred a new RoadRunner at cell (9,1)
[15:23:28.981 INFO]: RoadRunner just bred a new RoadRunner at cell (5,5)
[15:23:28.981 INFO]: RoadRunner just bred a new RoadRunner at cell (0,7)
[15:23:28.981 INFO]: RoadRunner just bred a new RoadRunner at cell (3,5)
[15:23:28.981 INFO]: RoadRunner just bred a new RoadRunner at cell (2,3)
[15:23:28.981 INFO]: 
[15:23:28.981 INFO]: Coyotes Left: 12
[15:23:28.981 INFO]: RoadRunners Left: 80
[15:23:29.900 INFO]: 
[15:23:29.900 INFO]: 
[15:23:29.900 INFO]: ########## Age 33 ##########
[15:23:29.900 INFO]: 
[15:23:29.900 INFO]: 
[15:23:29.900 INFO]: RoadRunner is attempting to run away from 3 Coyotes!
[15:23:29.900 INFO]: RoadRunner is attempting to run away from 1 Coyotes!
[15:23:29.901 INFO]: RoadRunner is attempting to run away from 1 Coyotes!
[15:23:29.901 INFO]: RoadRunner is attempting to run away from 2 Coyotes!
[15:23:29.901 INFO]: RoadRunner is attempting to run away from 2 Coyotes!
[15:23:29.901 INFO]: RoadRunner is attempting to run away from 3 Coyotes!
[15:23:29.901 INFO]: RoadRunner is attempting to run away from 4 Coyotes!
[15:23:29.901 INFO]: RoadRunner is attempting to run away from 1 Coyotes!
[15:23:29.901 INFO]: RoadRunner is attempting to run away from 1 Coyotes!
[15:23:29.901 INFO]: Coyote(83) is moving S from (0, 2) to (1,2)
[15:23:29.902 WARN]: Coyote(83) just ate RoadRunner(214) at cell (1,2)
[15:23:29.902 INFO]: Coyote(150) is moving NE from (3, 7) to (2,8)
[15:23:29.902 WARN]: Coyote(150) just ate RoadRunner(213) at cell (2,8)
[15:23:29.902 INFO]: Coyote(202) is moving E from (0, 6) to (0,7)
[15:23:29.902 WARN]: Coyote(202) just ate RoadRunner(221) at cell (0,7)
[15:23:29.902 INFO]: RoadRunner is attempting to run away from 2 Coyotes!
[15:23:29.902 INFO]: RoadRunner is attempting to run away from 2 Coyotes!
[15:23:29.903 INFO]: Coyote(204) is moving S from (1, 3) to (2,3)
[15:23:29.903 WARN]: Coyote(204) just ate RoadRunner(223) at cell (2,3)
[15:23:29.903 INFO]: Coyote(199) is moving SE from (0, 4) to (1,5)
[15:23:29.903 INFO]: Coyote(133) is moving SW from (0, 1) to (1,0)
[15:23:29.903 WARN]: Coyote(133) just ate RoadRunner(128) at cell (1,0)
[15:23:29.903 INFO]: RoadRunner is attempting to run away from 1 Coyotes!
[15:23:29.903 INFO]: Coyote(203) is moving NW from (1, 1) to (0,0)
[15:23:29.903 WARN]: Coyote(203) just ate RoadRunner(211) at cell (0,0)
[15:23:29.903 INFO]: RoadRunner is attempting to run away from 1 Coyotes!
[15:23:29.903 INFO]: RoadRunner(215) is moving NW from (3, 6) to (2,5)
[15:23:29.904 INFO]: RoadRunner is attempting to run away from 1 Coyotes!
[15:23:29.904 INFO]: Coyote(201) is moving NE from (1, 7) to (0,8)
[15:23:29.904 WARN]: Coyote(201) just ate RoadRunner(117) at cell (0,8)
[15:23:29.904 INFO]: RoadRunner is attempting to run away from 2 Coyotes!
[15:23:29.904 INFO]: RoadRunner is attempting to run away from 1 Coyotes!
[15:23:29.904 INFO]: RoadRunner(169) is moving NE from (4, 5) to (3,6)
[15:23:29.904 INFO]: RoadRunner(185) is moving NW from (5, 6) to (4,5)
[15:23:29.904 INFO]: RoadRunner is attempting to run away from 1 Coyotes!
[15:23:29.904 INFO]: RoadRunner(222) is moving NE from (3, 5) to (2,6)
[15:23:29.904 INFO]: Coyote(153) is moving SE from (2, 7) to (3,8)
[15:23:29.904 WARN]: Coyote(153) just ate RoadRunner(135) at cell (3,8)
[15:23:29.904 INFO]: Coyote(200) is moving NE from (3, 4) to (2,5)
[15:23:29.904 WARN]: Coyote(200) just ate RoadRunner(215) at cell (2,5)
[15:23:29.904 INFO]: RoadRunner(149) is moving N from (6, 6) to (5,6)
[15:23:29.905 INFO]: RoadRunner(118) is moving NW from (7, 7) to (6,6)
[15:23:29.905 INFO]: Coyote(50) is moving NW from (3, 3) to (2,2)
[15:23:29.905 WARN]: Coyote(50) just ate RoadRunner(188) at cell (2,2)
[15:23:29.905 INFO]: RoadRunner is attempting to run away from 3 Coyotes!
[15:23:29.905 INFO]: RoadRunner(193) is moving N from (2, 1) to (1,1)
[15:23:29.905 INFO]: RoadRunner(205) is moving N from (8, 7) to (7,7)
[15:23:29.905 INFO]: RoadRunner is attempting to run away from 2 Coyotes!
[15:23:29.905 INFO]: RoadRunner(114) is moving NW from (4, 6) to (3,5)
[15:23:29.905 INFO]: RoadRunner is attempting to run away from 1 Coyotes!
[15:23:29.905 INFO]: RoadRunner(156) is moving N from (3, 1) to (2,1)
[15:23:29.905 INFO]: RoadRunner(220) is moving NE from (5, 5) to (4,6)
[15:23:29.905 INFO]: RoadRunner is attempting to run away from 1 Coyotes!
[15:23:29.905 INFO]: RoadRunner(209) is moving SE from (2, 0) to (3,1)
[15:23:29.905 INFO]: Coyote(82) is moving NE from (1, 8) to (0,9)
[15:23:29.906 WARN]: Coyote(82) just ate RoadRunner(130) at cell (0,9)
[15:23:29.906 INFO]: 
[15:23:29.906 INFO]: Coyotes Left: 12
[15:23:29.906 INFO]: RoadRunners Left: 69
[15:23:30.990 INFO]: 
[15:23:30.990 INFO]: 
[15:23:30.990 INFO]: ########## Age 34 ##########
[15:23:30.990 INFO]: 
[15:23:30.990 INFO]: 
[15:23:30.991 INFO]: Coyote(200) is moving S from (2, 5) to (3,5)
[15:23:30.991 WARN]: Coyote(200) just ate RoadRunner(114) at cell (3,5)
[15:23:30.991 INFO]: RoadRunner(105) is moving NE from (4, 2) to (3,3)
[15:23:30.991 INFO]: RoadRunner(155) is moving NE from (4, 3) to (3,4)
[15:23:30.991 INFO]: RoadRunner is attempting to run away from 1 Coyotes!
[15:23:30.991 INFO]: RoadRunner(209) is moving NW from (3, 1) to (2,0)
[15:23:30.991 INFO]: RoadRunner(173) is moving NW from (5, 4) to (4,3)
[15:23:30.991 INFO]: RoadRunner(205) is moving S from (7, 7) to (8,7)
[15:23:30.991 INFO]: RoadRunner is attempting to run away from 1 Coyotes!
[15:23:30.991 INFO]: RoadRunner(169) is moving NE from (3, 6) to (2,7)
[15:23:30.991 INFO]: RoadRunner(85) is moving E from (7, 6) to (7,7)
[15:23:30.991 INFO]: RoadRunner(118) is moving S from (6, 6) to (7,6)
[15:23:30.992 INFO]: RoadRunner is attempting to run away from 1 Coyotes!
[15:23:30.992 INFO]: RoadRunner(69) is moving NW from (4, 7) to (3,6)
[15:23:30.992 INFO]: RoadRunner is attempting to run away from 2 Coyotes!
[15:23:30.992 INFO]: RoadRunner(177) is moving S from (3, 2) to (4,2)
[15:23:30.992 INFO]: RoadRunner is attempting to run away from 1 Coyotes!
[15:23:30.992 INFO]: RoadRunner(220) is moving E from (4, 6) to (4,7)
[15:23:30.992 INFO]: Coyote(202) is moving W from (0, 7) to (0,6)
[15:23:30.992 INFO]: RoadRunner is attempting to run away from 2 Coyotes!
[15:23:30.992 INFO]: RoadRunner(119) is moving NE from (6, 4) to (5,5)
[15:23:30.993 INFO]: RoadRunner(212) is moving W from (6, 5) to (6,4)
[15:23:30.993 INFO]: Coyote(153) is moving NE from (3, 8) to (2,9)
[15:23:30.993 WARN]: Coyote(153) just ate RoadRunner(101) at cell (2,9)
[15:23:30.993 INFO]: RoadRunner is attempting to run away from 2 Coyotes!
[15:23:30.993 INFO]: RoadRunner(222) is moving NE from (2, 6) to (1,7)
[15:23:30.993 INFO]: RoadRunner(208) is moving W from (6, 7) to (6,6)
[15:23:30.993 INFO]: RoadRunner is attempting to run away from 3 Coyotes!
[15:23:30.993 INFO]: RoadRunner(156) is moving S from (2, 1) to (3,1)
[15:23:30.993 INFO]: Coyote(50) is moving NW from (2, 2) to (1,1)
[15:23:30.994 WARN]: Coyote(50) just ate RoadRunner(193) at cell (1,1)
[15:23:30.994 INFO]: RoadRunner(143) is moving NW from (4, 9) to (3,8)
[15:23:30.994 INFO]: RoadRunner(190) is moving NE from (6, 3) to (5,4)
[15:23:30.994 INFO]: RoadRunner is attempting to run away from 1 Coyotes!
[15:23:30.994 INFO]: RoadRunner(108) is moving S from (5, 7) to (6,7)
[15:23:30.994 INFO]: Coyote(83) is moving E from (1, 2) to (1,3)
[15:23:30.994 INFO]: RoadRunner is attempting to run away from 1 Coyotes!
[15:23:30.994 INFO]: RoadRunner(185) is moving E from (4, 5) to (4,6)
[15:23:30.994 INFO]: Coyote(204) is moving S from (2, 3) to (3,3)
[15:23:30.994 WARN]: Coyote(204) just ate RoadRunner(105) at cell (3,3)
[15:23:30.994 INFO]: RoadRunner(52) is moving SW from (4, 8) to (5,7)
[15:23:30.994 INFO]: RoadRunner(149) is moving NW from (5, 6) to (4,5)
[15:23:30.995 INFO]: RoadRunner(218) is moving NE from (4, 1) to (3,2)
[15:23:30.995 INFO]: RoadRunner(168) is moving N from (7, 5) to (6,5)
[15:23:30.995 INFO]: RoadRunner(151) is moving SE from (5, 2) to (6,3)
[15:23:30.995 INFO]: RoadRunner is attempting to run away from 4 Coyotes!
[15:23:30.995 INFO]: Coyote(133) is moving S from (1, 0) to (2,0)
[15:23:30.995 WARN]: Coyote(133) just ate RoadRunner(209) at cell (2,0)
[15:23:30.995 INFO]: Coyote(203) is moving S from (0, 0) to (1,0)
[15:23:30.995 INFO]: Coyote(199) is moving W from (1, 5) to (1,4)
[15:23:30.995 INFO]: RoadRunner(7) is moving NE from (5, 0) to (4,1)
[15:23:30.995 INFO]: Coyote(201) is moving SE from (0, 8) to (1,9)
[15:23:30.995 WARN]: Coyote(201) just ate RoadRunner(84) at cell (1,9)
[15:23:30.995 INFO]: Coyote(82) is moving SW from (0, 9) to (1,8)
[15:23:30.995 INFO]: RoadRunner is attempting to run away from 1 Coyotes!
[15:23:30.996 INFO]: Coyote(150) is moving NW from (2, 8) to (1,7)
[15:23:30.996 WARN]: Coyote(150) just ate RoadRunner(222) at cell (1,7)
[15:23:30.996 INFO]: 
[15:23:30.996 INFO]: Coyotes Left: 12
[15:23:30.996 INFO]: RoadRunners Left: 62
[15:23:31.967 INFO]: 
[15:23:31.968 INFO]: 
[15:23:31.968 INFO]: ########## Age 35 ##########
[15:23:31.968 INFO]: 
[15:23:31.968 INFO]: 
[15:23:31.968 INFO]: RoadRunner(127) is moving W from (5, 3) to (5,2)
[15:23:31.968 INFO]: Coyote(204) is moving S from (3, 3) to (4,3)
[15:23:31.968 WARN]: Coyote(204) just ate RoadRunner(173) at cell (4,3)
[15:23:31.969 INFO]: RoadRunner(124) is moving NE from (5, 8) to (4,9)
[15:23:31.969 INFO]: RoadRunner(137) is moving NW from (8, 6) to (7,5)
[15:23:31.969 INFO]: RoadRunner is attempting to run away from 2 Coyotes!
[15:23:31.969 INFO]: RoadRunner(169) is moving S from (2, 7) to (3,7)
[15:23:31.969 INFO]: Coyote(201) is moving N from (1, 9) to (0,9)
[15:23:31.969 INFO]: RoadRunner is attempting to run away from 1 Coyotes!
[15:23:31.969 INFO]: RoadRunner(149) is moving SE from (4, 5) to (5,6)
[15:23:31.969 INFO]: RoadRunner is attempting to run away from 1 Coyotes!
[15:23:31.969 INFO]: RoadRunner(112) is moving NW from (5, 9) to (4,8)
[15:23:31.969 INFO]: RoadRunner(119) is moving N from (5, 5) to (4,5)
[15:23:31.969 INFO]: RoadRunner(196) is moving E from (8, 5) to (8,6)
[15:23:31.970 INFO]: Coyote(133) is moving S from (2, 0) to (3,0)
[15:23:31.970 WARN]: Coyote(133) just ate RoadRunner(216) at cell (3,0)
[15:23:31.970 INFO]: RoadRunner is attempting to run away from 2 Coyotes!
[15:23:31.970 INFO]: RoadRunner(155) is moving NW from (3, 4) to (2,3)
[15:23:31.970 INFO]: RoadRunner(168) is moving N from (6, 5) to (5,5)
[15:23:31.970 INFO]: RoadRunner is attempting to run away from 1 Coyotes!
[15:23:31.970 INFO]: RoadRunner(156) is moving NE from (3, 1) to (2,2)
[15:23:31.970 WARN]: Coyote(199) died to starvation!
[15:23:31.970 INFO]: RoadRunner(129) is moving N from (6, 0) to (5,0)
[15:23:31.970 INFO]: RoadRunner is attempting to run away from 1 Coyotes!
[15:23:31.971 INFO]: RoadRunner(218) is moving NW from (3, 2) to (2,1)
[15:23:31.971 INFO]: RoadRunner(52) is moving E from (5, 7) to (5,8)
[15:23:31.971 INFO]: RoadRunner(89) is moving SE from (7, 4) to (8,5)
[15:23:31.971 INFO]: Coyote(82) is moving N from (1, 8) to (0,8)
[15:23:31.971 INFO]: Coyote(200) is moving S from (3, 5) to (4,5)
[15:23:31.971 WARN]: Coyote(200) just ate RoadRunner(119) at cell (4,5)
[15:23:31.971 INFO]: RoadRunner(166) is moving NW from (7, 1) to (6,0)
[15:23:31.971 INFO]: Coyote(203) is moving SE from (1, 0) to (2,1)
[15:23:31.971 WARN]: Coyote(203) just ate RoadRunner(218) at cell (2,1)
[15:23:31.971 INFO]: RoadRunner(151) is moving SE from (6, 3) to (7,4)
[15:23:31.971 INFO]: RoadRunner(108) is moving N from (6, 7) to (5,7)
[15:23:31.972 INFO]: RoadRunner is attempting to run away from 1 Coyotes!
[15:23:31.972 INFO]: RoadRunner(7) is moving NE from (4, 1) to (3,2)
[15:23:31.972 INFO]: RoadRunner is attempting to run away from 1 Coyotes!
[15:23:31.972 INFO]: RoadRunner(143) is moving NW from (3, 8) to (2,7)
[15:23:31.972 INFO]: RoadRunner(79) is moving NE from (6, 8) to (5,9)
[15:23:31.972 INFO]: RoadRunner is attempting to run away from 1 Coyotes!
[15:23:31.972 INFO]: RoadRunner(191) is moving E from (4, 0) to (4,1)
[15:23:31.972 INFO]: RoadRunner(171) is moving NW from (7, 8) to (6,7)
[15:23:31.972 INFO]: RoadRunner is attempting to run away from 1 Coyotes!
[15:23:31.972 INFO]: RoadRunner is attempting to run away from 1 Coyotes!
[15:23:31.972 INFO]: RoadRunner(104) is moving W from (3, 9) to (3,8)
[15:23:31.972 INFO]: Coyote(83) is moving S from (1, 3) to (2,3)
[15:23:31.973 WARN]: Coyote(83) just ate RoadRunner(155) at cell (2,3)
[15:23:31.973 INFO]: Coyote(153) is moving SW from (2, 9) to (3,8)
[15:23:31.973 WARN]: Coyote(153) just ate RoadRunner(104) at cell (3,8)
[15:23:31.973 INFO]: RoadRunner(145) is moving S from (6, 1) to (7,1)
[15:23:31.973 INFO]: RoadRunner(132) is moving NE from (6, 2) to (5,3)
[15:23:31.973 INFO]: RoadRunner is attempting to run away from 2 Coyotes!
[15:23:31.973 INFO]: RoadRunner(190) is moving SE from (5, 4) to (6,5)
[15:23:31.973 INFO]: RoadRunner(85) is moving NE from (7, 7) to (6,8)
[15:23:31.973 INFO]: RoadRunner(208) is moving SE from (6, 6) to (7,7)
[15:23:31.973 INFO]: Coyote(150) is moving S from (1, 7) to (2,7)
[15:23:31.973 WARN]: Coyote(150) just ate RoadRunner(143) at cell (2,7)
[15:23:31.973 INFO]: RoadRunner(118) is moving N from (7, 6) to (6,6)
[15:23:31.973 INFO]: RoadRunner is attempting to run away from 2 Coyotes!
[15:23:31.974 INFO]: RoadRunner(206) is moving N from (4, 4) to (3,4)
[15:23:31.974 INFO]: RoadRunner(207) is moving NW from (7, 3) to (6,2)
[15:23:31.974 INFO]: Coyote(202) is moving W from (0, 6) to (0,5)
[15:23:31.974 INFO]: RoadRunner(212) is moving SW from (6, 4) to (7,3)
[15:23:31.974 INFO]: RoadRunner is attempting to run away from 1 Coyotes!
[15:23:31.974 INFO]: RoadRunner(217) is moving SW from (6, 9) to (7,8)
[15:23:31.974 INFO]: RoadRunner is attempting to run away from 2 Coyotes!
[15:23:31.974 INFO]: RoadRunner(69) is moving NW from (3, 6) to (2,5)
[15:23:31.974 INFO]: Coyote(50) is moving SE from (1, 1) to (2,2)
[15:23:31.974 WARN]: Coyote(50) just ate RoadRunner(156) at cell (2,2)
[15:23:31.974 INFO]: RoadRunner just bred a new RoadRunner at cell (6,3)
[15:23:31.975 INFO]: RoadRunner just bred a new RoadRunner at cell (3,9)
[15:23:31.975 INFO]: RoadRunner just bred a new RoadRunner at cell (6,4)
[15:23:31.975 INFO]: RoadRunner just bred a new RoadRunner at cell (2,8)
[15:23:31.975 INFO]: RoadRunner just bred a new RoadRunner at cell (6,1)
[15:23:31.975 INFO]: RoadRunner just bred a new RoadRunner at cell (3,3)
[15:23:31.975 INFO]: RoadRunner just bred a new RoadRunner at cell (7,6)
[15:23:31.975 INFO]: RoadRunner just bred a new RoadRunner at cell (6,9)
[15:23:31.975 INFO]: RoadRunner just bred a new RoadRunner at cell (4,4)
[15:23:31.975 INFO]: RoadRunner just bred a new RoadRunner at cell (4,0)
[15:23:31.975 INFO]: RoadRunner just bred a new RoadRunner at cell (3,1)
[15:23:31.975 INFO]: RoadRunner just bred a new RoadRunner at cell (3,6)
[15:23:31.975 INFO]: RoadRunner just bred a new RoadRunner at cell (5,4)
[15:23:31.976 INFO]: RoadRunner just bred a new RoadRunner at cell (2,4)
[15:23:31.976 INFO]: RoadRunner just bred a new RoadRunner at cell (1,5)
[15:23:31.976 INFO]: 
[15:23:31.976 INFO]: Coyotes Left: 11
[15:23:31.976 INFO]: RoadRunners Left: 69
[15:23:34.043 INFO]: 
[15:23:34.044 INFO]: 
[15:23:34.044 INFO]: ########## Age 36 ##########
[15:23:34.044 INFO]: 
[15:23:34.044 INFO]: 
[15:23:34.045 INFO]: RoadRunner(69) is moving S from (2, 5) to (3,5)
[15:23:34.045 INFO]: RoadRunner is attempting to run away from 1 Coyotes!
[15:23:34.045 INFO]: RoadRunner is attempting to run away from 1 Coyotes!
[15:23:34.045 INFO]: RoadRunner is attempting to run away from 1 Coyotes!
[15:23:34.045 INFO]: Coyote(202) is moving S from (0, 5) to (1,5)
[15:23:34.045 WARN]: Coyote(202) just ate RoadRunner(238) at cell (1,5)
[15:23:34.046 INFO]: Coyote(204) is moving N from (4, 3) to (3,3)
[15:23:34.046 WARN]: Coyote(204) just ate RoadRunner(229) at cell (3,3)
[15:23:34.046 INFO]: RoadRunner(127) is moving NE from (5, 2) to (4,3)
[15:23:34.046 INFO]: RoadRunner(195) is moving E from (5, 1) to (5,2)
[15:23:34.046 INFO]: Coyote(50) is moving S from (2, 2) to (3,2)
[15:23:34.046 WARN]: Coyote(50) just ate RoadRunner(7) at cell (3,2)
[15:23:34.046 INFO]: Coyote(82) is moving SW from (0, 8) to (1,7)
[15:23:34.047 INFO]: Coyote(133) is moving S from (3, 0) to (4,0)
[15:23:34.047 WARN]: Coyote(133) just ate RoadRunner(233) at cell (4,0)
[15:23:34.047 INFO]: RoadRunner is attempting to run away from 2 Coyotes!
[15:23:34.047 INFO]: RoadRunner(177) is moving SW from (4, 2) to (5,1)
[15:23:34.047 INFO]: RoadRunner(132) is moving NW from (5, 3) to (4,2)
[15:23:34.047 INFO]: RoadRunner is attempting to run away from 1 Coyotes!
[15:23:34.047 INFO]: RoadRunner is attempting to run away from 2 Coyotes!
[15:23:34.047 INFO]: Coyote(203) is moving S from (2, 1) to (3,1)
[15:23:34.047 WARN]: Coyote(203) just ate RoadRunner(234) at cell (3,1)
[15:23:34.047 INFO]: Coyote(83) is moving SE from (2, 3) to (3,4)
[15:23:34.047 WARN]: Coyote(83) just ate RoadRunner(206) at cell (3,4)
[15:23:34.047 INFO]: RoadRunner is attempting to run away from 2 Coyotes!
[15:23:34.047 INFO]: RoadRunner(235) is moving NW from (3, 6) to (2,5)
[15:23:34.048 INFO]: RoadRunner is attempting to run away from 3 Coyotes!
[15:23:34.048 INFO]: RoadRunner(237) is moving NW from (2, 4) to (1,3)
[15:23:34.048 INFO]: RoadRunner is attempting to run away from 1 Coyotes!
[15:23:34.048 INFO]: RoadRunner(220) is moving NW from (4, 7) to (3,6)
[15:23:34.048 INFO]: Coyote(200) is moving N from (4, 5) to (3,5)
[15:23:34.048 WARN]: Coyote(200) just ate RoadRunner(69) at cell (3,5)
[15:23:34.048 INFO]: RoadRunner(207) is moving NE from (6, 2) to (5,3)
[15:23:34.048 INFO]: RoadRunner(236) is moving NE from (5, 4) to (4,5)
[15:23:34.048 INFO]: RoadRunner is attempting to run away from 1 Coyotes!
[15:23:34.048 INFO]: RoadRunner(225) is moving N from (3, 9) to (2,9)
[15:23:34.048 INFO]: Coyote(201) is moving S from (0, 9) to (1,9)
[15:23:34.048 INFO]: RoadRunner is attempting to run away from 1 Coyotes!
[15:23:34.048 INFO]: RoadRunner(185) is moving E from (4, 6) to (4,7)
[15:23:34.048 INFO]: RoadRunner(224) is moving NE from (6, 3) to (5,4)
[15:23:34.048 INFO]: RoadRunner is attempting to run away from 4 Coyotes!
[15:23:34.048 INFO]: RoadRunner(227) is moving N from (2, 8) to (1,8)
[15:23:34.049 INFO]: RoadRunner is attempting to run away from 1 Coyotes!
[15:23:34.049 INFO]: RoadRunner(124) is moving N from (4, 9) to (3,9)
[15:23:34.049 INFO]: Coyote(150) is moving NE from (2, 7) to (1,8)
[15:23:34.049 WARN]: Coyote(150) just ate RoadRunner(227) at cell (1,8)
[15:23:34.049 INFO]: RoadRunner(168) is moving NE from (5, 5) to (4,6)
[15:23:34.049 INFO]: RoadRunner(145) is moving NE from (7, 1) to (6,2)
[15:23:34.049 INFO]: RoadRunner(151) is moving NW from (7, 4) to (6,3)
[15:23:34.049 INFO]: Coyote(153) is moving NE from (3, 8) to (2,9)
[15:23:34.049 WARN]: Coyote(153) just ate RoadRunner(225) at cell (2,9)
[15:23:34.049 INFO]: RoadRunner(160) is moving W from (7, 2) to (7,1)
[15:23:34.049 INFO]: RoadRunner is attempting to run away from 3 Coyotes!
[15:23:34.049 INFO]: RoadRunner(232) is moving SE from (4, 4) to (5,5)
[15:23:34.049 INFO]: RoadRunner is attempting to run away from 1 Coyotes!
[15:23:34.049 INFO]: RoadRunner(134) is moving NE from (8, 1) to (7,2)
[15:23:34.050 INFO]: 
[15:23:34.050 INFO]: Coyotes Left: 11
[15:23:34.050 INFO]: RoadRunners Left: 60
[15:23:35.460 INFO]: 
[15:23:35.460 INFO]: 
[15:23:35.460 INFO]: ########## Age 37 ##########
[15:23:35.460 INFO]: 
[15:23:35.460 INFO]: 
[15:23:35.461 INFO]: Coyote(83) is moving NE from (3, 4) to (2,5)
[15:23:35.461 WARN]: Coyote(83) just ate RoadRunner(235) at cell (2,5)
[15:23:35.461 INFO]: RoadRunner is attempting to run away from 1 Coyotes!
[15:23:35.461 INFO]: RoadRunner(210) is moving E from (8, 0) to (8,1)
[15:23:35.461 INFO]: RoadRunner(110) is moving NE from (8, 3) to (7,4)
[15:23:35.461 INFO]: Coyote(133) is moving S from (4, 0) to (5,0)
[15:23:35.461 WARN]: Coyote(133) just ate RoadRunner(129) at cell (5,0)
[15:23:35.461 INFO]: RoadRunner(112) is moving N from (4, 8) to (3,8)
[15:23:35.461 INFO]: RoadRunner is attempting to run away from 1 Coyotes!
[15:23:35.461 INFO]: RoadRunner(219) is moving NW from (9, 1) to (8,0)
[15:23:35.461 INFO]: RoadRunner(169) is moving NW from (3, 7) to (2,6)
[15:23:35.461 WARN]: Coyote(82) died to starvation!
[15:23:35.461 INFO]: RoadRunner(232) is moving NW from (5, 5) to (4,4)
[15:23:35.461 INFO]: RoadRunner is attempting to run away from 3 Coyotes!
[15:23:35.461 INFO]: RoadRunner(115) is moving NW from (9, 4) to (8,3)
[15:23:35.461 INFO]: RoadRunner(79) is moving NW from (5, 9) to (4,8)
[15:23:35.461 INFO]: Coyote(203) is moving S from (3, 1) to (4,1)
[15:23:35.462 WARN]: Coyote(203) just ate RoadRunner(191) at cell (4,1)
[15:23:35.462 INFO]: RoadRunner(64) is moving S from (8, 4) to (9,4)
[15:23:35.462 INFO]: RoadRunner(89) is moving W from (8, 5) to (8,4)
[15:23:35.462 INFO]: RoadRunner is attempting to run away from 2 Coyotes!
[15:23:35.462 INFO]: Coyote(153) is moving S from (2, 9) to (3,9)
[15:23:35.462 WARN]: Coyote(153) just ate RoadRunner(124) at cell (3,9)
[15:23:35.462 INFO]: RoadRunner(149) is moving W from (5, 6) to (5,5)
[15:23:35.462 INFO]: RoadRunner(118) is moving N from (6, 6) to (5,6)
[15:23:35.462 INFO]: Coyote(150) is moving S from (1, 8) to (2,8)
[15:23:35.462 INFO]: RoadRunner is attempting to run away from 2 Coyotes!
[15:23:35.462 INFO]: Coyote(200) is moving NE from (3, 5) to (2,6)
[15:23:35.462 WARN]: Coyote(200) just ate RoadRunner(169) at cell (2,6)
[15:23:35.462 INFO]: RoadRunner(231) is moving N from (6, 9) to (5,9)
[15:23:35.462 INFO]: RoadRunner(171) is moving W from (6, 7) to (6,6)
[15:23:35.462 INFO]: RoadRunner is attempting to run away from 2 Coyotes!
[15:23:35.462 INFO]: RoadRunner(220) is moving E from (3, 6) to (3,7)
[15:23:35.462 INFO]: RoadRunner(18) is moving W from (9, 2) to (9,1)
[15:23:35.462 INFO]: RoadRunner(170) is moving S from (8, 2) to (9,2)
[15:23:35.462 INFO]: RoadRunner(208) is moving N from (7, 7) to (6,7)
[15:23:35.462 INFO]: RoadRunner(52) is moving SE from (5, 8) to (6,9)
[15:23:35.462 INFO]: Coyote(204) is moving S from (3, 3) to (4,3)
[15:23:35.462 WARN]: Coyote(204) just ate RoadRunner(127) at cell (4,3)
[15:23:35.462 INFO]: Coyote(201) is moving N from (1, 9) to (0,9)
[15:23:35.463 INFO]: RoadRunner is attempting to run away from 1 Coyotes!
[15:23:35.463 INFO]: RoadRunner(217) is moving W from (7, 8) to (7,7)
[15:23:35.463 INFO]: RoadRunner(185) is moving NW from (4, 7) to (3,6)
[15:23:35.463 INFO]: Coyote(202) is moving E from (1, 5) to (1,6)
[15:23:35.463 INFO]: Coyote(50) is moving S from (3, 2) to (4,2)
[15:23:35.463 WARN]: Coyote(50) just ate RoadRunner(132) at cell (4,2)
[15:23:35.463 INFO]: RoadRunner(72) is moving NW from (9, 3) to (8,2)
[15:23:35.463 INFO]: RoadRunner(146) is moving N from (8, 8) to (7,8)
[15:23:35.463 INFO]: RoadRunner(237) is moving NE from (1, 3) to (0,4)
[15:23:35.463 INFO]: RoadRunner(137) is moving S from (7, 5) to (8,5)
[15:23:35.463 INFO]: RoadRunner(183) is moving NW from (9, 9) to (8,8)
[15:23:35.463 INFO]: RoadRunner(236) is moving NW from (4, 5) to (3,4)
[15:23:35.463 INFO]: RoadRunner(108) is moving N from (5, 7) to (4,7)
[15:23:35.463 INFO]: RoadRunner(226) is moving SE from (6, 4) to (7,5)
[15:23:35.463 INFO]: RoadRunner is attempting to run away from 1 Coyotes!
[15:23:35.463 INFO]: 
[15:23:35.463 INFO]: Coyotes Left: 10
[15:23:35.463 INFO]: RoadRunners Left: 53
[15:23:37.065 INFO]: 
[15:23:37.065 INFO]: 
[15:23:37.065 INFO]: ########## Age 38 ##########
[15:23:37.065 INFO]: 
[15:23:37.065 INFO]: 
[15:23:37.066 INFO]: RoadRunner(85) is moving NW from (6, 8) to (5,7)
[15:23:37.066 INFO]: RoadRunner(110) is moving N from (7, 4) to (6,4)
[15:23:37.066 INFO]: RoadRunner(237) is moving W from (0, 4) to (0,3)
[15:23:37.066 INFO]: Coyote(202) is moving NW from (1, 6) to (0,5)
[15:23:37.066 INFO]: RoadRunner is attempting to run away from 2 Coyotes!
[15:23:37.067 INFO]: RoadRunner(220) is moving N from (3, 7) to (2,7)
[15:23:37.067 INFO]: RoadRunner(89) is moving N from (8, 4) to (7,4)
[15:23:37.067 INFO]: Coyote(204) is moving NE from (4, 3) to (3,4)
[15:23:37.067 WARN]: Coyote(204) just ate RoadRunner(236) at cell (3,4)
[15:23:37.067 INFO]: RoadRunner(64) is moving N from (9, 4) to (8,4)
[15:23:37.067 INFO]: RoadRunner is attempting to run away from 2 Coyotes!
[15:23:37.067 INFO]: RoadRunner(52) is moving W from (6, 9) to (6,8)
[15:23:37.068 INFO]: RoadRunner is attempting to run away from 3 Coyotes!
[15:23:37.068 INFO]: RoadRunner(170) is moving E from (9, 2) to (9,3)
[15:23:37.068 INFO]: RoadRunner(146) is moving NE from (7, 8) to (6,9)
[15:23:37.068 INFO]: RoadRunner(73) is moving S from (8, 9) to (9,9)
[15:23:37.068 INFO]: Coyote(153) is moving SW from (3, 9) to (4,8)
[15:23:37.068 WARN]: Coyote(153) just ate RoadRunner(79) at cell (4,8)
[15:23:37.068 INFO]: RoadRunner(115) is moving SE from (8, 3) to (9,4)
[15:23:37.068 INFO]: Coyote(203) is moving S from (4, 1) to (5,1)
[15:23:37.068 WARN]: Coyote(203) just ate RoadRunner(177) at cell (5,1)
[15:23:37.069 INFO]: RoadRunner(183) is moving N from (8, 8) to (7,8)
[15:23:37.069 WARN]: Coyote(201) died to starvation!
[15:23:37.069 INFO]: RoadRunner(217) is moving SE from (7, 7) to (8,8)
[15:23:37.069 INFO]: Coyote(133) is moving S from (5, 0) to (6,0)
[15:23:37.069 WARN]: Coyote(133) just ate RoadRunner(166) at cell (6,0)
[15:23:37.069 INFO]: RoadRunner(171) is moving SE from (6, 6) to (7,7)
[15:23:37.069 INFO]: RoadRunner(157) is moving NE from (9, 8) to (8,9)
[15:23:37.069 INFO]: RoadRunner is attempting to run away from 2 Coyotes!
[15:23:37.069 INFO]: RoadRunner(185) is moving SW from (3, 6) to (4,5)
[15:23:37.069 INFO]: RoadRunner is attempting to run away from 1 Coyotes!
[15:23:37.069 INFO]: RoadRunner(134) is moving SE from (7, 2) to (8,3)
[15:23:37.069 INFO]: RoadRunner(208) is moving NE from (6, 7) to (5,8)
[15:23:37.069 INFO]: RoadRunner is attempting to run away from 1 Coyotes!
[15:23:37.069 INFO]: RoadRunner(232) is moving W from (4, 4) to (4,3)
[15:23:37.070 INFO]: RoadRunner is attempting to run away from 1 Coyotes!
[15:23:37.070 INFO]: RoadRunner(231) is moving N from (5, 9) to (4,9)
[15:23:37.070 INFO]: RoadRunner(72) is moving N from (8, 2) to (7,2)
[15:23:37.070 INFO]: RoadRunner(212) is moving SW from (7, 3) to (8,2)
[15:23:37.070 INFO]: Coyote(200) is moving E from (2, 6) to (2,7)
[15:23:37.070 WARN]: Coyote(200) just ate RoadRunner(220) at cell (2,7)
[15:23:37.070 INFO]: RoadRunner(149) is moving SE from (5, 5) to (6,6)
[15:23:37.070 INFO]: RoadRunner is attempting to run away from 3 Coyotes!
[15:23:37.070 INFO]: RoadRunner(112) is moving E from (3, 8) to (3,9)
[15:23:37.070 INFO]: RoadRunner is attempting to run away from 2 Coyotes!
[15:23:37.070 INFO]: Coyote(83) is moving N from (2, 5) to (1,5)
[15:23:37.070 INFO]: Coyote(50) is moving S from (4, 2) to (5,2)
[15:23:37.071 WARN]: Coyote(50) just ate RoadRunner(195) at cell (5,2)
[15:23:37.071 INFO]: RoadRunner(18) is moving E from (9, 1) to (9,2)
[15:23:37.071 INFO]: RoadRunner(190) is moving N from (6, 5) to (5,5)
[15:23:37.071 INFO]: RoadRunner(168) is moving NW from (4, 6) to (3,5)
[15:23:37.071 INFO]: RoadRunner(125) is moving E from (9, 0) to (9,1)
[15:23:37.071 INFO]: RoadRunner(230) is moving NW from (7, 6) to (6,5)
[15:23:37.071 INFO]: RoadRunner(226) is moving E from (7, 5) to (7,6)
[15:23:37.071 INFO]: RoadRunner(224) is moving N from (5, 4) to (4,4)
[15:23:37.071 INFO]: RoadRunner is attempting to run away from 1 Coyotes!
[15:23:37.071 INFO]: RoadRunner(207) is moving E from (5, 3) to (5,4)
[15:23:37.071 INFO]: RoadRunner is attempting to run away from 1 Coyotes!
[15:23:37.071 INFO]: RoadRunner(108) is moving NW from (4, 7) to (3,6)
[15:23:37.071 INFO]: RoadRunner(118) is moving SE from (5, 6) to (6,7)
[15:23:37.072 INFO]: Coyote(150) is moving SE from (2, 8) to (3,9)
[15:23:37.072 WARN]: Coyote(150) just ate RoadRunner(112) at cell (3,9)
[15:23:37.072 INFO]: RoadRunner just bred a new RoadRunner at cell (9,8)
[15:23:37.072 INFO]: RoadRunner just bred a new RoadRunner at cell (4,7)
[15:23:37.072 INFO]: RoadRunner just bred a new RoadRunner at cell (5,3)
[15:23:37.072 INFO]: RoadRunner just bred a new RoadRunner at cell (1,3)
[15:23:37.072 INFO]: RoadRunner just bred a new RoadRunner at cell (7,5)
[15:23:37.072 INFO]: RoadRunner just bred a new RoadRunner at cell (9,0)
[15:23:37.072 INFO]: RoadRunner just bred a new RoadRunner at cell (7,3)
[15:23:37.072 INFO]: RoadRunner just bred a new RoadRunner at cell (5,9)
[15:23:37.072 INFO]: RoadRunner just bred a new RoadRunner at cell (5,6)
[15:23:37.072 INFO]: RoadRunner just bred a new RoadRunner at cell (3,3)
[15:23:37.072 INFO]: RoadRunner just bred a new RoadRunner at cell (3,8)
[15:23:37.073 INFO]: RoadRunner just bred a new RoadRunner at cell (5,0)
[15:23:37.073 INFO]: RoadRunner just bred a new RoadRunner at cell (4,6)
[15:23:37.073 INFO]: RoadRunner just bred a new RoadRunner at cell (2,5)
[15:23:37.073 INFO]: RoadRunner just bred a new RoadRunner at cell (2,6)
[15:23:37.073 INFO]: 
[15:23:37.073 INFO]: Coyotes Left: 9
[15:23:37.073 INFO]: RoadRunners Left: 61
[15:23:38.651 INFO]: 
[15:23:38.651 INFO]: 
[15:23:38.651 INFO]: ########## Age 39 ##########
[15:23:38.651 INFO]: 
[15:23:38.652 INFO]: 
[15:23:38.652 INFO]: RoadRunner is attempting to run away from 1 Coyotes!
[15:23:38.652 INFO]: RoadRunner is attempting to run away from 2 Coyotes!
[15:23:38.652 INFO]: RoadRunner(250) is moving N from (5, 0) to (4,0)
[15:23:38.652 INFO]: RoadRunner is attempting to run away from 2 Coyotes!
[15:23:38.652 INFO]: RoadRunner(242) is moving E from (1, 3) to (1,4)
[15:23:38.653 INFO]: Coyote(50) is moving NE from (5, 2) to (4,3)
[15:23:38.653 WARN]: Coyote(50) just ate RoadRunner(232) at cell (4,3)
[15:23:38.653 INFO]: RoadRunner is attempting to run away from 1 Coyotes!
[15:23:38.653 INFO]: RoadRunner(145) is moving N from (6, 2) to (5,2)
[15:23:38.653 INFO]: RoadRunner is attempting to run away from 1 Coyotes!
[15:23:38.653 INFO]: RoadRunner is attempting to run away from 2 Coyotes!
[15:23:38.653 INFO]: Coyote(202) is moving SW from (0, 5) to (1,4)
[15:23:38.653 WARN]: Coyote(202) just ate RoadRunner(242) at cell (1,4)
[15:23:38.653 INFO]: RoadRunner is attempting to run away from 3 Coyotes!
[15:23:38.653 INFO]: RoadRunner(249) is moving N from (3, 8) to (2,8)
[15:23:38.653 INFO]: Coyote(153) is moving S from (4, 8) to (5,8)
[15:23:38.653 WARN]: Coyote(153) just ate RoadRunner(208) at cell (5,8)
[15:23:38.653 INFO]: Coyote(83) is moving S from (1, 5) to (2,5)
[15:23:38.654 WARN]: Coyote(83) just ate RoadRunner(252) at cell (2,5)
[15:23:38.654 INFO]: RoadRunner is attempting to run away from 2 Coyotes!
[15:23:38.654 INFO]: RoadRunner(248) is moving NW from (3, 3) to (2,2)
[15:23:38.654 INFO]: RoadRunner(245) is moving NW from (7, 3) to (6,2)
[15:23:38.654 INFO]: RoadRunner is attempting to run away from 1 Coyotes!
[15:23:38.654 INFO]: RoadRunner(237) is moving W from (0, 3) to (0,2)
[15:23:38.654 INFO]: Coyote(204) is moving S from (3, 4) to (4,4)
[15:23:38.654 WARN]: Coyote(204) just ate RoadRunner(224) at cell (4,4)
[15:23:38.654 INFO]: RoadRunner is attempting to run away from 2 Coyotes!
[15:23:38.654 INFO]: RoadRunner(253) is moving N from (2, 6) to (1,6)
[15:23:38.654 INFO]: Coyote(133) is moving S from (6, 0) to (7,0)
[15:23:38.654 WARN]: Coyote(133) just ate RoadRunner(62) at cell (7,0)
[15:23:38.655 INFO]: RoadRunner is attempting to run away from 1 Coyotes!
[15:23:38.655 INFO]: RoadRunner is attempting to run away from 1 Coyotes!
[15:23:38.655 INFO]: RoadRunner(64) is moving NW from (8, 4) to (7,3)
[15:23:38.655 INFO]: RoadRunner is attempting to run away from 2 Coyotes!
[15:23:38.655 INFO]: RoadRunner is attempting to run away from 1 Coyotes!
[15:23:38.655 INFO]: RoadRunner is attempting to run away from 1 Coyotes!
[15:23:38.655 INFO]: RoadRunner(240) is moving N from (4, 7) to (3,7)
[15:23:38.655 INFO]: Coyote(200) is moving NW from (2, 7) to (1,6)
[15:23:38.655 WARN]: Coyote(200) just ate RoadRunner(253) at cell (1,6)
[15:23:38.655 INFO]: RoadRunner(137) is moving W from (8, 5) to (8,4)
[15:23:38.655 INFO]: RoadRunner is attempting to run away from 2 Coyotes!
[15:23:38.655 INFO]: RoadRunner is attempting to run away from 1 Coyotes!
[15:23:38.655 INFO]: RoadRunner(251) is moving E from (4, 6) to (4,7)
[15:23:38.655 INFO]: RoadRunner is attempting to run away from 1 Coyotes!
[15:23:38.655 INFO]: RoadRunner(185) is moving E from (4, 5) to (4,6)
[15:23:38.655 INFO]: RoadRunner is attempting to run away from 1 Coyotes!
[15:23:38.655 INFO]: RoadRunner(172) is moving N from (9, 5) to (8,5)
[15:23:38.656 INFO]: Coyote(203) is moving NW from (5, 1) to (4,0)
[15:23:38.656 WARN]: Coyote(203) just ate RoadRunner(250) at cell (4,0)
[15:23:38.656 INFO]: RoadRunner(176) is moving W from (9, 6) to (9,5)
[15:23:38.656 INFO]: RoadRunner is attempting to run away from 1 Coyotes!
[15:23:38.656 INFO]: RoadRunner is attempting to run away from 1 Coyotes!
[15:23:38.656 INFO]: RoadRunner is attempting to run away from 2 Coyotes!
[15:23:38.656 INFO]: Coyote(150) is moving NW from (3, 9) to (2,8)
[15:23:38.656 WARN]: Coyote(150) just ate RoadRunner(249) at cell (2,8)
[15:23:38.656 INFO]: RoadRunner is attempting to run away from 1 Coyotes!
[15:23:38.656 INFO]: RoadRunner(108) is moving NE from (3, 6) to (2,7)
[15:23:38.656 INFO]: Coyote just bred a new Coyote at cell (3,3)
[15:23:38.656 INFO]: Coyote just bred a new Coyote at cell (0,4)
[15:23:38.656 INFO]: Coyote just bred a new Coyote at cell (4,8)
[15:23:38.656 INFO]: Coyote just bred a new Coyote at cell (1,5)
[15:23:38.656 INFO]: Coyote just bred a new Coyote at cell (3,4)
[15:23:38.656 INFO]: Coyote just bred a new Coyote at cell (6,0)
[15:23:38.657 INFO]: Coyote just bred a new Coyote at cell (0,6)
[15:23:38.657 INFO]: Coyote just bred a new Coyote at cell (3,0)
[15:23:38.657 INFO]: Coyote just bred a new Coyote at cell (1,8)
[15:23:38.657 INFO]: 
[15:23:38.657 INFO]: Coyotes Left: 18
[15:23:38.657 INFO]: RoadRunners Left: 52
[15:23:41.272 INFO]: 
[15:23:41.272 INFO]: 
[15:23:41.272 INFO]: ########## Age 40 ##########
[15:23:41.272 INFO]: 
[15:23:41.272 INFO]: 
[15:23:41.272 INFO]: RoadRunner is attempting to run away from 3 Coyotes!
[15:23:41.272 INFO]: RoadRunner(108) is moving SW from (2, 7) to (3,6)
[15:23:41.272 INFO]: Coyote(153) is moving NE from (5, 8) to (4,9)
[15:23:41.272 WARN]: Coyote(153) just ate RoadRunner(231) at cell (4,9)
[15:23:41.273 INFO]: Coyote(261) is moving SE from (3, 0) to (4,1)
[15:23:41.273 INFO]: RoadRunner(245) is moving NW from (6, 2) to (5,1)
[15:23:41.273 INFO]: RoadRunner(151) is moving W from (6, 3) to (6,2)
[15:23:41.273 INFO]: RoadRunner(89) is moving NW from (7, 4) to (6,3)
[15:23:41.273 INFO]: RoadRunner is attempting to run away from 2 Coyotes!
[15:23:41.273 INFO]: Coyote(257) is moving SW from (1, 5) to (2,4)
[15:23:41.273 INFO]: RoadRunner(230) is moving SW from (6, 5) to (7,4)
[15:23:41.273 INFO]: RoadRunner is attempting to run away from 1 Coyotes!
[15:23:41.273 INFO]: RoadRunner(248) is moving NW from (2, 2) to (1,1)
[15:23:41.273 INFO]: Coyote(150) is moving SW from (2, 8) to (3,7)
[15:23:41.273 WARN]: Coyote(150) just ate RoadRunner(240) at cell (3,7)
[15:23:41.274 INFO]: RoadRunner is attempting to run away from 1 Coyotes!
[15:23:41.274 INFO]: RoadRunner(190) is moving S from (5, 5) to (6,5)
[15:23:41.274 INFO]: Coyote(200) is moving W from (1, 6) to (1,5)
[15:23:41.274 INFO]: RoadRunner(110) is moving NE from (6, 4) to (5,5)
[15:23:41.274 INFO]: RoadRunner(196) is moving S from (8, 6) to (9,6)
[15:23:41.274 INFO]: Coyote(203) is moving SE from (4, 0) to (5,1)
[15:23:41.274 WARN]: Coyote(203) just ate RoadRunner(245) at cell (5,1)
[15:23:41.275 INFO]: RoadRunner is attempting to run away from 2 Coyotes!
[15:23:41.275 INFO]: RoadRunner is attempting to run away from 2 Coyotes!
[15:23:41.275 INFO]: Coyote(260) is moving SE from (0, 6) to (1,7)
[15:23:41.275 INFO]: RoadRunner(237) is moving W from (0, 2) to (0,1)
[15:23:41.275 INFO]: RoadRunner is attempting to run away from 1 Coyotes!
[15:23:41.275 INFO]: Coyote(83) is moving S from (2, 5) to (3,5)
[15:23:41.275 WARN]: Coyote(83) just ate RoadRunner(168) at cell (3,5)
[15:23:41.275 INFO]: Coyote(255) is moving W from (0, 4) to (0,3)
[15:23:41.275 INFO]: RoadRunner(226) is moving S from (7, 6) to (8,6)
[15:23:41.275 INFO]: RoadRunner is attempting to run away from 3 Coyotes!
[15:23:41.275 INFO]: RoadRunner(145) is moving N from (5, 2) to (4,2)
[15:23:41.275 INFO]: RoadRunner is attempting to run away from 2 Coyotes!
[15:23:41.276 INFO]: RoadRunner(207) is moving S from (5, 4) to (6,4)
[15:23:41.276 INFO]: RoadRunner(172) is moving NE from (8, 5) to (7,6)
[15:23:41.276 INFO]: RoadRunner is attempting to run away from 2 Coyotes!
[15:23:41.276 INFO]: RoadRunner is attempting to run away from 1 Coyotes!
[15:23:41.276 INFO]: RoadRunner(243) is moving S from (7, 5) to (8,5)
[15:23:41.276 INFO]: Coyote(259) is moving SE from (6, 0) to (7,1)
[15:23:41.276 WARN]: Coyote(259) just ate RoadRunner(160) at cell (7,1)
[15:23:41.276 INFO]: RoadRunner is attempting to run away from 2 Coyotes!
[15:23:41.276 INFO]: Coyote(262) is moving SW from (1, 8) to (2,7)
[15:23:41.276 INFO]: RoadRunner(247) is moving NW from (5, 6) to (4,5)
[15:23:41.276 INFO]: RoadRunner(52) is moving N from (6, 8) to (5,8)
[15:23:41.276 INFO]: RoadRunner is attempting to run away from 1 Coyotes!
[15:23:41.276 INFO]: RoadRunner(85) is moving W from (5, 7) to (5,6)
[15:23:41.276 INFO]: RoadRunner is attempting to run away from 3 Coyotes!
[15:23:41.276 INFO]: RoadRunner(137) is moving NE from (8, 4) to (7,5)
[15:23:41.276 INFO]: RoadRunner(176) is moving NW from (9, 5) to (8,4)
[15:23:41.276 INFO]: Coyote(50) is moving S from (4, 3) to (5,3)
[15:23:41.277 WARN]: Coyote(50) just ate RoadRunner(241) at cell (5,3)
[15:23:41.277 INFO]: RoadRunner(146) is moving W from (6, 9) to (6,8)
[15:23:41.277 INFO]: Coyote(133) is moving NE from (7, 0) to (6,1)
[15:23:41.277 WARN]: Coyote(133) just ate RoadRunner(228) at cell (6,1)
[15:23:41.277 INFO]: Coyote(258) is moving SE from (3, 4) to (4,5)
[15:23:41.277 WARN]: Coyote(258) just ate RoadRunner(247) at cell (4,5)
[15:23:41.277 INFO]: RoadRunner(118) is moving N from (6, 7) to (5,7)
[15:23:41.277 INFO]: Coyote(204) is moving SE from (4, 4) to (5,5)
[15:23:41.277 WARN]: Coyote(204) just ate RoadRunner(110) at cell (5,5)
[15:23:41.277 INFO]: Coyote(256) is moving S from (4, 8) to (5,8)
[15:23:41.277 WARN]: Coyote(256) just ate RoadRunner(52) at cell (5,8)
[15:23:41.277 INFO]: Coyote(202) is moving NE from (1, 4) to (0,5)
[15:23:41.277 INFO]: Coyote(254) is moving SW from (3, 3) to (4,2)
[15:23:41.277 WARN]: Coyote(254) just ate RoadRunner(145) at cell (4,2)
[15:23:41.277 INFO]: 
[15:23:41.277 INFO]: Coyotes Left: 18
[15:23:41.278 INFO]: RoadRunners Left: 41
[15:23:42.317 INFO]: 
[15:23:42.318 INFO]: 
[15:23:42.318 INFO]: ########## Age 41 ##########
[15:23:42.318 INFO]: 
[15:23:42.318 INFO]: 
[15:23:42.318 INFO]: Coyote(255) is moving SW from (0, 3) to (1,2)
[15:23:42.318 INFO]: RoadRunner(172) is moving NE from (7, 6) to (6,7)
[15:23:42.318 INFO]: RoadRunner is attempting to run away from 1 Coyotes!
[15:23:42.318 INFO]: Coyote(262) is moving SW from (2, 7) to (3,6)
[15:23:42.318 WARN]: Coyote(262) just ate RoadRunner(108) at cell (3,6)
[15:23:42.319 INFO]: Coyote(200) is moving S from (1, 5) to (2,5)
[15:23:42.319 INFO]: RoadRunner is attempting to run away from 1 Coyotes!
[15:23:42.319 INFO]: RoadRunner(146) is moving E from (6, 8) to (6,9)
[15:23:42.319 INFO]: Coyote(256) is moving NW from (5, 8) to (4,7)
[15:23:42.319 WARN]: Coyote(256) just ate RoadRunner(251) at cell (4,7)
[15:23:42.319 INFO]: Coyote(261) is moving NW from (4, 1) to (3,0)
[15:23:42.319 INFO]: RoadRunner is attempting to run away from 6 Coyotes!
[15:23:42.319 INFO]: Coyote(133) is moving SE from (6, 1) to (7,2)
[15:23:42.319 WARN]: Coyote(133) just ate RoadRunner(72) at cell (7,2)
[15:23:42.319 INFO]: RoadRunner(137) is moving E from (7, 5) to (7,6)
[15:23:42.319 INFO]: RoadRunner is attempting to run away from 2 Coyotes!
[15:23:42.319 INFO]: RoadRunner(115) is moving E from (9, 4) to (9,5)
[15:23:42.320 INFO]: RoadRunner is attempting to run away from 2 Coyotes!
[15:23:42.320 INFO]: RoadRunner is attempting to run away from 1 Coyotes!
[15:23:42.320 INFO]: RoadRunner(237) is moving W from (0, 1) to (0,0)
[15:23:42.320 INFO]: RoadRunner is attempting to run away from 1 Coyotes!
[15:23:42.320 INFO]: RoadRunner(246) is moving SW from (5, 9) to (6,8)
[15:23:42.320 INFO]: RoadRunner is attempting to run away from 1 Coyotes!
[15:23:42.320 INFO]: RoadRunner(149) is moving SW from (6, 6) to (7,5)
[15:23:42.320 INFO]: RoadRunner is attempting to run away from 1 Coyotes!
[15:23:42.320 INFO]: RoadRunner(248) is moving SW from (1, 1) to (2,0)
[15:23:42.321 INFO]: Coyote(259) is moving NE from (7, 1) to (6,2)
[15:23:42.321 WARN]: Coyote(259) just ate RoadRunner(151) at cell (6,2)
[15:23:42.321 INFO]: Coyote(204) is moving NE from (5, 5) to (4,6)
[15:23:42.321 WARN]: Coyote(204) just ate RoadRunner(185) at cell (4,6)
[15:23:42.321 INFO]: Coyote(153) is moving S from (4, 9) to (5,9)
[15:23:42.321 INFO]: RoadRunner(170) is moving E from (9, 3) to (9,4)
[15:23:42.321 INFO]: Coyote(258) is moving SE from (4, 5) to (5,6)
[15:23:42.321 WARN]: Coyote(258) just ate RoadRunner(85) at cell (5,6)
[15:23:42.321 INFO]: Coyote(50) is moving S from (5, 3) to (6,3)
[15:23:42.321 WARN]: Coyote(50) just ate RoadRunner(89) at cell (6,3)
[15:23:42.321 INFO]: RoadRunner is attempting to run away from 1 Coyotes!
[15:23:42.321 INFO]: RoadRunner(134) is moving S from (8, 3) to (9,3)
[15:23:42.321 INFO]: Coyote(150) is moving NE from (3, 7) to (2,8)
[15:23:42.322 INFO]: Coyote(257) is moving W from (2, 4) to (2,3)
[15:23:42.322 INFO]: RoadRunner(171) is moving NW from (7, 7) to (6,6)
[15:23:42.322 INFO]: RoadRunner(176) is moving W from (8, 4) to (8,3)
[15:23:42.322 INFO]: RoadRunner(226) is moving NE from (8, 6) to (7,7)
[15:23:42.322 INFO]: Coyote(202) is moving W from (0, 5) to (0,4)
[15:23:42.322 INFO]: RoadRunner(243) is moving W from (8, 5) to (8,4)
[15:23:42.322 INFO]: RoadRunner is attempting to run away from 1 Coyotes!
[15:23:42.322 INFO]: RoadRunner(190) is moving NW from (6, 5) to (5,4)
[15:23:42.322 INFO]: Coyote(254) is moving W from (4, 2) to (4,1)
[15:23:42.322 INFO]: RoadRunner(219) is moving NE from (8, 0) to (7,1)
[15:23:42.322 INFO]: RoadRunner is attempting to run away from 3 Coyotes!
[15:23:42.322 INFO]: RoadRunner(118) is moving E from (5, 7) to (5,8)
[15:23:42.322 INFO]: Coyote(260) is moving NE from (1, 7) to (0,8)
[15:23:42.322 INFO]: RoadRunner(205) is moving W from (8, 7) to (8,6)
[15:23:42.323 INFO]: RoadRunner(196) is moving NW from (9, 6) to (8,5)
[15:23:42.323 INFO]: RoadRunner is attempting to run away from 1 Coyotes!
[15:23:42.323 INFO]: RoadRunner(207) is moving NE from (6, 4) to (5,5)
[15:23:42.323 INFO]: RoadRunner(178) is moving N from (9, 7) to (8,7)
[15:23:42.323 INFO]: RoadRunner(125) is moving NW from (9, 1) to (8,0)
[15:23:42.323 INFO]: Coyote(203) is moving S from (5, 1) to (6,1)
[15:23:42.323 INFO]: Coyote(83) is moving S from (3, 5) to (4,5)
[15:23:42.323 INFO]: RoadRunner just bred a new RoadRunner at cell (6,4)
[15:23:42.323 INFO]: RoadRunner just bred a new RoadRunner at cell (5,7)
[15:23:42.323 INFO]: RoadRunner just bred a new RoadRunner at cell (9,1)
[15:23:42.323 INFO]: RoadRunner just bred a new RoadRunner at cell (6,5)
[15:23:42.323 INFO]: RoadRunner just bred a new RoadRunner at cell (9,6)
[15:23:42.323 INFO]: RoadRunner just bred a new RoadRunner at cell (7,0)
[15:23:42.323 INFO]: RoadRunner just bred a new RoadRunner at cell (1,0)
[15:23:42.324 INFO]: RoadRunner just bred a new RoadRunner at cell (1,1)
[15:23:42.324 INFO]: RoadRunner just bred a new RoadRunner at cell (9,7)
[15:23:42.324 INFO]: RoadRunner just bred a new RoadRunner at cell (4,4)
[15:23:42.324 INFO]: RoadRunner just bred a new RoadRunner at cell (6,0)
[15:23:42.324 INFO]: RoadRunner just bred a new RoadRunner at cell (4,8)
[15:23:42.324 INFO]: 
[15:23:42.324 INFO]: Coyotes Left: 18
[15:23:42.324 INFO]: RoadRunners Left: 46
[15:23:43.455 INFO]: 
[15:23:43.455 INFO]: 
[15:23:43.456 INFO]: ########## Age 42 ##########
[15:23:43.456 INFO]: 
[15:23:43.456 INFO]: 
[15:23:43.456 INFO]: RoadRunner is attempting to run away from 1 Coyotes!
[15:23:43.456 INFO]: RoadRunner is attempting to run away from 1 Coyotes!
[15:23:43.456 INFO]: RoadRunner(272) is moving NW from (4, 4) to (3,3)
[15:23:43.456 INFO]: Coyote(260) is moving SW from (0, 8) to (1,7)
[15:23:43.457 INFO]: RoadRunner is attempting to run away from 1 Coyotes!
[15:23:43.457 INFO]: Coyote(256) is moving S from (4, 7) to (5,7)
[15:23:43.457 WARN]: Coyote(256) just ate RoadRunner(264) at cell (5,7)
[15:23:43.457 INFO]: Coyote(261) is moving N from (3, 0) to (2,0)
[15:23:43.457 WARN]: Coyote(261) just ate RoadRunner(248) at cell (2,0)
[15:23:43.457 INFO]: Coyote(259) is moving SE from (6, 2) to (7,3)
[15:23:43.457 WARN]: Coyote(259) just ate RoadRunner(64) at cell (7,3)
[15:23:43.457 INFO]: RoadRunner is attempting to run away from 2 Coyotes!
[15:23:43.457 INFO]: RoadRunner is attempting to run away from 2 Coyotes!
[15:23:43.457 INFO]: Coyote(200) is moving W from (2, 5) to (2,4)
[15:23:43.457 INFO]: RoadRunner is attempting to run away from 3 Coyotes!
[15:23:43.458 INFO]: Coyote(257) is moving S from (2, 3) to (3,3)
[15:23:43.458 WARN]: Coyote(257) just ate RoadRunner(272) at cell (3,3)
[15:23:43.458 INFO]: RoadRunner is attempting to run away from 1 Coyotes!
[15:23:43.458 INFO]: RoadRunner is attempting to run away from 2 Coyotes!
[15:23:43.458 INFO]: RoadRunner is attempting to run away from 2 Coyotes!
[15:23:43.458 INFO]: RoadRunner is attempting to run away from 2 Coyotes!
[15:23:43.458 INFO]: RoadRunner is attempting to run away from 2 Coyotes!
[15:23:43.459 INFO]: Coyote(254) is moving NW from (4, 1) to (3,0)
[15:23:43.459 INFO]: Coyote(133) is moving S from (7, 2) to (8,2)
[15:23:43.459 WARN]: Coyote(133) just ate RoadRunner(212) at cell (8,2)
[15:23:43.459 INFO]: Coyote(262) is moving N from (3, 6) to (2,6)
[15:23:43.459 INFO]: Coyote(258) is moving S from (5, 6) to (6,6)
[15:23:43.459 WARN]: Coyote(258) just ate RoadRunner(171) at cell (6,6)
[15:23:43.459 INFO]: Coyote(150) is moving E from (2, 8) to (2,9)
[15:23:43.459 INFO]: RoadRunner is attempting to run away from 1 Coyotes!
[15:23:43.459 INFO]: Coyote(202) is moving SW from (0, 4) to (1,3)
[15:23:43.459 INFO]: RoadRunner is attempting to run away from 2 Coyotes!
[15:23:43.459 INFO]: RoadRunner(270) is moving N from (1, 1) to (0,1)
[15:23:43.459 INFO]: Coyote(255) is moving NW from (1, 2) to (0,1)
[15:23:43.459 WARN]: Coyote(255) just ate RoadRunner(270) at cell (0,1)
[15:23:43.459 INFO]: Coyote(50) is moving NE from (6, 3) to (5,4)
[15:23:43.459 WARN]: Coyote(50) just ate RoadRunner(190) at cell (5,4)
[15:23:43.460 INFO]: RoadRunner is attempting to run away from 2 Coyotes!
[15:23:43.460 INFO]: Coyote(153) is moving NW from (5, 9) to (4,8)
[15:23:43.460 WARN]: Coyote(153) just ate RoadRunner(274) at cell (4,8)
[15:23:43.460 INFO]: RoadRunner is attempting to run away from 1 Coyotes!
[15:23:43.460 INFO]: RoadRunner(273) is moving N from (6, 0) to (5,0)
[15:23:43.460 INFO]: Coyote(83) is moving S from (4, 5) to (5,5)
[15:23:43.460 WARN]: Coyote(83) just ate RoadRunner(207) at cell (5,5)
[15:23:43.460 INFO]: Coyote(204) is moving NE from (4, 6) to (3,7)
[15:23:43.460 INFO]: RoadRunner is attempting to run away from 2 Coyotes!
[15:23:43.460 INFO]: RoadRunner is attempting to run away from 2 Coyotes!
[15:23:43.460 INFO]: RoadRunner(118) is moving E from (5, 8) to (5,9)
[15:23:43.460 INFO]: RoadRunner is attempting to run away from 1 Coyotes!
[15:23:43.460 INFO]: RoadRunner is attempting to run away from 1 Coyotes!
[15:23:43.460 INFO]: RoadRunner is attempting to run away from 1 Coyotes!
[15:23:43.461 INFO]: Coyote(203) is moving NW from (6, 1) to (5,0)
[15:23:43.461 WARN]: Coyote(203) just ate RoadRunner(273) at cell (5,0)
[15:23:43.461 INFO]: RoadRunner is attempting to run away from 1 Coyotes!
[15:23:43.461 INFO]: RoadRunner is attempting to run away from 1 Coyotes!
[15:23:43.461 INFO]: 
[15:23:43.461 INFO]: Coyotes Left: 18
[15:23:43.461 INFO]: RoadRunners Left: 35
[15:23:44.417 INFO]: 
[15:23:44.417 INFO]: 
[15:23:44.417 INFO]: ########## Age 43 ##########
[15:23:44.417 INFO]: 
[15:23:44.417 INFO]: 
[15:23:44.418 INFO]: Coyote(258) is moving S from (6, 6) to (7,6)
[15:23:44.418 WARN]: Coyote(258) just ate RoadRunner(137) at cell (7,6)
[15:23:44.418 INFO]: RoadRunner is attempting to run away from 2 Coyotes!
[15:23:44.418 WARN]: Coyote(260) died to starvation!
[15:23:44.418 INFO]: Coyote(255) is moving SW from (0, 1) to (1,0)
[15:23:44.418 WARN]: Coyote(255) just ate RoadRunner(269) at cell (1,0)
[15:23:44.418 INFO]: Coyote(259) is moving NE from (7, 3) to (6,4)
[15:23:44.419 WARN]: Coyote(259) just ate RoadRunner(263) at cell (6,4)
[15:23:44.419 INFO]: Coyote(261) is moving E from (2, 0) to (2,1)
[15:23:44.419 INFO]: RoadRunner is attempting to run away from 1 Coyotes!
[15:23:44.419 INFO]: RoadRunner(230) is moving W from (7, 4) to (7,3)
[15:23:44.419 INFO]: RoadRunner(146) is moving NW from (6, 9) to (5,8)
[15:23:44.419 INFO]: RoadRunner(154) is moving N from (7, 9) to (6,9)
[15:23:44.419 INFO]: RoadRunner is attempting to run away from 1 Coyotes!
[15:23:44.419 INFO]: Coyote(257) is moving N from (3, 3) to (2,3)
[15:23:44.419 INFO]: RoadRunner is attempting to run away from 4 Coyotes!
[15:23:44.419 INFO]: RoadRunner is attempting to run away from 2 Coyotes!
[15:23:44.419 INFO]: Coyote(50) is moving SE from (5, 4) to (6,5)
[15:23:44.419 WARN]: Coyote(50) just ate RoadRunner(266) at cell (6,5)
[15:23:44.419 INFO]: Coyote(256) is moving S from (5, 7) to (6,7)
[15:23:44.419 WARN]: Coyote(256) just ate RoadRunner(172) at cell (6,7)
[15:23:44.420 INFO]: RoadRunner(157) is moving N from (8, 9) to (7,9)
[15:23:44.420 INFO]: Coyote(203) is moving S from (5, 0) to (6,0)
[15:23:44.420 INFO]: RoadRunner is attempting to run away from 1 Coyotes!
[15:23:44.420 INFO]: RoadRunner(183) is moving SE from (7, 8) to (8,9)
[15:23:44.420 INFO]: RoadRunner is attempting to run away from 1 Coyotes!
[15:23:44.420 INFO]: RoadRunner(243) is moving N from (8, 4) to (7,4)
[15:23:44.420 INFO]: RoadRunner is attempting to run away from 2 Coyotes!
[15:23:44.420 INFO]: RoadRunner(219) is moving NE from (7, 1) to (6,2)
[15:23:44.420 WARN]: Coyote(202) died to starvation!
[15:23:44.420 INFO]: Coyote(262) is moving S from (2, 6) to (3,6)
[15:23:44.420 INFO]: Coyote(204) is moving NW from (3, 7) to (2,6)
[15:23:44.421 INFO]: RoadRunner(170) is moving N from (9, 4) to (8,4)
[15:23:44.421 INFO]: RoadRunner is attempting to run away from 1 Coyotes!
[15:23:44.421 INFO]: RoadRunner(134) is moving E from (9, 3) to (9,4)
[15:23:44.421 INFO]: Coyote(254) is moving N from (3, 0) to (2,0)
[15:23:44.421 INFO]: RoadRunner is attempting to run away from 1 Coyotes!
[15:23:44.421 INFO]: RoadRunner(237) is moving E from (0, 0) to (0,1)
[15:23:44.421 INFO]: RoadRunner is attempting to run away from 1 Coyotes!
[15:23:44.421 INFO]: RoadRunner(118) is moving N from (5, 9) to (4,9)
[15:23:44.421 INFO]: RoadRunner is attempting to run away from 1 Coyotes!
[15:23:44.421 INFO]: RoadRunner(246) is moving NE from (6, 8) to (5,9)
[15:23:44.421 INFO]: Coyote(150) is moving SW from (2, 9) to (3,8)
[15:23:44.421 INFO]: RoadRunner is attempting to run away from 1 Coyotes!
[15:23:44.421 INFO]: RoadRunner(178) is moving NE from (8, 7) to (7,8)
[15:23:44.421 INFO]: RoadRunner is attempting to run away from 1 Coyotes!
[15:23:44.421 INFO]: RoadRunner(18) is moving E from (9, 2) to (9,3)
[15:23:44.421 INFO]: RoadRunner is attempting to run away from 1 Coyotes!
[15:23:44.422 INFO]: RoadRunner is attempting to run away from 2 Coyotes!
[15:23:44.422 INFO]: RoadRunner(226) is moving S from (7, 7) to (8,7)
[15:23:44.422 INFO]: Coyote(153) is moving S from (4, 8) to (5,8)
[15:23:44.422 WARN]: Coyote(153) just ate RoadRunner(146) at cell (5,8)
[15:23:44.422 INFO]: RoadRunner is attempting to run away from 1 Coyotes!
[15:23:44.422 WARN]: Coyote(200) died to starvation!
[15:23:44.422 INFO]: Coyote(133) is moving NE from (8, 2) to (7,3)
[15:23:44.422 WARN]: Coyote(133) just ate RoadRunner(230) at cell (7,3)
[15:23:44.422 INFO]: Coyote(83) is moving SE from (5, 5) to (6,6)
[15:23:44.422 INFO]: RoadRunner is attempting to run away from 1 Coyotes!
[15:23:44.422 INFO]: RoadRunner(217) is moving NW from (8, 8) to (7,7)
[15:23:44.422 INFO]: 
[15:23:44.422 INFO]: Coyotes Left: 15
[15:23:44.422 INFO]: RoadRunners Left: 28
[15:23:45.146 INFO]: 
[15:23:45.147 INFO]: 
[15:23:45.147 INFO]: ########## Age 44 ##########
[15:23:45.147 INFO]: 
[15:23:45.147 INFO]: 
[15:23:45.147 INFO]: Coyote(259) is moving S from (6, 4) to (7,4)
[15:23:45.147 WARN]: Coyote(259) just ate RoadRunner(243) at cell (7,4)
[15:23:45.147 INFO]: RoadRunner is attempting to run away from 2 Coyotes!
[15:23:45.147 INFO]: RoadRunner(271) is moving NE from (9, 7) to (8,8)
[15:23:45.147 INFO]: RoadRunner(210) is moving NE from (8, 1) to (7,2)
[15:23:45.147 INFO]: RoadRunner is attempting to run away from 1 Coyotes!
[15:23:45.147 INFO]: RoadRunner is attempting to run away from 1 Coyotes!
[15:23:45.147 INFO]: RoadRunner(268) is moving SE from (7, 0) to (8,1)
[15:23:45.148 INFO]: RoadRunner is attempting to run away from 3 Coyotes!
[15:23:45.148 INFO]: Coyote(203) is moving SE from (6, 0) to (7,1)
[15:23:45.148 INFO]: RoadRunner(239) is moving W from (9, 8) to (9,7)
[15:23:45.148 INFO]: Coyote(257) is moving NE from (2, 3) to (1,4)
[15:23:45.148 INFO]: Coyote(261) is moving SE from (2, 1) to (3,2)
[15:23:45.148 INFO]: Coyote(133) is moving NW from (7, 3) to (6,2)
[15:23:45.148 WARN]: Coyote(133) just ate RoadRunner(219) at cell (6,2)
[15:23:45.148 INFO]: RoadRunner is attempting to run away from 1 Coyotes!
[15:23:45.148 INFO]: Coyote(262) is moving S from (3, 6) to (4,6)
[15:23:45.148 INFO]: RoadRunner is attempting to run away from 1 Coyotes!
[15:23:45.148 INFO]: RoadRunner(73) is moving W from (9, 9) to (9,8)
[15:23:45.148 INFO]: RoadRunner is attempting to run away from 1 Coyotes!
[15:23:45.148 INFO]: RoadRunner(237) is moving E from (0, 1) to (0,2)
[15:23:45.149 INFO]: RoadRunner is attempting to run away from 1 Coyotes!
[15:23:45.149 INFO]: RoadRunner(125) is moving N from (8, 0) to (7,0)
[15:23:45.149 INFO]: Coyote(258) is moving S from (7, 6) to (8,6)
[15:23:45.149 WARN]: Coyote(258) just ate RoadRunner(205) at cell (8,6)
[15:23:45.149 WARN]: Coyote(150) died to starvation!
[15:23:45.149 WARN]: Coyote(254) died to starvation!
[15:23:45.149 INFO]: RoadRunner is attempting to run away from 1 Coyotes!
[15:23:45.149 INFO]: Coyote(255) is moving NE from (1, 0) to (0,1)
[15:23:45.149 INFO]: Coyote(153) is moving NE from (5, 8) to (4,9)
[15:23:45.149 WARN]: Coyote(153) just ate RoadRunner(118) at cell (4,9)
[15:23:45.149 INFO]: Coyote(204) is moving S from (2, 6) to (3,6)
[15:23:45.150 INFO]: RoadRunner(244) is moving N from (9, 0) to (8,0)
[15:23:45.150 INFO]: RoadRunner is attempting to run away from 1 Coyotes!
[15:23:45.150 INFO]: RoadRunner is attempting to run away from 1 Coyotes!
[15:23:45.150 INFO]: RoadRunner(176) is moving SW from (8, 3) to (9,2)
[15:23:45.150 INFO]: RoadRunner(18) is moving NW from (9, 3) to (8,2)
[15:23:45.150 INFO]: RoadRunner(134) is moving NW from (9, 4) to (8,3)
[15:23:45.150 INFO]: RoadRunner(265) is moving W from (9, 1) to (9,0)
[15:23:45.150 INFO]: RoadRunner is attempting to run away from 4 Coyotes!
[15:23:45.150 INFO]: RoadRunner(157) is moving NW from (7, 9) to (6,8)
[15:23:45.150 INFO]: RoadRunner is attempting to run away from 1 Coyotes!
[15:23:45.150 INFO]: Coyote(256) is moving S from (6, 7) to (7,7)
[15:23:45.150 WARN]: Coyote(256) just ate RoadRunner(217) at cell (7,7)
[15:23:45.150 INFO]: RoadRunner(183) is moving N from (8, 9) to (7,9)
[15:23:45.150 INFO]: RoadRunner is attempting to run away from 1 Coyotes!
[15:23:45.150 INFO]: RoadRunner(178) is moving SE from (7, 8) to (8,9)
[15:23:45.150 INFO]: Coyote(83) is moving SW from (6, 6) to (7,5)
[15:23:45.150 WARN]: Coyote(83) just ate RoadRunner(149) at cell (7,5)
[15:23:45.150 INFO]: Coyote(50) is moving NE from (6, 5) to (5,6)
[15:23:45.150 INFO]: RoadRunner just bred a new RoadRunner at cell (7,6)
[15:23:45.151 INFO]: RoadRunner just bred a new RoadRunner at cell (7,8)
[15:23:45.151 INFO]: RoadRunner just bred a new RoadRunner at cell (6,3)
[15:23:45.151 INFO]: RoadRunner just bred a new RoadRunner at cell (4,8)
[15:23:45.151 INFO]: RoadRunner just bred a new RoadRunner at cell (9,1)
[15:23:45.151 INFO]: RoadRunner just bred a new RoadRunner at cell (9,4)
[15:23:45.151 INFO]: RoadRunner just bred a new RoadRunner at cell (5,8)
[15:23:45.151 INFO]: RoadRunner just bred a new RoadRunner at cell (9,9)
[15:23:45.151 INFO]: RoadRunner just bred a new RoadRunner at cell (1,2)
[15:23:45.151 INFO]: RoadRunner just bred a new RoadRunner at cell (6,0)
[15:23:45.151 INFO]: RoadRunner just bred a new RoadRunner at cell (7,3)
[15:23:45.151 INFO]: RoadRunner just bred a new RoadRunner at cell (9,3)
[15:23:45.151 INFO]: RoadRunner just bred a new RoadRunner at cell (5,7)
[15:23:45.151 INFO]: 
[15:23:45.151 INFO]: Coyotes Left: 13
[15:23:45.151 INFO]: RoadRunners Left: 35
[15:23:46.076 INFO]: 
[15:23:46.076 INFO]: 
[15:23:46.076 INFO]: ########## Age 45 ##########
[15:23:46.076 INFO]: 
[15:23:46.076 INFO]: 
[15:23:46.077 INFO]: RoadRunner is attempting to run away from 1 Coyotes!
[15:23:46.077 INFO]: RoadRunner(278) is moving NW from (4, 8) to (3,7)
[15:23:46.077 INFO]: Coyote(257) is moving SE from (1, 4) to (2,5)
[15:23:46.077 INFO]: Coyote(256) is moving NE from (7, 7) to (6,8)
[15:23:46.077 WARN]: Coyote(256) just ate RoadRunner(157) at cell (6,8)
[15:23:46.077 INFO]: RoadRunner is attempting to run away from 1 Coyotes!
[15:23:46.077 INFO]: Coyote(255) is moving SE from (0, 1) to (1,2)
[15:23:46.077 WARN]: Coyote(255) just ate RoadRunner(283) at cell (1,2)
[15:23:46.077 WARN]: Coyote(262) died to starvation!
[15:23:46.078 INFO]: RoadRunner is attempting to run away from 1 Coyotes!
[15:23:46.078 INFO]: RoadRunner is attempting to run away from 1 Coyotes!
[15:23:46.078 INFO]: RoadRunner is attempting to run away from 1 Coyotes!
[15:23:46.078 INFO]: RoadRunner is attempting to run away from 2 Coyotes!
[15:23:46.078 INFO]: RoadRunner is attempting to run away from 1 Coyotes!
[15:23:46.078 INFO]: RoadRunner(276) is moving W from (7, 8) to (7,7)
[15:23:46.078 INFO]: RoadRunner is attempting to run away from 2 Coyotes!
[15:23:46.078 INFO]: RoadRunner is attempting to run away from 1 Coyotes!
[15:23:46.078 INFO]: Coyote(50) is moving E from (5, 6) to (5,7)
[15:23:46.079 WARN]: Coyote(50) just ate RoadRunner(287) at cell (5,7)
[15:23:46.079 INFO]: RoadRunner(271) is moving N from (8, 8) to (7,8)
[15:23:46.079 INFO]: RoadRunner is attempting to run away from 1 Coyotes!
[15:23:46.079 INFO]: RoadRunner is attempting to run away from 1 Coyotes!
[15:23:46.079 INFO]: RoadRunner is attempting to run away from 1 Coyotes!
[15:23:46.079 INFO]: RoadRunner(284) is moving N from (6, 0) to (5,0)
[15:23:46.079 INFO]: RoadRunner is attempting to run away from 2 Coyotes!
[15:23:46.079 INFO]: RoadRunner(277) is moving NE from (6, 3) to (5,4)
[15:23:46.079 INFO]: RoadRunner is attempting to run away from 2 Coyotes!
[15:23:46.079 INFO]: RoadRunner is attempting to run away from 3 Coyotes!
[15:23:46.079 INFO]: RoadRunner(281) is moving N from (5, 8) to (4,8)
[15:23:46.079 INFO]: Coyote(261) is moving N from (3, 2) to (2,2)
[15:23:46.079 INFO]: RoadRunner(178) is moving W from (8, 9) to (8,8)
[15:23:46.079 INFO]: RoadRunner is attempting to run away from 1 Coyotes!
[15:23:46.079 INFO]: Coyote(259) is moving S from (7, 4) to (8,4)
[15:23:46.080 WARN]: Coyote(259) just ate RoadRunner(170) at cell (8,4)
[15:23:46.080 INFO]: RoadRunner is attempting to run away from 3 Coyotes!
[15:23:46.080 INFO]: RoadRunner is attempting to run away from 1 Coyotes!
[15:23:46.080 INFO]: RoadRunner(237) is moving E from (0, 2) to (0,3)
[15:23:46.080 INFO]: Coyote(153) is moving S from (4, 9) to (5,9)
[15:23:46.080 WARN]: Coyote(153) just ate RoadRunner(246) at cell (5,9)
[15:23:46.080 INFO]: RoadRunner is attempting to run away from 2 Coyotes!
[15:23:46.080 INFO]: RoadRunner(285) is moving NE from (7, 3) to (6,4)
[15:23:46.080 INFO]: RoadRunner is attempting to run away from 1 Coyotes!
[15:23:46.080 INFO]: Coyote(203) is moving S from (7, 1) to (8,1)
[15:23:46.080 WARN]: Coyote(203) just ate RoadRunner(268) at cell (8,1)
[15:23:46.080 INFO]: Coyote(133) is moving S from (6, 2) to (7,2)
[15:23:46.080 WARN]: Coyote(133) just ate RoadRunner(210) at cell (7,2)
[15:23:46.080 INFO]: Coyote(258) is moving N from (8, 6) to (7,6)
[15:23:46.080 WARN]: Coyote(258) just ate RoadRunner(275) at cell (7,6)
[15:23:46.080 INFO]: RoadRunner is attempting to run away from 1 Coyotes!
[15:23:46.080 INFO]: RoadRunner(183) is moving S from (7, 9) to (8,9)
[15:23:46.080 INFO]: RoadRunner is attempting to run away from 1 Coyotes!
[15:23:46.080 INFO]: Coyote(83) is moving NW from (7, 5) to (6,4)
[15:23:46.080 WARN]: Coyote(83) just ate RoadRunner(285) at cell (6,4)
[15:23:46.080 INFO]: RoadRunner is attempting to run away from 1 Coyotes!
[15:23:46.080 WARN]: Coyote(204) died to starvation!
[15:23:46.080 INFO]: RoadRunner is attempting to run away from 1 Coyotes!
[15:23:46.080 INFO]: RoadRunner is attempting to run away from 1 Coyotes!
[15:23:46.080 INFO]: RoadRunner(115) is moving NE from (9, 5) to (8,6)
[15:23:46.081 INFO]: 
[15:23:46.081 INFO]: Coyotes Left: 11
[15:23:46.081 INFO]: RoadRunners Left: 26
[15:23:48.208 INFO]: 
[15:23:48.209 INFO]: 
[15:23:48.209 INFO]: ########## Age 46 ##########
[15:23:48.209 INFO]: 
[15:23:48.209 INFO]: 
[15:23:48.209 INFO]: Coyote(255) is moving NE from (1, 2) to (0,3)
[15:23:48.209 WARN]: Coyote(255) just ate RoadRunner(237) at cell (0,3)
[15:23:48.209 INFO]: Coyote(50) is moving NE from (5, 7) to (4,8)
[15:23:48.210 WARN]: Coyote(50) just ate RoadRunner(281) at cell (4,8)
[15:23:48.210 INFO]: RoadRunner is attempting to run away from 1 Coyotes!
[15:23:48.210 INFO]: RoadRunner(278) is moving NW from (3, 7) to (2,6)
[15:23:48.210 INFO]: Coyote(153) is moving S from (5, 9) to (6,9)
[15:23:48.210 WARN]: Coyote(153) just ate RoadRunner(154) at cell (6,9)
[15:23:48.210 INFO]: Coyote(258) is moving S from (7, 6) to (8,6)
[15:23:48.210 WARN]: Coyote(258) just ate RoadRunner(115) at cell (8,6)
[15:23:48.210 INFO]: RoadRunner is attempting to run away from 1 Coyotes!
[15:23:48.210 INFO]: RoadRunner(277) is moving NE from (5, 4) to (4,5)
[15:23:48.210 INFO]: RoadRunner is attempting to run away from 1 Coyotes!
[15:23:48.211 INFO]: RoadRunner(267) is moving W from (9, 6) to (9,5)
[15:23:48.211 INFO]: RoadRunner is attempting to run away from 1 Coyotes!
[15:23:48.211 INFO]: RoadRunner(183) is moving N from (8, 9) to (7,9)
[15:23:48.211 INFO]: RoadRunner is attempting to run away from 2 Coyotes!
[15:23:48.211 INFO]: RoadRunner(134) is moving N from (8, 3) to (7,3)
[15:23:48.211 INFO]: RoadRunner is attempting to run away from 1 Coyotes!
[15:23:48.211 INFO]: RoadRunner(125) is moving N from (7, 0) to (6,0)
[15:23:48.211 INFO]: RoadRunner is attempting to run away from 1 Coyotes!
[15:23:48.211 INFO]: RoadRunner is attempting to run away from 2 Coyotes!
[15:23:48.211 INFO]: RoadRunner(196) is moving N from (8, 5) to (7,5)
[15:23:48.212 INFO]: Coyote(203) is moving S from (8, 1) to (9,1)
[15:23:48.212 WARN]: Coyote(203) just ate RoadRunner(279) at cell (9,1)
[15:23:48.212 INFO]: RoadRunner is attempting to run away from 1 Coyotes!
[15:23:48.212 INFO]: RoadRunner is attempting to run away from 1 Coyotes!
[15:23:48.212 WARN]: Coyote(257) died to starvation!
[15:23:48.212 INFO]: Coyote(133) is moving S from (7, 2) to (8,2)
[15:23:48.212 WARN]: Coyote(133) just ate RoadRunner(18) at cell (8,2)
[15:23:48.212 INFO]: RoadRunner(284) is moving E from (5, 0) to (5,1)
[15:23:48.212 WARN]: Coyote(261) died to starvation!
[15:23:48.212 INFO]: RoadRunner is attempting to run away from 2 Coyotes!
[15:23:48.212 INFO]: RoadRunner(286) is moving N from (9, 3) to (8,3)
[15:23:48.213 INFO]: RoadRunner(282) is moving N from (9, 9) to (8,9)
[15:23:48.213 INFO]: Coyote(83) is moving SE from (6, 4) to (7,5)
[15:23:48.213 WARN]: Coyote(83) just ate RoadRunner(196) at cell (7,5)
[15:23:48.213 INFO]: Coyote(259) is moving NW from (8, 4) to (7,3)
[15:23:48.213 WARN]: Coyote(259) just ate RoadRunner(134) at cell (7,3)
[15:23:48.213 INFO]: RoadRunner is attempting to run away from 2 Coyotes!
[15:23:48.213 INFO]: RoadRunner(276) is moving NW from (7, 7) to (6,6)
[15:23:48.213 INFO]: RoadRunner(178) is moving SE from (8, 8) to (9,9)
[15:23:48.213 INFO]: Coyote(256) is moving S from (6, 8) to (7,8)
[15:23:48.213 WARN]: Coyote(256) just ate RoadRunner(271) at cell (7,8)
[15:23:48.213 INFO]: RoadRunner is attempting to run away from 1 Coyotes!
[15:23:48.213 INFO]: RoadRunner(244) is moving N from (8, 0) to (7,0)
[15:23:48.213 INFO]: RoadRunner is attempting to run away from 2 Coyotes!
[15:23:48.213 INFO]: RoadRunner(176) is moving E from (9, 2) to (9,3)
[15:23:48.214 INFO]: 
[15:23:48.214 INFO]: Coyotes Left: 9
[15:23:48.214 INFO]: RoadRunners Left: 17
[15:23:59.120 INFO]: 
[15:23:59.122 INFO]: 
[15:23:59.122 INFO]: ########## Age 47 ##########
[15:23:59.122 INFO]: 
[15:23:59.122 INFO]: 
[15:23:59.122 INFO]: RoadRunner(277) is moving N from (4, 5) to (3,5)
[15:23:59.122 INFO]: Coyote(258) is moving SE from (8, 6) to (9,7)
[15:23:59.122 WARN]: Coyote(258) just ate RoadRunner(239) at cell (9,7)
[15:23:59.122 INFO]: Coyote(203) is moving W from (9, 1) to (9,0)
[15:23:59.123 WARN]: Coyote(203) just ate RoadRunner(265) at cell (9,0)
[15:23:59.123 INFO]: RoadRunner(244) is moving E from (7, 0) to (7,1)
[15:23:59.123 INFO]: RoadRunner(284) is moving E from (5, 1) to (5,2)
[15:23:59.123 INFO]: RoadRunner is attempting to run away from 2 Coyotes!
[15:23:59.123 INFO]: RoadRunner(286) is moving E from (8, 3) to (8,4)
[15:23:59.123 INFO]: RoadRunner(280) is moving NW from (9, 4) to (8,3)
[15:23:59.123 INFO]: RoadRunner(278) is moving N from (2, 6) to (1,6)
[15:23:59.124 INFO]: RoadRunner is attempting to run away from 2 Coyotes!
[15:23:59.124 INFO]: RoadRunner(226) is moving NW from (8, 7) to (7,6)
[15:23:59.124 INFO]: Coyote(153) is moving S from (6, 9) to (7,9)
[15:23:59.124 WARN]: Coyote(153) just ate RoadRunner(183) at cell (7,9)
[15:23:59.124 INFO]: RoadRunner is attempting to run away from 1 Coyotes!
[15:23:59.124 INFO]: RoadRunner(176) is moving E from (9, 3) to (9,4)
[15:23:59.124 INFO]: Coyote(50) is moving SW from (4, 8) to (5,7)
[15:23:59.124 INFO]: Coyote(259) is moving S from (7, 3) to (8,3)
[15:23:59.124 WARN]: Coyote(259) just ate RoadRunner(280) at cell (8,3)
[15:23:59.125 INFO]: Coyote(256) is moving SE from (7, 8) to (8,9)
[15:23:59.125 WARN]: Coyote(256) just ate RoadRunner(282) at cell (8,9)
[15:23:59.125 INFO]: RoadRunner(125) is moving N from (6, 0) to (5,0)
[15:23:59.125 INFO]: Coyote(83) is moving NE from (7, 5) to (6,6)
[15:23:59.125 WARN]: Coyote(83) just ate RoadRunner(276) at cell (6,6)
[15:23:59.125 INFO]: Coyote(255) is moving W from (0, 3) to (0,2)
[15:23:59.125 INFO]: RoadRunner is attempting to run away from 1 Coyotes!
[15:23:59.125 INFO]: Coyote(133) is moving NW from (8, 2) to (7,1)
[15:23:59.125 WARN]: Coyote(133) just ate RoadRunner(244) at cell (7,1)
[15:23:59.125 INFO]: RoadRunner(267) is moving NE from (9, 5) to (8,6)
[15:23:59.125 INFO]: RoadRunner is attempting to run away from 2 Coyotes!
[15:23:59.126 INFO]: RoadRunner(73) is moving N from (9, 8) to (8,8)
[15:23:59.126 INFO]: RoadRunner just bred a new RoadRunner at cell (2,5)
[15:23:59.126 INFO]: Coyote just bred a new Coyote at cell (8,7)
[15:23:59.126 INFO]: Coyote just bred a new Coyote at cell (8,0)
[15:23:59.126 INFO]: RoadRunner just bred a new RoadRunner at cell (4,2)
[15:23:59.126 INFO]: RoadRunner just bred a new RoadRunner at cell (7,4)
[15:23:59.126 INFO]: RoadRunner just bred a new RoadRunner at cell (0,6)
[15:23:59.126 INFO]: RoadRunner just bred a new RoadRunner at cell (6,7)
[15:23:59.126 INFO]: Coyote just bred a new Coyote at cell (6,9)
[15:23:59.126 INFO]: RoadRunner just bred a new RoadRunner at cell (8,5)
[15:23:59.126 INFO]: Coyote just bred a new Coyote at cell (4,7)
[15:23:59.127 INFO]: Coyote just bred a new Coyote at cell (7,3)
[15:23:59.127 INFO]: Coyote just bred a new Coyote at cell (7,8)
[15:23:59.127 INFO]: RoadRunner just bred a new RoadRunner at cell (4,0)
[15:23:59.127 INFO]: Coyote just bred a new Coyote at cell (5,6)
[15:23:59.127 INFO]: Coyote just bred a new Coyote at cell (1,2)
[15:23:59.127 INFO]: RoadRunner just bred a new RoadRunner at cell (9,8)
[15:23:59.127 INFO]: Coyote just bred a new Coyote at cell (6,1)
[15:23:59.127 INFO]: RoadRunner just bred a new RoadRunner at cell (7,7)
[15:23:59.127 INFO]: 
[15:23:59.127 INFO]: Coyotes Left: 18
[15:23:59.127 INFO]: RoadRunners Left: 19
[15:23:59.842 INFO]: 
[15:23:59.842 INFO]: 
[15:23:59.842 INFO]: ########## Age 48 ##########
[15:23:59.842 INFO]: 
[15:23:59.842 INFO]: 
[15:23:59.842 INFO]: RoadRunner is attempting to run away from 2 Coyotes!
[15:23:59.842 INFO]: RoadRunner(286) is moving SE from (8, 4) to (9,5)
[15:23:59.843 INFO]: Coyote(289) is moving N from (8, 7) to (7,7)
[15:23:59.843 WARN]: Coyote(289) just ate RoadRunner(305) at cell (7,7)
[15:23:59.843 INFO]: Coyote(259) is moving NE from (8, 3) to (7,4)
[15:23:59.843 WARN]: Coyote(259) just ate RoadRunner(292) at cell (7,4)
[15:23:59.843 INFO]: RoadRunner is attempting to run away from 2 Coyotes!
[15:23:59.843 INFO]: RoadRunner is attempting to run away from 5 Coyotes!
[15:23:59.843 INFO]: Coyote(304) is moving NE from (6, 1) to (5,2)
[15:23:59.843 WARN]: Coyote(304) just ate RoadRunner(284) at cell (5,2)
[15:23:59.843 INFO]: Coyote(203) is moving NE from (9, 0) to (8,1)
[15:23:59.843 INFO]: Coyote(153) is moving SW from (7, 9) to (8,8)
[15:23:59.844 WARN]: Coyote(153) just ate RoadRunner(73) at cell (8,8)
[15:23:59.844 INFO]: Coyote(258) is moving NW from (9, 7) to (8,6)
[15:23:59.844 WARN]: Coyote(258) just ate RoadRunner(267) at cell (8,6)
[15:23:59.844 INFO]: RoadRunner(176) is moving NW from (9, 4) to (8,3)
[15:23:59.844 INFO]: Coyote(290) is moving N from (8, 0) to (7,0)
[15:23:59.844 INFO]: Coyote(302) is moving E from (1, 2) to (1,3)
[15:23:59.844 INFO]: Coyote(256) is moving S from (8, 9) to (9,9)
[15:23:59.844 WARN]: Coyote(256) just ate RoadRunner(178) at cell (9,9)
[15:23:59.844 INFO]: Coyote(133) is moving NW from (7, 1) to (6,0)
[15:23:59.844 INFO]: Coyote(298) is moving S from (7, 3) to (8,3)
[15:23:59.845 WARN]: Coyote(298) just ate RoadRunner(176) at cell (8,3)
[15:23:59.845 INFO]: Coyote(83) is moving S from (6, 6) to (7,6)
[15:23:59.845 WARN]: Coyote(83) just ate RoadRunner(226) at cell (7,6)
[15:23:59.845 INFO]: RoadRunner is attempting to run away from 3 Coyotes!
[15:23:59.845 INFO]: RoadRunner(296) is moving SW from (8, 5) to (9,4)
[15:23:59.845 INFO]: RoadRunner(277) is moving SE from (3, 5) to (4,6)
[15:23:59.845 INFO]: RoadRunner(293) is moving E from (0, 6) to (0,7)
[15:23:59.845 INFO]: Coyote(255) is moving S from (0, 2) to (1,2)
[15:23:59.845 INFO]: Coyote(301) is moving N from (5, 6) to (4,6)
[15:23:59.845 WARN]: Coyote(301) just ate RoadRunner(277) at cell (4,6)
[15:23:59.845 INFO]: RoadRunner(300) is moving SE from (4, 0) to (5,1)
[15:23:59.845 INFO]: Coyote(297) is moving NW from (4, 7) to (3,6)
[15:23:59.845 INFO]: RoadRunner(278) is moving W from (1, 6) to (1,5)
[15:23:59.845 INFO]: RoadRunner is attempting to run away from 1 Coyotes!
[15:23:59.845 INFO]: RoadRunner(125) is moving NE from (5, 0) to (4,1)
[15:23:59.845 INFO]: RoadRunner is attempting to run away from 1 Coyotes!
[15:23:59.845 INFO]: RoadRunner(291) is moving NE from (4, 2) to (3,3)
[15:23:59.846 INFO]: RoadRunner is attempting to run away from 1 Coyotes!
[15:23:59.846 INFO]: RoadRunner(288) is moving NW from (2, 5) to (1,4)
[15:23:59.846 INFO]: Coyote(295) is moving S from (6, 9) to (7,9)
[15:23:59.846 INFO]: Coyote(299) is moving NW from (7, 8) to (6,7)
[15:23:59.846 WARN]: Coyote(299) just ate RoadRunner(294) at cell (6,7)
[15:23:59.846 INFO]: Coyote(50) is moving NE from (5, 7) to (4,8)
[15:23:59.846 INFO]: 
[15:23:59.846 INFO]: Coyotes Left: 18
[15:23:59.846 INFO]: RoadRunners Left: 9
[15:24:00.411 INFO]: 
[15:24:00.411 INFO]: 
[15:24:00.411 INFO]: ########## Age 49 ##########
[15:24:00.411 INFO]: 
[15:24:00.411 INFO]: 
[15:24:00.411 INFO]: Coyote(304) is moving NW from (5, 2) to (4,1)
[15:24:00.411 WARN]: Coyote(304) just ate RoadRunner(125) at cell (4,1)
[15:24:00.411 INFO]: RoadRunner(293) is moving SW from (0, 7) to (1,6)
[15:24:00.411 INFO]: Coyote(298) is moving SE from (8, 3) to (9,4)
[15:24:00.412 WARN]: Coyote(298) just ate RoadRunner(296) at cell (9,4)
[15:24:00.412 INFO]: Coyote(295) is moving N from (7, 9) to (6,9)
[15:24:00.412 INFO]: RoadRunner(278) is moving SW from (1, 5) to (2,4)
[15:24:00.412 INFO]: RoadRunner is attempting to run away from 1 Coyotes!
[15:24:00.412 INFO]: RoadRunner(288) is moving NE from (1, 4) to (0,5)
[15:24:00.412 INFO]: Coyote(258) is moving SW from (8, 6) to (9,5)
[15:24:00.412 WARN]: Coyote(258) just ate RoadRunner(286) at cell (9,5)
[15:24:00.412 INFO]: Coyote(299) is moving NW from (6, 7) to (5,6)
[15:24:00.412 INFO]: RoadRunner(291) is moving N from (3, 3) to (2,3)
[15:24:00.412 INFO]: Coyote(153) is moving S from (8, 8) to (9,8)
[15:24:00.412 WARN]: Coyote(153) just ate RoadRunner(303) at cell (9,8)
[15:24:00.412 INFO]: Coyote(83) is moving N from (7, 6) to (6,6)
[15:24:00.412 INFO]: Coyote(255) is moving SE from (1, 2) to (2,3)
[15:24:00.412 WARN]: Coyote(255) just ate RoadRunner(291) at cell (2,3)
[15:24:00.412 INFO]: Coyote(302) is moving SE from (1, 3) to (2,4)
[15:24:00.412 WARN]: Coyote(302) just ate RoadRunner(278) at cell (2,4)
[15:24:00.412 INFO]: Coyote(50) is moving SE from (4, 8) to (5,9)
[15:24:00.412 INFO]: Coyote(297) is moving E from (3, 6) to (3,7)
[15:24:00.413 INFO]: Coyote(133) is moving NE from (6, 0) to (5,1)
[15:24:00.413 WARN]: Coyote(133) just ate RoadRunner(300) at cell (5,1)
[15:24:00.413 INFO]: Coyote(259) is moving SE from (7, 4) to (8,5)
[15:24:00.413 INFO]: Coyote(301) is moving E from (4, 6) to (4,7)
[15:24:00.413 INFO]: Coyote(289) is moving W from (7, 7) to (7,6)
[15:24:00.413 INFO]: Coyote(256) is moving N from (9, 9) to (8,9)
[15:24:00.413 INFO]: Coyote(203) is moving SE from (8, 1) to (9,2)
[15:24:00.413 INFO]: Coyote(290) is moving SE from (7, 0) to (8,1)
[15:24:00.413 INFO]: 
[15:24:00.413 INFO]: Coyotes Left: 18
[15:24:00.413 INFO]: RoadRunners Left: 2
[15:24:18.675 INFO]: 
[15:24:18.676 INFO]: 
[15:24:18.676 INFO]: ########## Age 50 ##########
[15:24:18.676 INFO]: 
[15:24:18.676 INFO]: 
[15:24:18.676 INFO]: Coyote(295) is moving S from (6, 9) to (7,9)
[15:24:18.676 INFO]: Coyote(301) is moving W from (4, 7) to (4,6)
[15:24:18.676 INFO]: Coyote(83) is moving SE from (6, 6) to (7,7)
[15:24:18.676 INFO]: Coyote(153) is moving W from (9, 8) to (9,7)
[15:24:18.676 INFO]: Coyote(133) is moving W from (5, 1) to (5,0)
[15:24:18.676 INFO]: Coyote(297) is moving NE from (3, 7) to (2,8)
[15:24:18.676 INFO]: Coyote(302) is moving E from (2, 4) to (2,5)
[15:24:18.676 INFO]: Coyote(298) is moving N from (9, 4) to (8,4)
[15:24:18.677 INFO]: Coyote(299) is moving W from (5, 6) to (5,5)
[15:24:18.677 INFO]: Coyote(255) is moving NE from (2, 3) to (1,4)
[15:24:18.677 INFO]: Coyote(203) is moving W from (9, 2) to (9,1)
[15:24:18.677 INFO]: Coyote(258) is moving NE from (9, 5) to (8,6)
[15:24:18.677 INFO]: Coyote(259) is moving SW from (8, 5) to (9,4)
[15:24:18.677 INFO]: Coyote(289) is moving W from (7, 6) to (7,5)
[15:24:18.677 INFO]: Coyote(256) is moving W from (8, 9) to (8,8)
[15:24:18.677 INFO]: Coyote(290) is moving NW from (8, 1) to (7,0)
[15:24:18.677 INFO]: Coyote(304) is moving E from (4, 1) to (4,2)
[15:24:18.677 INFO]: RoadRunner is attempting to run away from 1 Coyotes!
[15:24:18.677 INFO]: RoadRunner(293) is moving NE from (1, 6) to (0,7)
[15:24:18.677 WARN]: Coyote(50) died to starvation!
[15:24:18.677 INFO]: RoadRunner is attempting to run away from 1 Coyotes!
[15:24:18.678 INFO]: RoadRunner(288) is moving E from (0, 5) to (0,6)
[15:24:18.678 INFO]: RoadRunner just bred a new RoadRunner at cell (1,7)
[15:24:18.678 INFO]: RoadRunner just bred a new RoadRunner at cell (1,6)
[15:24:18.678 INFO]: 
[15:24:18.678 INFO]: Coyotes Left: 17
[15:24:18.678 INFO]: RoadRunners Left: 4
[15:24:41.052 INFO]: 
[15:24:41.052 INFO]: 
[15:24:41.052 INFO]: ########## Age 51 ##########
[15:24:41.052 INFO]: 
[15:24:41.052 INFO]: 
[15:24:41.053 INFO]: Coyote(258) is moving W from (8, 6) to (8,5)
[15:24:41.053 INFO]: RoadRunner(293) is moving E from (0, 7) to (0,8)
[15:24:41.053 INFO]: Coyote(83) is moving S from (7, 7) to (8,7)
[15:24:41.053 INFO]: Coyote(304) is moving NE from (4, 2) to (3,3)
[15:24:41.053 INFO]: Coyote(153) is moving NW from (9, 7) to (8,6)
[15:24:41.053 INFO]: Coyote(259) is moving NW from (9, 4) to (8,3)
[15:24:41.053 WARN]: Coyote(297) died to starvation!
[15:24:41.053 WARN]: Coyote(290) died to starvation!
[15:24:41.053 INFO]: Coyote(298) is moving N from (8, 4) to (7,4)
[15:24:41.053 INFO]: RoadRunner(306) is moving S from (1, 7) to (2,7)
[15:24:41.053 WARN]: Coyote(295) died to starvation!
[15:24:41.053 INFO]: RoadRunner is attempting to run away from 1 Coyotes!
[15:24:41.053 INFO]: RoadRunner(307) is moving NE from (1, 6) to (0,7)
[15:24:41.054 INFO]: Coyote(302) is moving S from (2, 5) to (3,5)
[15:24:41.054 INFO]: Coyote(299) is moving S from (5, 5) to (6,5)
[15:24:41.054 INFO]: Coyote(133) is moving E from (5, 0) to (5,1)
[15:24:41.054 INFO]: Coyote(255) is moving E from (1, 4) to (1,5)
[15:24:41.054 INFO]: Coyote(301) is moving NE from (4, 6) to (3,7)
[15:24:41.054 INFO]: Coyote(256) is moving S from (8, 8) to (9,8)
[15:24:41.054 INFO]: Coyote(289) is moving NW from (7, 5) to (6,4)
[15:24:41.054 WARN]: Coyote(203) died to starvation!
[15:24:41.054 INFO]: RoadRunner is attempting to run away from 1 Coyotes!
[15:24:41.054 INFO]: RoadRunner(288) is moving SE from (0, 6) to (1,7)
[15:24:41.054 INFO]: 
[15:24:41.054 INFO]: Coyotes Left: 13
[15:24:41.054 INFO]: RoadRunners Left: 4
[15:24:47.862 INFO]: 
[15:24:47.865 INFO]: 
[15:24:47.865 INFO]: ########## Age 52 ##########
[15:24:47.865 INFO]: 
[15:24:47.865 INFO]: 
[15:24:47.865 WARN]: Coyote(83) died to starvation!
[15:24:47.866 INFO]: RoadRunner(293) is moving E from (0, 8) to (0,9)
[15:24:47.866 INFO]: Coyote(133) is moving W from (5, 1) to (5,0)
[15:24:47.866 INFO]: Coyote(153) is moving N from (8, 6) to (7,6)
[15:24:47.866 INFO]: RoadRunner(307) is moving E from (0, 7) to (0,8)
[15:24:47.866 INFO]: Coyote(304) is moving E from (3, 3) to (3,4)
[15:24:47.866 INFO]: RoadRunner is attempting to run away from 1 Coyotes!
[15:24:47.866 INFO]: RoadRunner(306) is moving NE from (2, 7) to (1,8)
[15:24:47.866 WARN]: Coyote(301) died to starvation!
[15:24:47.866 WARN]: Coyote(259) died to starvation!
[15:24:47.866 WARN]: Coyote(299) died to starvation!
[15:24:47.866 INFO]: Coyote(298) is moving SW from (7, 4) to (8,3)
[15:24:47.866 WARN]: Coyote(289) died to starvation!
[15:24:47.866 INFO]: Coyote(258) is moving N from (8, 5) to (7,5)
[15:24:47.866 INFO]: RoadRunner(288) is moving N from (1, 7) to (0,7)
[15:24:47.866 INFO]: Coyote(255) is moving W from (1, 5) to (1,4)
[15:24:47.867 WARN]: Coyote(256) died to starvation!
[15:24:47.867 INFO]: Coyote(302) is moving N from (3, 5) to (2,5)
[15:24:47.867 INFO]: 
[15:24:47.867 INFO]: Coyotes Left: 7
[15:24:47.867 INFO]: RoadRunners Left: 4
[15:25:13.768 INFO]: 
[15:25:13.769 INFO]: 
[15:25:13.769 INFO]: ########## Age 53 ##########
[15:25:13.769 INFO]: 
[15:25:13.769 INFO]: 
[15:25:13.769 WARN]: Coyote(133) died to starvation!
[15:25:13.769 INFO]: RoadRunner(307) is moving SW from (0, 8) to (1,7)
[15:25:13.769 INFO]: RoadRunner(288) is moving W from (0, 7) to (0,6)
[15:25:13.769 WARN]: Coyote(302) died to starvation!
[15:25:13.769 WARN]: Coyote(153) died to starvation!
[15:25:13.769 WARN]: Coyote(255) died to starvation!
[15:25:13.770 INFO]: RoadRunner(293) is moving W from (0, 9) to (0,8)
[15:25:13.770 INFO]: RoadRunner(306) is moving NE from (1, 8) to (0,9)
[15:25:13.770 WARN]: Coyote(298) died to starvation!
[15:25:13.770 WARN]: Coyote(258) died to starvation!
[15:25:13.770 WARN]: Coyote(304) died to starvation!
[15:25:13.770 INFO]: RoadRunner just bred a new RoadRunner at cell (0,7)
[15:25:13.770 INFO]: RoadRunner just bred a new RoadRunner at cell (1,6)
[15:25:13.770 INFO]: RoadRunner just bred a new RoadRunner at cell (1,8)
[15:25:13.770 INFO]: RoadRunner just bred a new RoadRunner at cell (1,9)
[15:25:13.770 INFO]: 
[15:25:13.770 INFO]: Coyotes Left: 0
[15:25:13.771 INFO]: RoadRunners Left: 8
[15:25:17.560 INFO]: 
[15:25:17.560 INFO]: 
[15:25:17.560 INFO]: ########## Age 54 ##########
[15:25:17.560 INFO]: 
[15:25:17.560 INFO]: 
[15:25:17.560 INFO]: RoadRunner(307) is moving SW from (1, 7) to (2,6)
[15:25:17.561 INFO]: RoadRunner(288) is moving W from (0, 6) to (0,5)
[15:25:17.561 INFO]: RoadRunner(293) is moving SW from (0, 8) to (1,7)
[15:25:17.561 INFO]: RoadRunner(311) is moving S from (1, 9) to (2,9)
[15:25:17.561 INFO]: RoadRunner(306) is moving S from (0, 9) to (1,9)
[15:25:17.561 INFO]: RoadRunner(310) is moving NE from (1, 8) to (0,9)
[15:25:17.561 INFO]: RoadRunner(308) is moving SE from (0, 7) to (1,8)
[15:25:17.561 INFO]: RoadRunner(309) is moving N from (1, 6) to (0,6)
[15:25:17.561 INFO]: 
[15:25:17.561 INFO]: Coyotes Left: 0
[15:25:17.561 INFO]: RoadRunners Left: 8
[15:25:19.323 INFO]: 
[15:25:19.323 INFO]: 
[15:25:19.323 INFO]: ########## Age 55 ##########
[15:25:19.323 INFO]: 
[15:25:19.323 INFO]: 
[15:25:19.324 INFO]: RoadRunner(307) is moving N from (2, 6) to (1,6)
[15:25:19.324 INFO]: RoadRunner(293) is moving NE from (1, 7) to (0,8)
[15:25:19.324 INFO]: RoadRunner(308) is moving SW from (1, 8) to (2,7)
[15:25:19.324 INFO]: RoadRunner(310) is moving SW from (0, 9) to (1,8)
[15:25:19.324 INFO]: RoadRunner(288) is moving S from (0, 5) to (1,5)
[15:25:19.324 INFO]: RoadRunner(309) is moving W from (0, 6) to (0,5)
[15:25:19.324 INFO]: RoadRunner(311) is moving W from (2, 9) to (2,8)
[15:25:19.324 INFO]: RoadRunner(306) is moving S from (1, 9) to (2,9)
[15:25:19.324 INFO]: 
[15:25:19.324 INFO]: Coyotes Left: 0
[15:25:19.324 INFO]: RoadRunners Left: 8
[15:25:19.652 INFO]: 
[15:25:19.653 INFO]: 
[15:25:19.653 INFO]: ########## Age 56 ##########
[15:25:19.653 INFO]: 
[15:25:19.653 INFO]: 
[15:25:19.653 INFO]: RoadRunner(288) is moving W from (1, 5) to (1,4)
[15:25:19.653 INFO]: RoadRunner(311) is moving SW from (2, 8) to (3,7)
[15:25:19.653 INFO]: RoadRunner(309) is moving E from (0, 5) to (0,6)
[15:25:19.653 INFO]: RoadRunner(307) is moving NE from (1, 6) to (0,7)
[15:25:19.653 INFO]: RoadRunner(306) is moving N from (2, 9) to (1,9)
[15:25:19.653 INFO]: RoadRunner(310) is moving S from (1, 8) to (2,8)
[15:25:19.653 INFO]: RoadRunner(308) is moving NW from (2, 7) to (1,6)
[15:25:19.653 INFO]: RoadRunner(293) is moving E from (0, 8) to (0,9)
[15:25:19.653 INFO]: RoadRunner just bred a new RoadRunner at cell (0,4)
[15:25:19.654 INFO]: RoadRunner just bred a new RoadRunner at cell (2,7)
[15:25:19.654 INFO]: RoadRunner just bred a new RoadRunner at cell (1,7)
[15:25:19.654 INFO]: RoadRunner just bred a new RoadRunner at cell (1,8)
[15:25:19.654 INFO]: RoadRunner just bred a new RoadRunner at cell (0,8)
[15:25:19.654 INFO]: RoadRunner just bred a new RoadRunner at cell (3,8)
[15:25:19.654 INFO]: RoadRunner just bred a new RoadRunner at cell (0,5)
[15:25:19.654 INFO]: 
[15:25:19.654 INFO]: Coyotes Left: 0
[15:25:19.655 INFO]: RoadRunners Left: 15
[15:25:20.012 INFO]: 
[15:25:20.012 INFO]: 
[15:25:20.012 INFO]: ########## Age 57 ##########
[15:25:20.012 INFO]: 
[15:25:20.013 INFO]: 
[15:25:20.013 INFO]: RoadRunner(317) is moving NE from (3, 8) to (2,9)
[15:25:20.013 INFO]: RoadRunner(288) is moving E from (1, 4) to (1,5)
[15:25:20.013 INFO]: RoadRunner(310) is moving S from (2, 8) to (3,8)
[15:25:20.013 INFO]: RoadRunner(306) is moving SW from (1, 9) to (2,8)
[15:25:20.013 INFO]: RoadRunner(313) is moving W from (2, 7) to (2,6)
[15:25:20.013 INFO]: RoadRunner(318) is moving SW from (0, 5) to (1,4)
[15:25:20.013 INFO]: RoadRunner(309) is moving W from (0, 6) to (0,5)
[15:25:20.013 INFO]: RoadRunner(308) is moving SW from (1, 6) to (2,5)
[15:25:20.013 INFO]: RoadRunner(314) is moving NW from (1, 7) to (0,6)
[15:25:20.013 INFO]: RoadRunner(312) is moving W from (0, 4) to (0,3)
[15:25:20.013 INFO]: RoadRunner(311) is moving SW from (3, 7) to (4,6)
[15:25:20.014 INFO]: RoadRunner(293) is moving S from (0, 9) to (1,9)
[15:25:20.014 INFO]: 
[15:25:20.014 INFO]: Coyotes Left: 0
[15:25:20.014 INFO]: RoadRunners Left: 15
[15:25:20.365 INFO]: 
[15:25:20.365 INFO]: 
[15:25:20.365 INFO]: ########## Age 58 ##########
[15:25:20.365 INFO]: 
[15:25:20.365 INFO]: 
[15:25:20.365 INFO]: RoadRunner(315) is moving NE from (1, 8) to (0,9)
[15:25:20.366 INFO]: RoadRunner(306) is moving N from (2, 8) to (1,8)
[15:25:20.366 INFO]: RoadRunner(293) is moving SW from (1, 9) to (2,8)
[15:25:20.366 INFO]: RoadRunner(307) is moving SW from (0, 7) to (1,6)
[15:25:20.366 INFO]: RoadRunner(317) is moving S from (2, 9) to (3,9)
[15:25:20.366 INFO]: RoadRunner(311) is moving NW from (4, 6) to (3,5)
[15:25:20.366 INFO]: RoadRunner(313) is moving E from (2, 6) to (2,7)
[15:25:20.366 INFO]: RoadRunner(314) is moving E from (0, 6) to (0,7)
[15:25:20.366 INFO]: RoadRunner(316) is moving SW from (0, 8) to (1,7)
[15:25:20.366 INFO]: RoadRunner(310) is moving S from (3, 8) to (4,8)
[15:25:20.366 INFO]: RoadRunner(312) is moving SW from (0, 3) to (1,2)
[15:25:20.366 INFO]: RoadRunner(308) is moving SE from (2, 5) to (3,6)
[15:25:20.366 INFO]: RoadRunner(318) is moving SE from (1, 4) to (2,5)
[15:25:20.366 INFO]: RoadRunner(288) is moving NE from (1, 5) to (0,6)
[15:25:20.366 INFO]: RoadRunner(309) is moving W from (0, 5) to (0,4)
[15:25:20.366 INFO]: 
[15:25:20.366 INFO]: Coyotes Left: 0
[15:25:20.366 INFO]: RoadRunners Left: 15
[15:25:20.693 INFO]: 
[15:25:20.693 INFO]: 
[15:25:20.694 INFO]: ########## Age 59 ##########
[15:25:20.694 INFO]: 
[15:25:20.694 INFO]: 
[15:25:20.694 INFO]: RoadRunner(306) is moving N from (1, 8) to (0,8)
[15:25:20.694 INFO]: RoadRunner(309) is moving W from (0, 4) to (0,3)
[15:25:20.694 INFO]: RoadRunner(288) is moving W from (0, 6) to (0,5)
[15:25:20.694 INFO]: RoadRunner(315) is moving SW from (0, 9) to (1,8)
[15:25:20.694 INFO]: RoadRunner(314) is moving W from (0, 7) to (0,6)
[15:25:20.694 INFO]: RoadRunner(312) is moving W from (1, 2) to (1,1)
[15:25:20.694 INFO]: RoadRunner(316) is moving SW from (1, 7) to (2,6)
[15:25:20.694 INFO]: RoadRunner(310) is moving S from (4, 8) to (5,8)
[15:25:20.694 INFO]: RoadRunner(308) is moving SE from (3, 6) to (4,7)
[15:25:20.695 INFO]: RoadRunner(318) is moving NW from (2, 5) to (1,4)
[15:25:20.695 INFO]: RoadRunner(313) is moving N from (2, 7) to (1,7)
[15:25:20.695 INFO]: RoadRunner(307) is moving NE from (1, 6) to (0,7)
[15:25:20.695 INFO]: RoadRunner(293) is moving SW from (2, 8) to (3,7)
[15:25:20.695 INFO]: RoadRunner(311) is moving SW from (3, 5) to (4,4)
[15:25:20.695 INFO]: RoadRunner(317) is moving NW from (3, 9) to (2,8)
[15:25:20.695 INFO]: RoadRunner just bred a new RoadRunner at cell (1,9)
[15:25:20.695 INFO]: RoadRunner just bred a new RoadRunner at cell (1,3)
[15:25:20.695 INFO]: RoadRunner just bred a new RoadRunner at cell (1,5)
[15:25:20.695 INFO]: RoadRunner just bred a new RoadRunner at cell (0,9)
[15:25:20.695 INFO]: RoadRunner just bred a new RoadRunner at cell (1,6)
[15:25:20.695 INFO]: RoadRunner just bred a new RoadRunner at cell (0,1)
[15:25:20.695 INFO]: RoadRunner just bred a new RoadRunner at cell (3,6)
[15:25:20.695 INFO]: RoadRunner just bred a new RoadRunner at cell (4,8)
[15:25:20.696 INFO]: RoadRunner just bred a new RoadRunner at cell (3,8)
[15:25:20.696 INFO]: RoadRunner just bred a new RoadRunner at cell (0,4)
[15:25:20.696 INFO]: RoadRunner just bred a new RoadRunner at cell (2,7)
[15:25:20.696 INFO]: RoadRunner just bred a new RoadRunner at cell (4,6)
[15:25:20.696 INFO]: RoadRunner just bred a new RoadRunner at cell (3,4)
[15:25:20.696 INFO]: RoadRunner just bred a new RoadRunner at cell (3,9)
[15:25:20.696 INFO]: 
[15:25:20.696 INFO]: Coyotes Left: 0
[15:25:20.696 INFO]: RoadRunners Left: 29
[15:25:20.990 INFO]: 
[15:25:20.990 INFO]: 
[15:25:20.990 INFO]: ########## Age 60 ##########
[15:25:20.990 INFO]: 
[15:25:20.990 INFO]: 
[15:25:20.990 INFO]: RoadRunner(317) is moving E from (2, 8) to (2,9)
[15:25:20.990 INFO]: RoadRunner(318) is moving SW from (1, 4) to (2,3)
[15:25:20.991 INFO]: RoadRunner(328) is moving S from (0, 4) to (1,4)
[15:25:20.991 INFO]: RoadRunner(323) is moving SW from (1, 6) to (2,5)
[15:25:20.991 INFO]: RoadRunner(310) is moving NE from (5, 8) to (4,9)
[15:25:20.991 INFO]: RoadRunner(329) is moving NW from (2, 7) to (1,6)
[15:25:20.991 INFO]: RoadRunner(312) is moving SE from (1, 1) to (2,2)
[15:25:20.991 INFO]: RoadRunner(320) is moving W from (1, 3) to (1,2)
[15:25:20.991 INFO]: RoadRunner(315) is moving SW from (1, 8) to (2,7)
[15:25:20.991 INFO]: RoadRunner(288) is moving W from (0, 5) to (0,4)
[15:25:20.991 INFO]: RoadRunner(332) is moving NW from (3, 9) to (2,8)
[15:25:20.991 INFO]: RoadRunner(306) is moving S from (0, 8) to (1,8)
[15:25:20.991 INFO]: RoadRunner(308) is moving SW from (4, 7) to (5,6)
[15:25:20.991 INFO]: RoadRunner(321) is moving SW from (1, 5) to (2,4)
[15:25:20.991 INFO]: RoadRunner(307) is moving E from (0, 7) to (0,8)
[15:25:20.991 INFO]: RoadRunner(326) is moving NE from (4, 8) to (3,9)
[15:25:20.991 INFO]: RoadRunner(324) is moving W from (0, 1) to (0,0)
[15:25:20.991 INFO]: RoadRunner(331) is moving SE from (3, 4) to (4,5)
[15:25:20.991 INFO]: RoadRunner(327) is moving SW from (3, 8) to (4,7)
[15:25:20.991 INFO]: RoadRunner(330) is moving SW from (4, 6) to (5,5)
[15:25:20.992 INFO]: RoadRunner(316) is moving NW from (2, 6) to (1,5)
[15:25:20.992 INFO]: RoadRunner(313) is moving N from (1, 7) to (0,7)
[15:25:20.992 INFO]: RoadRunner(309) is moving S from (0, 3) to (1,3)
[15:25:20.992 INFO]: RoadRunner(311) is moving NE from (4, 4) to (3,5)
[15:25:20.992 INFO]: RoadRunner(325) is moving S from (3, 6) to (4,6)
[15:25:20.992 INFO]: RoadRunner(314) is moving W from (0, 6) to (0,5)
[15:25:20.992 INFO]: 
[15:25:20.992 INFO]: Coyotes Left: 0
[15:25:20.992 INFO]: RoadRunners Left: 29
[15:25:21.783 INFO]: 
[15:25:21.783 INFO]: 
[15:25:21.783 INFO]: ########## Age 61 ##########
[15:25:21.784 INFO]: 
[15:25:21.784 INFO]: 
[15:25:21.784 INFO]: RoadRunner(316) is moving NE from (1, 5) to (0,6)
[15:25:21.784 INFO]: RoadRunner(314) is moving S from (0, 5) to (1,5)
[15:25:21.784 INFO]: RoadRunner(317) is moving SW from (2, 9) to (3,8)
[15:25:21.784 INFO]: RoadRunner(293) is moving NW from (3, 7) to (2,6)
[15:25:21.784 INFO]: RoadRunner(307) is moving SW from (0, 8) to (1,7)
[15:25:21.784 INFO]: RoadRunner(313) is moving E from (0, 7) to (0,8)
[15:25:21.784 INFO]: RoadRunner(318) is moving SW from (2, 3) to (3,2)
[15:25:21.784 INFO]: RoadRunner(331) is moving NE from (4, 5) to (3,6)
[15:25:21.784 INFO]: RoadRunner(311) is moving SW from (3, 5) to (4,4)
[15:25:21.784 INFO]: RoadRunner(308) is moving NW from (5, 6) to (4,5)
[15:25:21.784 INFO]: RoadRunner(329) is moving NW from (1, 6) to (0,5)
[15:25:21.784 INFO]: RoadRunner(325) is moving NE from (4, 6) to (3,7)
[15:25:21.785 INFO]: RoadRunner(327) is moving SE from (4, 7) to (5,8)
[15:25:21.785 INFO]: RoadRunner(309) is moving S from (1, 3) to (2,3)
[15:25:21.785 INFO]: RoadRunner(326) is moving SW from (3, 9) to (4,8)
[15:25:21.785 INFO]: RoadRunner(324) is moving S from (0, 0) to (1,0)
[15:25:21.785 INFO]: RoadRunner(328) is moving NW from (1, 4) to (0,3)
[15:25:21.785 INFO]: RoadRunner(315) is moving NW from (2, 7) to (1,6)
[15:25:21.785 INFO]: RoadRunner(288) is moving SW from (0, 4) to (1,3)
[15:25:21.785 INFO]: RoadRunner(312) is moving W from (2, 2) to (2,1)
[15:25:21.785 INFO]: RoadRunner(310) is moving N from (4, 9) to (3,9)
[15:25:21.785 INFO]: RoadRunner(320) is moving W from (1, 2) to (1,1)
[15:25:21.785 INFO]: RoadRunner(330) is moving SE from (5, 5) to (6,6)
[15:25:21.785 INFO]: RoadRunner(332) is moving W from (2, 8) to (2,7)
[15:25:21.785 INFO]: RoadRunner(323) is moving S from (2, 5) to (3,5)
[15:25:21.785 INFO]: RoadRunner(306) is moving SE from (1, 8) to (2,9)
[15:25:21.785 INFO]: RoadRunner(321) is moving N from (2, 4) to (1,4)
[15:25:21.786 INFO]: 
[15:25:21.786 INFO]: Coyotes Left: 0
[15:25:21.786 INFO]: RoadRunners Left: 29
[15:25:22.457 INFO]: 
[15:25:22.457 INFO]: 
[15:25:22.457 INFO]: ########## Age 62 ##########
[15:25:22.457 INFO]: 
[15:25:22.457 INFO]: 
[15:25:22.457 INFO]: RoadRunner(330) is moving S from (6, 6) to (7,6)
[15:25:22.457 INFO]: RoadRunner(327) is moving NW from (5, 8) to (4,7)
[15:25:22.457 INFO]: RoadRunner(311) is moving SW from (4, 4) to (5,3)
[15:25:22.457 INFO]: RoadRunner(321) is moving N from (1, 4) to (0,4)
[15:25:22.457 INFO]: RoadRunner(309) is moving SE from (2, 3) to (3,4)
[15:25:22.458 INFO]: RoadRunner(329) is moving SW from (0, 5) to (1,4)
[15:25:22.458 INFO]: RoadRunner(288) is moving W from (1, 3) to (1,2)
[15:25:22.458 INFO]: RoadRunner(332) is moving E from (2, 7) to (2,8)
[15:25:22.458 INFO]: RoadRunner(322) is moving SW from (0, 9) to (1,8)
[15:25:22.458 INFO]: RoadRunner(324) is moving N from (1, 0) to (0,0)
[15:25:22.458 INFO]: RoadRunner(308) is moving W from (4, 5) to (4,4)
[15:25:22.458 INFO]: RoadRunner(316) is moving W from (0, 6) to (0,5)
[15:25:22.458 INFO]: RoadRunner(293) is moving W from (2, 6) to (2,5)
[15:25:22.458 INFO]: RoadRunner(317) is moving NW from (3, 8) to (2,7)
[15:25:22.458 INFO]: RoadRunner(315) is moving S from (1, 6) to (2,6)
[15:25:22.458 INFO]: RoadRunner(331) is moving SW from (3, 6) to (4,5)
[15:25:22.458 INFO]: RoadRunner(318) is moving W from (3, 2) to (3,1)
[15:25:22.458 INFO]: RoadRunner(323) is moving E from (3, 5) to (3,6)
[15:25:22.458 INFO]: RoadRunner(325) is moving E from (3, 7) to (3,8)
[15:25:22.458 INFO]: RoadRunner(314) is moving NE from (1, 5) to (0,6)
[15:25:22.459 INFO]: RoadRunner(326) is moving E from (4, 8) to (4,9)
[15:25:22.459 INFO]: RoadRunner(319) is moving N from (1, 9) to (0,9)
[15:25:22.459 INFO]: RoadRunner(320) is moving N from (1, 1) to (0,1)
[15:25:22.459 INFO]: RoadRunner(307) is moving N from (1, 7) to (0,7)
[15:25:22.459 INFO]: RoadRunner(313) is moving SE from (0, 8) to (1,9)
[15:25:22.459 INFO]: RoadRunner(310) is moving SW from (3, 9) to (4,8)
[15:25:22.459 INFO]: RoadRunner(312) is moving E from (2, 1) to (2,2)
[15:25:22.459 INFO]: RoadRunner(306) is moving S from (2, 9) to (3,9)
[15:25:22.459 INFO]: RoadRunner(328) is moving S from (0, 3) to (1,3)
[15:25:22.460 INFO]: RoadRunner just bred a new RoadRunner at cell (6,6)
[15:25:22.460 INFO]: RoadRunner just bred a new RoadRunner at cell (3,7)
[15:25:22.460 INFO]: RoadRunner just bred a new RoadRunner at cell (4,3)
[15:25:22.460 INFO]: RoadRunner just bred a new RoadRunner at cell (1,5)
[15:25:22.460 INFO]: RoadRunner just bred a new RoadRunner at cell (2,4)
[15:25:22.460 INFO]: RoadRunner just bred a new RoadRunner at cell (0,3)
[15:25:22.460 INFO]: RoadRunner just bred a new RoadRunner at cell (0,2)
[15:25:22.460 INFO]: RoadRunner just bred a new RoadRunner at cell (1,7)
[15:25:22.460 INFO]: RoadRunner just bred a new RoadRunner at cell (0,8)
[15:25:22.460 INFO]: RoadRunner just bred a new RoadRunner at cell (1,0)
[15:25:22.460 INFO]: RoadRunner just bred a new RoadRunner at cell (3,5)
[15:25:22.460 INFO]: RoadRunner just bred a new RoadRunner at cell (1,6)
[15:25:22.460 INFO]: RoadRunner just bred a new RoadRunner at cell (5,5)
[15:25:22.460 INFO]: RoadRunner just bred a new RoadRunner at cell (2,1)
[15:25:22.461 INFO]: RoadRunner just bred a new RoadRunner at cell (4,6)
[15:25:22.461 INFO]: RoadRunner just bred a new RoadRunner at cell (2,9)
[15:25:22.461 INFO]: RoadRunner just bred a new RoadRunner at cell (5,9)
[15:25:22.461 INFO]: RoadRunner just bred a new RoadRunner at cell (1,1)
[15:25:22.461 INFO]: RoadRunner just bred a new RoadRunner at cell (5,8)
[15:25:22.461 INFO]: RoadRunner just bred a new RoadRunner at cell (3,2)
[15:25:22.461 INFO]: RoadRunner just bred a new RoadRunner at cell (2,3)
[15:25:22.461 INFO]: 
[15:25:22.461 INFO]: Coyotes Left: 0
[15:25:22.461 INFO]: RoadRunners Left: 50
[15:25:23.394 INFO]: 
[15:25:23.394 INFO]: 
[15:25:23.394 INFO]: ########## Age 63 ##########
[15:25:23.394 INFO]: 
[15:25:23.394 INFO]: 
[15:25:23.395 INFO]: RoadRunner(352) is moving E from (3, 2) to (3,3)
[15:25:23.395 INFO]: RoadRunner(335) is moving SW from (4, 3) to (5,2)
[15:25:23.395 INFO]: RoadRunner(311) is moving E from (5, 3) to (5,4)
[15:25:23.395 INFO]: RoadRunner(342) is moving S from (1, 0) to (2,0)
[15:25:23.395 INFO]: RoadRunner(324) is moving S from (0, 0) to (1,0)
[15:25:23.395 INFO]: RoadRunner(331) is moving SE from (4, 5) to (5,6)
[15:25:23.395 INFO]: RoadRunner(330) is moving W from (7, 6) to (7,5)
[15:25:23.395 INFO]: RoadRunner(323) is moving SW from (3, 6) to (4,5)
[15:25:23.395 INFO]: RoadRunner(309) is moving SW from (3, 4) to (4,3)
[15:25:23.395 INFO]: RoadRunner(349) is moving SW from (5, 9) to (6,8)
[15:25:23.395 INFO]: RoadRunner(320) is moving W from (0, 1) to (0,0)
[15:25:23.395 INFO]: RoadRunner(337) is moving S from (2, 4) to (3,4)
[15:25:23.395 INFO]: RoadRunner(336) is moving SW from (1, 5) to (2,4)
[15:25:23.395 INFO]: RoadRunner(327) is moving S from (4, 7) to (5,7)
[15:25:23.395 INFO]: RoadRunner(353) is moving SW from (2, 3) to (3,2)
[15:25:23.395 INFO]: RoadRunner(339) is moving W from (0, 2) to (0,1)
[15:25:23.396 INFO]: RoadRunner(346) is moving SW from (2, 1) to (3,0)
[15:25:23.396 INFO]: RoadRunner(333) is moving W from (6, 6) to (6,5)
[15:25:23.396 INFO]: RoadRunner(347) is moving E from (4, 6) to (4,7)
[15:25:23.396 INFO]: RoadRunner(343) is moving E from (3, 5) to (3,6)
[15:25:23.396 INFO]: RoadRunner(351) is moving E from (5, 8) to (5,9)
[15:25:23.396 INFO]: RoadRunner(318) is moving SE from (3, 1) to (4,2)
[15:25:23.396 INFO]: RoadRunner(345) is moving NE from (5, 5) to (4,6)
[15:25:23.396 INFO]: RoadRunner(310) is moving S from (4, 8) to (5,8)
[15:25:23.396 INFO]: RoadRunner(316) is moving S from (0, 5) to (1,5)
[15:25:23.396 INFO]: RoadRunner(312) is moving W from (2, 2) to (2,1)
[15:25:23.396 INFO]: RoadRunner(308) is moving NE from (4, 4) to (3,5)
[15:25:23.396 INFO]: RoadRunner(350) is moving SE from (1, 1) to (2,2)
[15:25:23.396 INFO]: RoadRunner(326) is moving W from (4, 9) to (4,8)
[15:25:23.396 INFO]: 
[15:25:23.397 INFO]: Coyotes Left: 0
[15:25:23.397 INFO]: RoadRunners Left: 50
[15:25:24.580 INFO]: 
[15:25:24.581 INFO]: 
[15:25:24.581 INFO]: ########## Age 64 ##########
[15:25:24.581 INFO]: 
[15:25:24.581 INFO]: 
[15:25:24.581 INFO]: RoadRunner(311) is moving S from (5, 4) to (6,4)
[15:25:24.581 INFO]: RoadRunner(330) is moving E from (7, 5) to (7,6)
[15:25:24.581 INFO]: RoadRunner(306) is moving S from (3, 9) to (4,9)
[15:25:24.581 INFO]: RoadRunner(316) is moving N from (1, 5) to (0,5)
[15:25:24.582 INFO]: RoadRunner(348) is moving S from (2, 9) to (3,9)
[15:25:24.582 INFO]: RoadRunner(288) is moving SE from (1, 2) to (2,3)
[15:25:24.582 INFO]: RoadRunner(342) is moving NE from (2, 0) to (1,1)
[15:25:24.582 INFO]: RoadRunner(333) is moving S from (6, 5) to (7,5)
[15:25:24.582 INFO]: RoadRunner(351) is moving S from (5, 9) to (6,9)
[15:25:24.582 INFO]: RoadRunner(310) is moving E from (5, 8) to (5,9)
[15:25:24.582 INFO]: RoadRunner(308) is moving SW from (3, 5) to (4,4)
[15:25:24.582 INFO]: RoadRunner(321) is moving SE from (0, 4) to (1,5)
[15:25:24.582 INFO]: RoadRunner(309) is moving SE from (4, 3) to (5,4)
[15:25:24.582 INFO]: RoadRunner(322) is moving SE from (1, 8) to (2,9)
[15:25:24.582 INFO]: RoadRunner(339) is moving SE from (0, 1) to (1,2)
[15:25:24.583 INFO]: RoadRunner(332) is moving N from (2, 8) to (1,8)
[15:25:24.583 INFO]: RoadRunner(324) is moving NE from (1, 0) to (0,1)
[15:25:24.583 INFO]: RoadRunner(337) is moving E from (3, 4) to (3,5)
[15:25:24.583 INFO]: RoadRunner(346) is moving E from (3, 0) to (3,1)
[15:25:24.583 INFO]: RoadRunner(338) is moving W from (0, 3) to (0,2)
[15:25:24.583 INFO]: RoadRunner(329) is moving NW from (1, 4) to (0,3)
[15:25:24.583 INFO]: RoadRunner(318) is moving SW from (4, 2) to (5,1)
[15:25:24.583 INFO]: RoadRunner(320) is moving S from (0, 0) to (1,0)
[15:25:24.583 INFO]: RoadRunner(331) is moving W from (5, 6) to (5,5)
[15:25:24.583 INFO]: RoadRunner(340) is moving SE from (1, 7) to (2,8)
[15:25:24.583 INFO]: RoadRunner(327) is moving S from (5, 7) to (6,7)
[15:25:24.583 INFO]: RoadRunner(326) is moving SW from (4, 8) to (5,7)
[15:25:24.583 INFO]: RoadRunner(336) is moving N from (2, 4) to (1,4)
[15:25:24.583 INFO]: RoadRunner(307) is moving S from (0, 7) to (1,7)
[15:25:24.584 INFO]: RoadRunner(323) is moving NW from (4, 5) to (3,4)
[15:25:24.584 INFO]: RoadRunner(334) is moving SE from (3, 7) to (4,8)
[15:25:24.584 INFO]: RoadRunner(353) is moving SW from (3, 2) to (4,1)
[15:25:24.584 INFO]: RoadRunner(312) is moving SW from (2, 1) to (3,0)
[15:25:24.584 INFO]: RoadRunner(317) is moving S from (2, 7) to (3,7)
[15:25:24.584 INFO]: RoadRunner(335) is moving E from (5, 2) to (5,3)
[15:25:24.584 INFO]: RoadRunner(349) is moving S from (6, 8) to (7,8)
[15:25:24.584 INFO]: RoadRunner(325) is moving NW from (3, 8) to (2,7)
[15:25:24.584 INFO]: RoadRunner(328) is moving SE from (1, 3) to (2,4)
[15:25:24.584 INFO]: RoadRunner(345) is moving W from (4, 6) to (4,5)
[15:25:24.584 INFO]: RoadRunner(314) is moving E from (0, 6) to (0,7)
[15:25:24.584 INFO]: 
[15:25:24.584 INFO]: Coyotes Left: 0
[15:25:24.584 INFO]: RoadRunners Left: 50
[15:25:25.878 INFO]: 
[15:25:25.879 INFO]: 
[15:25:25.879 INFO]: ########## Age 65 ##########
[15:25:25.879 INFO]: 
[15:25:25.879 INFO]: 
[15:25:25.879 INFO]: RoadRunner(318) is moving NE from (5, 1) to (4,2)
[15:25:25.879 INFO]: RoadRunner(307) is moving NW from (1, 7) to (0,6)
[15:25:25.879 INFO]: RoadRunner(308) is moving W from (4, 4) to (4,3)
[15:25:25.879 INFO]: RoadRunner(339) is moving E from (1, 2) to (1,3)
[15:25:25.879 INFO]: RoadRunner(346) is moving NW from (3, 1) to (2,0)
[15:25:25.879 INFO]: RoadRunner(340) is moving S from (2, 8) to (3,8)
[15:25:25.879 INFO]: RoadRunner(351) is moving S from (6, 9) to (7,9)
[15:25:25.880 INFO]: RoadRunner(309) is moving SE from (5, 4) to (6,5)
[15:25:25.880 INFO]: RoadRunner(312) is moving E from (3, 0) to (3,1)
[15:25:25.880 INFO]: RoadRunner(330) is moving N from (7, 6) to (6,6)
[15:25:25.880 INFO]: RoadRunner(337) is moving SW from (3, 5) to (4,4)
[15:25:25.880 INFO]: RoadRunner(341) is moving SW from (0, 8) to (1,7)
[15:25:25.880 INFO]: RoadRunner(345) is moving SE from (4, 5) to (5,6)
[15:25:25.880 INFO]: RoadRunner(349) is moving SW from (7, 8) to (8,7)
[15:25:25.880 INFO]: RoadRunner(314) is moving E from (0, 7) to (0,8)
[15:25:25.880 INFO]: RoadRunner(325) is moving E from (2, 7) to (2,8)
[15:25:25.880 INFO]: RoadRunner(327) is moving E from (6, 7) to (6,8)
[15:25:25.880 INFO]: RoadRunner(347) is moving SE from (4, 7) to (5,8)
[15:25:25.880 INFO]: RoadRunner(335) is moving W from (5, 3) to (5,2)
[15:25:25.880 INFO]: RoadRunner(324) is moving W from (0, 1) to (0,0)
[15:25:25.880 INFO]: RoadRunner(310) is moving S from (5, 9) to (6,9)
[15:25:25.881 INFO]: RoadRunner(333) is moving W from (7, 5) to (7,4)
[15:25:25.881 INFO]: RoadRunner(316) is moving W from (0, 5) to (0,4)
[15:25:25.881 INFO]: RoadRunner(332) is moving SW from (1, 8) to (2,7)
[15:25:25.881 INFO]: RoadRunner(323) is moving SE from (3, 4) to (4,5)
[15:25:25.881 INFO]: RoadRunner(313) is moving W from (1, 9) to (1,8)
[15:25:25.881 INFO]: RoadRunner(326) is moving N from (5, 7) to (4,7)
[15:25:25.881 INFO]: RoadRunner(315) is moving SW from (2, 6) to (3,5)
[15:25:25.881 INFO]: RoadRunner(321) is moving N from (1, 5) to (0,5)
[15:25:25.881 INFO]: RoadRunner(293) is moving E from (2, 5) to (2,6)
[15:25:25.881 INFO]: RoadRunner(331) is moving NE from (5, 5) to (4,6)
[15:25:25.882 INFO]: RoadRunner(334) is moving SW from (4, 8) to (5,7)
[15:25:25.882 INFO]: RoadRunner(353) is moving NW from (4, 1) to (3,0)
[15:25:25.882 INFO]: RoadRunner(329) is moving SW from (0, 3) to (1,2)
[15:25:25.882 INFO]: RoadRunner(338) is moving W from (0, 2) to (0,1)
[15:25:25.882 INFO]: RoadRunner(320) is moving SE from (1, 0) to (2,1)
[15:25:25.882 INFO]: RoadRunner(352) is moving W from (3, 3) to (3,2)
[15:25:25.882 INFO]: RoadRunner(306) is moving W from (4, 9) to (4,8)
[15:25:25.882 INFO]: RoadRunner(328) is moving S from (2, 4) to (3,4)
[15:25:25.882 INFO]: RoadRunner(322) is moving N from (2, 9) to (1,9)
[15:25:25.882 INFO]: RoadRunner(343) is moving NW from (3, 6) to (2,5)
[15:25:25.882 INFO]: RoadRunner(336) is moving NW from (1, 4) to (0,3)
[15:25:25.882 INFO]: RoadRunner(311) is moving W from (6, 4) to (6,3)
[15:25:25.882 INFO]: RoadRunner(317) is moving W from (3, 7) to (3,6)
[15:25:25.882 INFO]: RoadRunner(344) is moving NE from (1, 6) to (0,7)
[15:25:25.882 INFO]: RoadRunner(288) is moving S from (2, 3) to (3,3)
[15:25:25.882 INFO]: RoadRunner(350) is moving E from (2, 2) to (2,3)
[15:25:25.882 INFO]: RoadRunner(342) is moving NE from (1, 1) to (0,2)
[15:25:25.882 INFO]: RoadRunner(348) is moving S from (3, 9) to (4,9)
[15:25:25.882 INFO]: RoadRunner just bred a new RoadRunner at cell (5,3)
[15:25:25.882 INFO]: RoadRunner just bred a new RoadRunner at cell (1,6)
[15:25:25.882 INFO]: RoadRunner just bred a new RoadRunner at cell (5,4)
[15:25:25.882 INFO]: RoadRunner just bred a new RoadRunner at cell (2,4)
[15:25:25.882 INFO]: RoadRunner just bred a new RoadRunner at cell (1,0)
[15:25:25.883 INFO]: RoadRunner just bred a new RoadRunner at cell (2,9)
[15:25:25.883 INFO]: RoadRunner just bred a new RoadRunner at cell (8,9)
[15:25:25.883 INFO]: RoadRunner just bred a new RoadRunner at cell (5,5)
[15:25:25.883 INFO]: RoadRunner just bred a new RoadRunner at cell (2,2)
[15:25:25.883 INFO]: RoadRunner just bred a new RoadRunner at cell (7,6)
[15:25:25.883 INFO]: RoadRunner just bred a new RoadRunner at cell (6,7)
[15:25:25.883 INFO]: RoadRunner just bred a new RoadRunner at cell (7,7)
[15:25:25.883 INFO]: RoadRunner just bred a new RoadRunner at cell (3,9)
[15:25:25.883 INFO]: RoadRunner just bred a new RoadRunner at cell (5,9)
[15:25:25.883 INFO]: RoadRunner just bred a new RoadRunner at cell (4,1)
[15:25:25.883 INFO]: RoadRunner just bred a new RoadRunner at cell (1,1)
[15:25:25.883 INFO]: RoadRunner just bred a new RoadRunner at cell (7,8)
[15:25:25.883 INFO]: RoadRunner just bred a new RoadRunner at cell (6,4)
[15:25:25.883 INFO]: RoadRunner just bred a new RoadRunner at cell (1,4)
[15:25:25.883 INFO]: RoadRunner just bred a new RoadRunner at cell (3,7)
[15:25:25.883 INFO]: RoadRunner just bred a new RoadRunner at cell (1,5)
[15:25:25.883 INFO]: RoadRunner just bred a new RoadRunner at cell (4,0)
[15:25:25.883 INFO]: RoadRunner just bred a new RoadRunner at cell (7,3)
[15:25:25.883 INFO]: 
[15:25:25.883 INFO]: Coyotes Left: 0
[15:25:25.883 INFO]: RoadRunners Left: 73
[15:25:27.081 INFO]: 
[15:25:27.082 INFO]: 
[15:25:27.082 INFO]: ########## Age 66 ##########
[15:25:27.082 INFO]: 
[15:25:27.082 INFO]: 
[15:25:27.082 INFO]: RoadRunner(371) is moving SE from (6, 4) to (7,5)
[15:25:27.082 INFO]: RoadRunner(363) is moving S from (7, 6) to (8,6)
[15:25:27.082 INFO]: RoadRunner(370) is moving S from (7, 8) to (8,8)
[15:25:27.082 INFO]: RoadRunner(368) is moving SW from (4, 1) to (5,0)
[15:25:27.082 INFO]: RoadRunner(353) is moving SE from (3, 0) to (4,1)
[15:25:27.083 INFO]: RoadRunner(375) is moving N from (4, 0) to (3,0)
[15:25:27.083 INFO]: RoadRunner(312) is moving SW from (3, 1) to (4,0)
[15:25:27.083 INFO]: RoadRunner(364) is moving SW from (6, 7) to (7,6)
[15:25:27.083 INFO]: RoadRunner(318) is moving SW from (4, 2) to (5,1)
[15:25:27.083 INFO]: RoadRunner(288) is moving SW from (3, 3) to (4,2)
[15:25:27.083 INFO]: RoadRunner(337) is moving NW from (4, 4) to (3,3)
[15:25:27.083 INFO]: RoadRunner(308) is moving E from (4, 3) to (4,4)
[15:25:27.083 INFO]: RoadRunner(309) is moving W from (6, 5) to (6,4)
[15:25:27.083 INFO]: RoadRunner(349) is moving NE from (8, 7) to (7,8)
[15:25:27.083 INFO]: RoadRunner(352) is moving W from (3, 2) to (3,1)
[15:25:27.083 INFO]: RoadRunner(320) is moving SE from (2, 1) to (3,2)
[15:25:27.083 INFO]: RoadRunner(356) is moving NW from (5, 4) to (4,3)
[15:25:27.084 INFO]: RoadRunner(365) is moving S from (7, 7) to (8,7)
[15:25:27.084 INFO]: RoadRunner(330) is moving W from (6, 6) to (6,5)
[15:25:27.084 INFO]: RoadRunner(327) is moving W from (6, 8) to (6,7)
[15:25:27.084 INFO]: RoadRunner(360) is moving S from (8, 9) to (9,9)
[15:25:27.084 INFO]: RoadRunner(376) is moving NW from (7, 3) to (6,2)
[15:25:27.084 INFO]: RoadRunner(335) is moving SW from (5, 2) to (6,1)
[15:25:27.084 INFO]: RoadRunner(362) is moving W from (2, 2) to (2,1)
[15:25:27.084 INFO]: RoadRunner(333) is moving SW from (7, 4) to (8,3)
[15:25:27.084 INFO]: RoadRunner(367) is moving SW from (5, 9) to (6,8)
[15:25:27.084 INFO]: RoadRunner(351) is moving S from (7, 9) to (8,9)
[15:25:27.084 INFO]: RoadRunner(354) is moving W from (5, 3) to (5,2)
[15:25:27.084 INFO]: RoadRunner(311) is moving SW from (6, 3) to (7,2)
[15:25:27.084 INFO]: RoadRunner(361) is moving W from (5, 5) to (5,4)
[15:25:27.084 INFO]: 
[15:25:27.084 INFO]: Coyotes Left: 0
[15:25:27.084 INFO]: RoadRunners Left: 73
[15:25:27.938 INFO]: 
[15:25:27.938 INFO]: 
[15:25:27.938 INFO]: ########## Age 67 ##########
[15:25:27.938 INFO]: 
[15:25:27.938 INFO]: 
[15:25:27.938 INFO]: RoadRunner(323) is moving S from (4, 5) to (5,5)
[15:25:27.938 INFO]: RoadRunner(339) is moving SW from (1, 3) to (2,2)
[15:25:27.938 INFO]: RoadRunner(363) is moving W from (8, 6) to (8,5)
[15:25:27.939 INFO]: RoadRunner(309) is moving SW from (6, 4) to (7,3)
[15:25:27.939 INFO]: RoadRunner(360) is moving W from (9, 9) to (9,8)
[15:25:27.939 INFO]: RoadRunner(351) is moving S from (8, 9) to (9,9)
[15:25:27.939 INFO]: RoadRunner(356) is moving S from (4, 3) to (5,3)
[15:25:27.939 INFO]: RoadRunner(367) is moving NE from (6, 8) to (5,9)
[15:25:27.939 INFO]: RoadRunner(371) is moving NW from (7, 5) to (6,4)
[15:25:27.939 INFO]: RoadRunner(347) is moving S from (5, 8) to (6,8)
[15:25:27.939 INFO]: RoadRunner(365) is moving SW from (8, 7) to (9,6)
[15:25:27.939 INFO]: RoadRunner(308) is moving W from (4, 4) to (4,3)
[15:25:27.939 INFO]: RoadRunner(329) is moving E from (1, 2) to (1,3)
[15:25:27.939 INFO]: RoadRunner(354) is moving SE from (5, 2) to (6,3)
[15:25:27.939 INFO]: RoadRunner(318) is moving E from (5, 1) to (5,2)
[15:25:27.939 INFO]: RoadRunner(331) is moving W from (4, 6) to (4,5)
[15:25:27.939 INFO]: RoadRunner(376) is moving SW from (6, 2) to (7,1)
[15:25:27.939 INFO]: RoadRunner(312) is moving SE from (4, 0) to (5,1)
[15:25:27.939 INFO]: RoadRunner(330) is moving S from (6, 5) to (7,5)
[15:25:27.939 INFO]: RoadRunner(350) is moving NW from (2, 3) to (1,2)
[15:25:27.940 INFO]: RoadRunner(370) is moving SW from (8, 8) to (9,7)
[15:25:27.940 INFO]: RoadRunner(317) is moving S from (3, 6) to (4,6)
[15:25:27.940 INFO]: RoadRunner(328) is moving S from (3, 4) to (4,4)
[15:25:27.940 INFO]: RoadRunner(368) is moving S from (5, 0) to (6,0)
[15:25:27.940 INFO]: RoadRunner(310) is moving S from (6, 9) to (7,9)
[15:25:27.940 INFO]: RoadRunner(315) is moving W from (3, 5) to (3,4)
[15:25:27.940 INFO]: RoadRunner(293) is moving SW from (2, 6) to (3,5)
[15:25:27.940 INFO]: RoadRunner(337) is moving N from (3, 3) to (2,3)
[15:25:27.940 INFO]: RoadRunner(327) is moving W from (6, 7) to (6,6)
[15:25:27.940 INFO]: RoadRunner(353) is moving W from (4, 1) to (4,0)
[15:25:27.940 INFO]: RoadRunner(326) is moving NW from (4, 7) to (3,6)
[15:25:27.940 INFO]: RoadRunner(332) is moving W from (2, 7) to (2,6)
[15:25:27.941 INFO]: RoadRunner(311) is moving N from (7, 2) to (6,2)
[15:25:27.941 INFO]: RoadRunner(333) is moving SE from (8, 3) to (9,4)
[15:25:27.941 INFO]: RoadRunner(357) is moving SW from (2, 4) to (3,3)
[15:25:27.941 INFO]: RoadRunner(349) is moving NE from (7, 8) to (6,9)
[15:25:27.941 INFO]: RoadRunner(348) is moving SW from (4, 9) to (5,8)
[15:25:27.941 INFO]: RoadRunner(335) is moving SW from (6, 1) to (7,0)
[15:25:27.941 INFO]: RoadRunner(364) is moving NE from (7, 6) to (6,7)
[15:25:27.941 INFO]: RoadRunner(306) is moving W from (4, 8) to (4,7)
[15:25:27.941 INFO]: RoadRunner(320) is moving SW from (3, 2) to (4,1)
[15:25:27.941 INFO]: RoadRunner(334) is moving NE from (5, 7) to (4,8)
[15:25:27.941 INFO]: RoadRunner(343) is moving W from (2, 5) to (2,4)
[15:25:27.941 INFO]: RoadRunner(361) is moving SE from (5, 4) to (6,5)
[15:25:27.941 INFO]: RoadRunner(288) is moving N from (4, 2) to (3,2)
[15:25:27.941 INFO]: RoadRunner(373) is moving N from (3, 7) to (2,7)
[15:25:27.941 INFO]: RoadRunner(345) is moving E from (5, 6) to (5,7)
[15:25:27.942 INFO]: 
[15:25:27.942 INFO]: Coyotes Left: 0
[15:25:27.942 INFO]: RoadRunners Left: 73
[15:25:30.270 INFO]: 
[15:25:30.270 INFO]: 
[15:25:30.270 INFO]: ########## Age 68 ##########
[15:25:30.270 INFO]: 
[15:25:30.270 INFO]: 
[15:25:30.270 INFO]: RoadRunner(340) is moving W from (3, 8) to (3,7)
[15:25:30.270 INFO]: RoadRunner(315) is moving NE from (3, 4) to (2,5)
[15:25:30.270 INFO]: RoadRunner(367) is moving N from (5, 9) to (4,9)
[15:25:30.271 INFO]: RoadRunner(345) is moving W from (5, 7) to (5,6)
[15:25:30.271 INFO]: RoadRunner(293) is moving W from (3, 5) to (3,4)
[15:25:30.271 INFO]: RoadRunner(320) is moving E from (4, 1) to (4,2)
[15:25:30.271 INFO]: RoadRunner(310) is moving W from (7, 9) to (7,8)
[15:25:30.271 INFO]: RoadRunner(364) is moving SW from (6, 7) to (7,6)
[15:25:30.271 INFO]: RoadRunner(330) is moving SW from (7, 5) to (8,4)
[15:25:30.271 INFO]: RoadRunner(363) is moving E from (8, 5) to (8,6)
[15:25:30.271 INFO]: RoadRunner(332) is moving SW from (2, 6) to (3,5)
[15:25:30.271 INFO]: RoadRunner(318) is moving NW from (5, 2) to (4,1)
[15:25:30.271 INFO]: RoadRunner(376) is moving N from (7, 1) to (6,1)
[15:25:30.271 INFO]: RoadRunner(309) is moving W from (7, 3) to (7,2)
[15:25:30.271 INFO]: RoadRunner(370) is moving NE from (9, 7) to (8,8)
[15:25:30.271 INFO]: RoadRunner(374) is moving SE from (1, 5) to (2,6)
[15:25:30.271 INFO]: RoadRunner(356) is moving W from (5, 3) to (5,2)
[15:25:30.271 INFO]: RoadRunner(365) is moving E from (9, 6) to (9,7)
[15:25:30.271 INFO]: RoadRunner(316) is moving SE from (0, 4) to (1,5)
[15:25:30.271 INFO]: RoadRunner(361) is moving SW from (6, 5) to (7,4)
[15:25:30.271 INFO]: RoadRunner(336) is moving E from (0, 3) to (0,4)
[15:25:30.272 INFO]: RoadRunner(353) is moving S from (4, 0) to (5,0)
[15:25:30.272 INFO]: RoadRunner(323) is moving W from (5, 5) to (5,4)
[15:25:30.272 INFO]: RoadRunner(333) is moving NW from (9, 4) to (8,3)
[15:25:30.272 INFO]: RoadRunner(335) is moving E from (7, 0) to (7,1)
[15:25:30.272 INFO]: RoadRunner(368) is moving S from (6, 0) to (7,0)
[15:25:30.272 INFO]: RoadRunner(334) is moving SW from (4, 8) to (5,7)
[15:25:30.272 INFO]: RoadRunner(359) is moving SW from (2, 9) to (3,8)
[15:25:30.272 INFO]: RoadRunner(349) is moving N from (6, 9) to (5,9)
[15:25:30.272 INFO]: RoadRunner(328) is moving SW from (4, 4) to (5,3)
[15:25:30.272 INFO]: RoadRunner(327) is moving SE from (6, 6) to (7,7)
[15:25:30.273 INFO]: RoadRunner(306) is moving E from (4, 7) to (4,8)
[15:25:30.273 INFO]: RoadRunner(347) is moving SE from (6, 8) to (7,9)
[15:25:30.273 INFO]: RoadRunner(352) is moving SW from (3, 1) to (4,0)
[15:25:30.273 INFO]: RoadRunner(312) is moving SW from (5, 1) to (6,0)
[15:25:30.273 INFO]: RoadRunner(331) is moving W from (4, 5) to (4,4)
[15:25:30.273 INFO]: RoadRunner(317) is moving W from (4, 6) to (4,5)
[15:25:30.273 INFO]: RoadRunner(346) is moving SE from (2, 0) to (3,1)
[15:25:30.273 INFO]: RoadRunner(329) is moving N from (1, 3) to (0,3)
[15:25:30.273 INFO]: RoadRunner(342) is moving SE from (0, 2) to (1,3)
[15:25:30.273 INFO]: RoadRunner(351) is moving N from (9, 9) to (8,9)
[15:25:30.273 INFO]: RoadRunner(311) is moving SE from (6, 2) to (7,3)
[15:25:30.273 INFO]: RoadRunner(360) is moving NW from (9, 8) to (8,7)
[15:25:30.273 INFO]: RoadRunner(348) is moving SW from (5, 8) to (6,7)
[15:25:30.274 INFO]: RoadRunner(375) is moving N from (3, 0) to (2,0)
[15:25:30.274 INFO]: RoadRunner(371) is moving NE from (6, 4) to (5,5)
[15:25:30.274 INFO]: RoadRunner(354) is moving W from (6, 3) to (6,2)
[15:25:30.274 INFO]: RoadRunner(325) is moving E from (2, 8) to (2,9)
[15:25:30.274 INFO]: RoadRunner(366) is moving NW from (3, 9) to (2,8)
[15:25:30.274 INFO]: RoadRunner(369) is moving NE from (1, 1) to (0,2)
[15:25:30.274 INFO]: RoadRunner just bred a new RoadRunner at cell (4,7)
[15:25:30.274 INFO]: RoadRunner just bred a new RoadRunner at cell (3,9)
[15:25:30.274 INFO]: RoadRunner just bred a new RoadRunner at cell (4,6)
[15:25:30.274 INFO]: RoadRunner just bred a new RoadRunner at cell (1,1)
[15:25:30.274 INFO]: RoadRunner just bred a new RoadRunner at cell (5,1)
[15:25:30.274 INFO]: RoadRunner just bred a new RoadRunner at cell (6,8)
[15:25:30.274 INFO]: RoadRunner just bred a new RoadRunner at cell (6,6)
[15:25:30.274 INFO]: RoadRunner just bred a new RoadRunner at cell (7,5)
[15:25:30.274 INFO]: RoadRunner just bred a new RoadRunner at cell (9,6)
[15:25:30.274 INFO]: RoadRunner just bred a new RoadRunner at cell (3,0)
[15:25:30.274 INFO]: RoadRunner just bred a new RoadRunner at cell (6,3)
[15:25:30.274 INFO]: RoadRunner just bred a new RoadRunner at cell (9,8)
[15:25:30.275 INFO]: RoadRunner just bred a new RoadRunner at cell (6,4)
[15:25:30.275 INFO]: RoadRunner just bred a new RoadRunner at cell (6,5)
[15:25:30.275 INFO]: RoadRunner just bred a new RoadRunner at cell (9,3)
[15:25:30.275 INFO]: RoadRunner just bred a new RoadRunner at cell (8,1)
[15:25:30.275 INFO]: RoadRunner just bred a new RoadRunner at cell (8,0)
[15:25:30.275 INFO]: RoadRunner just bred a new RoadRunner at cell (5,8)
[15:25:30.275 INFO]: RoadRunner just bred a new RoadRunner at cell (6,9)
[15:25:30.275 INFO]: RoadRunner just bred a new RoadRunner at cell (9,9)
[15:25:30.275 INFO]: RoadRunner just bred a new RoadRunner at cell (8,2)
[15:25:30.275 INFO]: 
[15:25:30.275 INFO]: Coyotes Left: 0
[15:25:30.275 INFO]: RoadRunners Left: 94
[15:25:32.946 INFO]: 
[15:25:32.947 INFO]: 
[15:25:32.947 INFO]: ########## Age 69 ##########
[15:25:32.947 INFO]: 
[15:25:32.947 INFO]: 
[15:25:32.947 INFO]: RoadRunner(333) is moving SW from (8, 3) to (9,2)
[15:25:32.947 INFO]: RoadRunner(385) is moving NW from (9, 6) to (8,5)
[15:25:32.947 INFO]: RoadRunner(397) is moving E from (8, 2) to (8,3)
[15:25:32.947 INFO]: RoadRunner(360) is moving SW from (8, 7) to (9,6)
[15:25:32.947 INFO]: RoadRunner(392) is moving SW from (8, 1) to (9,0)
[15:25:32.947 INFO]: RoadRunner(393) is moving E from (8, 0) to (8,1)
[15:25:32.947 INFO]: RoadRunner(309) is moving S from (7, 2) to (8,2)
[15:25:32.947 INFO]: RoadRunner(370) is moving W from (8, 8) to (8,7)
[15:25:32.948 INFO]: RoadRunner(330) is moving SE from (8, 4) to (9,5)
[15:25:32.948 INFO]: RoadRunner(396) is moving NW from (9, 9) to (8,8)
[15:25:32.948 INFO]: RoadRunner(351) is moving S from (8, 9) to (9,9)
[15:25:32.948 INFO]: RoadRunner(384) is moving SW from (7, 5) to (8,4)
[15:25:32.948 INFO]: RoadRunner(388) is moving NE from (9, 8) to (8,9)
[15:25:32.948 INFO]: RoadRunner(390) is moving S from (6, 5) to (7,5)
[15:25:32.948 INFO]: RoadRunner(391) is moving E from (9, 3) to (9,4)
[15:25:32.948 INFO]: RoadRunner(389) is moving E from (6, 4) to (6,5)
[15:25:32.948 INFO]: RoadRunner(376) is moving SE from (6, 1) to (7,2)
[15:25:32.948 INFO]: RoadRunner(361) is moving N from (7, 4) to (6,4)
[15:25:32.948 INFO]: RoadRunner(311) is moving E from (7, 3) to (7,4)
[15:25:32.948 INFO]: RoadRunner(365) is moving E from (9, 7) to (9,8)
[15:25:32.948 INFO]: RoadRunner(353) is moving SE from (5, 0) to (6,1)
[15:25:32.948 INFO]: RoadRunner(352) is moving S from (4, 0) to (5,0)
[15:25:32.949 INFO]: 
[15:25:32.949 INFO]: Coyotes Left: 0
[15:25:32.949 INFO]: RoadRunners Left: 94
[15:26:01.766 INFO]: 
[15:26:01.767 INFO]: 
[15:26:01.767 INFO]: ########## Age 70 ##########
[15:26:01.767 INFO]: 
[15:26:01.767 INFO]: 
[15:26:01.767 INFO]: RoadRunner(387) is moving S from (6, 3) to (7,3)
[15:26:01.767 INFO]: RoadRunner(333) is moving W from (9, 2) to (9,1)
[15:26:01.768 INFO]: RoadRunner(393) is moving W from (8, 1) to (8,0)
[15:26:01.768 INFO]: RoadRunner(363) is moving SE from (8, 6) to (9,7)
[15:26:01.768 INFO]: RoadRunner(386) is moving S from (3, 0) to (4,0)
[15:26:01.768 INFO]: RoadRunner(384) is moving SW from (8, 4) to (9,3)
[15:26:01.768 INFO]: RoadRunner(330) is moving NE from (9, 5) to (8,6)
[15:26:01.768 INFO]: RoadRunner(318) is moving NW from (4, 1) to (3,0)
[15:26:01.768 INFO]: RoadRunner(390) is moving SW from (7, 5) to (8,4)
[15:26:01.768 INFO]: RoadRunner(354) is moving E from (6, 2) to (6,3)
[15:26:01.769 INFO]: RoadRunner(309) is moving W from (8, 2) to (8,1)
[15:26:01.769 INFO]: RoadRunner(288) is moving SW from (3, 2) to (4,1)
[15:26:01.769 INFO]: RoadRunner(320) is moving N from (4, 2) to (3,2)
[15:26:01.769 INFO]: RoadRunner(360) is moving W from (9, 6) to (9,5)
[15:26:01.769 INFO]: RoadRunner(376) is moving N from (7, 2) to (6,2)
[15:26:01.769 INFO]: RoadRunner(385) is moving N from (8, 5) to (7,5)
[15:26:01.769 INFO]: RoadRunner(381) is moving NE from (5, 1) to (4,2)
[15:26:01.769 INFO]: RoadRunner(364) is moving SW from (7, 6) to (8,5)
[15:26:01.769 INFO]: RoadRunner(335) is moving E from (7, 1) to (7,2)
[15:26:01.770 INFO]: RoadRunner(397) is moving W from (8, 3) to (8,2)
[15:26:01.770 INFO]: RoadRunner(311) is moving SW from (7, 4) to (8,3)
[15:26:01.770 INFO]: RoadRunner(353) is moving S from (6, 1) to (7,1)
[15:26:01.770 INFO]: RoadRunner(356) is moving W from (5, 2) to (5,1)
[15:26:01.770 INFO]: RoadRunner(383) is moving S from (6, 6) to (7,6)
[15:26:01.770 INFO]: 
[15:26:01.770 INFO]: Coyotes Left: 0
[15:26:01.770 INFO]: RoadRunners Left: 94
[15:26:03.693 INFO]: 
[15:26:03.694 INFO]: 
[15:26:03.694 INFO]: ########## Age 71 ##########
[15:26:03.694 INFO]: 
[15:26:03.694 INFO]: 
[15:26:03.694 INFO]: RoadRunner(370) is moving SW from (8, 7) to (9,6)
[15:26:03.694 INFO]: RoadRunner(364) is moving NW from (8, 5) to (7,4)
[15:26:03.694 INFO]: RoadRunner(310) is moving SW from (7, 8) to (8,7)
[15:26:03.694 INFO]: RoadRunner(382) is moving S from (6, 8) to (7,8)
[15:26:03.694 INFO]: RoadRunner(327) is moving NW from (7, 7) to (6,6)
[15:26:03.694 INFO]: RoadRunner(288) is moving SE from (4, 1) to (5,2)
[15:26:03.694 INFO]: RoadRunner(352) is moving NE from (5, 0) to (4,1)
[15:26:03.694 INFO]: RoadRunner(384) is moving W from (9, 3) to (9,2)
[15:26:03.695 INFO]: RoadRunner(395) is moving W from (6, 9) to (6,8)
[15:26:03.695 INFO]: RoadRunner(376) is moving W from (6, 2) to (6,1)
[15:26:03.695 INFO]: RoadRunner(385) is moving S from (7, 5) to (8,5)
[15:26:03.695 INFO]: RoadRunner(312) is moving N from (6, 0) to (5,0)
[15:26:03.695 INFO]: RoadRunner(354) is moving W from (6, 3) to (6,2)
[15:26:03.695 INFO]: RoadRunner(356) is moving SW from (5, 1) to (6,0)
[15:26:03.695 INFO]: RoadRunner(396) is moving NW from (8, 8) to (7,7)
[15:26:03.695 INFO]: RoadRunner(381) is moving SW from (4, 2) to (5,1)
[15:26:03.695 INFO]: RoadRunner(320) is moving S from (3, 2) to (4,2)
[15:26:03.695 INFO]: RoadRunner(383) is moving W from (7, 6) to (7,5)
[15:26:03.695 INFO]: RoadRunner(363) is moving NE from (9, 7) to (8,8)
[15:26:03.695 INFO]: RoadRunner(335) is moving NE from (7, 2) to (6,3)
[15:26:03.695 INFO]: RoadRunner(397) is moving SE from (8, 2) to (9,3)
[15:26:03.695 INFO]: RoadRunner(346) is moving E from (3, 1) to (3,2)
[15:26:03.696 INFO]: RoadRunner(347) is moving N from (7, 9) to (6,9)
[15:26:03.696 INFO]: RoadRunner(365) is moving W from (9, 8) to (9,7)
[15:26:03.696 INFO]: RoadRunner(330) is moving N from (8, 6) to (7,6)
[15:26:03.696 INFO]: RoadRunner(387) is moving W from (7, 3) to (7,2)
[15:26:03.696 INFO]: RoadRunner(388) is moving N from (8, 9) to (7,9)
[15:26:03.696 INFO]: RoadRunner(318) is moving E from (3, 0) to (3,1)
[15:26:03.696 INFO]: RoadRunner(360) is moving NE from (9, 5) to (8,6)
[15:26:03.696 INFO]: RoadRunner(362) is moving SW from (2, 1) to (3,0)
[15:26:03.696 INFO]: RoadRunner(309) is moving E from (8, 1) to (8,2)
[15:26:03.696 INFO]: RoadRunner(375) is moving E from (2, 0) to (2,1)
[15:26:03.697 INFO]: RoadRunner(311) is moving N from (8, 3) to (7,3)
[15:26:03.697 INFO]: RoadRunner(390) is moving W from (8, 4) to (8,3)
[15:26:03.697 INFO]: RoadRunner just bred a new RoadRunner at cell (9,5)
[15:26:03.697 INFO]: RoadRunner just bred a new RoadRunner at cell (8,4)
[15:26:03.697 INFO]: RoadRunner just bred a new RoadRunner at cell (9,8)
[15:26:03.697 INFO]: RoadRunner just bred a new RoadRunner at cell (8,9)
[15:26:03.697 INFO]: RoadRunner just bred a new RoadRunner at cell (2,0)
[15:26:03.697 INFO]: RoadRunner just bred a new RoadRunner at cell (8,1)
[15:26:03.697 INFO]: 
[15:26:03.697 INFO]: Coyotes Left: 0
[15:26:03.697 INFO]: RoadRunners Left: 100
[15:26:06.179 INFO]: 
[15:26:06.179 INFO]: 
[15:26:06.179 INFO]: ########## Age 72 ##########
[15:26:06.180 INFO]: 
[15:26:06.180 INFO]: 
[15:26:06.180 INFO]: 
[15:26:06.180 INFO]: Coyotes Left: 0
[15:26:06.180 INFO]: RoadRunners Left: 100
[15:26:06.869 INFO]: 
[15:26:06.869 INFO]: 
[15:26:06.869 INFO]: ########## Age 73 ##########
[15:26:06.869 INFO]: 
[15:26:06.869 INFO]: 
[15:26:06.870 INFO]: 
[15:26:06.870 INFO]: Coyotes Left: 0
[15:26:06.870 INFO]: RoadRunners Left: 100
[15:26:07.406 INFO]: 
[15:26:07.406 INFO]: 
[15:26:07.406 INFO]: ########## Age 74 ##########
[15:26:07.406 INFO]: 
[15:26:07.406 INFO]: 
[15:26:07.406 INFO]: 
[15:26:07.407 INFO]: Coyotes Left: 0
[15:26:07.407 INFO]: RoadRunners Left: 100
[15:26:07.926 INFO]: 
[15:26:07.926 INFO]: 
[15:26:07.926 INFO]: ########## Age 75 ##########
[15:26:07.927 INFO]: 
[15:26:07.927 INFO]: 
[15:26:07.928 INFO]: 
[15:26:07.928 INFO]: Coyotes Left: 0
[15:26:07.928 INFO]: RoadRunners Left: 100
[15:26:08.455 INFO]: 
[15:26:08.455 INFO]: 
[15:26:08.455 INFO]: ########## Age 76 ##########
[15:26:08.455 INFO]: 
[15:26:08.455 INFO]: 
[15:26:08.456 INFO]: 
[15:26:08.456 INFO]: Coyotes Left: 0
[15:26:08.456 INFO]: RoadRunners Left: 100
[15:26:08.816 INFO]: 
[15:26:08.816 INFO]: 
[15:26:08.816 INFO]: ########## Age 77 ##########
[15:26:08.816 INFO]: 
[15:26:08.816 INFO]: 
[15:26:08.817 INFO]: 
[15:26:08.817 INFO]: Coyotes Left: 0
[15:26:08.817 INFO]: RoadRunners Left: 100
[15:26:09.112 INFO]: 
[15:26:09.112 INFO]: 
[15:26:09.112 INFO]: ########## Age 78 ##########
[15:26:09.112 INFO]: 
[15:26:09.112 INFO]: 
[15:26:09.113 INFO]: 
[15:26:09.113 INFO]: Coyotes Left: 0
[15:26:09.113 INFO]: RoadRunners Left: 100
[15:31:03.679 INFO]: Simulation Found. Configuration Settings:
[15:31:03.689 INFO]: Rows: 10
[15:31:03.690 INFO]: Columns: 10
[15:31:03.691 INFO]: 
[15:31:03.691 INFO]: Min Prey: 10 Max Prey: 20
[15:31:03.692 INFO]: Min Predators: 10 Max Predators: 20
[15:31:06.298 INFO]: Starting Simulation...
[15:31:06.300 INFO]: Starting Prey: 13
[15:31:06.300 INFO]: Starting Predators: 18
[15:31:06.309 INFO]: RoadRunner(0) created at cell (0, 9)
[15:31:06.310 INFO]: RoadRunner(1) created at cell (1, 8)
[15:31:06.310 INFO]: RoadRunner(2) created at cell (5, 6)
[15:31:06.311 INFO]: RoadRunner(3) created at cell (7, 9)
[15:31:06.311 INFO]: RoadRunner(4) created at cell (2, 8)
[15:31:06.312 INFO]: RoadRunner(5) created at cell (2, 2)
[15:31:06.312 INFO]: RoadRunner(6) created at cell (3, 2)
[15:31:06.313 INFO]: RoadRunner(7) created at cell (0, 1)
[15:31:06.313 INFO]: RoadRunner(8) created at cell (2, 6)
[15:31:06.314 INFO]: RoadRunner(9) created at cell (3, 1)
[15:31:06.314 INFO]: RoadRunner(10) created at cell (1, 3)
[15:31:06.315 INFO]: RoadRunner(11) created at cell (7, 1)
[15:31:06.315 INFO]: RoadRunner(12) created at cell (0, 7)
[15:31:06.316 INFO]: Coyote(13) created at cell (8, 7)
[15:31:06.316 INFO]: Coyote(14) created at cell (2, 4)
[15:31:06.317 INFO]: Coyote(15) created at cell (2, 5)
[15:31:06.317 INFO]: Coyote(16) created at cell (6, 6)
[15:31:06.318 INFO]: Coyote(17) created at cell (0, 8)
[15:31:06.318 INFO]: Coyote(18) created at cell (4, 3)
[15:31:06.319 INFO]: Coyote(19) created at cell (6, 8)
[15:31:06.319 INFO]: Coyote(20) created at cell (3, 6)
[15:31:06.319 INFO]: Coyote(21) created at cell (5, 0)
[15:31:06.319 INFO]: Coyote(22) created at cell (6, 4)
[15:31:06.320 INFO]: Coyote(23) created at cell (2, 1)
[15:31:06.320 INFO]: Coyote(24) created at cell (0, 5)
[15:31:06.320 INFO]: Coyote(25) created at cell (6, 1)
[15:31:06.320 INFO]: Coyote(26) created at cell (8, 3)
[15:31:06.321 INFO]: Coyote(27) created at cell (7, 8)
[15:31:06.321 INFO]: Coyote(28) created at cell (7, 3)
[15:31:06.321 INFO]: Coyote(29) created at cell (7, 0)
[15:31:06.321 INFO]: Coyote(30) created at cell (5, 1)
[15:31:07.908 INFO]: 
[15:31:07.908 INFO]: 
[15:31:07.909 INFO]: ########## Age 0 ##########
[15:31:07.909 INFO]: 
[15:31:07.909 INFO]: 
[15:31:07.912 INFO]: Coyote(19) is moving SE from (6, 8) to (7,9)
[15:31:07.912 WARN]: Coyote(19) just ate RoadRunner(3) at cell (7,9)
[15:31:07.913 INFO]: RoadRunner is attempting to run away from 2 Coyotes!
[15:31:07.920 INFO]: RoadRunner(11) is moving SE from (7, 1) to (8,2)
[15:31:07.921 INFO]: Coyote(15) is moving E from (2, 5) to (2,6)
[15:31:07.921 WARN]: Coyote(15) just ate RoadRunner(8) at cell (2,6)
[15:31:07.921 INFO]: Coyote(28) is moving SW from (7, 3) to (8,2)
[15:31:07.922 WARN]: Coyote(28) just ate RoadRunner(11) at cell (8,2)
[15:31:07.922 INFO]: RoadRunner is attempting to run away from 1 Coyotes!
[15:31:07.922 INFO]: RoadRunner(12) is moving SW from (0, 7) to (1,6)
[15:31:07.923 INFO]: Coyote(24) is moving SE from (0, 5) to (1,6)
[15:31:07.923 WARN]: Coyote(24) just ate RoadRunner(12) at cell (1,6)
[15:31:07.923 INFO]: Coyote(26) is moving NW from (8, 3) to (7,2)
[15:31:07.923 INFO]: RoadRunner is attempting to run away from 1 Coyotes!
[15:31:07.924 INFO]: RoadRunner(0) is moving S from (0, 9) to (1,9)
[15:31:07.924 INFO]: RoadRunner(4) is moving S from (2, 8) to (3,8)
[15:31:07.924 INFO]: Coyote(21) is moving S from (5, 0) to (6,0)
[15:31:07.925 INFO]: Coyote(13) is moving N from (8, 7) to (7,7)
[15:31:07.925 INFO]: RoadRunner is attempting to run away from 1 Coyotes!
[15:31:07.925 INFO]: RoadRunner(5) is moving SE from (2, 2) to (3,3)
[15:31:07.926 INFO]: Coyote(16) is moving N from (6, 6) to (5,6)
[15:31:07.926 WARN]: Coyote(16) just ate RoadRunner(2) at cell (5,6)
[15:31:07.927 INFO]: Coyote(25) is moving E from (6, 1) to (6,2)
[15:31:07.927 INFO]: RoadRunner(7) is moving S from (0, 1) to (1,1)
[15:31:07.928 INFO]: Coyote(22) is moving E from (6, 4) to (6,5)
[15:31:07.928 INFO]: Coyote(27) is moving S from (7, 8) to (8,8)
[15:31:07.928 INFO]: Coyote(23) is moving N from (2, 1) to (1,1)
[15:31:07.929 WARN]: Coyote(23) just ate RoadRunner(7) at cell (1,1)
[15:31:07.929 INFO]: RoadRunner is attempting to run away from 1 Coyotes!
[15:31:07.929 INFO]: RoadRunner(1) is moving SE from (1, 8) to (2,9)
[15:31:07.930 INFO]: Coyote(18) is moving N from (4, 3) to (3,3)
[15:31:07.930 WARN]: Coyote(18) just ate RoadRunner(5) at cell (3,3)
[15:31:07.931 INFO]: RoadRunner(9) is moving NW from (3, 1) to (2,0)
[15:31:07.932 INFO]: Coyote(29) is moving NE from (7, 0) to (6,1)
[15:31:07.932 INFO]: Coyote(14) is moving NW from (2, 4) to (1,3)
[15:31:07.933 WARN]: Coyote(14) just ate RoadRunner(10) at cell (1,3)
[15:31:07.934 INFO]: Coyote(20) is moving W from (3, 6) to (3,5)
[15:31:07.935 INFO]: Coyote(30) is moving NW from (5, 1) to (4,0)
[15:31:07.936 INFO]: RoadRunner is attempting to run away from 1 Coyotes!
[15:31:07.936 INFO]: RoadRunner(6) is moving NW from (3, 2) to (2,1)
[15:31:07.937 INFO]: Coyote(17) is moving SE from (0, 8) to (1,9)
[15:31:07.937 WARN]: Coyote(17) just ate RoadRunner(0) at cell (1,9)
[15:31:07.941 INFO]: 
[15:31:07.942 INFO]: Coyotes Left: 18
[15:31:07.942 INFO]: RoadRunners Left: 4
[15:31:19.342 INFO]: 
[15:31:19.342 INFO]: 
[15:31:19.342 INFO]: ########## Age 1 ##########
[15:31:19.342 INFO]: 
[15:31:19.342 INFO]: 
[15:31:19.343 INFO]: Coyote(22) is moving SW from (6, 5) to (7,4)
[15:31:19.344 INFO]: RoadRunner(4) is moving N from (3, 8) to (2,8)
[15:31:19.345 INFO]: Coyote(27) is moving E from (8, 8) to (8,9)
[15:31:19.345 INFO]: Coyote(19) is moving NW from (7, 9) to (6,8)
[15:31:19.346 INFO]: Coyote(30) is moving E from (4, 0) to (4,1)
[15:31:19.346 INFO]: RoadRunner is attempting to run away from 1 Coyotes!
[15:31:19.346 INFO]: RoadRunner(9) is moving S from (2, 0) to (3,0)
[15:31:19.346 INFO]: Coyote(24) is moving SE from (1, 6) to (2,7)
[15:31:19.347 INFO]: Coyote(18) is moving NE from (3, 3) to (2,4)
[15:31:19.347 INFO]: Coyote(14) is moving N from (1, 3) to (0,3)
[15:31:19.347 INFO]: Coyote(17) is moving S from (1, 9) to (2,9)
[15:31:19.348 WARN]: Coyote(17) just ate RoadRunner(1) at cell (2,9)
[15:31:19.348 INFO]: Coyote(16) is moving SW from (5, 6) to (6,5)
[15:31:19.348 INFO]: Coyote(23) is moving S from (1, 1) to (2,1)
[15:31:19.348 WARN]: Coyote(23) just ate RoadRunner(6) at cell (2,1)
[15:31:19.349 INFO]: Coyote(28) is moving W from (8, 2) to (8,1)
[15:31:19.349 INFO]: Coyote(20) is moving SW from (3, 5) to (4,4)
[15:31:19.349 INFO]: Coyote(21) is moving S from (6, 0) to (7,0)
[15:31:19.350 INFO]: Coyote(25) is moving N from (6, 2) to (5,2)
[15:31:19.350 INFO]: Coyote(26) is moving NE from (7, 2) to (6,3)
[15:31:19.350 INFO]: Coyote(13) is moving S from (7, 7) to (8,7)
[15:31:19.351 INFO]: Coyote(15) is moving W from (2, 6) to (2,5)
[15:31:19.351 INFO]: Coyote(29) is moving S from (6, 1) to (7,1)
[15:31:19.351 INFO]: 
[15:31:19.351 INFO]: Coyotes Left: 18
[15:31:19.351 INFO]: RoadRunners Left: 2
[15:31:19.494 INFO]: 
[15:31:19.494 INFO]: 
[15:31:19.495 INFO]: ########## Age 2 ##########
[15:31:19.495 INFO]: 
[15:31:19.495 INFO]: 
[15:31:19.495 INFO]: Coyote(18) is moving W from (2, 4) to (2,3)
[15:31:19.496 INFO]: Coyote(26) is moving NE from (6, 3) to (5,4)
[15:31:19.497 INFO]: Coyote(20) is moving SE from (4, 4) to (5,5)
[15:31:19.497 INFO]: Coyote(14) is moving W from (0, 3) to (0,2)
[15:31:19.498 INFO]: RoadRunner is attempting to run away from 2 Coyotes!
[15:31:19.499 INFO]: RoadRunner(4) is moving N from (2, 8) to (1,8)
[15:31:19.499 INFO]: RoadRunner is attempting to run away from 2 Coyotes!
[15:31:19.500 INFO]: RoadRunner(9) is moving N from (3, 0) to (2,0)
[15:31:19.500 INFO]: Coyote(22) is moving W from (7, 4) to (7,3)
[15:31:19.501 INFO]: Coyote(27) is moving W from (8, 9) to (8,8)
[15:31:19.501 INFO]: Coyote(29) is moving SE from (7, 1) to (8,2)
[15:31:19.501 INFO]: Coyote(17) is moving NW from (2, 9) to (1,8)
[15:31:19.501 WARN]: Coyote(17) just ate RoadRunner(4) at cell (1,8)
[15:31:19.502 INFO]: Coyote(19) is moving W from (6, 8) to (6,7)
[15:31:19.502 INFO]: Coyote(25) is moving S from (5, 2) to (6,2)
[15:31:19.502 INFO]: Coyote(13) is moving NW from (8, 7) to (7,6)
[15:31:19.502 INFO]: Coyote(21) is moving S from (7, 0) to (8,0)
[15:31:19.503 INFO]: Coyote(16) is moving S from (6, 5) to (7,5)
[15:31:19.503 INFO]: Coyote(28) is moving N from (8, 1) to (7,1)
[15:31:19.503 INFO]: Coyote(15) is moving N from (2, 5) to (1,5)
[15:31:19.503 INFO]: Coyote(30) is moving NE from (4, 1) to (3,2)
[15:31:19.503 INFO]: Coyote(24) is moving W from (2, 7) to (2,6)
[15:31:19.504 INFO]: Coyote(23) is moving W from (2, 1) to (2,0)
[15:31:19.504 WARN]: Coyote(23) just ate RoadRunner(9) at cell (2,0)
[15:31:19.504 INFO]: 
[15:31:19.504 INFO]: Coyotes Left: 18
[15:31:19.504 INFO]: RoadRunners Left: 0
[15:31:19.606 INFO]: 
[15:31:19.607 INFO]: 
[15:31:19.607 INFO]: ########## Age 3 ##########
[15:31:19.607 INFO]: 
[15:31:19.607 INFO]: 
[15:31:19.607 INFO]: Coyote(20) is moving N from (5, 5) to (4,5)
[15:31:19.608 INFO]: Coyote(27) is moving SE from (8, 8) to (9,9)
[15:31:19.608 INFO]: Coyote(17) is moving NE from (1, 8) to (0,9)
[15:31:19.609 INFO]: Coyote(24) is moving W from (2, 6) to (2,5)
[15:31:19.610 INFO]: Coyote(14) is moving SE from (0, 2) to (1,3)
[15:31:19.611 INFO]: Coyote(16) is moving SE from (7, 5) to (8,6)
[15:31:19.612 INFO]: Coyote(21) is moving SE from (8, 0) to (9,1)
[15:31:19.612 INFO]: Coyote(19) is moving E from (6, 7) to (6,8)
[15:31:19.612 INFO]: Coyote(15) is moving NE from (1, 5) to (0,6)
[15:31:19.613 INFO]: Coyote(30) is moving W from (3, 2) to (3,1)
[15:31:19.613 INFO]: Coyote(23) is moving NE from (2, 0) to (1,1)
[15:31:19.613 INFO]: Coyote(25) is moving N from (6, 2) to (5,2)
[15:31:19.614 INFO]: Coyote(29) is moving W from (8, 2) to (8,1)
[15:31:19.614 INFO]: Coyote(28) is moving W from (7, 1) to (7,0)
[15:31:19.615 INFO]: Coyote(13) is moving NW from (7, 6) to (6,5)
[15:31:19.615 INFO]: Coyote(22) is moving NE from (7, 3) to (6,4)
[15:31:19.615 INFO]: Coyote(18) is moving SW from (2, 3) to (3,2)
[15:31:19.616 INFO]: Coyote(26) is moving E from (5, 4) to (5,5)
[15:31:19.616 INFO]: 
[15:31:19.616 INFO]: Coyotes Left: 18
[15:31:19.617 INFO]: RoadRunners Left: 0
[15:31:19.823 INFO]: 
[15:31:19.823 INFO]: 
[15:31:19.823 INFO]: ########## Age 4 ##########
[15:31:19.823 INFO]: 
[15:31:19.823 INFO]: 
[15:31:19.824 WARN]: Coyote(15) died to starvation!
[15:31:19.824 WARN]: Coyote(26) died to starvation!
[15:31:19.824 WARN]: Coyote(22) died to starvation!
[15:31:19.824 INFO]: Coyote(23) is moving N from (1, 1) to (0,1)
[15:31:19.824 INFO]: Coyote(17) is moving SW from (0, 9) to (1,8)
[15:31:19.825 WARN]: Coyote(25) died to starvation!
[15:31:19.825 WARN]: Coyote(18) died to starvation!
[15:31:19.825 WARN]: Coyote(21) died to starvation!
[15:31:19.825 WARN]: Coyote(13) died to starvation!
[15:31:19.825 WARN]: Coyote(19) died to starvation!
[15:31:19.826 WARN]: Coyote(29) died to starvation!
[15:31:19.826 WARN]: Coyote(30) died to starvation!
[15:31:19.826 WARN]: Coyote(28) died to starvation!
[15:31:19.826 WARN]: Coyote(20) died to starvation!
[15:31:19.826 WARN]: Coyote(24) died to starvation!
[15:31:19.826 WARN]: Coyote(27) died to starvation!
[15:31:19.826 WARN]: Coyote(16) died to starvation!
[15:31:19.827 WARN]: Coyote(14) died to starvation!
[15:31:19.827 INFO]: 
[15:31:19.827 INFO]: Coyotes Left: 2
[15:31:19.827 INFO]: RoadRunners Left: 0
[15:31:20.047 INFO]: 
[15:31:20.047 INFO]: 
[15:31:20.048 INFO]: ########## Age 5 ##########
[15:31:20.048 INFO]: 
[15:31:20.048 INFO]: 
[15:31:20.048 INFO]: Coyote(17) is moving S from (1, 8) to (2,8)
[15:31:20.048 INFO]: Coyote(23) is moving W from (0, 1) to (0,0)
[15:31:20.049 INFO]: 
[15:31:20.049 INFO]: Coyotes Left: 2
[15:31:20.049 INFO]: RoadRunners Left: 0
[15:31:20.183 INFO]: 
[15:31:20.183 INFO]: 
[15:31:20.184 INFO]: ########## Age 6 ##########
[15:31:20.184 INFO]: 
[15:31:20.184 INFO]: 
[15:31:20.184 WARN]: Coyote(23) died to starvation!
[15:31:20.185 WARN]: Coyote(17) died to starvation!
[15:31:20.185 INFO]: 
[15:31:20.185 INFO]: Coyotes Left: 0
[15:31:20.185 INFO]: RoadRunners Left: 0
[15:31:20.296 INFO]: 
[15:31:20.296 INFO]: 
[15:31:20.296 INFO]: ########## Age 7 ##########
[15:31:20.296 INFO]: 
[15:31:20.296 INFO]: 
[15:31:20.297 INFO]: 
[15:31:20.297 INFO]: Coyotes Left: 0
[15:31:20.297 INFO]: RoadRunners Left: 0
[15:32:58.566 INFO]: Simulation Found. Configuration Settings:
[15:32:58.580 INFO]: Rows: 10
[15:32:58.580 INFO]: Columns: 10
[15:32:58.581 INFO]: 
[15:32:58.581 INFO]: Min Prey: 10 Max Prey: 20
[15:32:58.581 INFO]: Min Predators: 10 Max Predators: 20
[15:33:01.086 INFO]: Starting Simulation...
[15:33:01.087 INFO]: Starting Prey: 10
[15:33:01.087 INFO]: Starting Predators: 14
[15:33:01.094 INFO]: RoadRunner(0) created at cell (1, 0)
[15:33:01.095 INFO]: RoadRunner(1) created at cell (9, 2)
[15:33:01.096 INFO]: RoadRunner(2) created at cell (9, 6)
[15:33:01.096 INFO]: RoadRunner(3) created at cell (6, 4)
[15:33:01.097 INFO]: RoadRunner(4) created at cell (3, 9)
[15:33:01.098 INFO]: RoadRunner(5) created at cell (8, 7)
[15:33:01.098 INFO]: RoadRunner(6) created at cell (7, 5)
[15:33:01.099 INFO]: RoadRunner(7) created at cell (1, 9)
[15:33:01.100 INFO]: RoadRunner(8) created at cell (2, 3)
[15:33:01.100 INFO]: RoadRunner(9) created at cell (1, 2)
[15:33:01.101 INFO]: Coyote(10) created at cell (1, 4)
[15:33:01.102 INFO]: Coyote(11) created at cell (6, 6)
[15:33:01.102 INFO]: Coyote(12) created at cell (6, 5)
[15:33:01.103 INFO]: Coyote(13) created at cell (1, 5)
[15:33:01.103 INFO]: Coyote(14) created at cell (3, 3)
[15:33:01.104 INFO]: Coyote(15) created at cell (3, 7)
[15:33:01.104 INFO]: Coyote(16) created at cell (0, 8)
[15:33:01.105 INFO]: Coyote(17) created at cell (5, 5)
[15:33:01.105 INFO]: Coyote(18) created at cell (6, 0)
[15:33:01.106 INFO]: Coyote(19) created at cell (4, 3)
[15:33:01.106 INFO]: Coyote(20) created at cell (7, 9)
[15:33:01.107 INFO]: Coyote(21) created at cell (0, 0)
[15:33:01.107 INFO]: Coyote(22) created at cell (4, 1)
[15:33:01.108 INFO]: Coyote(23) created at cell (2, 5)
[15:33:01.231 INFO]: 
[15:33:01.231 INFO]: 
[15:33:01.231 INFO]: ########## Age 0 ##########
[15:33:01.231 INFO]: 
[15:33:01.232 INFO]: 
[15:33:01.234 INFO]: RoadRunner(4) is moving S from (3, 9) to (4,9)
[15:33:01.235 INFO]: Coyote(12) is moving S from (6, 5) to (7,5)
[15:33:01.236 WARN]: Coyote(12) just ate RoadRunner(6) at cell (7,5)
[15:33:01.236 INFO]: RoadRunner is attempting to run away from 1 Coyotes!
[15:33:01.247 INFO]: RoadRunner(7) is moving S from (1, 9) to (2,9)
[15:33:01.248 INFO]: RoadRunner(1) is moving N from (9, 2) to (8,2)
[15:33:01.249 INFO]: Coyote(20) is moving S from (7, 9) to (8,9)
[15:33:01.249 INFO]: Coyote(23) is moving NE from (2, 5) to (1,6)
[15:33:01.251 INFO]: Coyote(22) is moving W from (4, 1) to (4,0)
[15:33:01.251 INFO]: Coyote(10) is moving SW from (1, 4) to (2,3)
[15:33:01.252 WARN]: Coyote(10) just ate RoadRunner(8) at cell (2,3)
[15:33:01.252 INFO]: RoadRunner is attempting to run away from 1 Coyotes!
[15:33:01.253 INFO]: RoadRunner(9) is moving NW from (1, 2) to (0,1)
[15:33:01.253 INFO]: RoadRunner is attempting to run away from 2 Coyotes!
[15:33:01.253 INFO]: RoadRunner(3) is moving NW from (6, 4) to (5,3)
[15:33:01.254 INFO]: Coyote(14) is moving SE from (3, 3) to (4,4)
[15:33:01.255 INFO]: RoadRunner(5) is moving SE from (8, 7) to (9,8)
[15:33:01.255 INFO]: RoadRunner is attempting to run away from 1 Coyotes!
[15:33:01.256 INFO]: RoadRunner(0) is moving SE from (1, 0) to (2,1)
[15:33:01.257 INFO]: Coyote(18) is moving E from (6, 0) to (6,1)
[15:33:01.257 INFO]: Coyote(11) is moving E from (6, 6) to (6,7)
[15:33:01.257 INFO]: Coyote(21) is moving E from (0, 0) to (0,1)
[15:33:01.257 WARN]: Coyote(21) just ate RoadRunner(9) at cell (0,1)
[15:33:01.258 INFO]: Coyote(13) is moving SW from (1, 5) to (2,4)
[15:33:01.260 INFO]: Coyote(16) is moving S from (0, 8) to (1,8)
[15:33:01.261 INFO]: RoadRunner(2) is moving W from (9, 6) to (9,5)
[15:33:01.261 INFO]: Coyote(17) is moving SW from (5, 5) to (6,4)
[15:33:01.262 INFO]: Coyote(15) is moving N from (3, 7) to (2,7)
[15:33:01.262 INFO]: Coyote(19) is moving S from (4, 3) to (5,3)
[15:33:01.263 WARN]: Coyote(19) just ate RoadRunner(3) at cell (5,3)
[15:33:01.269 INFO]: 
[15:33:01.270 INFO]: Coyotes Left: 14
[15:33:01.270 INFO]: RoadRunners Left: 6
[15:33:01.378 INFO]: 
[15:33:01.378 INFO]: 
[15:33:01.379 INFO]: ########## Age 1 ##########
[15:33:01.379 INFO]: 
[15:33:01.379 INFO]: 
[15:33:01.380 INFO]: Coyote(23) is moving E from (1, 6) to (1,7)
[15:33:01.380 INFO]: Coyote(13) is moving S from (2, 4) to (3,4)
[15:33:01.381 INFO]: Coyote(22) is moving E from (4, 0) to (4,1)
[15:33:01.381 INFO]: RoadRunner(0) is moving NE from (2, 1) to (1,2)
[15:33:01.382 INFO]: Coyote(21) is moving SE from (0, 1) to (1,2)
[15:33:01.382 WARN]: Coyote(21) just ate RoadRunner(0) at cell (1,2)
[15:33:01.382 INFO]: Coyote(11) is moving SW from (6, 7) to (7,6)
[15:33:01.383 INFO]: RoadRunner(2) is moving NW from (9, 5) to (8,4)
[15:33:01.383 INFO]: Coyote(12) is moving SW from (7, 5) to (8,4)
[15:33:01.383 WARN]: Coyote(12) just ate RoadRunner(2) at cell (8,4)
[15:33:01.383 INFO]: Coyote(10) is moving E from (2, 3) to (2,4)
[15:33:01.384 INFO]: Coyote(20) is moving SW from (8, 9) to (9,8)
[15:33:01.384 WARN]: Coyote(20) just ate RoadRunner(5) at cell (9,8)
[15:33:01.384 INFO]: RoadRunner is attempting to run away from 1 Coyotes!
[15:33:01.385 INFO]: RoadRunner(7) is moving S from (2, 9) to (3,9)
[15:33:01.385 INFO]: Coyote(18) is moving NE from (6, 1) to (5,2)
[15:33:01.385 INFO]: Coyote(14) is moving W from (4, 4) to (4,3)
[15:33:01.385 INFO]: Coyote(15) is moving SW from (2, 7) to (3,6)
[15:33:01.386 INFO]: Coyote(17) is moving S from (6, 4) to (7,4)
[15:33:01.386 INFO]: Coyote(19) is moving E from (5, 3) to (5,4)
[15:33:01.386 INFO]: RoadRunner(1) is moving E from (8, 2) to (8,3)
[15:33:01.387 INFO]: Coyote(16) is moving NW from (1, 8) to (0,7)
[15:33:01.387 INFO]: RoadRunner(4) is moving W from (4, 9) to (4,8)
[15:33:01.388 INFO]: 
[15:33:01.388 INFO]: Coyotes Left: 14
[15:33:01.388 INFO]: RoadRunners Left: 3
[15:33:01.518 INFO]: 
[15:33:01.518 INFO]: 
[15:33:01.518 INFO]: ########## Age 2 ##########
[15:33:01.519 INFO]: 
[15:33:01.519 INFO]: 
[15:33:01.519 INFO]: Coyote(17) is moving SW from (7, 4) to (8,3)
[15:33:01.519 WARN]: Coyote(17) just ate RoadRunner(1) at cell (8,3)
[15:33:01.520 INFO]: Coyote(19) is moving N from (5, 4) to (4,4)
[15:33:01.520 INFO]: Coyote(15) is moving NE from (3, 6) to (2,7)
[15:33:01.520 INFO]: Coyote(18) is moving SW from (5, 2) to (6,1)
[15:33:01.521 INFO]: Coyote(22) is moving W from (4, 1) to (4,0)
[15:33:01.521 INFO]: Coyote(21) is moving S from (1, 2) to (2,2)
[15:33:01.522 INFO]: Coyote(10) is moving W from (2, 4) to (2,3)
[15:33:01.522 INFO]: Coyote(16) is moving W from (0, 7) to (0,6)
[15:33:01.522 INFO]: Coyote(14) is moving N from (4, 3) to (3,3)
[15:33:01.523 INFO]: Coyote(20) is moving NW from (9, 8) to (8,7)
[15:33:01.523 INFO]: Coyote(12) is moving N from (8, 4) to (7,4)
[15:33:01.525 INFO]: Coyote(23) is moving NE from (1, 7) to (0,8)
[15:33:01.526 INFO]: RoadRunner(7) is moving N from (3, 9) to (2,9)
[15:33:01.526 INFO]: Coyote(13) is moving NE from (3, 4) to (2,5)
[15:33:01.527 INFO]: RoadRunner(4) is moving N from (4, 8) to (3,8)
[15:33:01.527 INFO]: Coyote(11) is moving SW from (7, 6) to (8,5)
[15:33:01.527 INFO]: RoadRunner just bred a new RoadRunner at cell (1,9)
[15:33:01.528 INFO]: RoadRunner just bred a new RoadRunner at cell (2,8)
[15:33:01.528 INFO]: 
[15:33:01.528 INFO]: Coyotes Left: 14
[15:33:01.528 INFO]: RoadRunners Left: 4
[15:33:01.678 INFO]: 
[15:33:01.679 INFO]: 
[15:33:01.679 INFO]: ########## Age 3 ##########
[15:33:01.679 INFO]: 
[15:33:01.680 INFO]: 
[15:33:01.680 INFO]: Coyote(14) is moving E from (3, 3) to (3,4)
[15:33:01.681 INFO]: Coyote(20) is moving SE from (8, 7) to (9,8)
[15:33:01.681 INFO]: Coyote(23) is moving SE from (0, 8) to (1,9)
[15:33:01.681 WARN]: Coyote(23) just ate RoadRunner(24) at cell (1,9)
[15:33:01.682 INFO]: Coyote(11) is moving W from (8, 5) to (8,4)
[15:33:01.682 INFO]: Coyote(22) is moving NE from (4, 0) to (3,1)
[15:33:01.682 INFO]: Coyote(16) is moving W from (0, 6) to (0,5)
[15:33:01.683 INFO]: Coyote(19) is moving W from (4, 4) to (4,3)
[15:33:01.684 INFO]: RoadRunner is attempting to run away from 1 Coyotes!
[15:33:01.684 INFO]: RoadRunner(7) is moving S from (2, 9) to (3,9)
[15:33:01.685 INFO]: Coyote(18) is moving E from (6, 1) to (6,2)
[15:33:01.685 INFO]: Coyote(12) is moving SE from (7, 4) to (8,5)
[15:33:01.685 INFO]: Coyote(21) is moving S from (2, 2) to (3,2)
[15:33:01.686 INFO]: Coyote(15) is moving SE from (2, 7) to (3,8)
[15:33:01.686 WARN]: Coyote(15) just ate RoadRunner(4) at cell (3,8)
[15:33:01.686 INFO]: Coyote(17) is moving W from (8, 3) to (8,2)
[15:33:01.687 INFO]: Coyote(10) is moving S from (2, 3) to (3,3)
[15:33:01.687 INFO]: RoadRunner is attempting to run away from 2 Coyotes!
[15:33:01.688 INFO]: RoadRunner(25) is moving NW from (2, 8) to (1,7)
[15:33:01.688 INFO]: Coyote(13) is moving SE from (2, 5) to (3,6)
[15:33:01.688 INFO]: 
[15:33:01.689 INFO]: Coyotes Left: 14
[15:33:01.689 INFO]: RoadRunners Left: 2
[15:33:02.057 INFO]: 
[15:33:02.057 INFO]: 
[15:33:02.057 INFO]: ########## Age 4 ##########
[15:33:02.057 INFO]: 
[15:33:02.058 INFO]: 
[15:33:02.058 WARN]: Coyote(10) died to starvation!
[15:33:02.058 INFO]: Coyote(12) is moving NW from (8, 5) to (7,4)
[15:33:02.058 WARN]: Coyote(11) died to starvation!
[15:33:02.058 WARN]: Coyote(13) died to starvation!
[15:33:02.059 WARN]: Coyote(19) died to starvation!
[15:33:02.059 INFO]: Coyote(17) is moving N from (8, 2) to (7,2)
[15:33:02.059 WARN]: Coyote(16) died to starvation!
[15:33:02.059 WARN]: Coyote(18) died to starvation!
[15:33:02.059 INFO]: Coyote(21) is moving NE from (3, 2) to (2,3)
[15:33:02.060 INFO]: RoadRunner is attempting to run away from 1 Coyotes!
[15:33:02.060 INFO]: RoadRunner(7) is moving N from (3, 9) to (2,9)
[15:33:02.060 INFO]: RoadRunner(25) is moving S from (1, 7) to (2,7)
[15:33:02.061 INFO]: Coyote(15) is moving NE from (3, 8) to (2,9)
[15:33:02.061 WARN]: Coyote(15) just ate RoadRunner(7) at cell (2,9)
[15:33:02.061 INFO]: Coyote(20) is moving W from (9, 8) to (9,7)
[15:33:02.061 WARN]: Coyote(14) died to starvation!
[15:33:02.061 WARN]: Coyote(22) died to starvation!
[15:33:02.062 INFO]: Coyote(23) is moving N from (1, 9) to (0,9)
[15:33:02.062 INFO]: 
[15:33:02.062 INFO]: Coyotes Left: 6
[15:33:02.062 INFO]: RoadRunners Left: 1
[15:33:02.610 INFO]: 
[15:33:02.610 INFO]: 
[15:33:02.611 INFO]: ########## Age 5 ##########
[15:33:02.611 INFO]: 
[15:33:02.611 INFO]: 
[15:33:02.611 INFO]: RoadRunner(25) is moving N from (2, 7) to (1,7)
[15:33:02.611 INFO]: Coyote(17) is moving E from (7, 2) to (7,3)
[15:33:02.612 INFO]: Coyote(15) is moving NW from (2, 9) to (1,8)
[15:33:02.612 WARN]: Coyote(21) died to starvation!
[15:33:02.612 WARN]: Coyote(12) died to starvation!
[15:33:02.613 WARN]: Coyote(20) died to starvation!
[15:33:02.613 INFO]: Coyote(23) is moving W from (0, 9) to (0,8)
[15:33:02.613 INFO]: RoadRunner just bred a new RoadRunner at cell (0,7)
[15:33:02.614 INFO]: 
[15:33:02.614 INFO]: Coyotes Left: 3
[15:33:02.614 INFO]: RoadRunners Left: 2
[15:33:03.371 INFO]: 
[15:33:03.372 INFO]: 
[15:33:03.372 INFO]: ########## Age 6 ##########
[15:33:03.372 INFO]: 
[15:33:03.372 INFO]: 
[15:33:03.373 INFO]: Coyote(15) is moving NW from (1, 8) to (0,7)
[15:33:03.373 WARN]: Coyote(15) just ate RoadRunner(26) at cell (0,7)
[15:33:03.373 WARN]: Coyote(17) died to starvation!
[15:33:03.374 INFO]: Coyote(23) is moving SW from (0, 8) to (1,7)
[15:33:03.374 WARN]: Coyote(23) just ate RoadRunner(25) at cell (1,7)
[15:33:03.374 INFO]: 
[15:33:03.374 INFO]: Coyotes Left: 2
[15:33:03.375 INFO]: RoadRunners Left: 0
[15:33:07.501 INFO]: 
[15:33:07.502 INFO]: 
[15:33:07.502 INFO]: ########## Age 7 ##########
[15:33:07.502 INFO]: 
[15:33:07.502 INFO]: 
[15:33:07.502 INFO]: Coyote(15) is moving W from (0, 7) to (0,6)
[15:33:07.503 INFO]: Coyote(23) is moving S from (1, 7) to (2,7)
[15:33:07.503 INFO]: Coyote just bred a new Coyote at cell (1,6)
[15:33:07.503 INFO]: Coyote just bred a new Coyote at cell (1,7)
[15:33:07.504 INFO]: 
[15:33:07.504 INFO]: Coyotes Left: 4
[15:33:07.504 INFO]: RoadRunners Left: 0
[15:33:09.644 INFO]: 
[15:33:09.645 INFO]: 
[15:33:09.645 INFO]: ########## Age 8 ##########
[15:33:09.645 INFO]: 
[15:33:09.645 INFO]: 
[15:33:09.646 INFO]: Coyote(15) is moving W from (0, 6) to (0,5)
[15:33:09.646 INFO]: Coyote(23) is moving E from (2, 7) to (2,8)
[15:33:09.646 INFO]: Coyote(27) is moving N from (1, 6) to (0,6)
[15:33:09.647 INFO]: Coyote(28) is moving SW from (1, 7) to (2,6)
[15:33:09.647 INFO]: 
[15:33:09.647 INFO]: Coyotes Left: 4
[15:33:09.647 INFO]: RoadRunners Left: 0
[15:34:14.269 INFO]: Simulation Found. Configuration Settings:
[15:34:14.284 INFO]: Rows: 10
[15:34:14.285 INFO]: Columns: 10
[15:34:14.285 INFO]: 
[15:34:14.285 INFO]: Min Prey: 10 Max Prey: 20
[15:34:14.285 INFO]: Min Predators: 10 Max Predators: 20
[15:34:16.783 INFO]: Starting Simulation...
[15:34:16.785 INFO]: Starting Prey: 18
[15:34:16.785 INFO]: Starting Predators: 17
[15:34:16.792 INFO]: RoadRunner(0) created at cell (8, 8)
[15:34:16.793 INFO]: RoadRunner(1) created at cell (0, 7)
[15:34:16.794 INFO]: RoadRunner(2) created at cell (6, 7)
[15:34:16.794 INFO]: RoadRunner(3) created at cell (9, 0)
[15:34:16.795 INFO]: RoadRunner(4) created at cell (1, 0)
[15:34:16.795 INFO]: RoadRunner(5) created at cell (9, 3)
[15:34:16.796 INFO]: RoadRunner(6) created at cell (0, 4)
[15:34:16.796 INFO]: RoadRunner(7) created at cell (9, 2)
[15:34:16.797 INFO]: RoadRunner(8) created at cell (3, 2)
[15:34:16.798 INFO]: RoadRunner(9) created at cell (3, 0)
[15:34:16.798 INFO]: RoadRunner(10) created at cell (4, 8)
[15:34:16.798 INFO]: RoadRunner(11) created at cell (6, 1)
[15:34:16.799 INFO]: RoadRunner(12) created at cell (6, 2)
[15:34:16.799 INFO]: RoadRunner(13) created at cell (7, 7)
[15:34:16.800 INFO]: RoadRunner(14) created at cell (5, 0)
[15:34:16.800 INFO]: RoadRunner(15) created at cell (9, 6)
[15:34:16.801 INFO]: RoadRunner(16) created at cell (0, 9)
[15:34:16.801 INFO]: RoadRunner(17) created at cell (0, 5)
[15:34:16.802 INFO]: Coyote(18) created at cell (7, 9)
[15:34:16.802 INFO]: Coyote(19) created at cell (0, 3)
[15:34:16.802 INFO]: Coyote(20) created at cell (5, 2)
[15:34:16.803 INFO]: Coyote(21) created at cell (4, 1)
[15:34:16.803 INFO]: Coyote(22) created at cell (3, 1)
[15:34:16.803 INFO]: Coyote(23) created at cell (8, 3)
[15:34:16.803 INFO]: Coyote(24) created at cell (9, 1)
[15:34:16.804 INFO]: Coyote(25) created at cell (5, 6)
[15:34:16.804 INFO]: Coyote(26) created at cell (9, 8)
[15:34:16.804 INFO]: Coyote(27) created at cell (3, 8)
[15:34:16.804 INFO]: Coyote(28) created at cell (1, 1)
[15:34:16.804 INFO]: Coyote(29) created at cell (1, 3)
[15:34:16.805 INFO]: Coyote(30) created at cell (5, 8)
[15:34:16.805 INFO]: Coyote(31) created at cell (3, 7)
[15:34:16.805 INFO]: Coyote(32) created at cell (0, 8)
[15:34:16.805 INFO]: Coyote(33) created at cell (6, 0)
[15:34:16.806 INFO]: Coyote(34) created at cell (3, 4)
[15:34:17.049 INFO]: 
[15:34:17.049 INFO]: 
[15:34:17.049 INFO]: ########## Age 0 ##########
[15:34:17.052 INFO]: 
[15:34:17.053 INFO]: 
[15:34:17.054 INFO]: RoadRunner is attempting to run away from 2 Coyotes!
[15:34:17.063 INFO]: RoadRunner(14) is moving N from (5, 0) to (4,0)
[15:34:17.063 INFO]: RoadRunner is attempting to run away from 1 Coyotes!
[15:34:17.064 INFO]: RoadRunner(5) is moving E from (9, 3) to (9,4)
[15:34:17.064 INFO]: RoadRunner is attempting to run away from 1 Coyotes!
[15:34:17.064 INFO]: RoadRunner(4) is moving N from (1, 0) to (0,0)
[15:34:17.064 INFO]: Coyote(25) is moving SE from (5, 6) to (6,7)
[15:34:17.065 WARN]: Coyote(25) just ate RoadRunner(2) at cell (6,7)
[15:34:17.065 INFO]: Coyote(33) is moving E from (6, 0) to (6,1)
[15:34:17.065 WARN]: Coyote(33) just ate RoadRunner(11) at cell (6,1)
[15:34:17.066 INFO]: Coyote(32) is moving E from (0, 8) to (0,9)
[15:34:17.066 WARN]: Coyote(32) just ate RoadRunner(16) at cell (0,9)
[15:34:17.066 INFO]: RoadRunner(17) is moving E from (0, 5) to (0,6)
[15:34:17.067 INFO]: Coyote(18) is moving SW from (7, 9) to (8,8)
[15:34:17.067 WARN]: Coyote(18) just ate RoadRunner(0) at cell (8,8)
[15:34:17.067 INFO]: Coyote(29) is moving NE from (1, 3) to (0,4)
[15:34:17.067 WARN]: Coyote(29) just ate RoadRunner(6) at cell (0,4)
[15:34:17.067 INFO]: RoadRunner(1) is moving E from (0, 7) to (0,8)
[15:34:17.068 INFO]: Coyote(26) is moving NW from (9, 8) to (8,7)
[15:34:17.068 INFO]: RoadRunner is attempting to run away from 2 Coyotes!
[15:34:17.068 INFO]: RoadRunner(12) is moving SE from (6, 2) to (7,3)
[15:34:17.068 INFO]: RoadRunner is attempting to run away from 2 Coyotes!
[15:34:17.069 INFO]: RoadRunner(7) is moving N from (9, 2) to (8,2)
[15:34:17.069 INFO]: Coyote(23) is moving N from (8, 3) to (7,3)
[15:34:17.070 WARN]: Coyote(23) just ate RoadRunner(12) at cell (7,3)
[15:34:17.070 INFO]: Coyote(21) is moving NE from (4, 1) to (3,2)
[15:34:17.070 WARN]: Coyote(21) just ate RoadRunner(8) at cell (3,2)
[15:34:17.071 INFO]: Coyote(34) is moving NW from (3, 4) to (2,3)
[15:34:17.071 INFO]: RoadRunner is attempting to run away from 3 Coyotes!
[15:34:17.071 INFO]: RoadRunner(10) is moving E from (4, 8) to (4,9)
[15:34:17.071 INFO]: RoadRunner is attempting to run away from 1 Coyotes!
[15:34:17.072 INFO]: RoadRunner(15) is moving W from (9, 6) to (9,5)
[15:34:17.072 INFO]: RoadRunner is attempting to run away from 1 Coyotes!
[15:34:17.072 INFO]: RoadRunner(3) is moving N from (9, 0) to (8,0)
[15:34:17.073 INFO]: Coyote(28) is moving NW from (1, 1) to (0,0)
[15:34:17.073 WARN]: Coyote(28) just ate RoadRunner(4) at cell (0,0)
[15:34:17.073 INFO]: Coyote(20) is moving NE from (5, 2) to (4,3)
[15:34:17.074 INFO]: Coyote(24) is moving NE from (9, 1) to (8,2)
[15:34:17.074 WARN]: Coyote(24) just ate RoadRunner(7) at cell (8,2)
[15:34:17.074 INFO]: Coyote(30) is moving NE from (5, 8) to (4,9)
[15:34:17.074 WARN]: Coyote(30) just ate RoadRunner(10) at cell (4,9)
[15:34:17.074 INFO]: RoadRunner is attempting to run away from 3 Coyotes!
[15:34:17.075 INFO]: RoadRunner(13) is moving W from (7, 7) to (7,6)
[15:34:17.075 INFO]: Coyote(31) is moving NW from (3, 7) to (2,6)
[15:34:17.075 INFO]: Coyote(27) is moving S from (3, 8) to (4,8)
[15:34:17.075 INFO]: RoadRunner is attempting to run away from 1 Coyotes!
[15:34:17.075 INFO]: RoadRunner(9) is moving N from (3, 0) to (2,0)
[15:34:17.076 INFO]: Coyote(19) is moving SE from (0, 3) to (1,4)
[15:34:17.076 INFO]: Coyote(22) is moving NW from (3, 1) to (2,0)
[15:34:17.076 WARN]: Coyote(22) just ate RoadRunner(9) at cell (2,0)
[15:34:17.081 INFO]: 
[15:34:17.081 INFO]: Coyotes Left: 17
[15:34:17.081 INFO]: RoadRunners Left: 7
[15:34:17.288 INFO]: 
[15:34:17.288 INFO]: 
[15:34:17.289 INFO]: ########## Age 1 ##########
[15:34:17.289 INFO]: 
[15:34:17.289 INFO]: 
[15:34:17.290 INFO]: RoadRunner(5) is moving NW from (9, 4) to (8,3)
[15:34:17.290 INFO]: Coyote(26) is moving NW from (8, 7) to (7,6)
[15:34:17.291 WARN]: Coyote(26) just ate RoadRunner(13) at cell (7,6)
[15:34:17.291 INFO]: Coyote(22) is moving S from (2, 0) to (3,0)
[15:34:17.291 INFO]: Coyote(19) is moving W from (1, 4) to (1,3)
[15:34:17.292 INFO]: Coyote(33) is moving E from (6, 1) to (6,2)
[15:34:17.292 INFO]: Coyote(24) is moving E from (8, 2) to (8,3)
[15:34:17.292 WARN]: Coyote(24) just ate RoadRunner(5) at cell (8,3)
[15:34:17.292 INFO]: Coyote(30) is moving SW from (4, 9) to (5,8)
[15:34:17.293 INFO]: RoadRunner is attempting to run away from 1 Coyotes!
[15:34:17.293 INFO]: RoadRunner(1) is moving SW from (0, 8) to (1,7)
[15:34:17.293 INFO]: Coyote(34) is moving S from (2, 3) to (3,3)
[15:34:17.293 INFO]: RoadRunner(15) is moving W from (9, 5) to (9,4)
[15:34:17.294 INFO]: RoadRunner is attempting to run away from 1 Coyotes!
[15:34:17.294 INFO]: RoadRunner(14) is moving SE from (4, 0) to (5,1)
[15:34:17.294 INFO]: RoadRunner(17) is moving S from (0, 6) to (1,6)
[15:34:17.295 INFO]: Coyote(20) is moving E from (4, 3) to (4,4)
[15:34:17.295 INFO]: RoadRunner(3) is moving E from (8, 0) to (8,1)
[15:34:17.295 INFO]: Coyote(25) is moving W from (6, 7) to (6,6)
[15:34:17.296 INFO]: Coyote(21) is moving NW from (3, 2) to (2,1)
[15:34:17.296 INFO]: Coyote(18) is moving NW from (8, 8) to (7,7)
[15:34:17.296 INFO]: Coyote(29) is moving W from (0, 4) to (0,3)
[15:34:17.296 INFO]: Coyote(27) is moving W from (4, 8) to (4,7)
[15:34:17.297 INFO]: Coyote(32) is moving S from (0, 9) to (1,9)
[15:34:17.297 INFO]: Coyote(31) is moving N from (2, 6) to (1,6)
[15:34:17.297 WARN]: Coyote(31) just ate RoadRunner(17) at cell (1,6)
[15:34:17.297 INFO]: Coyote(23) is moving NE from (7, 3) to (6,4)
[15:34:17.297 INFO]: Coyote(28) is moving E from (0, 0) to (0,1)
[15:34:17.297 INFO]: 
[15:34:17.298 INFO]: Coyotes Left: 17
[15:34:17.298 INFO]: RoadRunners Left: 4
[15:34:17.584 INFO]: 
[15:34:17.585 INFO]: 
[15:34:17.585 INFO]: ########## Age 2 ##########
[15:34:17.585 INFO]: 
[15:34:17.585 INFO]: 
[15:34:17.586 INFO]: Coyote(28) is moving S from (0, 1) to (1,1)
[15:34:17.586 INFO]: Coyote(33) is moving NW from (6, 2) to (5,1)
[15:34:17.587 WARN]: Coyote(33) just ate RoadRunner(14) at cell (5,1)
[15:34:17.587 INFO]: Coyote(32) is moving SW from (1, 9) to (2,8)
[15:34:17.588 INFO]: Coyote(21) is moving S from (2, 1) to (3,1)
[15:34:17.588 INFO]: Coyote(24) is moving SE from (8, 3) to (9,4)
[15:34:17.588 WARN]: Coyote(24) just ate RoadRunner(15) at cell (9,4)
[15:34:17.588 INFO]: Coyote(18) is moving SE from (7, 7) to (8,8)
[15:34:17.589 INFO]: Coyote(22) is moving SE from (3, 0) to (4,1)
[15:34:17.589 INFO]: Coyote(23) is moving SW from (6, 4) to (7,3)
[15:34:17.589 INFO]: Coyote(34) is moving S from (3, 3) to (4,3)
[15:34:17.589 INFO]: Coyote(25) is moving NE from (6, 6) to (5,7)
[15:34:17.590 INFO]: Coyote(20) is moving SW from (4, 4) to (5,3)
[15:34:17.590 INFO]: Coyote(26) is moving NW from (7, 6) to (6,5)
[15:34:17.590 INFO]: Coyote(30) is moving E from (5, 8) to (5,9)
[15:34:17.591 INFO]: RoadRunner(3) is moving SE from (8, 1) to (9,2)
[15:34:17.591 INFO]: Coyote(19) is moving E from (1, 3) to (1,4)
[15:34:17.591 INFO]: Coyote(31) is moving E from (1, 6) to (1,7)
[15:34:17.592 WARN]: Coyote(31) just ate RoadRunner(1) at cell (1,7)
[15:34:17.592 INFO]: Coyote(29) is moving SW from (0, 3) to (1,2)
[15:34:17.592 INFO]: Coyote(27) is moving W from (4, 7) to (4,6)
[15:34:17.593 INFO]: RoadRunner just bred a new RoadRunner at cell (8,2)
[15:34:17.593 INFO]: 
[15:34:17.593 INFO]: Coyotes Left: 17
[15:34:17.593 INFO]: RoadRunners Left: 2
[15:34:17.865 INFO]: 
[15:34:17.865 INFO]: 
[15:34:17.865 INFO]: ########## Age 3 ##########
[15:34:17.865 INFO]: 
[15:34:17.866 INFO]: 
[15:34:17.866 INFO]: Coyote(22) is moving SW from (4, 1) to (5,0)
[15:34:17.867 INFO]: Coyote(29) is moving SE from (1, 2) to (2,3)
[15:34:17.868 INFO]: Coyote(24) is moving NW from (9, 4) to (8,3)
[15:34:17.869 INFO]: Coyote(23) is moving SW from (7, 3) to (8,2)
[15:34:17.869 WARN]: Coyote(23) just ate RoadRunner(35) at cell (8,2)
[15:34:17.869 INFO]: Coyote(26) is moving N from (6, 5) to (5,5)
[15:34:17.870 INFO]: Coyote(28) is moving SE from (1, 1) to (2,2)
[15:34:17.870 INFO]: Coyote(32) is moving NE from (2, 8) to (1,9)
[15:34:17.870 INFO]: Coyote(19) is moving E from (1, 4) to (1,5)
[15:34:17.871 INFO]: Coyote(33) is moving NW from (5, 1) to (4,0)
[15:34:17.871 INFO]: Coyote(27) is moving NE from (4, 6) to (3,7)
[15:34:17.872 INFO]: Coyote(30) is moving N from (5, 9) to (4,9)
[15:34:17.872 INFO]: Coyote(20) is moving W from (5, 3) to (5,2)
[15:34:17.872 INFO]: RoadRunner is attempting to run away from 2 Coyotes!
[15:34:17.872 INFO]: RoadRunner(3) is moving W from (9, 2) to (9,1)
[15:34:17.873 INFO]: Coyote(18) is moving N from (8, 8) to (7,8)
[15:34:17.873 INFO]: Coyote(21) is moving SE from (3, 1) to (4,2)
[15:34:17.874 INFO]: Coyote(34) is moving NW from (4, 3) to (3,2)
[15:34:17.874 INFO]: Coyote(31) is moving N from (1, 7) to (0,7)
[15:34:17.875 INFO]: Coyote(25) is moving NW from (5, 7) to (4,6)
[15:34:17.875 INFO]: 
[15:34:17.875 INFO]: Coyotes Left: 17
[15:34:17.875 INFO]: RoadRunners Left: 1
[15:34:18.409 INFO]: 
[15:34:18.410 INFO]: 
[15:34:18.410 INFO]: ########## Age 4 ##########
[15:34:18.410 INFO]: 
[15:34:18.410 INFO]: 
[15:34:18.411 WARN]: Coyote(25) died to starvation!
[15:34:18.411 INFO]: Coyote(23) is moving SW from (8, 2) to (9,1)
[15:34:18.411 WARN]: Coyote(23) just ate RoadRunner(3) at cell (9,1)
[15:34:18.411 WARN]: Coyote(19) died to starvation!
[15:34:18.412 WARN]: Coyote(27) died to starvation!
[15:34:18.412 WARN]: Coyote(30) died to starvation!
[15:34:18.412 WARN]: Coyote(32) died to starvation!
[15:34:18.412 WARN]: Coyote(20) died to starvation!
[15:34:18.412 INFO]: Coyote(24) is moving NE from (8, 3) to (7,4)
[15:34:18.413 INFO]: Coyote(31) is moving W from (0, 7) to (0,6)
[15:34:18.413 WARN]: Coyote(29) died to starvation!
[15:34:18.413 WARN]: Coyote(18) died to starvation!
[15:34:18.413 WARN]: Coyote(28) died to starvation!
[15:34:18.413 WARN]: Coyote(22) died to starvation!
[15:34:18.414 INFO]: Coyote(33) is moving S from (4, 0) to (5,0)
[15:34:18.414 WARN]: Coyote(21) died to starvation!
[15:34:18.414 INFO]: Coyote(26) is moving NW from (5, 5) to (4,4)
[15:34:18.414 WARN]: Coyote(34) died to starvation!
[15:34:18.414 INFO]: 
[15:34:18.414 INFO]: Coyotes Left: 5
[15:34:18.414 INFO]: RoadRunners Left: 0
[15:35:31.088 INFO]: Simulation Found. Configuration Settings:
[15:35:31.094 INFO]: Rows: 10
[15:35:31.094 INFO]: Columns: 10
[15:35:31.094 INFO]: 
[15:35:31.094 INFO]: Min Prey: 10 Max Prey: 20
[15:35:31.095 INFO]: Min Predators: 10 Max Predators: 20
[15:35:33.334 INFO]: Starting Simulation...
[15:35:33.335 INFO]: Starting Prey: 20
[15:35:33.335 INFO]: Starting Predators: 10
[15:35:33.343 INFO]: RoadRunner(0) created at cell (6, 7)
[15:35:33.344 INFO]: RoadRunner(1) created at cell (8, 9)
[15:35:33.344 INFO]: RoadRunner(2) created at cell (0, 4)
[15:35:33.345 INFO]: RoadRunner(3) created at cell (9, 3)
[15:35:33.345 INFO]: RoadRunner(4) created at cell (5, 1)
[15:35:33.346 INFO]: RoadRunner(5) created at cell (6, 5)
[15:35:33.347 INFO]: RoadRunner(6) created at cell (1, 3)
[15:35:33.347 INFO]: RoadRunner(7) created at cell (2, 4)
[15:35:33.348 INFO]: RoadRunner(8) created at cell (7, 2)
[15:35:33.349 INFO]: RoadRunner(9) created at cell (7, 7)
[15:35:33.349 INFO]: RoadRunner(10) created at cell (5, 2)
[15:35:33.350 INFO]: RoadRunner(11) created at cell (6, 6)
[15:35:33.350 INFO]: RoadRunner(12) created at cell (6, 9)
[15:35:33.351 INFO]: RoadRunner(13) created at cell (2, 2)
[15:35:33.351 INFO]: RoadRunner(14) created at cell (1, 9)
[15:35:33.352 INFO]: RoadRunner(15) created at cell (4, 8)
[15:35:33.352 INFO]: RoadRunner(16) created at cell (0, 5)
[15:35:33.352 INFO]: RoadRunner(17) created at cell (4, 6)
[15:35:33.353 INFO]: RoadRunner(18) created at cell (1, 2)
[15:35:33.353 INFO]: RoadRunner(19) created at cell (4, 0)
[15:35:33.354 INFO]: Coyote(20) created at cell (4, 1)
[15:35:33.354 INFO]: Coyote(21) created at cell (3, 3)
[15:35:33.355 INFO]: Coyote(22) created at cell (9, 1)
[15:35:33.355 INFO]: Coyote(23) created at cell (0, 0)
[15:35:33.355 INFO]: Coyote(24) created at cell (1, 4)
[15:35:33.355 INFO]: Coyote(25) created at cell (6, 1)
[15:35:33.356 INFO]: Coyote(26) created at cell (4, 5)
[15:35:33.356 INFO]: Coyote(27) created at cell (7, 1)
[15:35:33.356 INFO]: Coyote(28) created at cell (3, 0)
[15:35:33.356 INFO]: Coyote(29) created at cell (9, 9)
[15:35:33.550 INFO]: 
[15:35:33.550 INFO]: 
[15:35:33.550 INFO]: ########## Age 0 ##########
[15:35:33.550 INFO]: 
[15:35:33.550 INFO]: 
[15:35:33.553 INFO]: Coyote(28) is moving S from (3, 0) to (4,0)
[15:35:33.554 WARN]: Coyote(28) just ate RoadRunner(19) at cell (4,0)
[15:35:33.554 INFO]: Coyote(23) is moving E from (0, 0) to (0,1)
[15:35:33.555 INFO]: RoadRunner(3) is moving E from (9, 3) to (9,4)
[15:35:33.555 INFO]: RoadRunner(9) is moving SE from (7, 7) to (8,8)
[15:35:33.556 INFO]: RoadRunner(14) is moving SW from (1, 9) to (2,8)
[15:35:33.556 INFO]: RoadRunner is attempting to run away from 1 Coyotes!
[15:35:33.565 INFO]: RoadRunner(18) is moving SE from (1, 2) to (2,3)
[15:35:33.566 INFO]: RoadRunner is attempting to run away from 1 Coyotes!
[15:35:33.566 INFO]: RoadRunner(16) is moving E from (0, 5) to (0,6)
[15:35:33.567 INFO]: RoadRunner is attempting to run away from 1 Coyotes!
[15:35:33.567 INFO]: RoadRunner(1) is moving NW from (8, 9) to (7,8)
[15:35:33.567 INFO]: RoadRunner is attempting to run away from 1 Coyotes!
[15:35:33.568 INFO]: RoadRunner(13) is moving NW from (2, 2) to (1,1)
[15:35:33.568 INFO]: RoadRunner is attempting to run away from 3 Coyotes!
[15:35:33.568 INFO]: Coyote(29) is moving NW from (9, 9) to (8,8)
[15:35:33.569 WARN]: Coyote(29) just ate RoadRunner(9) at cell (8,8)
[15:35:33.569 INFO]: RoadRunner is attempting to run away from 2 Coyotes!
[15:35:33.569 INFO]: RoadRunner(10) is moving NE from (5, 2) to (4,3)
[15:35:33.570 INFO]: Coyote(21) is moving N from (3, 3) to (2,3)
[15:35:33.570 WARN]: Coyote(21) just ate RoadRunner(18) at cell (2,3)
[15:35:33.570 INFO]: Coyote(22) is moving E from (9, 1) to (9,2)
[15:35:33.571 INFO]: RoadRunner(11) is moving NW from (6, 6) to (5,5)
[15:35:33.571 INFO]: RoadRunner(0) is moving SW from (6, 7) to (7,6)
[15:35:33.571 INFO]: RoadRunner is attempting to run away from 2 Coyotes!
[15:35:33.572 INFO]: RoadRunner(8) is moving SE from (7, 2) to (8,3)
[15:35:33.572 INFO]: Coyote(24) is moving N from (1, 4) to (0,4)
[15:35:33.572 WARN]: Coyote(24) just ate RoadRunner(2) at cell (0,4)
[15:35:33.573 INFO]: Coyote(26) is moving S from (4, 5) to (5,5)
[15:35:33.573 WARN]: Coyote(26) just ate RoadRunner(11) at cell (5,5)
[15:35:33.573 INFO]: RoadRunner is attempting to run away from 2 Coyotes!
[15:35:33.574 INFO]: RoadRunner(6) is moving NW from (1, 3) to (0,2)
[15:35:33.574 INFO]: Coyote(25) is moving N from (6, 1) to (5,1)
[15:35:33.574 WARN]: Coyote(25) just ate RoadRunner(4) at cell (5,1)
[15:35:33.574 INFO]: RoadRunner is attempting to run away from 1 Coyotes!
[15:35:33.575 INFO]: RoadRunner(5) is moving SW from (6, 5) to (7,4)
[15:35:33.575 INFO]: RoadRunner is attempting to run away from 1 Coyotes!
[15:35:33.575 INFO]: RoadRunner(17) is moving NE from (4, 6) to (3,7)
[15:35:33.576 INFO]: RoadRunner is attempting to run away from 1 Coyotes!
[15:35:33.576 INFO]: RoadRunner(7) is moving NE from (2, 4) to (1,5)
[15:35:33.576 INFO]: Coyote(27) is moving W from (7, 1) to (7,0)
[15:35:33.576 INFO]: RoadRunner(12) is moving W from (6, 9) to (6,8)
[15:35:33.577 INFO]: RoadRunner(15) is moving E from (4, 8) to (4,9)
[15:35:33.577 INFO]: Coyote(20) is moving E from (4, 1) to (4,2)
[15:35:33.581 INFO]: 
[15:35:33.582 INFO]: Coyotes Left: 10
[15:35:33.582 INFO]: RoadRunners Left: 14
[15:35:33.741 INFO]: 
[15:35:33.741 INFO]: 
[15:35:33.741 INFO]: ########## Age 1 ##########
[15:35:33.741 INFO]: 
[15:35:33.741 INFO]: 
[15:35:33.742 INFO]: RoadRunner(12) is moving NE from (6, 8) to (5,9)
[15:35:33.742 INFO]: Coyote(28) is moving NE from (4, 0) to (3,1)
[15:35:33.743 INFO]: RoadRunner(15) is moving W from (4, 9) to (4,8)
[15:35:33.743 INFO]: Coyote(22) is moving NE from (9, 2) to (8,3)
[15:35:33.743 WARN]: Coyote(22) just ate RoadRunner(8) at cell (8,3)
[15:35:33.743 INFO]: RoadRunner(14) is moving NW from (2, 8) to (1,7)
[15:35:33.744 INFO]: Coyote(24) is moving SE from (0, 4) to (1,5)
[15:35:33.744 WARN]: Coyote(24) just ate RoadRunner(7) at cell (1,5)
[15:35:33.744 INFO]: Coyote(23) is moving S from (0, 1) to (1,1)
[15:35:33.744 WARN]: Coyote(23) just ate RoadRunner(13) at cell (1,1)
[15:35:33.744 INFO]: RoadRunner is attempting to run away from 1 Coyotes!
[15:35:33.745 INFO]: RoadRunner(5) is moving NE from (7, 4) to (6,5)
[15:35:33.745 INFO]: Coyote(29) is moving N from (8, 8) to (7,8)
[15:35:33.745 WARN]: Coyote(29) just ate RoadRunner(1) at cell (7,8)
[15:35:33.745 INFO]: RoadRunner(17) is moving N from (3, 7) to (2,7)
[15:35:33.746 INFO]: Coyote(25) is moving E from (5, 1) to (5,2)
[15:35:33.746 INFO]: Coyote(20) is moving E from (4, 2) to (4,3)
[15:35:33.746 WARN]: Coyote(20) just ate RoadRunner(10) at cell (4,3)
[15:35:33.747 INFO]: RoadRunner is attempting to run away from 1 Coyotes!
[15:35:33.747 INFO]: RoadRunner(16) is moving E from (0, 6) to (0,7)
[15:35:33.747 INFO]: Coyote(26) is moving S from (5, 5) to (6,5)
[15:35:33.748 WARN]: Coyote(26) just ate RoadRunner(5) at cell (6,5)
[15:35:33.748 INFO]: Coyote(27) is moving SE from (7, 0) to (8,1)
[15:35:33.748 INFO]: RoadRunner is attempting to run away from 1 Coyotes!
[15:35:33.749 INFO]: RoadRunner(6) is moving E from (0, 2) to (0,3)
[15:35:33.749 INFO]: RoadRunner is attempting to run away from 1 Coyotes!
[15:35:33.749 INFO]: RoadRunner(3) is moving E from (9, 4) to (9,5)
[15:35:33.749 INFO]: RoadRunner is attempting to run away from 1 Coyotes!
[15:35:33.750 INFO]: RoadRunner(0) is moving SE from (7, 6) to (8,7)
[15:35:33.750 INFO]: Coyote(21) is moving SW from (2, 3) to (3,2)
[15:35:33.751 INFO]: 
[15:35:33.751 INFO]: Coyotes Left: 10
[15:35:33.751 INFO]: RoadRunners Left: 8
[15:35:34.008 INFO]: 
[15:35:34.008 INFO]: 
[15:35:34.008 INFO]: ########## Age 2 ##########
[15:35:34.008 INFO]: 
[15:35:34.008 INFO]: 
[15:35:34.009 INFO]: RoadRunner(6) is moving SW from (0, 3) to (1,2)
[15:35:34.009 INFO]: RoadRunner(14) is moving NW from (1, 7) to (0,6)
[15:35:34.010 INFO]: Coyote(22) is moving SW from (8, 3) to (9,2)
[15:35:34.010 INFO]: RoadRunner(15) is moving S from (4, 8) to (5,8)
[15:35:34.011 INFO]: Coyote(25) is moving N from (5, 2) to (4,2)
[15:35:34.011 INFO]: Coyote(24) is moving NE from (1, 5) to (0,6)
[15:35:34.011 WARN]: Coyote(24) just ate RoadRunner(14) at cell (0,6)
[15:35:34.011 INFO]: Coyote(26) is moving SW from (6, 5) to (7,4)
[15:35:34.012 INFO]: RoadRunner is attempting to run away from 1 Coyotes!
[15:35:34.012 INFO]: RoadRunner(16) is moving SE from (0, 7) to (1,8)
[15:35:34.012 INFO]: RoadRunner(12) is moving NW from (5, 9) to (4,8)
[15:35:34.012 INFO]: Coyote(29) is moving SW from (7, 8) to (8,7)
[15:35:34.013 WARN]: Coyote(29) just ate RoadRunner(0) at cell (8,7)
[15:35:34.013 INFO]: Coyote(27) is moving N from (8, 1) to (7,1)
[15:35:34.013 INFO]: Coyote(23) is moving E from (1, 1) to (1,2)
[15:35:34.013 WARN]: Coyote(23) just ate RoadRunner(6) at cell (1,2)
[15:35:34.014 INFO]: Coyote(21) is moving NW from (3, 2) to (2,1)
[15:35:34.014 INFO]: RoadRunner(17) is moving E from (2, 7) to (2,8)
[15:35:34.014 INFO]: Coyote(28) is moving W from (3, 1) to (3,0)
[15:35:34.015 INFO]: Coyote(20) is moving N from (4, 3) to (3,3)
[15:35:34.015 INFO]: RoadRunner(3) is moving W from (9, 5) to (9,4)
[15:35:34.015 INFO]: RoadRunner just bred a new RoadRunner at cell (4,9)
[15:35:34.015 INFO]: RoadRunner just bred a new RoadRunner at cell (0,8)
[15:35:34.016 INFO]: RoadRunner just bred a new RoadRunner at cell (3,8)
[15:35:34.016 INFO]: RoadRunner just bred a new RoadRunner at cell (1,9)
[15:35:34.016 INFO]: RoadRunner just bred a new RoadRunner at cell (8,4)
[15:35:34.017 INFO]: 
[15:35:34.017 INFO]: Coyotes Left: 10
[15:35:34.017 INFO]: RoadRunners Left: 10
[15:35:34.288 INFO]: 
[15:35:34.289 INFO]: 
[15:35:34.289 INFO]: ########## Age 3 ##########
[15:35:34.289 INFO]: 
[15:35:34.289 INFO]: 
[15:35:34.290 INFO]: RoadRunner(12) is moving SW from (4, 8) to (5,7)
[15:35:34.290 INFO]: RoadRunner(15) is moving N from (5, 8) to (4,8)
[15:35:34.291 INFO]: RoadRunner(16) is moving SE from (1, 8) to (2,9)
[15:35:34.292 INFO]: RoadRunner is attempting to run away from 1 Coyotes!
[15:35:34.292 INFO]: RoadRunner(34) is moving SE from (8, 4) to (9,5)
[15:35:34.292 INFO]: Coyote(25) is moving N from (4, 2) to (3,2)
[15:35:34.293 INFO]: Coyote(22) is moving E from (9, 2) to (9,3)
[15:35:34.293 INFO]: RoadRunner(33) is moving N from (1, 9) to (0,9)
[15:35:34.294 INFO]: RoadRunner(30) is moving N from (4, 9) to (3,9)
[15:35:34.294 INFO]: Coyote(27) is moving SW from (7, 1) to (8,0)
[15:35:34.294 INFO]: RoadRunner(17) is moving SW from (2, 8) to (3,7)
[15:35:34.294 INFO]: RoadRunner(31) is moving SE from (0, 8) to (1,9)
[15:35:34.295 INFO]: Coyote(26) is moving N from (7, 4) to (6,4)
[15:35:34.295 INFO]: RoadRunner is attempting to run away from 1 Coyotes!
[15:35:34.295 INFO]: RoadRunner(3) is moving NE from (9, 4) to (8,5)
[15:35:34.296 INFO]: Coyote(28) is moving N from (3, 0) to (2,0)
[15:35:34.296 INFO]: RoadRunner(32) is moving NW from (3, 8) to (2,7)
[15:35:34.297 INFO]: Coyote(20) is moving E from (3, 3) to (3,4)
[15:35:34.297 INFO]: Coyote(23) is moving SE from (1, 2) to (2,3)
[15:35:34.297 INFO]: Coyote(24) is moving W from (0, 6) to (0,5)
[15:35:34.297 INFO]: Coyote(29) is moving N from (8, 7) to (7,7)
[15:35:34.298 INFO]: Coyote(21) is moving NE from (2, 1) to (1,2)
[15:35:34.298 INFO]: 
[15:35:34.298 INFO]: Coyotes Left: 10
[15:35:34.298 INFO]: RoadRunners Left: 10
[15:35:34.576 INFO]: 
[15:35:34.577 INFO]: 
[15:35:34.577 INFO]: ########## Age 4 ##########
[15:35:34.577 INFO]: 
[15:35:34.577 INFO]: 
[15:35:34.578 INFO]: RoadRunner(16) is moving SW from (2, 9) to (3,8)
[15:35:34.578 INFO]: Coyote(23) is moving E from (2, 3) to (2,4)
[15:35:34.578 INFO]: RoadRunner(30) is moving S from (3, 9) to (4,9)
[15:35:34.579 INFO]: Coyote(20) is moving S from (3, 4) to (4,4)
[15:35:34.579 INFO]: RoadRunner(3) is moving SW from (8, 5) to (9,4)
[15:35:34.579 INFO]: RoadRunner(12) is moving SE from (5, 7) to (6,8)
[15:35:34.580 WARN]: Coyote(25) died to starvation!
[15:35:34.580 INFO]: RoadRunner(32) is moving W from (2, 7) to (2,6)
[15:35:34.580 INFO]: Coyote(26) is moving E from (6, 4) to (6,5)
[15:35:34.580 INFO]: Coyote(24) is moving W from (0, 5) to (0,4)
[15:35:34.581 INFO]: RoadRunner(31) is moving W from (1, 9) to (1,8)
[15:35:34.581 WARN]: Coyote(27) died to starvation!
[15:35:34.581 WARN]: Coyote(21) died to starvation!
[15:35:34.581 INFO]: Coyote(29) is moving NE from (7, 7) to (6,8)
[15:35:34.581 WARN]: Coyote(29) just ate RoadRunner(12) at cell (6,8)
[15:35:34.581 INFO]: RoadRunner(33) is moving W from (0, 9) to (0,8)
[15:35:34.582 INFO]: RoadRunner(17) is moving S from (3, 7) to (4,7)
[15:35:34.582 INFO]: RoadRunner(34) is moving NW from (9, 5) to (8,4)
[15:35:34.582 WARN]: Coyote(28) died to starvation!
[15:35:34.583 INFO]: RoadRunner(15) is moving S from (4, 8) to (5,8)
[15:35:34.583 INFO]: Coyote(22) is moving NE from (9, 3) to (8,4)
[15:35:34.583 WARN]: Coyote(22) just ate RoadRunner(34) at cell (8,4)
[15:35:34.584 INFO]: 
[15:35:34.584 INFO]: Coyotes Left: 6
[15:35:34.584 INFO]: RoadRunners Left: 8
[15:35:34.865 INFO]: 
[15:35:34.865 INFO]: 
[15:35:34.865 INFO]: ########## Age 5 ##########
[15:35:34.865 INFO]: 
[15:35:34.866 INFO]: 
[15:35:34.866 INFO]: Coyote(29) is moving N from (6, 8) to (5,8)
[15:35:34.867 WARN]: Coyote(29) just ate RoadRunner(15) at cell (5,8)
[15:35:34.867 INFO]: Coyote(23) is moving SW from (2, 4) to (3,3)
[15:35:34.868 INFO]: RoadRunner is attempting to run away from 1 Coyotes!
[15:35:34.868 INFO]: RoadRunner(17) is moving NW from (4, 7) to (3,6)
[15:35:34.868 INFO]: RoadRunner(33) is moving W from (0, 8) to (0,7)
[15:35:34.868 INFO]: Coyote(24) is moving W from (0, 4) to (0,3)
[15:35:34.869 WARN]: Coyote(20) died to starvation!
[15:35:34.869 INFO]: RoadRunner(16) is moving N from (3, 8) to (2,8)
[15:35:34.869 INFO]: RoadRunner(31) is moving NE from (1, 8) to (0,9)
[15:35:34.869 INFO]: RoadRunner is attempting to run away from 1 Coyotes!
[15:35:34.869 INFO]: RoadRunner(3) is moving E from (9, 4) to (9,5)
[15:35:34.869 WARN]: Coyote(26) died to starvation!
[15:35:34.869 INFO]: RoadRunner is attempting to run away from 1 Coyotes!
[15:35:34.870 INFO]: RoadRunner(30) is moving N from (4, 9) to (3,9)
[15:35:34.870 INFO]: Coyote(22) is moving SE from (8, 4) to (9,5)
[15:35:34.870 WARN]: Coyote(22) just ate RoadRunner(3) at cell (9,5)
[15:35:34.870 INFO]: RoadRunner(32) is moving SE from (2, 6) to (3,7)
[15:35:34.870 INFO]: RoadRunner just bred a new RoadRunner at cell (2,6)
[15:35:34.871 INFO]: RoadRunner just bred a new RoadRunner at cell (1,7)
[15:35:34.871 INFO]: RoadRunner just bred a new RoadRunner at cell (1,8)
[15:35:34.871 INFO]: RoadRunner just bred a new RoadRunner at cell (1,9)
[15:35:34.871 INFO]: RoadRunner just bred a new RoadRunner at cell (2,9)
[15:35:34.871 INFO]: RoadRunner just bred a new RoadRunner at cell (2,7)
[15:35:34.872 INFO]: 
[15:35:34.872 INFO]: Coyotes Left: 4
[15:35:34.872 INFO]: RoadRunners Left: 12
[15:35:35.137 INFO]: 
[15:35:35.138 INFO]: 
[15:35:35.138 INFO]: ########## Age 6 ##########
[15:35:35.139 INFO]: 
[15:35:35.139 INFO]: 
[15:35:35.139 INFO]: RoadRunner(30) is moving W from (3, 9) to (3,8)
[15:35:35.140 WARN]: Coyote(24) died to starvation!
[15:35:35.140 INFO]: Coyote(29) is moving N from (5, 8) to (4,8)
[15:35:35.140 INFO]: RoadRunner(31) is moving W from (0, 9) to (0,8)
[15:35:35.140 INFO]: RoadRunner(33) is moving SW from (0, 7) to (1,6)
[15:35:35.140 INFO]: RoadRunner(36) is moving NW from (1, 7) to (0,6)
[15:35:35.141 INFO]: RoadRunner(35) is moving SW from (2, 6) to (3,5)
[15:35:35.141 INFO]: RoadRunner(38) is moving N from (1, 9) to (0,9)
[15:35:35.141 INFO]: RoadRunner(37) is moving W from (1, 8) to (1,7)
[15:35:35.141 WARN]: Coyote(23) died to starvation!
[15:35:35.141 INFO]: RoadRunner(16) is moving N from (2, 8) to (1,8)
[15:35:35.141 INFO]: RoadRunner(40) is moving W from (2, 7) to (2,6)
[15:35:35.141 INFO]: RoadRunner is attempting to run away from 1 Coyotes!
[15:35:35.142 INFO]: RoadRunner(32) is moving N from (3, 7) to (2,7)
[15:35:35.142 INFO]: RoadRunner(39) is moving S from (2, 9) to (3,9)
[15:35:35.142 INFO]: RoadRunner(17) is moving E from (3, 6) to (3,7)
[15:35:35.142 INFO]: Coyote(22) is moving NW from (9, 5) to (8,4)
[15:35:35.143 INFO]: 
[15:35:35.143 INFO]: Coyotes Left: 2
[15:35:35.143 INFO]: RoadRunners Left: 12
[15:35:35.434 INFO]: 
[15:35:35.434 INFO]: 
[15:35:35.434 INFO]: ########## Age 7 ##########
[15:35:35.434 INFO]: 
[15:35:35.435 INFO]: 
[15:35:35.435 INFO]: RoadRunner(31) is moving W from (0, 8) to (0,7)
[15:35:35.436 INFO]: RoadRunner(38) is moving S from (0, 9) to (1,9)
[15:35:35.436 INFO]: RoadRunner(32) is moving E from (2, 7) to (2,8)
[15:35:35.436 INFO]: RoadRunner is attempting to run away from 1 Coyotes!
[15:35:35.437 INFO]: RoadRunner(30) is moving NE from (3, 8) to (2,9)
[15:35:35.437 INFO]: RoadRunner(40) is moving S from (2, 6) to (3,6)
[15:35:35.437 INFO]: Coyote(22) is moving E from (8, 4) to (8,5)
[15:35:35.437 INFO]: RoadRunner(35) is moving N from (3, 5) to (2,5)
[15:35:35.437 INFO]: RoadRunner is attempting to run away from 1 Coyotes!
[15:35:35.438 INFO]: RoadRunner(37) is moving S from (1, 7) to (2,7)
[15:35:35.438 INFO]: RoadRunner(33) is moving W from (1, 6) to (1,5)
[15:35:35.438 INFO]: RoadRunner is attempting to run away from 1 Coyotes!
[15:35:35.438 INFO]: RoadRunner(17) is moving NW from (3, 7) to (2,6)
[15:35:35.438 INFO]: RoadRunner(16) is moving NE from (1, 8) to (0,9)
[15:35:35.438 INFO]: Coyote(29) is moving NE from (4, 8) to (3,9)
[15:35:35.438 WARN]: Coyote(29) just ate RoadRunner(39) at cell (3,9)
[15:35:35.439 INFO]: RoadRunner(36) is moving S from (0, 6) to (1,6)
[15:35:35.439 INFO]: Coyote just bred a new Coyote at cell (7,5)
[15:35:35.439 INFO]: Coyote just bred a new Coyote at cell (4,9)
[15:35:35.439 INFO]: 
[15:35:35.439 INFO]: Coyotes Left: 4
[15:35:35.439 INFO]: RoadRunners Left: 11
[15:35:35.690 INFO]: 
[15:35:35.690 INFO]: 
[15:35:35.691 INFO]: ########## Age 8 ##########
[15:35:35.691 INFO]: 
[15:35:35.691 INFO]: 
[15:35:35.691 INFO]: RoadRunner(17) is moving NE from (2, 6) to (1,7)
[15:35:35.691 INFO]: RoadRunner is attempting to run away from 1 Coyotes!
[15:35:35.692 INFO]: RoadRunner(32) is moving N from (2, 8) to (1,8)
[15:35:35.692 INFO]: RoadRunner(16) is moving W from (0, 9) to (0,8)
[15:35:35.693 INFO]: RoadRunner(36) is moving S from (1, 6) to (2,6)
[15:35:35.693 INFO]: RoadRunner(31) is moving W from (0, 7) to (0,6)
[15:35:35.693 INFO]: RoadRunner(35) is moving NW from (2, 5) to (1,4)
[15:35:35.693 INFO]: Coyote(41) is moving N from (7, 5) to (6,5)
[15:35:35.694 INFO]: RoadRunner(40) is moving E from (3, 6) to (3,7)
[15:35:35.694 INFO]: Coyote(22) is moving W from (8, 5) to (8,4)
[15:35:35.694 INFO]: Coyote(29) is moving N from (3, 9) to (2,9)
[15:35:35.694 WARN]: Coyote(29) just ate RoadRunner(30) at cell (2,9)
[15:35:35.694 INFO]: Coyote(42) is moving SW from (4, 9) to (5,8)
[15:35:35.694 INFO]: RoadRunner(37) is moving NW from (2, 7) to (1,6)
[15:35:35.694 INFO]: RoadRunner is attempting to run away from 1 Coyotes!
[15:35:35.695 INFO]: RoadRunner(38) is moving N from (1, 9) to (0,9)
[15:35:35.695 INFO]: RoadRunner(33) is moving SW from (1, 5) to (2,4)
[15:35:35.695 INFO]: RoadRunner just bred a new RoadRunner at cell (0,7)
[15:35:35.695 INFO]: RoadRunner just bred a new RoadRunner at cell (2,8)
[15:35:35.695 INFO]: RoadRunner just bred a new RoadRunner at cell (1,9)
[15:35:35.695 INFO]: RoadRunner just bred a new RoadRunner at cell (1,5)
[15:35:35.696 INFO]: RoadRunner just bred a new RoadRunner at cell (0,5)
[15:35:35.696 INFO]: RoadRunner just bred a new RoadRunner at cell (0,4)
[15:35:35.696 INFO]: RoadRunner just bred a new RoadRunner at cell (2,7)
[15:35:35.696 INFO]: RoadRunner just bred a new RoadRunner at cell (2,5)
[15:35:35.696 INFO]: RoadRunner just bred a new RoadRunner at cell (1,3)
[15:35:35.696 INFO]: 
[15:35:35.696 INFO]: Coyotes Left: 4
[15:35:35.696 INFO]: RoadRunners Left: 19
[15:35:36.059 INFO]: 
[15:35:36.059 INFO]: 
[15:35:36.059 INFO]: ########## Age 9 ##########
[15:35:36.059 INFO]: 
[15:35:36.060 INFO]: 
[15:35:36.060 INFO]: RoadRunner(50) is moving SW from (2, 5) to (3,4)
[15:35:36.060 INFO]: RoadRunner(49) is moving SW from (2, 7) to (3,6)
[15:35:36.061 INFO]: RoadRunner is attempting to run away from 1 Coyotes!
[15:35:36.061 INFO]: RoadRunner(37) is moving SW from (1, 6) to (2,5)
[15:35:36.061 INFO]: RoadRunner(47) is moving SE from (0, 5) to (1,6)
[15:35:36.062 INFO]: RoadRunner(40) is moving E from (3, 7) to (3,8)
[15:35:36.062 INFO]: RoadRunner(51) is moving NW from (1, 3) to (0,2)
[15:35:36.062 INFO]: Coyote(29) is moving N from (2, 9) to (1,9)
[15:35:36.062 WARN]: Coyote(29) just ate RoadRunner(45) at cell (1,9)
[15:35:36.062 INFO]: RoadRunner is attempting to run away from 1 Coyotes!
[15:35:36.062 INFO]: RoadRunner(46) is moving N from (1, 5) to (0,5)
[15:35:36.062 INFO]: RoadRunner(36) is moving NW from (2, 6) to (1,5)
[15:35:36.062 INFO]: RoadRunner(17) is moving SW from (1, 7) to (2,6)
[15:35:36.063 INFO]: RoadRunner(35) is moving W from (1, 4) to (1,3)
[15:35:36.063 INFO]: RoadRunner is attempting to run away from 1 Coyotes!
[15:35:36.063 INFO]: RoadRunner(44) is moving SW from (2, 8) to (3,7)
[15:35:36.063 INFO]: RoadRunner(33) is moving SW from (2, 4) to (3,3)
[15:35:36.063 INFO]: RoadRunner(48) is moving S from (0, 4) to (1,4)
[15:35:36.063 WARN]: Coyote(22) died to starvation!
[15:35:36.063 INFO]: Coyote(41) is moving E from (6, 5) to (6,6)
[15:35:36.064 INFO]: Coyote(42) is moving S from (5, 8) to (6,8)
[15:35:36.064 INFO]: RoadRunner is attempting to run away from 1 Coyotes!
[15:35:36.064 INFO]: RoadRunner(32) is moving SW from (1, 8) to (2,7)
[15:35:36.064 INFO]: 
[15:35:36.064 INFO]: Coyotes Left: 3
[15:35:36.064 INFO]: RoadRunners Left: 18
[15:35:36.476 INFO]: 
[15:35:36.476 INFO]: 
[15:35:36.476 INFO]: ########## Age 10 ##########
[15:35:36.476 INFO]: 
[15:35:36.476 INFO]: 
[15:35:36.476 INFO]: RoadRunner is attempting to run away from 1 Coyotes!
[15:35:36.477 INFO]: RoadRunner(49) is moving W from (3, 6) to (3,5)
[15:35:36.477 INFO]: RoadRunner(44) is moving SW from (3, 7) to (4,6)
[15:35:36.478 INFO]: RoadRunner(50) is moving NW from (3, 4) to (2,3)
[15:35:36.478 INFO]: Coyote(41) is moving W from (6, 6) to (6,5)
[15:35:36.478 INFO]: RoadRunner(43) is moving SE from (0, 7) to (1,8)
[15:35:36.478 INFO]: Coyote(29) is moving N from (1, 9) to (0,9)
[15:35:36.479 WARN]: Coyote(29) just ate RoadRunner(38) at cell (0,9)
[15:35:36.479 INFO]: RoadRunner(46) is moving W from (0, 5) to (0,4)
[15:35:36.479 INFO]: RoadRunner(17) is moving NE from (2, 6) to (1,7)
[15:35:36.479 INFO]: RoadRunner(48) is moving S from (1, 4) to (2,4)
[15:35:36.479 INFO]: RoadRunner(51) is moving W from (0, 2) to (0,1)
[15:35:36.479 INFO]: RoadRunner(47) is moving NE from (1, 6) to (0,7)
[15:35:36.480 INFO]: RoadRunner(37) is moving NW from (2, 5) to (1,4)
[15:35:36.480 INFO]: RoadRunner(32) is moving SW from (2, 7) to (3,6)
[15:35:36.480 INFO]: RoadRunner(31) is moving W from (0, 6) to (0,5)
[15:35:36.480 INFO]: RoadRunner is attempting to run away from 1 Coyotes!
[15:35:36.480 INFO]: Coyote(42) is moving NW from (6, 8) to (5,7)
[15:35:36.480 INFO]: RoadRunner(35) is moving NW from (1, 3) to (0,2)
[15:35:36.480 INFO]: RoadRunner(36) is moving S from (1, 5) to (2,5)
[15:35:36.480 INFO]: RoadRunner(40) is moving N from (3, 8) to (2,8)
[15:35:36.481 INFO]: RoadRunner(33) is moving SW from (3, 3) to (4,2)
[15:35:36.481 INFO]: 
[15:35:36.481 INFO]: Coyotes Left: 3
[15:35:36.481 INFO]: RoadRunners Left: 17
[15:35:36.908 INFO]: 
[15:35:36.908 INFO]: 
[15:35:36.909 INFO]: ########## Age 11 ##########
[15:35:36.909 INFO]: 
[15:35:36.909 INFO]: 
[15:35:36.909 INFO]: RoadRunner is attempting to run away from 1 Coyotes!
[15:35:36.909 INFO]: RoadRunner(44) is moving W from (4, 6) to (4,5)
[15:35:36.910 INFO]: RoadRunner(46) is moving SE from (0, 4) to (1,5)
[15:35:36.910 INFO]: RoadRunner(33) is moving SE from (4, 2) to (5,3)
[15:35:36.910 INFO]: RoadRunner(37) is moving NW from (1, 4) to (0,3)
[15:35:36.910 INFO]: RoadRunner(36) is moving E from (2, 5) to (2,6)
[15:35:36.911 INFO]: RoadRunner is attempting to run away from 1 Coyotes!
[15:35:36.911 INFO]: RoadRunner(43) is moving SW from (1, 8) to (2,7)
[15:35:36.911 INFO]: RoadRunner(49) is moving N from (3, 5) to (2,5)
[15:35:36.911 INFO]: RoadRunner(35) is moving SW from (0, 2) to (1,1)
[15:35:36.911 INFO]: RoadRunner(48) is moving NW from (2, 4) to (1,3)
[15:35:36.911 INFO]: RoadRunner(40) is moving SE from (2, 8) to (3,9)
[15:35:36.911 INFO]: RoadRunner(31) is moving W from (0, 5) to (0,4)
[15:35:36.912 INFO]: Coyote(29) is moving W from (0, 9) to (0,8)
[15:35:36.912 WARN]: Coyote(29) just ate RoadRunner(16) at cell (0,8)
[15:35:36.912 INFO]: RoadRunner(32) is moving E from (3, 6) to (3,7)
[15:35:36.912 INFO]: RoadRunner(51) is moving SW from (0, 1) to (1,0)
[15:35:36.912 WARN]: Coyote(42) died to starvation!
[15:35:36.912 INFO]: RoadRunner is attempting to run away from 1 Coyotes!
[15:35:36.912 INFO]: RoadRunner(47) is moving SW from (0, 7) to (1,6)
[15:35:36.912 INFO]: RoadRunner(50) is moving NE from (2, 3) to (1,4)
[15:35:36.912 INFO]: RoadRunner is attempting to run away from 1 Coyotes!
[15:35:36.913 INFO]: RoadRunner(17) is moving NW from (1, 7) to (0,6)
[15:35:36.913 WARN]: Coyote(41) died to starvation!
[15:35:36.913 INFO]: RoadRunner just bred a new RoadRunner at cell (3,5)
[15:35:36.913 INFO]: RoadRunner just bred a new RoadRunner at cell (0,5)
[15:35:36.913 INFO]: RoadRunner just bred a new RoadRunner at cell (4,3)
[15:35:36.913 INFO]: RoadRunner just bred a new RoadRunner at cell (1,2)
[15:35:36.913 INFO]: RoadRunner just bred a new RoadRunner at cell (1,7)
[15:35:36.913 INFO]: RoadRunner just bred a new RoadRunner at cell (1,8)
[15:35:36.913 INFO]: RoadRunner just bred a new RoadRunner at cell (3,6)
[15:35:36.913 INFO]: RoadRunner just bred a new RoadRunner at cell (0,1)
[15:35:36.914 INFO]: RoadRunner just bred a new RoadRunner at cell (0,2)
[15:35:36.914 INFO]: RoadRunner just bred a new RoadRunner at cell (2,9)
[15:35:36.914 INFO]: RoadRunner just bred a new RoadRunner at cell (2,8)
[15:35:36.914 INFO]: RoadRunner just bred a new RoadRunner at cell (0,0)
[15:35:36.914 INFO]: RoadRunner just bred a new RoadRunner at cell (0,7)
[15:35:36.914 INFO]: RoadRunner just bred a new RoadRunner at cell (2,4)
[15:35:36.914 INFO]: 
[15:35:36.914 INFO]: Coyotes Left: 1
[15:35:36.914 INFO]: RoadRunners Left: 30
[15:35:37.349 INFO]: 
[15:35:37.349 INFO]: 
[15:35:37.349 INFO]: ########## Age 12 ##########
[15:35:37.349 INFO]: 
[15:35:37.350 INFO]: 
[15:35:37.350 INFO]: RoadRunner(54) is moving NW from (4, 3) to (3,2)
[15:35:37.350 INFO]: RoadRunner(35) is moving SW from (1, 1) to (2,0)
[15:35:37.350 INFO]: RoadRunner(63) is moving SE from (0, 0) to (1,1)
[15:35:37.350 INFO]: RoadRunner(48) is moving S from (1, 3) to (2,3)
[15:35:37.351 INFO]: RoadRunner(40) is moving W from (3, 9) to (3,8)
[15:35:37.351 INFO]: RoadRunner(59) is moving W from (0, 1) to (0,0)
[15:35:37.351 INFO]: RoadRunner(33) is moving SE from (5, 3) to (6,4)
[15:35:37.351 INFO]: RoadRunner is attempting to run away from 1 Coyotes!
[15:35:37.352 INFO]: RoadRunner(32) is moving SE from (3, 7) to (4,8)
[15:35:37.352 INFO]: RoadRunner(51) is moving SE from (1, 0) to (2,1)
[15:35:37.352 INFO]: RoadRunner is attempting to run away from 1 Coyotes!
[15:35:37.352 INFO]: RoadRunner(57) is moving E from (1, 8) to (1,9)
[15:35:37.352 INFO]: RoadRunner(60) is moving W from (0, 2) to (0,1)
[15:35:37.352 INFO]: RoadRunner(61) is moving S from (2, 9) to (3,9)
[15:35:37.352 INFO]: RoadRunner(44) is moving SW from (4, 5) to (5,4)
[15:35:37.353 INFO]: RoadRunner(49) is moving SW from (2, 5) to (3,4)
[15:35:37.353 INFO]: RoadRunner(65) is moving E from (2, 4) to (2,5)
[15:35:37.353 INFO]: RoadRunner(43) is moving S from (2, 7) to (3,7)
[15:35:37.353 INFO]: RoadRunner(47) is moving SE from (1, 6) to (2,7)
[15:35:37.353 INFO]: RoadRunner(52) is moving SW from (3, 5) to (4,4)
[15:35:37.353 INFO]: RoadRunner(31) is moving SW from (0, 4) to (1,3)
[15:35:37.353 INFO]: RoadRunner(50) is moving N from (1, 4) to (0,4)
[15:35:37.354 INFO]: RoadRunner(55) is moving S from (1, 2) to (2,2)
[15:35:37.354 INFO]: RoadRunner is attempting to run away from 1 Coyotes!
[15:35:37.354 INFO]: RoadRunner(56) is moving W from (1, 7) to (1,6)
[15:35:37.354 INFO]: Coyote(29) is moving SE from (0, 8) to (1,9)
[15:35:37.354 WARN]: Coyote(29) just ate RoadRunner(57) at cell (1,9)
[15:35:37.354 INFO]: RoadRunner is attempting to run away from 1 Coyotes!
[15:35:37.354 INFO]: RoadRunner(62) is moving NW from (2, 8) to (1,7)
[15:35:37.355 INFO]: RoadRunner(58) is moving W from (3, 6) to (3,5)
[15:35:37.355 INFO]: RoadRunner(46) is moving W from (1, 5) to (1,4)
[15:35:37.355 INFO]: 
[15:35:37.355 INFO]: Coyotes Left: 1
[15:35:37.355 INFO]: RoadRunners Left: 29
[15:35:37.822 INFO]: 
[15:35:37.822 INFO]: 
[15:35:37.822 INFO]: ########## Age 13 ##########
[15:35:37.822 INFO]: 
[15:35:37.822 INFO]: 
[15:35:37.823 INFO]: RoadRunner(43) is moving S from (3, 7) to (4,7)
[15:35:37.823 INFO]: RoadRunner(51) is moving S from (2, 1) to (3,1)
[15:35:37.823 INFO]: RoadRunner(17) is moving SW from (0, 6) to (1,5)
[15:35:37.823 INFO]: RoadRunner(40) is moving SE from (3, 8) to (4,9)
[15:35:37.823 INFO]: RoadRunner(56) is moving N from (1, 6) to (0,6)
[15:35:37.823 INFO]: RoadRunner(60) is moving E from (0, 1) to (0,2)
[15:35:37.824 INFO]: RoadRunner(44) is moving NW from (5, 4) to (4,3)
[15:35:37.824 INFO]: RoadRunner(52) is moving E from (4, 4) to (4,5)
[15:35:37.824 INFO]: RoadRunner(49) is moving W from (3, 4) to (3,3)
[15:35:37.824 INFO]: RoadRunner(53) is moving SE from (0, 5) to (1,6)
[15:35:37.824 INFO]: RoadRunner(55) is moving N from (2, 2) to (1,2)
[15:35:37.824 INFO]: RoadRunner(63) is moving N from (1, 1) to (0,1)
[15:35:37.824 INFO]: RoadRunner(61) is moving N from (3, 9) to (2,9)
[15:35:37.825 INFO]: RoadRunner(59) is moving SE from (0, 0) to (1,1)
[15:35:37.825 INFO]: RoadRunner(50) is moving E from (0, 4) to (0,5)
[15:35:37.825 INFO]: RoadRunner(35) is moving S from (2, 0) to (3,0)
[15:35:37.825 INFO]: RoadRunner(37) is moving E from (0, 3) to (0,4)
[15:35:37.825 INFO]: RoadRunner(54) is moving SW from (3, 2) to (4,1)
[15:35:37.825 INFO]: RoadRunner(36) is moving SE from (2, 6) to (3,7)
[15:35:37.825 INFO]: RoadRunner(47) is moving W from (2, 7) to (2,6)
[15:35:37.825 INFO]: RoadRunner(58) is moving NW from (3, 5) to (2,4)
[15:35:37.825 INFO]: RoadRunner(65) is moving SW from (2, 5) to (3,4)
[15:35:37.826 INFO]: RoadRunner(33) is moving SW from (6, 4) to (7,3)
[15:35:37.826 INFO]: RoadRunner(64) is moving E from (0, 7) to (0,8)
[15:35:37.826 INFO]: RoadRunner(31) is moving SW from (1, 3) to (2,2)
[15:35:37.826 INFO]: RoadRunner(32) is moving SW from (4, 8) to (5,7)
[15:35:37.826 INFO]: RoadRunner(48) is moving N from (2, 3) to (1,3)
[15:35:37.826 INFO]: RoadRunner(46) is moving SW from (1, 4) to (2,3)
[15:35:37.826 INFO]: RoadRunner(62) is moving N from (1, 7) to (0,7)
[15:35:37.826 INFO]: Coyote(29) is moving NW from (1, 9) to (0,8)
[15:35:37.826 WARN]: Coyote(29) just ate RoadRunner(64) at cell (0,8)
[15:35:37.827 INFO]: 
[15:35:37.827 INFO]: Coyotes Left: 1
[15:35:37.827 INFO]: RoadRunners Left: 28
[15:35:38.134 INFO]: 
[15:35:38.134 INFO]: 
[15:35:38.134 INFO]: ########## Age 14 ##########
[15:35:38.134 INFO]: 
[15:35:38.135 INFO]: 
[15:35:38.135 INFO]: RoadRunner(59) is moving NW from (1, 1) to (0,0)
[15:35:38.135 INFO]: RoadRunner(47) is moving S from (2, 6) to (3,6)
[15:35:38.135 INFO]: RoadRunner(52) is moving S from (4, 5) to (5,5)
[15:35:38.135 INFO]: RoadRunner(36) is moving SW from (3, 7) to (4,6)
[15:35:38.135 INFO]: RoadRunner(63) is moving SW from (0, 1) to (1,0)
[15:35:38.136 INFO]: RoadRunner is attempting to run away from 1 Coyotes!
[15:35:38.136 INFO]: RoadRunner(62) is moving S from (0, 7) to (1,7)
[15:35:38.136 INFO]: RoadRunner(50) is moving SW from (0, 5) to (1,4)
[15:35:38.136 INFO]: RoadRunner(51) is moving SW from (3, 1) to (4,0)
[15:35:38.136 INFO]: RoadRunner(33) is moving E from (7, 3) to (7,4)
[15:35:38.136 INFO]: RoadRunner(35) is moving NE from (3, 0) to (2,1)
[15:35:38.137 INFO]: RoadRunner(53) is moving SW from (1, 6) to (2,5)
[15:35:38.137 INFO]: RoadRunner(54) is moving SW from (4, 1) to (5,0)
[15:35:38.137 INFO]: RoadRunner(48) is moving N from (1, 3) to (0,3)
[15:35:38.137 INFO]: RoadRunner(56) is moving E from (0, 6) to (0,7)
[15:35:38.137 INFO]: RoadRunner(40) is moving SW from (4, 9) to (5,8)
[15:35:38.137 INFO]: RoadRunner(46) is moving SW from (2, 3) to (3,2)
[15:35:38.137 INFO]: RoadRunner(65) is moving E from (3, 4) to (3,5)
[15:35:38.137 INFO]: RoadRunner(44) is moving SE from (4, 3) to (5,4)
[15:35:38.138 INFO]: RoadRunner(58) is moving S from (2, 4) to (3,4)
[15:35:38.138 INFO]: RoadRunner(31) is moving E from (2, 2) to (2,3)
[15:35:38.138 INFO]: RoadRunner(60) is moving SE from (0, 2) to (1,3)
[15:35:38.138 INFO]: RoadRunner(32) is moving NE from (5, 7) to (4,8)
[15:35:38.138 INFO]: Coyote(29) is moving SW from (0, 8) to (1,7)
[15:35:38.138 WARN]: Coyote(29) just ate RoadRunner(62) at cell (1,7)
[15:35:38.138 INFO]: RoadRunner(55) is moving N from (1, 2) to (0,2)
[15:35:38.138 INFO]: RoadRunner(43) is moving S from (4, 7) to (5,7)
[15:35:38.138 INFO]: RoadRunner(17) is moving E from (1, 5) to (1,6)
[15:35:38.138 INFO]: RoadRunner(49) is moving SE from (3, 3) to (4,4)
[15:35:38.138 INFO]: RoadRunner(61) is moving N from (2, 9) to (1,9)
[15:35:38.139 INFO]: RoadRunner(37) is moving E from (0, 4) to (0,5)
[15:35:38.139 INFO]: RoadRunner just bred a new RoadRunner at cell (1,1)
[15:35:38.139 INFO]: RoadRunner just bred a new RoadRunner at cell (2,6)
[15:35:38.139 INFO]: RoadRunner just bred a new RoadRunner at cell (4,5)
[15:35:38.139 INFO]: RoadRunner just bred a new RoadRunner at cell (3,7)
[15:35:38.139 INFO]: RoadRunner just bred a new RoadRunner at cell (0,1)
[15:35:38.139 INFO]: RoadRunner just bred a new RoadRunner at cell (0,4)
[15:35:38.139 INFO]: RoadRunner just bred a new RoadRunner at cell (3,0)
[15:35:38.139 INFO]: RoadRunner just bred a new RoadRunner at cell (6,4)
[15:35:38.139 INFO]: RoadRunner just bred a new RoadRunner at cell (1,2)
[15:35:38.139 INFO]: RoadRunner just bred a new RoadRunner at cell (1,5)
[15:35:38.140 INFO]: RoadRunner just bred a new RoadRunner at cell (4,1)
[15:35:38.140 INFO]: RoadRunner just bred a new RoadRunner at cell (1,8)
[15:35:38.140 INFO]: RoadRunner just bred a new RoadRunner at cell (4,9)
[15:35:38.140 INFO]: RoadRunner just bred a new RoadRunner at cell (2,2)
[15:35:38.140 INFO]: RoadRunner just bred a new RoadRunner at cell (2,4)
[15:35:38.140 INFO]: RoadRunner just bred a new RoadRunner at cell (4,3)
[15:35:38.140 INFO]: RoadRunner just bred a new RoadRunner at cell (3,3)
[15:35:38.140 INFO]: RoadRunner just bred a new RoadRunner at cell (3,8)
[15:35:38.140 INFO]: RoadRunner just bred a new RoadRunner at cell (4,7)
[15:35:38.140 INFO]: RoadRunner just bred a new RoadRunner at cell (0,6)
[15:35:38.140 INFO]: RoadRunner just bred a new RoadRunner at cell (5,3)
[15:35:38.140 INFO]: RoadRunner just bred a new RoadRunner at cell (0,9)
[15:35:38.140 INFO]: 
[15:35:38.140 INFO]: Coyotes Left: 1
[15:35:38.140 INFO]: RoadRunners Left: 49
[15:35:38.399 INFO]: 
[15:35:38.399 INFO]: 
[15:35:38.399 INFO]: ########## Age 15 ##########
[15:35:38.399 INFO]: 
[15:35:38.399 INFO]: 
[15:35:38.399 INFO]: RoadRunner is attempting to run away from 1 Coyotes!
[15:35:38.400 INFO]: RoadRunner(56) is moving E from (0, 7) to (0,8)
[15:35:38.400 INFO]: RoadRunner(69) is moving NE from (3, 7) to (2,8)
[15:35:38.400 INFO]: RoadRunner(46) is moving S from (3, 2) to (4,2)
[15:35:38.400 INFO]: RoadRunner(52) is moving SE from (5, 5) to (6,6)
[15:35:38.400 INFO]: RoadRunner(82) is moving W from (3, 3) to (3,2)
[15:35:38.400 INFO]: RoadRunner(33) is moving SE from (7, 4) to (8,5)
[15:35:38.401 INFO]: RoadRunner(84) is moving N from (4, 7) to (3,7)
[15:35:38.401 INFO]: RoadRunner(35) is moving S from (2, 1) to (3,1)
[15:35:38.401 INFO]: RoadRunner(63) is moving SE from (1, 0) to (2,1)
[15:35:38.401 INFO]: RoadRunner(72) is moving N from (3, 0) to (2,0)
[15:35:38.401 INFO]: RoadRunner(81) is moving N from (4, 3) to (3,3)
[15:35:38.402 INFO]: RoadRunner is attempting to run away from 1 Coyotes!
[15:35:38.402 INFO]: RoadRunner(77) is moving SE from (1, 8) to (2,9)
[15:35:38.402 INFO]: RoadRunner(43) is moving W from (5, 7) to (5,6)
[15:35:38.402 INFO]: RoadRunner(73) is moving W from (6, 4) to (6,3)
[15:35:38.402 INFO]: RoadRunner(59) is moving S from (0, 0) to (1,0)
[15:35:38.402 INFO]: RoadRunner(61) is moving W from (1, 9) to (1,8)
[15:35:38.402 INFO]: Coyote(29) is moving NE from (1, 7) to (0,8)
[15:35:38.402 WARN]: Coyote(29) just ate RoadRunner(56) at cell (0,8)
[15:35:38.403 INFO]: RoadRunner(32) is moving W from (4, 8) to (4,7)
[15:35:38.403 INFO]: RoadRunner(47) is moving NE from (3, 6) to (2,7)
[15:35:38.403 INFO]: RoadRunner(86) is moving SE from (5, 3) to (6,4)
[15:35:38.403 INFO]: RoadRunner is attempting to run away from 1 Coyotes!
[15:35:38.403 INFO]: RoadRunner(87) is moving S from (0, 9) to (1,9)
[15:35:38.403 INFO]: RoadRunner(49) is moving SE from (4, 4) to (5,5)
[15:35:38.403 INFO]: RoadRunner(17) is moving E from (1, 6) to (1,7)
[15:35:38.404 INFO]: RoadRunner(76) is moving SE from (4, 1) to (5,2)
[15:35:38.404 INFO]: RoadRunner(53) is moving SE from (2, 5) to (3,6)
[15:35:38.404 INFO]: RoadRunner(67) is moving N from (2, 6) to (1,6)
[15:35:38.404 INFO]: RoadRunner(44) is moving N from (5, 4) to (4,4)
[15:35:38.404 INFO]: RoadRunner(70) is moving W from (0, 1) to (0,0)
[15:35:38.404 INFO]: RoadRunner(83) is moving S from (3, 8) to (4,8)
[15:35:38.404 INFO]: RoadRunner(78) is moving S from (4, 9) to (5,9)
[15:35:38.404 INFO]: RoadRunner(65) is moving NE from (3, 5) to (2,6)
[15:35:38.404 INFO]: RoadRunner(68) is moving SW from (4, 5) to (5,4)
[15:35:38.404 INFO]: RoadRunner(36) is moving SE from (4, 6) to (5,7)
[15:35:38.404 INFO]: RoadRunner(54) is moving SE from (5, 0) to (6,1)
[15:35:38.404 INFO]: RoadRunner(85) is moving E from (0, 6) to (0,7)
[15:35:38.405 INFO]: RoadRunner(40) is moving NE from (5, 8) to (4,9)
[15:35:38.405 INFO]: RoadRunner(51) is moving N from (4, 0) to (3,0)
[15:35:38.405 INFO]: RoadRunner(66) is moving N from (1, 1) to (0,1)
[15:35:38.405 INFO]: Coyote just bred a new Coyote at cell (0,9)
[15:35:38.405 INFO]: 
[15:35:38.405 INFO]: Coyotes Left: 2
[15:35:38.405 INFO]: RoadRunners Left: 48
[15:35:38.639 INFO]: 
[15:35:38.639 INFO]: 
[15:35:38.639 INFO]: ########## Age 16 ##########
[15:35:38.639 INFO]: 
[15:35:38.639 INFO]: 
[15:35:38.640 INFO]: RoadRunner(68) is moving W from (5, 4) to (5,3)
[15:35:38.640 INFO]: RoadRunner(72) is moving NE from (2, 0) to (1,1)
[15:35:38.640 INFO]: Coyote(29) is moving S from (0, 8) to (1,8)
[15:35:38.640 WARN]: Coyote(29) just ate RoadRunner(61) at cell (1,8)
[15:35:38.640 INFO]: RoadRunner is attempting to run away from 1 Coyotes!
[15:35:38.640 INFO]: RoadRunner(47) is moving SE from (2, 7) to (3,8)
[15:35:38.641 INFO]: RoadRunner(58) is moving E from (3, 4) to (3,5)
[15:35:38.641 INFO]: RoadRunner(76) is moving S from (5, 2) to (6,2)
[15:35:38.641 INFO]: RoadRunner(82) is moving SW from (3, 2) to (4,1)
[15:35:38.641 INFO]: RoadRunner(81) is moving W from (3, 3) to (3,2)
[15:35:38.642 INFO]: RoadRunner(63) is moving W from (2, 1) to (2,0)
[15:35:38.642 INFO]: RoadRunner(36) is moving E from (5, 7) to (5,8)
[15:35:38.642 INFO]: RoadRunner(79) is moving W from (2, 2) to (2,1)
[15:35:38.642 INFO]: RoadRunner(49) is moving N from (5, 5) to (4,5)
[15:35:38.642 INFO]: RoadRunner(53) is moving S from (3, 6) to (4,6)
[15:35:38.642 INFO]: RoadRunner is attempting to run away from 2 Coyotes!
[15:35:38.642 INFO]: RoadRunner(75) is moving S from (1, 5) to (2,5)
[15:35:38.642 INFO]: RoadRunner(44) is moving S from (4, 4) to (5,4)
[15:35:38.642 INFO]: RoadRunner(83) is moving SW from (4, 8) to (5,7)
[15:35:38.643 INFO]: RoadRunner(37) is moving S from (0, 5) to (1,5)
[15:35:38.643 INFO]: RoadRunner(46) is moving S from (4, 2) to (5,2)
[15:35:38.643 INFO]: RoadRunner(43) is moving SE from (5, 6) to (6,7)
[15:35:38.643 INFO]: RoadRunner(80) is moving SW from (2, 4) to (3,3)
[15:35:38.643 INFO]: RoadRunner is attempting to run away from 1 Coyotes!
[15:35:38.643 INFO]: RoadRunner(17) is moving NW from (1, 7) to (0,6)
[15:35:38.643 INFO]: RoadRunner(60) is moving SW from (1, 3) to (2,2)
[15:35:38.643 INFO]: RoadRunner(86) is moving SW from (6, 4) to (7,3)
[15:35:38.643 INFO]: RoadRunner(73) is moving SW from (6, 3) to (7,2)
[15:35:38.643 INFO]: RoadRunner(65) is moving E from (2, 6) to (2,7)
[15:35:38.643 INFO]: RoadRunner is attempting to run away from 1 Coyotes!
[15:35:38.643 INFO]: RoadRunner(77) is moving S from (2, 9) to (3,9)
[15:35:38.643 INFO]: RoadRunner(50) is moving S from (1, 4) to (2,4)
[15:35:38.644 INFO]: RoadRunner(55) is moving SE from (0, 2) to (1,3)
[15:35:38.644 INFO]: RoadRunner(33) is moving N from (8, 5) to (7,5)
[15:35:38.644 INFO]: RoadRunner(52) is moving SE from (6, 6) to (7,7)
[15:35:38.644 INFO]: RoadRunner(67) is moving E from (1, 6) to (1,7)
[15:35:38.644 INFO]: RoadRunner(51) is moving S from (3, 0) to (4,0)
[15:35:38.644 INFO]: RoadRunner(31) is moving NE from (2, 3) to (1,4)
[15:35:38.644 INFO]: RoadRunner(32) is moving NW from (4, 7) to (3,6)
[15:35:38.644 INFO]: RoadRunner(78) is moving S from (5, 9) to (6,9)
[15:35:38.644 INFO]: Coyote(88) is moving S from (0, 9) to (1,9)
[15:35:38.644 WARN]: Coyote(88) just ate RoadRunner(87) at cell (1,9)
[15:35:38.644 INFO]: RoadRunner is attempting to run away from 2 Coyotes!
[15:35:38.644 INFO]: RoadRunner(54) is moving S from (6, 1) to (7,1)
[15:35:38.644 INFO]: RoadRunner(84) is moving SE from (3, 7) to (4,8)
[15:35:38.644 INFO]: RoadRunner(40) is moving S from (4, 9) to (5,9)
[15:35:38.645 INFO]: RoadRunner is attempting to run away from 1 Coyotes!
[15:35:38.645 INFO]: RoadRunner(85) is moving SW from (0, 7) to (1,6)
[15:35:38.645 INFO]: RoadRunner(35) is moving SE from (3, 1) to (4,2)
[15:35:38.645 INFO]: 
[15:35:38.645 INFO]: Coyotes Left: 2
[15:35:38.645 INFO]: RoadRunners Left: 46
[15:35:38.887 INFO]: 
[15:35:38.888 INFO]: 
[15:35:38.888 INFO]: ########## Age 17 ##########
[15:35:38.888 INFO]: 
[15:35:38.888 INFO]: 
[15:35:38.888 INFO]: RoadRunner(44) is moving SW from (5, 4) to (6,3)
[15:35:38.888 INFO]: RoadRunner(55) is moving S from (1, 3) to (2,3)
[15:35:38.888 INFO]: RoadRunner(72) is moving NE from (1, 1) to (0,2)
[15:35:38.889 INFO]: RoadRunner(37) is moving SE from (1, 5) to (2,6)
[15:35:38.889 INFO]: RoadRunner(74) is moving W from (1, 2) to (1,1)
[15:35:38.889 INFO]: RoadRunner(76) is moving NW from (6, 2) to (5,1)
[15:35:38.889 INFO]: RoadRunner(36) is moving S from (5, 8) to (6,8)
[15:35:38.889 INFO]: RoadRunner(75) is moving N from (2, 5) to (1,5)
[15:35:38.889 INFO]: RoadRunner(58) is moving N from (3, 5) to (2,5)
[15:35:38.889 INFO]: RoadRunner(63) is moving SE from (2, 0) to (3,1)
[15:35:38.889 INFO]: RoadRunner(54) is moving W from (7, 1) to (7,0)
[15:35:38.889 INFO]: RoadRunner(53) is moving SW from (4, 6) to (5,5)
[15:35:38.890 INFO]: Coyote(88) is moving SW from (1, 9) to (2,8)
[15:35:38.890 WARN]: Coyote(88) just ate RoadRunner(69) at cell (2,8)
[15:35:38.890 INFO]: RoadRunner(86) is moving NE from (7, 3) to (6,4)
[15:35:38.890 INFO]: RoadRunner(46) is moving SW from (5, 2) to (6,1)
[15:35:38.890 INFO]: RoadRunner(85) is moving NE from (1, 6) to (0,7)
[15:35:38.890 INFO]: RoadRunner(84) is moving S from (4, 8) to (5,8)
[15:35:38.890 INFO]: RoadRunner is attempting to run away from 1 Coyotes!
[15:35:38.890 INFO]: RoadRunner(47) is moving SE from (3, 8) to (4,9)
[15:35:38.890 INFO]: RoadRunner(17) is moving W from (0, 6) to (0,5)
[15:35:38.891 INFO]: RoadRunner(43) is moving SW from (6, 7) to (7,6)
[15:35:38.891 INFO]: RoadRunner(68) is moving E from (5, 3) to (5,4)
[15:35:38.891 INFO]: RoadRunner(40) is moving NW from (5, 9) to (4,8)
[15:35:38.891 INFO]: RoadRunner(66) is moving SE from (0, 1) to (1,2)
[15:35:38.891 INFO]: RoadRunner(81) is moving SE from (3, 2) to (4,3)
[15:35:38.891 INFO]: RoadRunner(32) is moving W from (3, 6) to (3,5)
[15:35:38.891 INFO]: RoadRunner(70) is moving E from (0, 0) to (0,1)
[15:35:38.891 INFO]: RoadRunner(35) is moving N from (4, 2) to (3,2)
[15:35:38.891 INFO]: RoadRunner(33) is moving W from (7, 5) to (7,4)
[15:35:38.891 INFO]: RoadRunner is attempting to run away from 2 Coyotes!
[15:35:38.891 INFO]: RoadRunner(67) is moving NW from (1, 7) to (0,6)
[15:35:38.891 INFO]: RoadRunner(78) is moving SW from (6, 9) to (7,8)
[15:35:38.891 INFO]: RoadRunner(73) is moving SE from (7, 2) to (8,3)
[15:35:38.891 INFO]: RoadRunner(60) is moving NE from (2, 2) to (1,3)
[15:35:38.891 INFO]: Coyote(29) is moving NW from (1, 8) to (0,7)
[15:35:38.891 WARN]: Coyote(29) just ate RoadRunner(85) at cell (0,7)
[15:35:38.892 INFO]: RoadRunner(50) is moving S from (2, 4) to (3,4)
[15:35:38.892 INFO]: RoadRunner(51) is moving S from (4, 0) to (5,0)
[15:35:38.892 INFO]: RoadRunner(80) is moving NW from (3, 3) to (2,2)
[15:35:38.892 INFO]: RoadRunner(49) is moving W from (4, 5) to (4,4)
[15:35:38.892 INFO]: RoadRunner is attempting to run away from 1 Coyotes!
[15:35:38.892 INFO]: RoadRunner(65) is moving NW from (2, 7) to (1,6)
[15:35:38.892 INFO]: RoadRunner is attempting to run away from 1 Coyotes!
[15:35:38.892 INFO]: RoadRunner(77) is moving N from (3, 9) to (2,9)
[15:35:38.892 INFO]: RoadRunner(79) is moving SW from (2, 1) to (3,0)
[15:35:38.892 INFO]: RoadRunner(83) is moving SW from (5, 7) to (6,6)
[15:35:38.892 INFO]: RoadRunner(52) is moving SW from (7, 7) to (8,6)
[15:35:38.892 INFO]: RoadRunner(82) is moving W from (4, 1) to (4,0)
[15:35:38.892 INFO]: RoadRunner(59) is moving N from (1, 0) to (0,0)
[15:35:38.893 INFO]: RoadRunner(31) is moving S from (1, 4) to (2,4)
[15:35:38.893 INFO]: RoadRunner just bred a new RoadRunner at cell (5,3)
[15:35:38.893 INFO]: RoadRunner just bred a new RoadRunner at cell (1,4)
[15:35:38.893 INFO]: RoadRunner just bred a new RoadRunner at cell (1,7)
[15:35:38.893 INFO]: RoadRunner just bred a new RoadRunner at cell (2,1)
[15:35:38.893 INFO]: RoadRunner just bred a new RoadRunner at cell (4,1)
[15:35:38.893 INFO]: RoadRunner just bred a new RoadRunner at cell (5,9)
[15:35:38.893 INFO]: RoadRunner just bred a new RoadRunner at cell (3,6)
[15:35:38.893 INFO]: RoadRunner just bred a new RoadRunner at cell (2,0)
[15:35:38.893 INFO]: RoadRunner just bred a new RoadRunner at cell (6,0)
[15:35:38.893 INFO]: RoadRunner just bred a new RoadRunner at cell (4,5)
[15:35:38.893 INFO]: RoadRunner just bred a new RoadRunner at cell (7,5)
[15:35:38.894 INFO]: RoadRunner just bred a new RoadRunner at cell (5,2)
[15:35:38.894 INFO]: RoadRunner just bred a new RoadRunner at cell (4,7)
[15:35:38.894 INFO]: RoadRunner just bred a new RoadRunner at cell (3,9)
[15:35:38.894 INFO]: RoadRunner just bred a new RoadRunner at cell (6,7)
[15:35:38.894 INFO]: RoadRunner just bred a new RoadRunner at cell (6,5)
[15:35:38.894 INFO]: RoadRunner just bred a new RoadRunner at cell (3,8)
[15:35:38.894 INFO]: RoadRunner just bred a new RoadRunner at cell (3,3)
[15:35:38.894 INFO]: RoadRunner just bred a new RoadRunner at cell (4,6)
[15:35:38.894 INFO]: RoadRunner just bred a new RoadRunner at cell (1,0)
[15:35:38.894 INFO]: RoadRunner just bred a new RoadRunner at cell (4,2)
[15:35:38.894 INFO]: RoadRunner just bred a new RoadRunner at cell (8,4)
[15:35:38.894 INFO]: RoadRunner just bred a new RoadRunner at cell (6,9)
[15:35:38.894 INFO]: RoadRunner just bred a new RoadRunner at cell (7,3)
[15:35:38.894 INFO]: RoadRunner just bred a new RoadRunner at cell (2,7)
[15:35:38.894 INFO]: RoadRunner just bred a new RoadRunner at cell (1,9)
[15:35:38.895 INFO]: RoadRunner just bred a new RoadRunner at cell (5,6)
[15:35:38.895 INFO]: RoadRunner just bred a new RoadRunner at cell (7,7)
[15:35:38.895 INFO]: 
[15:35:38.895 INFO]: Coyotes Left: 2
[15:35:38.895 INFO]: RoadRunners Left: 72
[15:35:39.252 INFO]: 
[15:35:39.252 INFO]: 
[15:35:39.252 INFO]: ########## Age 18 ##########
[15:35:39.252 INFO]: 
[15:35:39.252 INFO]: 
[15:35:39.253 INFO]: RoadRunner(40) is moving NW from (4, 8) to (3,7)
[15:35:39.253 INFO]: RoadRunner(116) is moving SE from (7, 7) to (8,8)
[15:35:39.253 INFO]: RoadRunner is attempting to run away from 1 Coyotes!
[15:35:39.253 INFO]: RoadRunner(78) is moving W from (7, 8) to (7,7)
[15:35:39.254 INFO]: RoadRunner(103) is moving N from (6, 7) to (5,7)
[15:35:39.254 INFO]: RoadRunner(115) is moving SE from (5, 6) to (6,7)
[15:35:39.254 INFO]: RoadRunner is attempting to run away from 1 Coyotes!
[15:35:39.254 INFO]: RoadRunner(98) is moving SE from (4, 5) to (5,6)
[15:35:39.254 INFO]: RoadRunner(49) is moving E from (4, 4) to (4,5)
[15:35:39.254 INFO]: RoadRunner(89) is moving NE from (5, 3) to (4,4)
[15:35:39.254 INFO]: Coyote(88) is moving NE from (2, 8) to (1,9)
[15:35:39.255 WARN]: Coyote(88) just ate RoadRunner(114) at cell (1,9)
[15:35:39.255 INFO]: RoadRunner(94) is moving NW from (5, 9) to (4,8)
[15:35:39.255 INFO]: RoadRunner(84) is moving E from (5, 8) to (5,9)
[15:35:39.255 INFO]: RoadRunner(97) is moving SE from (6, 0) to (7,1)
[15:35:39.255 INFO]: RoadRunner is attempting to run away from 1 Coyotes!
[15:35:39.255 INFO]: RoadRunner(77) is moving W from (2, 9) to (2,8)
[15:35:39.255 INFO]: RoadRunner(52) is moving E from (8, 6) to (8,7)
[15:35:39.255 INFO]: RoadRunner(36) is moving SE from (6, 8) to (7,9)
[15:35:39.255 INFO]: RoadRunner(99) is moving SE from (7, 5) to (8,6)
[15:35:39.256 INFO]: RoadRunner(105) is moving NE from (3, 8) to (2,9)
[15:35:39.256 INFO]: RoadRunner(43) is moving W from (7, 6) to (7,5)
[15:35:39.256 INFO]: RoadRunner(100) is moving E from (5, 2) to (5,3)
[15:35:39.256 INFO]: RoadRunner(54) is moving N from (7, 0) to (6,0)
[15:35:39.256 INFO]: RoadRunner(73) is moving W from (8, 3) to (8,2)
[15:35:39.256 INFO]: RoadRunner(101) is moving NE from (4, 7) to (3,8)
[15:35:39.256 INFO]: Coyote(29) is moving S from (0, 7) to (1,7)
[15:35:39.256 WARN]: Coyote(29) just ate RoadRunner(91) at cell (1,7)
[15:35:39.256 INFO]: RoadRunner is attempting to run away from 1 Coyotes!
[15:35:39.256 INFO]: RoadRunner(93) is moving SE from (4, 1) to (5,2)
[15:35:39.257 INFO]: RoadRunner(46) is moving E from (6, 1) to (6,2)
[15:35:39.257 INFO]: RoadRunner(82) is moving E from (4, 0) to (4,1)
[15:35:39.257 INFO]: RoadRunner(107) is moving E from (4, 6) to (4,7)
[15:35:39.257 INFO]: RoadRunner(110) is moving E from (8, 4) to (8,5)
[15:35:39.257 INFO]: RoadRunner(33) is moving SW from (7, 4) to (8,3)
[15:35:39.257 INFO]: RoadRunner(95) is moving S from (3, 6) to (4,6)
[15:35:39.257 INFO]: RoadRunner(86) is moving S from (6, 4) to (7,4)
[15:35:39.257 INFO]: RoadRunner(79) is moving S from (3, 0) to (4,0)
[15:35:39.257 INFO]: RoadRunner(47) is moving SW from (4, 9) to (5,8)
[15:35:39.257 INFO]: RoadRunner(102) is moving S from (3, 9) to (4,9)
[15:35:39.257 INFO]: RoadRunner(112) is moving NE from (7, 3) to (6,4)
[15:35:39.257 INFO]: RoadRunner(111) is moving W from (6, 9) to (6,8)
[15:35:39.258 INFO]: RoadRunner(44) is moving SW from (6, 3) to (7,2)
[15:35:39.258 INFO]: RoadRunner(76) is moving S from (5, 1) to (6,1)
[15:35:39.258 INFO]: 
[15:35:39.258 INFO]: Coyotes Left: 2
[15:35:39.258 INFO]: RoadRunners Left: 70
[15:35:39.436 INFO]: 
[15:35:39.437 INFO]: 
[15:35:39.437 INFO]: ########## Age 19 ##########
[15:35:39.437 INFO]: 
[15:35:39.437 INFO]: 
[15:35:39.437 INFO]: RoadRunner(36) is moving N from (7, 9) to (6,9)
[15:35:39.437 INFO]: RoadRunner(95) is moving N from (4, 6) to (3,6)
[15:35:39.437 INFO]: RoadRunner(83) is moving S from (6, 6) to (7,6)
[15:35:39.437 INFO]: RoadRunner(68) is moving SW from (5, 4) to (6,3)
[15:35:39.438 INFO]: RoadRunner(93) is moving W from (5, 2) to (5,1)
[15:35:39.438 INFO]: RoadRunner(111) is moving SE from (6, 8) to (7,9)
[15:35:39.438 INFO]: RoadRunner(103) is moving SW from (5, 7) to (6,6)
[15:35:39.438 INFO]: RoadRunner(116) is moving SW from (8, 8) to (9,7)
[15:35:39.438 INFO]: Coyote(88) is moving S from (1, 9) to (2,9)
[15:35:39.438 WARN]: Coyote(88) just ate RoadRunner(105) at cell (2,9)
[15:35:39.438 INFO]: RoadRunner(97) is moving W from (7, 1) to (7,0)
[15:35:39.438 INFO]: RoadRunner(43) is moving SW from (7, 5) to (8,4)
[15:35:39.438 INFO]: RoadRunner is attempting to run away from 1 Coyotes!
[15:35:39.438 INFO]: RoadRunner(53) is moving NE from (5, 5) to (4,6)
[15:35:39.439 INFO]: RoadRunner(44) is moving W from (7, 2) to (7,1)
[15:35:39.439 INFO]: RoadRunner(110) is moving S from (8, 5) to (9,5)
[15:35:39.439 INFO]: RoadRunner(63) is moving W from (3, 1) to (3,0)
[15:35:39.439 INFO]: RoadRunner(112) is moving N from (6, 4) to (5,4)
[15:35:39.439 INFO]: RoadRunner(86) is moving N from (7, 4) to (6,4)
[15:35:39.439 INFO]: RoadRunner(104) is moving N from (6, 5) to (5,5)
[15:35:39.439 INFO]: RoadRunner(76) is moving SE from (6, 1) to (7,2)
[15:35:39.439 INFO]: RoadRunner(100) is moving W from (5, 3) to (5,2)
[15:35:39.440 INFO]: RoadRunner(96) is moving SE from (2, 0) to (3,1)
[15:35:39.440 INFO]: RoadRunner(47) is moving S from (5, 8) to (6,8)
[15:35:39.440 INFO]: RoadRunner(115) is moving SE from (6, 7) to (7,8)
[15:35:39.440 INFO]: RoadRunner(92) is moving W from (2, 1) to (2,0)
[15:35:39.440 INFO]: RoadRunner(109) is moving SE from (4, 2) to (5,3)
[15:35:39.440 INFO]: RoadRunner is attempting to run away from 1 Coyotes!
[15:35:39.440 INFO]: RoadRunner(54) is moving E from (6, 0) to (6,1)
[15:35:39.440 INFO]: Coyote(29) is moving NW from (1, 7) to (0,6)
[15:35:39.440 WARN]: Coyote(29) just ate RoadRunner(67) at cell (0,6)
[15:35:39.440 INFO]: RoadRunner(73) is moving NE from (8, 2) to (7,3)
[15:35:39.440 INFO]: RoadRunner(99) is moving S from (8, 6) to (9,6)
[15:35:39.440 INFO]: RoadRunner(102) is moving SW from (4, 9) to (5,8)
[15:35:39.440 INFO]: RoadRunner(78) is moving SW from (7, 7) to (8,6)
[15:35:39.441 INFO]: RoadRunner is attempting to run away from 1 Coyotes!
[15:35:39.441 INFO]: RoadRunner(101) is moving SE from (3, 8) to (4,9)
[15:35:39.441 INFO]: RoadRunner(33) is moving SE from (8, 3) to (9,4)
[15:35:39.441 INFO]: RoadRunner(94) is moving SW from (4, 8) to (5,7)
[15:35:39.441 INFO]: RoadRunner(52) is moving SE from (8, 7) to (9,8)
[15:35:39.441 INFO]: RoadRunner(98) is moving SE from (5, 6) to (6,7)
[15:35:39.441 INFO]: RoadRunner is attempting to run away from 1 Coyotes!
[15:35:39.441 INFO]: RoadRunner(66) is moving SW from (1, 2) to (2,1)
[15:35:39.441 INFO]: RoadRunner is attempting to run away from 1 Coyotes!
[15:35:39.441 INFO]: RoadRunner(77) is moving NW from (2, 8) to (1,7)
[15:35:39.441 INFO]: RoadRunner(107) is moving NE from (4, 7) to (3,8)
[15:35:39.442 INFO]: 
[15:35:39.442 INFO]: Coyotes Left: 2
[15:35:39.442 INFO]: RoadRunners Left: 68
[15:35:39.612 INFO]: 
[15:35:39.613 INFO]: 
[15:35:39.613 INFO]: ########## Age 20 ##########
[15:35:39.613 INFO]: 
[15:35:39.613 INFO]: 
[15:35:39.613 INFO]: RoadRunner(115) is moving W from (7, 8) to (7,7)
[15:35:39.613 INFO]: RoadRunner(40) is moving S from (3, 7) to (4,7)
[15:35:39.614 INFO]: RoadRunner(60) is moving W from (1, 3) to (1,2)
[15:35:39.614 INFO]: RoadRunner(116) is moving NE from (9, 7) to (8,8)
[15:35:39.614 INFO]: RoadRunner(104) is moving S from (5, 5) to (6,5)
[15:35:39.614 INFO]: RoadRunner(78) is moving SE from (8, 6) to (9,7)
[15:35:39.614 INFO]: RoadRunner(68) is moving SE from (6, 3) to (7,4)
[15:35:39.614 INFO]: RoadRunner is attempting to run away from 1 Coyotes!
[15:35:39.615 INFO]: RoadRunner(107) is moving S from (3, 8) to (4,8)
[15:35:39.615 INFO]: RoadRunner(72) is moving SE from (0, 2) to (1,3)
[15:35:39.615 INFO]: Coyote(88) is moving S from (2, 9) to (3,9)
[15:35:39.615 INFO]: RoadRunner(43) is moving SW from (8, 4) to (9,3)
[15:35:39.615 INFO]: RoadRunner is attempting to run away from 1 Coyotes!
[15:35:39.616 INFO]: RoadRunner(96) is moving SE from (3, 1) to (4,2)
[15:35:39.616 INFO]: RoadRunner(98) is moving SE from (6, 7) to (7,8)
[15:35:39.616 INFO]: RoadRunner(79) is moving NE from (4, 0) to (3,1)
[15:35:39.616 INFO]: RoadRunner(48) is moving W from (0, 3) to (0,2)
[15:35:39.616 INFO]: RoadRunner(73) is moving N from (7, 3) to (6,3)
[15:35:39.616 INFO]: RoadRunner(97) is moving N from (7, 0) to (6,0)
[15:35:39.616 INFO]: RoadRunner is attempting to run away from 1 Coyotes!
[15:35:39.616 INFO]: RoadRunner(76) is moving E from (7, 2) to (7,3)
[15:35:39.616 INFO]: RoadRunner(95) is moving E from (3, 6) to (3,7)
[15:35:39.616 INFO]: RoadRunner(86) is moving SE from (6, 4) to (7,5)
[15:35:39.617 INFO]: RoadRunner(112) is moving E from (5, 4) to (5,5)
[15:35:39.617 INFO]: RoadRunner(46) is moving S from (6, 2) to (7,2)
[15:35:39.617 INFO]: RoadRunner(111) is moving S from (7, 9) to (8,9)
[15:35:39.617 INFO]: RoadRunner(82) is moving W from (4, 1) to (4,0)
[15:35:39.617 INFO]: RoadRunner(102) is moving SW from (5, 8) to (6,7)
[15:35:39.617 INFO]: RoadRunner(109) is moving SE from (5, 3) to (6,4)
[15:35:39.617 INFO]: RoadRunner(84) is moving W from (5, 9) to (5,8)
[15:35:39.617 INFO]: RoadRunner(53) is moving N from (4, 6) to (3,6)
[15:35:39.617 INFO]: RoadRunner(36) is moving N from (6, 9) to (5,9)
[15:35:39.617 INFO]: RoadRunner(99) is moving NW from (9, 6) to (8,5)
[15:35:39.617 INFO]: RoadRunner(47) is moving SE from (6, 8) to (7,9)
[15:35:39.617 INFO]: RoadRunner(81) is moving SE from (4, 3) to (5,4)
[15:35:39.618 INFO]: RoadRunner(113) is moving NE from (2, 7) to (1,8)
[15:35:39.618 INFO]: RoadRunner(90) is moving NW from (1, 4) to (0,3)
[15:35:39.618 INFO]: RoadRunner(31) is moving N from (2, 4) to (1,4)
[15:35:39.618 INFO]: RoadRunner(33) is moving NW from (9, 4) to (8,3)
[15:35:39.618 INFO]: RoadRunner(103) is moving N from (6, 6) to (5,6)
[15:35:39.618 INFO]: RoadRunner(63) is moving SE from (3, 0) to (4,1)
[15:35:39.618 INFO]: RoadRunner(54) is moving E from (6, 1) to (6,2)
[15:35:39.618 INFO]: RoadRunner(55) is moving E from (2, 3) to (2,4)
[15:35:39.618 INFO]: RoadRunner(92) is moving S from (2, 0) to (3,0)
[15:35:39.618 INFO]: RoadRunner is attempting to run away from 1 Coyotes!
[15:35:39.618 INFO]: RoadRunner(80) is moving E from (2, 2) to (2,3)
[15:35:39.618 INFO]: RoadRunner(83) is moving N from (7, 6) to (6,6)
[15:35:39.619 INFO]: RoadRunner(110) is moving W from (9, 5) to (9,4)
[15:35:39.619 INFO]: RoadRunner(89) is moving W from (4, 4) to (4,3)
[15:35:39.619 INFO]: Coyote(29) is moving S from (0, 6) to (1,6)
[15:35:39.619 WARN]: Coyote(29) just ate RoadRunner(65) at cell (1,6)
[15:35:39.619 INFO]: RoadRunner is attempting to run away from 1 Coyotes!
[15:35:39.619 INFO]: RoadRunner(35) is moving N from (3, 2) to (2,2)
[15:35:39.619 INFO]: RoadRunner(51) is moving SE from (5, 0) to (6,1)
[15:35:39.619 INFO]: RoadRunner(52) is moving E from (9, 8) to (9,9)
[15:35:39.619 INFO]: RoadRunner(93) is moving W from (5, 1) to (5,0)
[15:35:39.619 INFO]: RoadRunner(94) is moving SE from (5, 7) to (6,8)
[15:35:39.619 INFO]: RoadRunner is attempting to run away from 1 Coyotes!
[15:35:39.619 INFO]: RoadRunner(37) is moving E from (2, 6) to (2,7)
[15:35:39.620 INFO]: RoadRunner(44) is moving S from (7, 1) to (8,1)
[15:35:39.620 INFO]: RoadRunner(49) is moving W from (4, 5) to (4,4)
[15:35:39.620 INFO]: RoadRunner is attempting to run away from 1 Coyotes!
[15:35:39.620 INFO]: RoadRunner(77) is moving NE from (1, 7) to (0,8)
[15:35:39.620 INFO]: RoadRunner just bred a new RoadRunner at cell (8,7)
[15:35:39.620 INFO]: RoadRunner just bred a new RoadRunner at cell (3,8)
[15:35:39.620 INFO]: RoadRunner just bred a new RoadRunner at cell (9,8)
[15:35:39.620 INFO]: RoadRunner just bred a new RoadRunner at cell (7,6)
[15:35:39.620 INFO]: RoadRunner just bred a new RoadRunner at cell (8,6)
[15:35:39.620 INFO]: RoadRunner just bred a new RoadRunner at cell (8,4)
[15:35:39.620 INFO]: RoadRunner just bred a new RoadRunner at cell (5,7)
[15:35:39.621 INFO]: RoadRunner just bred a new RoadRunner at cell (8,2)
[15:35:39.621 INFO]: RoadRunner just bred a new RoadRunner at cell (3,2)
[15:35:39.621 INFO]: RoadRunner just bred a new RoadRunner at cell (6,9)
[15:35:39.621 INFO]: RoadRunner just bred a new RoadRunner at cell (2,0)
[15:35:39.621 INFO]: RoadRunner just bred a new RoadRunner at cell (5,3)
[15:35:39.621 INFO]: RoadRunner just bred a new RoadRunner at cell (5,1)
[15:35:39.621 INFO]: RoadRunner just bred a new RoadRunner at cell (2,6)
[15:35:39.621 INFO]: RoadRunner just bred a new RoadRunner at cell (2,8)
[15:35:39.621 INFO]: RoadRunner just bred a new RoadRunner at cell (4,5)
[15:35:39.621 INFO]: RoadRunner just bred a new RoadRunner at cell (7,1)
[15:35:39.621 INFO]: RoadRunner just bred a new RoadRunner at cell (4,6)
[15:35:39.621 INFO]: RoadRunner just bred a new RoadRunner at cell (9,5)
[15:35:39.621 INFO]: RoadRunner just bred a new RoadRunner at cell (0,9)
[15:35:39.622 INFO]: RoadRunner just bred a new RoadRunner at cell (9,2)
[15:35:39.622 INFO]: RoadRunner just bred a new RoadRunner at cell (0,6)
[15:35:39.622 INFO]: RoadRunner just bred a new RoadRunner at cell (7,0)
[15:35:39.622 INFO]: RoadRunner just bred a new RoadRunner at cell (1,7)
[15:35:39.622 INFO]: RoadRunner just bred a new RoadRunner at cell (9,1)
[15:35:39.622 INFO]: RoadRunner just bred a new RoadRunner at cell (1,9)
[15:35:39.622 INFO]: 
[15:35:39.622 INFO]: Coyotes Left: 2
[15:35:39.622 INFO]: RoadRunners Left: 93
[15:35:39.781 INFO]: 
[15:35:39.781 INFO]: 
[15:35:39.781 INFO]: ########## Age 21 ##########
[15:35:39.781 INFO]: 
[15:35:39.781 INFO]: 
[15:35:39.782 INFO]: RoadRunner(117) is moving SW from (8, 7) to (9,6)
[15:35:39.782 INFO]: RoadRunner(44) is moving W from (8, 1) to (8,0)
[15:35:39.782 INFO]: RoadRunner is attempting to run away from 1 Coyotes!
[15:35:39.782 INFO]: RoadRunner(77) is moving W from (0, 8) to (0,7)
[15:35:39.782 INFO]: RoadRunner(142) is moving S from (1, 9) to (2,9)
[15:35:39.783 INFO]: RoadRunner(141) is moving N from (9, 1) to (8,1)
[15:35:39.783 INFO]: RoadRunner is attempting to run away from 1 Coyotes!
[15:35:39.783 INFO]: RoadRunner(98) is moving SW from (7, 8) to (8,7)
[15:35:39.783 INFO]: RoadRunner is attempting to run away from 1 Coyotes!
[15:35:39.784 INFO]: RoadRunner(137) is moving W from (9, 2) to (9,1)
[15:35:39.784 INFO]: RoadRunner is attempting to run away from 1 Coyotes!
[15:35:39.784 INFO]: RoadRunner(47) is moving W from (7, 9) to (7,8)
[15:35:39.784 INFO]: RoadRunner(136) is moving W from (0, 9) to (0,8)
[15:35:39.784 INFO]: RoadRunner(43) is moving W from (9, 3) to (9,2)
[15:35:39.784 INFO]: RoadRunner(113) is moving NE from (1, 8) to (0,9)
[15:35:39.784 INFO]: RoadRunner(124) is moving SE from (8, 2) to (9,3)
[15:35:39.784 INFO]: Coyote(88) is moving N from (3, 9) to (2,9)
[15:35:39.784 WARN]: Coyote(88) just ate RoadRunner(142) at cell (2,9)
[15:35:39.785 INFO]: RoadRunner is attempting to run away from 1 Coyotes!
[15:35:39.785 INFO]: RoadRunner is attempting to run away from 1 Coyotes!
[15:35:39.785 INFO]: RoadRunner(131) is moving N from (2, 8) to (1,8)
[15:35:39.785 INFO]: RoadRunner is attempting to run away from 1 Coyotes!
[15:35:39.785 INFO]: RoadRunner(118) is moving N from (3, 8) to (2,8)
[15:35:39.785 INFO]: RoadRunner is attempting to run away from 1 Coyotes!
[15:35:39.785 INFO]: RoadRunner is attempting to run away from 1 Coyotes!
[15:35:39.785 INFO]: RoadRunner(116) is moving NE from (8, 8) to (7,9)
[15:35:39.785 INFO]: Coyote(29) is moving N from (1, 6) to (0,6)
[15:35:39.785 WARN]: Coyote(29) just ate RoadRunner(138) at cell (0,6)
[15:35:39.785 INFO]: RoadRunner(107) is moving NE from (4, 8) to (3,9)
[15:35:39.786 INFO]: RoadRunner(133) is moving SE from (7, 1) to (8,2)
[15:35:39.786 INFO]: RoadRunner is attempting to run away from 1 Coyotes!
[15:35:39.786 INFO]: 
[15:35:39.786 INFO]: Coyotes Left: 2
[15:35:39.786 INFO]: RoadRunners Left: 91
[15:35:39.949 INFO]: 
[15:35:39.949 INFO]: 
[15:35:39.949 INFO]: ########## Age 22 ##########
[15:35:39.949 INFO]: 
[15:35:39.950 INFO]: 
[15:35:39.950 INFO]: RoadRunner(139) is moving E from (7, 0) to (7,1)
[15:35:39.950 INFO]: RoadRunner(123) is moving NE from (5, 7) to (4,8)
[15:35:39.950 INFO]: RoadRunner is attempting to run away from 1 Coyotes!
[15:35:39.951 INFO]: Coyote(29) is moving SE from (0, 6) to (1,7)
[15:35:39.951 WARN]: Coyote(29) just ate RoadRunner(140) at cell (1,7)
[15:35:39.951 INFO]: RoadRunner(115) is moving SE from (7, 7) to (8,8)
[15:35:39.951 INFO]: RoadRunner(120) is moving E from (7, 6) to (7,7)
[15:35:39.951 INFO]: RoadRunner(44) is moving N from (8, 0) to (7,0)
[15:35:39.951 INFO]: Coyote(88) is moving NW from (2, 9) to (1,8)
[15:35:39.951 WARN]: Coyote(88) just ate RoadRunner(131) at cell (1,8)
[15:35:39.952 INFO]: RoadRunner(101) is moving NW from (4, 9) to (3,8)
[15:35:39.952 INFO]: RoadRunner(36) is moving N from (5, 9) to (4,9)
[15:35:39.952 INFO]: RoadRunner(83) is moving S from (6, 6) to (7,6)
[15:35:39.952 INFO]: RoadRunner is attempting to run away from 1 Coyotes!
[15:35:39.952 INFO]: RoadRunner(17) is moving E from (0, 5) to (0,6)
[15:35:39.952 INFO]: RoadRunner(141) is moving W from (8, 1) to (8,0)
[15:35:39.952 INFO]: RoadRunner(84) is moving W from (5, 8) to (5,7)
[15:35:39.952 INFO]: RoadRunner(102) is moving NE from (6, 7) to (5,8)
[15:35:39.953 INFO]: RoadRunner(47) is moving NW from (7, 8) to (6,7)
[15:35:39.953 INFO]: RoadRunner(104) is moving E from (6, 5) to (6,6)
[15:35:39.953 INFO]: RoadRunner(58) is moving NE from (2, 5) to (1,6)
[15:35:39.953 INFO]: RoadRunner(75) is moving N from (1, 5) to (0,5)
[15:35:39.953 INFO]: RoadRunner(126) is moving N from (6, 9) to (5,9)
[15:35:39.953 INFO]: RoadRunner(98) is moving NE from (8, 7) to (7,8)
[15:35:39.953 INFO]: RoadRunner is attempting to run away from 2 Coyotes!
[15:35:39.953 INFO]: RoadRunner(55) is moving NE from (2, 4) to (1,5)
[15:35:39.953 INFO]: RoadRunner(109) is moving E from (6, 4) to (6,5)
[15:35:39.953 INFO]: RoadRunner(133) is moving W from (8, 2) to (8,1)
[15:35:39.954 INFO]: RoadRunner(68) is moving N from (7, 4) to (6,4)
[15:35:39.954 INFO]: RoadRunner is attempting to run away from 2 Coyotes!
[15:35:39.954 INFO]: RoadRunner(116) is moving N from (7, 9) to (6,9)
[15:35:39.954 INFO]: RoadRunner(94) is moving SE from (6, 8) to (7,9)
[15:35:39.954 INFO]: RoadRunner is attempting to run away from 2 Coyotes!
[15:35:39.954 INFO]: RoadRunner(137) is moving NE from (9, 1) to (8,2)
[15:35:39.954 INFO]: RoadRunner(107) is moving N from (3, 9) to (2,9)
[15:35:39.954 INFO]: RoadRunner is attempting to run away from 1 Coyotes!
[15:35:39.954 INFO]: RoadRunner(130) is moving W from (2, 6) to (2,5)
[15:35:39.954 INFO]: RoadRunner(76) is moving E from (7, 3) to (7,4)
[15:35:39.954 INFO]: RoadRunner(122) is moving NW from (8, 4) to (7,3)
[15:35:39.955 INFO]: RoadRunner(110) is moving N from (9, 4) to (8,4)
[15:35:39.955 INFO]: RoadRunner(95) is moving NW from (3, 7) to (2,6)
[15:35:39.955 INFO]: RoadRunner(117) is moving NE from (9, 6) to (8,7)
[15:35:39.955 INFO]: RoadRunner(135) is moving W from (9, 5) to (9,4)
[15:35:39.955 INFO]: RoadRunner is attempting to run away from 2 Coyotes!
[15:35:39.955 INFO]: RoadRunner(118) is moving SE from (2, 8) to (3,9)
[15:35:39.955 INFO]: RoadRunner(134) is moving NE from (4, 6) to (3,7)
[15:35:39.955 INFO]: RoadRunner(103) is moving N from (5, 6) to (4,6)
[15:35:39.955 INFO]: RoadRunner(78) is moving W from (9, 7) to (9,6)
[15:35:39.956 INFO]: 
[15:35:39.956 INFO]: Coyotes Left: 2
[15:35:39.956 INFO]: RoadRunners Left: 89
[15:35:40.462 INFO]: 
[15:35:40.462 INFO]: 
[15:35:40.462 INFO]: ########## Age 23 ##########
[15:35:40.462 INFO]: 
[15:35:40.462 INFO]: 
[15:35:40.462 INFO]: RoadRunner(130) is moving W from (2, 5) to (2,4)
[15:35:40.463 INFO]: RoadRunner(101) is moving N from (3, 8) to (2,8)
[15:35:40.463 INFO]: RoadRunner(99) is moving S from (8, 5) to (9,5)
[15:35:40.463 INFO]: RoadRunner is attempting to run away from 1 Coyotes!
[15:35:40.463 INFO]: RoadRunner is attempting to run away from 2 Coyotes!
[15:35:40.464 INFO]: RoadRunner(78) is moving E from (9, 6) to (9,7)
[15:35:40.464 INFO]: RoadRunner(112) is moving E from (5, 5) to (5,6)
[15:35:40.464 INFO]: RoadRunner(31) is moving SE from (1, 4) to (2,5)
[15:35:40.464 INFO]: RoadRunner(132) is moving S from (4, 5) to (5,5)
[15:35:40.464 INFO]: RoadRunner is attempting to run away from 1 Coyotes!
[15:35:40.464 INFO]: RoadRunner(107) is moving SW from (2, 9) to (3,8)
[15:35:40.465 INFO]: RoadRunner(83) is moving SW from (7, 6) to (8,5)
[15:35:40.465 INFO]: RoadRunner is attempting to run away from 1 Coyotes!
[15:35:40.465 INFO]: RoadRunner is attempting to run away from 2 Coyotes!
[15:35:40.465 INFO]: RoadRunner(53) is moving SW from (3, 6) to (4,5)
[15:35:40.465 INFO]: RoadRunner(43) is moving W from (9, 2) to (9,1)
[15:35:40.465 INFO]: RoadRunner(103) is moving N from (4, 6) to (3,6)
[15:35:40.465 INFO]: RoadRunner(80) is moving NE from (2, 3) to (1,4)
[15:35:40.465 INFO]: RoadRunner(134) is moving SW from (3, 7) to (4,6)
[15:35:40.465 INFO]: RoadRunner(86) is moving E from (7, 5) to (7,6)
[15:35:40.465 INFO]: RoadRunner(141) is moving S from (8, 0) to (9,0)
[15:35:40.466 INFO]: RoadRunner(102) is moving S from (5, 8) to (6,8)
[15:35:40.466 INFO]: RoadRunner(109) is moving S from (6, 5) to (7,5)
[15:35:40.466 INFO]: RoadRunner(81) is moving SE from (5, 4) to (6,5)
[15:35:40.466 INFO]: Coyote(88) is moving N from (1, 8) to (0,8)
[15:35:40.466 WARN]: Coyote(88) just ate RoadRunner(136) at cell (0,8)
[15:35:40.466 INFO]: RoadRunner(106) is moving N from (3, 3) to (2,3)
[15:35:40.466 INFO]: RoadRunner(124) is moving W from (9, 3) to (9,2)
[15:35:40.466 INFO]: RoadRunner(40) is moving N from (4, 7) to (3,7)
[15:35:40.466 INFO]: RoadRunner(50) is moving W from (3, 4) to (3,3)
[15:35:40.466 INFO]: RoadRunner(118) is moving N from (3, 9) to (2,9)
[15:35:40.466 INFO]: RoadRunner(32) is moving W from (3, 5) to (3,4)
[15:35:40.466 INFO]: RoadRunner is attempting to run away from 1 Coyotes!
[15:35:40.467 INFO]: RoadRunner(113) is moving S from (0, 9) to (1,9)
[15:35:40.467 INFO]: RoadRunner(116) is moving NW from (6, 9) to (5,8)
[15:35:40.467 INFO]: RoadRunner(123) is moving NE from (4, 8) to (3,9)
[15:35:40.467 INFO]: RoadRunner(133) is moving W from (8, 1) to (8,0)
[15:35:40.467 INFO]: RoadRunner(117) is moving SW from (8, 7) to (9,6)
[15:35:40.467 INFO]: RoadRunner(119) is moving NW from (9, 8) to (8,7)
[15:35:40.467 INFO]: RoadRunner(139) is moving S from (7, 1) to (8,1)
[15:35:40.467 INFO]: RoadRunner(98) is moving NE from (7, 8) to (6,9)
[15:35:40.467 INFO]: RoadRunner(89) is moving SE from (4, 3) to (5,4)
[15:35:40.467 INFO]: RoadRunner is attempting to run away from 1 Coyotes!
[15:35:40.468 INFO]: RoadRunner(120) is moving E from (7, 7) to (7,8)
[15:35:40.468 INFO]: RoadRunner(36) is moving W from (4, 9) to (4,8)
[15:35:40.468 INFO]: RoadRunner(104) is moving SE from (6, 6) to (7,7)
[15:35:40.468 INFO]: RoadRunner(84) is moving SW from (5, 7) to (6,6)
[15:35:40.468 INFO]: RoadRunner is attempting to run away from 1 Coyotes!
[15:35:40.468 INFO]: RoadRunner(126) is moving N from (5, 9) to (4,9)
[15:35:40.468 INFO]: RoadRunner(110) is moving SW from (8, 4) to (9,3)
[15:35:40.468 INFO]: Coyote(29) is moving N from (1, 7) to (0,7)
[15:35:40.468 WARN]: Coyote(29) just ate RoadRunner(77) at cell (0,7)
[15:35:40.468 INFO]: RoadRunner(137) is moving NW from (8, 2) to (7,1)
[15:35:40.468 INFO]: RoadRunner(100) is moving NE from (5, 2) to (4,3)
[15:35:40.468 INFO]: RoadRunner just bred a new RoadRunner at cell (3,5)
[15:35:40.469 INFO]: RoadRunner just bred a new RoadRunner at cell (1,8)
[15:35:40.469 INFO]: RoadRunner just bred a new RoadRunner at cell (8,4)
[15:35:40.469 INFO]: RoadRunner just bred a new RoadRunner at cell (5,2)
[15:35:40.469 INFO]: RoadRunner just bred a new RoadRunner at cell (1,7)
[15:35:40.469 INFO]: RoadRunner just bred a new RoadRunner at cell (9,8)
[15:35:40.469 INFO]: RoadRunner just bred a new RoadRunner at cell (4,7)
[15:35:40.469 INFO]: RoadRunner just bred a new RoadRunner at cell (8,2)
[15:35:40.469 INFO]: RoadRunner just bred a new RoadRunner at cell (5,7)
[15:35:40.469 INFO]: RoadRunner just bred a new RoadRunner at cell (5,9)
[15:35:40.469 INFO]: Coyote just bred a new Coyote at cell (0,9)
[15:35:40.469 INFO]: 
[15:35:40.469 INFO]: Coyotes Left: 3
[15:35:40.469 INFO]: RoadRunners Left: 97
[15:35:40.652 INFO]: 
[15:35:40.653 INFO]: 
[15:35:40.653 INFO]: ########## Age 24 ##########
[15:35:40.653 INFO]: 
[15:35:40.653 INFO]: 
[15:35:40.655 INFO]: Coyote(153) is moving S from (0, 9) to (1,9)
[15:35:40.655 WARN]: Coyote(153) just ate RoadRunner(113) at cell (1,9)
[15:35:40.656 INFO]: RoadRunner is attempting to run away from 1 Coyotes!
[15:35:40.656 INFO]: Coyote(29) is moving S from (0, 7) to (1,7)
[15:35:40.656 WARN]: Coyote(29) just ate RoadRunner(147) at cell (1,7)
[15:35:40.656 INFO]: RoadRunner is attempting to run away from 1 Coyotes!
[15:35:40.656 INFO]: RoadRunner is attempting to run away from 2 Coyotes!
[15:35:40.656 INFO]: RoadRunner is attempting to run away from 3 Coyotes!
[15:35:40.657 INFO]: Coyote(88) is moving S from (0, 8) to (1,8)
[15:35:40.657 WARN]: Coyote(88) just ate RoadRunner(144) at cell (1,8)
[15:35:40.657 INFO]: RoadRunner is attempting to run away from 2 Coyotes!
[15:35:40.657 INFO]: RoadRunner is attempting to run away from 1 Coyotes!
[15:35:40.657 INFO]: RoadRunner is attempting to run away from 1 Coyotes!
[15:35:40.657 INFO]: 
[15:35:40.657 INFO]: Coyotes Left: 3
[15:35:40.657 INFO]: RoadRunners Left: 94
[15:35:40.828 INFO]: 
[15:35:40.828 INFO]: 
[15:35:40.829 INFO]: ########## Age 25 ##########
[15:35:40.829 INFO]: 
[15:35:40.829 INFO]: 
[15:35:40.829 INFO]: RoadRunner is attempting to run away from 1 Coyotes!
[15:35:40.829 INFO]: Coyote(153) is moving S from (1, 9) to (2,9)
[15:35:40.829 WARN]: Coyote(153) just ate RoadRunner(118) at cell (2,9)
[15:35:40.829 INFO]: RoadRunner is attempting to run away from 1 Coyotes!
[15:35:40.829 INFO]: RoadRunner is attempting to run away from 1 Coyotes!
[15:35:40.829 INFO]: RoadRunner is attempting to run away from 1 Coyotes!
[15:35:40.830 INFO]: RoadRunner is attempting to run away from 3 Coyotes!
[15:35:40.830 INFO]: RoadRunner is attempting to run away from 2 Coyotes!
[15:35:40.830 INFO]: Coyote(88) is moving S from (1, 8) to (2,8)
[15:35:40.830 WARN]: Coyote(88) just ate RoadRunner(101) at cell (2,8)
[15:35:40.830 INFO]: Coyote(29) is moving NW from (1, 7) to (0,6)
[15:35:40.830 WARN]: Coyote(29) just ate RoadRunner(17) at cell (0,6)
[15:35:40.830 INFO]: RoadRunner is attempting to run away from 2 Coyotes!
[15:35:40.834 INFO]: 
[15:35:40.834 INFO]: Coyotes Left: 3
[15:35:40.834 INFO]: RoadRunners Left: 91
[15:35:41.039 INFO]: 
[15:35:41.039 INFO]: 
[15:35:41.039 INFO]: ########## Age 26 ##########
[15:35:41.039 INFO]: 
[15:35:41.039 INFO]: 
[15:35:41.039 INFO]: RoadRunner is attempting to run away from 1 Coyotes!
[15:35:41.040 INFO]: Coyote(88) is moving S from (2, 8) to (3,8)
[15:35:41.040 WARN]: Coyote(88) just ate RoadRunner(107) at cell (3,8)
[15:35:41.040 INFO]: RoadRunner is attempting to run away from 1 Coyotes!
[15:35:41.040 INFO]: RoadRunner is attempting to run away from 1 Coyotes!
[15:35:41.040 INFO]: RoadRunner(37) is moving N from (2, 7) to (1,7)
[15:35:41.040 INFO]: RoadRunner is attempting to run away from 1 Coyotes!
[15:35:41.041 INFO]: RoadRunner is attempting to run away from 1 Coyotes!
[15:35:41.041 INFO]: RoadRunner is attempting to run away from 1 Coyotes!
[15:35:41.041 INFO]: RoadRunner(40) is moving N from (3, 7) to (2,7)
[15:35:41.041 INFO]: RoadRunner(95) is moving SE from (2, 6) to (3,7)
[15:35:41.042 INFO]: Coyote(29) is moving S from (0, 6) to (1,6)
[15:35:41.042 WARN]: Coyote(29) just ate RoadRunner(58) at cell (1,6)
[15:35:41.042 INFO]: Coyote(153) is moving S from (2, 9) to (3,9)
[15:35:41.042 WARN]: Coyote(153) just ate RoadRunner(123) at cell (3,9)
[15:35:41.042 INFO]: RoadRunner(143) is moving NE from (3, 5) to (2,6)
[15:35:41.042 INFO]: RoadRunner is attempting to run away from 1 Coyotes!
[15:35:41.042 INFO]: RoadRunner(103) is moving W from (3, 6) to (3,5)
[15:35:41.042 INFO]: RoadRunner is attempting to run away from 1 Coyotes!
[15:35:41.042 INFO]: RoadRunner(31) is moving SE from (2, 5) to (3,6)
[15:35:41.042 INFO]: RoadRunner just bred a new RoadRunner at cell (2,5)
[15:35:41.043 INFO]: RoadRunner just bred a new RoadRunner at cell (0,6)
[15:35:41.043 INFO]: RoadRunner just bred a new RoadRunner at cell (0,7)
[15:35:41.043 INFO]: RoadRunner just bred a new RoadRunner at cell (1,8)
[15:35:41.043 INFO]: RoadRunner just bred a new RoadRunner at cell (2,8)
[15:35:41.043 INFO]: 
[15:35:41.043 INFO]: Coyotes Left: 3
[15:35:41.043 INFO]: RoadRunners Left: 93
[15:35:41.229 INFO]: 
[15:35:41.229 INFO]: 
[15:35:41.229 INFO]: ########## Age 27 ##########
[15:35:41.229 INFO]: 
[15:35:41.229 INFO]: 
[15:35:41.229 INFO]: RoadRunner(157) is moving SE from (1, 8) to (2,9)
[15:35:41.229 INFO]: RoadRunner is attempting to run away from 1 Coyotes!
[15:35:41.229 INFO]: RoadRunner is attempting to run away from 1 Coyotes!
[15:35:41.230 INFO]: Coyote(88) is moving N from (3, 8) to (2,8)
[15:35:41.230 WARN]: Coyote(88) just ate RoadRunner(158) at cell (2,8)
[15:35:41.230 INFO]: RoadRunner is attempting to run away from 1 Coyotes!
[15:35:41.230 INFO]: RoadRunner is attempting to run away from 1 Coyotes!
[15:35:41.230 INFO]: RoadRunner(156) is moving E from (0, 7) to (0,8)
[15:35:41.230 INFO]: RoadRunner is attempting to run away from 2 Coyotes!
[15:35:41.230 INFO]: RoadRunner is attempting to run away from 1 Coyotes!
[15:35:41.230 INFO]: RoadRunner is attempting to run away from 1 Coyotes!
[15:35:41.230 INFO]: RoadRunner(155) is moving E from (0, 6) to (0,7)
[15:35:41.230 INFO]: RoadRunner is attempting to run away from 2 Coyotes!
[15:35:41.230 INFO]: RoadRunner(149) is moving NE from (4, 7) to (3,8)
[15:35:41.231 INFO]: Coyote(29) is moving NE from (1, 6) to (0,7)
[15:35:41.231 WARN]: Coyote(29) just ate RoadRunner(155) at cell (0,7)
[15:35:41.231 INFO]: RoadRunner(116) is moving NW from (5, 8) to (4,7)
[15:35:41.231 INFO]: RoadRunner is attempting to run away from 1 Coyotes!
[15:35:41.231 INFO]: RoadRunner(36) is moving S from (4, 8) to (5,8)
[15:35:41.231 INFO]: RoadRunner(154) is moving NE from (2, 5) to (1,6)
[15:35:41.231 INFO]: Coyote(153) is moving N from (3, 9) to (2,9)
[15:35:41.231 WARN]: Coyote(153) just ate RoadRunner(157) at cell (2,9)
[15:35:41.231 INFO]: RoadRunner(126) is moving N from (4, 9) to (3,9)
[15:35:41.231 INFO]: RoadRunner(151) is moving NE from (5, 7) to (4,8)
[15:35:41.231 INFO]: RoadRunner(84) is moving NE from (6, 6) to (5,7)
[15:35:41.231 INFO]: 
[15:35:41.232 INFO]: Coyotes Left: 3
[15:35:41.232 INFO]: RoadRunners Left: 90
[15:35:41.405 INFO]: 
[15:35:41.405 INFO]: 
[15:35:41.405 INFO]: ########## Age 28 ##########
[15:35:41.405 INFO]: 
[15:35:41.405 INFO]: 
[15:35:41.405 INFO]: RoadRunner is attempting to run away from 1 Coyotes!
[15:35:41.406 INFO]: RoadRunner(156) is moving SE from (0, 8) to (1,9)
[15:35:41.406 INFO]: RoadRunner(81) is moving E from (6, 5) to (6,6)
[15:35:41.406 INFO]: RoadRunner(80) is moving SE from (1, 4) to (2,5)
[15:35:41.406 INFO]: RoadRunner is attempting to run away from 1 Coyotes!
[15:35:41.406 INFO]: RoadRunner is attempting to run away from 1 Coyotes!
[15:35:41.406 INFO]: RoadRunner(151) is moving E from (4, 8) to (4,9)
[15:35:41.406 INFO]: RoadRunner(55) is moving W from (1, 5) to (1,4)
[15:35:41.406 INFO]: Coyote(29) is moving S from (0, 7) to (1,7)
[15:35:41.406 WARN]: Coyote(29) just ate RoadRunner(37) at cell (1,7)
[15:35:41.407 INFO]: RoadRunner(84) is moving NE from (5, 7) to (4,8)
[15:35:41.407 INFO]: RoadRunner(132) is moving S from (5, 5) to (6,5)
[15:35:41.407 INFO]: RoadRunner(68) is moving NE from (6, 4) to (5,5)
[15:35:41.407 INFO]: RoadRunner is attempting to run away from 2 Coyotes!
[15:35:41.407 INFO]: Coyote(153) is moving N from (2, 9) to (1,9)
[15:35:41.407 WARN]: Coyote(153) just ate RoadRunner(156) at cell (1,9)
[15:35:41.407 INFO]: RoadRunner(36) is moving W from (5, 8) to (5,7)
[15:35:41.407 INFO]: RoadRunner is attempting to run away from 1 Coyotes!
[15:35:41.407 INFO]: RoadRunner(154) is moving W from (1, 6) to (1,5)
[15:35:41.408 INFO]: RoadRunner is attempting to run away from 1 Coyotes!
[15:35:41.408 INFO]: RoadRunner(116) is moving SE from (4, 7) to (5,8)
[15:35:41.408 INFO]: RoadRunner(109) is moving NW from (7, 5) to (6,4)
[15:35:41.408 INFO]: RoadRunner(86) is moving W from (7, 6) to (7,5)
[15:35:41.408 INFO]: RoadRunner(47) is moving SW from (6, 7) to (7,6)
[15:35:41.408 INFO]: Coyote(88) is moving S from (2, 8) to (3,8)
[15:35:41.408 WARN]: Coyote(88) just ate RoadRunner(149) at cell (3,8)
[15:35:41.408 INFO]: RoadRunner(112) is moving NE from (5, 6) to (4,7)
[15:35:41.409 INFO]: RoadRunner(75) is moving SE from (0, 5) to (1,6)
[15:35:41.409 INFO]: RoadRunner(134) is moving S from (4, 6) to (5,6)
[15:35:41.409 INFO]: 
[15:35:41.409 INFO]: Coyotes Left: 3
[15:35:41.409 INFO]: RoadRunners Left: 87
[15:35:41.557 INFO]: 
[15:35:41.557 INFO]: 
[15:35:41.557 INFO]: ########## Age 29 ##########
[15:35:41.557 INFO]: 
[15:35:41.558 INFO]: 
[15:35:41.558 INFO]: RoadRunner is attempting to run away from 1 Coyotes!
[15:35:41.558 INFO]: RoadRunner(126) is moving N from (3, 9) to (2,9)
[15:35:41.558 INFO]: RoadRunner(81) is moving E from (6, 6) to (6,7)
[15:35:41.558 INFO]: RoadRunner(36) is moving NW from (5, 7) to (4,6)
[15:35:41.558 INFO]: RoadRunner(71) is moving E from (0, 4) to (0,5)
[15:35:41.558 INFO]: Coyote(88) is moving NE from (3, 8) to (2,9)
[15:35:41.558 WARN]: Coyote(88) just ate RoadRunner(126) at cell (2,9)
[15:35:41.558 INFO]: RoadRunner(154) is moving NE from (1, 5) to (0,6)
[15:35:41.558 INFO]: RoadRunner(130) is moving NE from (2, 4) to (1,5)
[15:35:41.558 INFO]: RoadRunner(116) is moving W from (5, 8) to (5,7)
[15:35:41.558 INFO]: RoadRunner is attempting to run away from 1 Coyotes!
[15:35:41.558 INFO]: RoadRunner is attempting to run away from 1 Coyotes!
[15:35:41.559 INFO]: RoadRunner(134) is moving S from (5, 6) to (6,6)
[15:35:41.559 INFO]: RoadRunner(72) is moving SE from (1, 3) to (2,4)
[15:35:41.559 INFO]: RoadRunner(112) is moving SW from (4, 7) to (5,6)
[15:35:41.559 INFO]: Coyote(153) is moving SW from (1, 9) to (2,8)
[15:35:41.559 INFO]: RoadRunner(31) is moving SE from (3, 6) to (4,7)
[15:35:41.559 INFO]: RoadRunner(103) is moving E from (3, 5) to (3,6)
[15:35:41.559 INFO]: RoadRunner(60) is moving E from (1, 2) to (1,3)
[15:35:41.559 INFO]: RoadRunner(84) is moving S from (4, 8) to (5,8)
[15:35:41.559 INFO]: RoadRunner(48) is moving S from (0, 2) to (1,2)
[15:35:41.559 INFO]: RoadRunner(74) is moving NE from (1, 1) to (0,2)
[15:35:41.559 INFO]: RoadRunner is attempting to run away from 1 Coyotes!
[15:35:41.559 INFO]: RoadRunner(95) is moving SE from (3, 7) to (4,8)
[15:35:41.560 INFO]: RoadRunner is attempting to run away from 2 Coyotes!
[15:35:41.560 INFO]: RoadRunner(40) is moving S from (2, 7) to (3,7)
[15:35:41.560 INFO]: RoadRunner(127) is moving NE from (2, 0) to (1,1)
[15:35:41.560 INFO]: RoadRunner(90) is moving E from (0, 3) to (0,4)
[15:35:41.560 INFO]: RoadRunner(66) is moving W from (2, 1) to (2,0)
[15:35:41.560 INFO]: RoadRunner(151) is moving NW from (4, 9) to (3,8)
[15:35:41.560 INFO]: RoadRunner(152) is moving N from (5, 9) to (4,9)
[15:35:41.560 INFO]: RoadRunner(80) is moving S from (2, 5) to (3,5)
[15:35:41.560 INFO]: Coyote(29) is moving NW from (1, 7) to (0,6)
[15:35:41.560 WARN]: Coyote(29) just ate RoadRunner(154) at cell (0,6)
[15:35:41.560 INFO]: RoadRunner(92) is moving NE from (3, 0) to (2,1)
[15:35:41.561 INFO]: RoadRunner(102) is moving NE from (6, 8) to (5,9)
[15:35:41.561 INFO]: RoadRunner(98) is moving W from (6, 9) to (6,8)
[15:35:41.561 INFO]: RoadRunner(79) is moving W from (3, 1) to (3,0)
[15:35:41.561 INFO]: RoadRunner(55) is moving SE from (1, 4) to (2,5)
[15:35:41.561 INFO]: RoadRunner just bred a new RoadRunner at cell (3,1)
[15:35:41.561 INFO]: RoadRunner just bred a new RoadRunner at cell (1,4)
[15:35:41.561 INFO]: RoadRunner just bred a new RoadRunner at cell (6,9)
[15:35:41.561 INFO]: RoadRunner just bred a new RoadRunner at cell (0,7)
[15:35:41.561 INFO]: RoadRunner just bred a new RoadRunner at cell (1,7)
[15:35:41.561 INFO]: RoadRunner just bred a new RoadRunner at cell (2,7)
[15:35:41.561 INFO]: RoadRunner just bred a new RoadRunner at cell (0,3)
[15:35:41.562 INFO]: RoadRunner just bred a new RoadRunner at cell (3,9)
[15:35:41.562 INFO]: 
[15:35:41.562 INFO]: Coyotes Left: 3
[15:35:41.563 INFO]: RoadRunners Left: 93
[15:35:41.718 INFO]: 
[15:35:41.718 INFO]: 
[15:35:41.718 INFO]: ########## Age 30 ##########
[15:35:41.718 INFO]: 
[15:35:41.718 INFO]: 
[15:35:41.718 INFO]: RoadRunner is attempting to run away from 1 Coyotes!
[15:35:41.718 INFO]: RoadRunner is attempting to run away from 1 Coyotes!
[15:35:41.719 INFO]: RoadRunner is attempting to run away from 1 Coyotes!
[15:35:41.719 INFO]: RoadRunner is attempting to run away from 1 Coyotes!
[15:35:41.719 INFO]: RoadRunner(162) is moving SE from (0, 7) to (1,8)
[15:35:41.719 INFO]: RoadRunner is attempting to run away from 1 Coyotes!
[15:35:41.719 INFO]: RoadRunner is attempting to run away from 1 Coyotes!
[15:35:41.719 INFO]: Coyote(153) is moving N from (2, 8) to (1,8)
[15:35:41.719 WARN]: Coyote(153) just ate RoadRunner(162) at cell (1,8)
[15:35:41.720 INFO]: Coyote(88) is moving S from (2, 9) to (3,9)
[15:35:41.720 WARN]: Coyote(88) just ate RoadRunner(166) at cell (3,9)
[15:35:41.720 INFO]: Coyote(29) is moving S from (0, 6) to (1,6)
[15:35:41.720 WARN]: Coyote(29) just ate RoadRunner(75) at cell (1,6)
[15:35:41.720 INFO]: RoadRunner is attempting to run away from 2 Coyotes!
[15:35:41.720 INFO]: RoadRunner(163) is moving N from (1, 7) to (0,7)
[15:35:41.720 INFO]: RoadRunner is attempting to run away from 1 Coyotes!
[15:35:41.721 INFO]: RoadRunner is attempting to run away from 1 Coyotes!
[15:35:41.721 INFO]: RoadRunner(151) is moving N from (3, 8) to (2,8)
[15:35:41.721 INFO]: 
[15:35:41.721 INFO]: Coyotes Left: 3
[15:35:41.721 INFO]: RoadRunners Left: 90
[15:35:41.862 INFO]: 
[15:35:41.862 INFO]: 
[15:35:41.862 INFO]: ########## Age 31 ##########
[15:35:41.862 INFO]: 
[15:35:41.862 INFO]: 
[15:35:41.862 INFO]: RoadRunner is attempting to run away from 1 Coyotes!
[15:35:41.862 INFO]: Coyote(153) is moving NW from (1, 8) to (0,7)
[15:35:41.863 WARN]: Coyote(153) just ate RoadRunner(163) at cell (0,7)
[15:35:41.863 INFO]: RoadRunner(40) is moving E from (3, 7) to (3,8)
[15:35:41.863 INFO]: RoadRunner is attempting to run away from 1 Coyotes!
[15:35:41.863 INFO]: RoadRunner is attempting to run away from 1 Coyotes!
[15:35:41.863 INFO]: RoadRunner(164) is moving S from (2, 7) to (3,7)
[15:35:41.863 INFO]: RoadRunner is attempting to run away from 1 Coyotes!
[15:35:41.863 INFO]: RoadRunner(143) is moving E from (2, 6) to (2,7)
[15:35:41.863 INFO]: RoadRunner is attempting to run away from 1 Coyotes!
[15:35:41.863 INFO]: Coyote(29) is moving NW from (1, 6) to (0,5)
[15:35:41.863 WARN]: Coyote(29) just ate RoadRunner(71) at cell (0,5)
[15:35:41.864 INFO]: RoadRunner(80) is moving NE from (3, 5) to (2,6)
[15:35:41.864 INFO]: Coyote(88) is moving NW from (3, 9) to (2,8)
[15:35:41.864 WARN]: Coyote(88) just ate RoadRunner(151) at cell (2,8)
[15:35:41.864 INFO]: RoadRunner is attempting to run away from 1 Coyotes!
[15:35:41.864 INFO]: RoadRunner(130) is moving E from (1, 5) to (1,6)
[15:35:41.864 INFO]: RoadRunner(36) is moving NW from (4, 6) to (3,5)
[15:35:41.864 INFO]: RoadRunner(31) is moving W from (4, 7) to (4,6)
[15:35:41.864 INFO]: Coyote just bred a new Coyote at cell (1,7)
[15:35:41.864 INFO]: Coyote just bred a new Coyote at cell (1,5)
[15:35:41.865 INFO]: Coyote just bred a new Coyote at cell (1,8)
[15:35:41.865 INFO]: 
[15:35:41.865 INFO]: Coyotes Left: 6
[15:35:41.865 INFO]: RoadRunners Left: 87
[15:35:42.023 INFO]: 
[15:35:42.023 INFO]: 
[15:35:42.023 INFO]: ########## Age 32 ##########
[15:35:42.023 INFO]: 
[15:35:42.023 INFO]: 
[15:35:42.024 INFO]: RoadRunner(31) is moving E from (4, 6) to (4,7)
[15:35:42.024 INFO]: RoadRunner is attempting to run away from 1 Coyotes!
[15:35:42.024 INFO]: Coyote(29) is moving SE from (0, 5) to (1,6)
[15:35:42.024 WARN]: Coyote(29) just ate RoadRunner(130) at cell (1,6)
[15:35:42.024 INFO]: RoadRunner(112) is moving N from (5, 6) to (4,6)
[15:35:42.024 INFO]: RoadRunner(53) is moving SE from (4, 5) to (5,6)
[15:35:42.024 INFO]: RoadRunner(89) is moving NE from (5, 4) to (4,5)
[15:35:42.024 INFO]: Coyote(153) is moving W from (0, 7) to (0,6)
[15:35:42.025 INFO]: Coyote(88) is moving S from (2, 8) to (3,8)
[15:35:42.025 WARN]: Coyote(88) just ate RoadRunner(40) at cell (3,8)
[15:35:42.025 INFO]: RoadRunner(49) is moving S from (4, 4) to (5,4)
[15:35:42.025 INFO]: RoadRunner is attempting to run away from 1 Coyotes!
[15:35:42.025 INFO]: RoadRunner(152) is moving N from (4, 9) to (3,9)
[15:35:42.025 INFO]: Coyote(168) is moving NW from (1, 5) to (0,4)
[15:35:42.025 WARN]: Coyote(168) just ate RoadRunner(90) at cell (0,4)
[15:35:42.025 INFO]: RoadRunner(68) is moving NW from (5, 5) to (4,4)
[15:35:42.025 INFO]: RoadRunner is attempting to run away from 1 Coyotes!
[15:35:42.025 INFO]: RoadRunner(95) is moving E from (4, 8) to (4,9)
[15:35:42.025 INFO]: RoadRunner is attempting to run away from 1 Coyotes!
[15:35:42.026 INFO]: RoadRunner(55) is moving N from (2, 5) to (1,5)
[15:35:42.026 INFO]: RoadRunner is attempting to run away from 4 Coyotes!
[15:35:42.026 INFO]: RoadRunner(132) is moving N from (6, 5) to (5,5)
[15:35:42.026 INFO]: Coyote(169) is moving SW from (1, 8) to (2,7)
[15:35:42.026 WARN]: Coyote(169) just ate RoadRunner(143) at cell (2,7)
[15:35:42.026 INFO]: RoadRunner is attempting to run away from 2 Coyotes!
[15:35:42.026 INFO]: RoadRunner(116) is moving NE from (5, 7) to (4,8)
[15:35:42.026 INFO]: Coyote(167) is moving SW from (1, 7) to (2,6)
[15:35:42.027 WARN]: Coyote(167) just ate RoadRunner(80) at cell (2,6)
[15:35:42.027 INFO]: RoadRunner is attempting to run away from 1 Coyotes!
[15:35:42.027 INFO]: RoadRunner(160) is moving SE from (1, 4) to (2,5)
[15:35:42.027 INFO]: RoadRunner is attempting to run away from 1 Coyotes!
[15:35:42.028 INFO]: RoadRunner just bred a new RoadRunner at cell (5,7)
[15:35:42.028 INFO]: RoadRunner just bred a new RoadRunner at cell (6,5)
[15:35:42.028 INFO]: RoadRunner just bred a new RoadRunner at cell (1,4)
[15:35:42.028 INFO]: RoadRunner just bred a new RoadRunner at cell (2,9)
[15:35:42.028 INFO]: RoadRunner just bred a new RoadRunner at cell (0,5)
[15:35:42.028 INFO]: RoadRunner just bred a new RoadRunner at cell (2,8)
[15:35:42.028 INFO]: 
[15:35:42.028 INFO]: Coyotes Left: 6
[15:35:42.028 INFO]: RoadRunners Left: 88
[15:35:42.191 INFO]: 
[15:35:42.191 INFO]: 
[15:35:42.191 INFO]: ########## Age 33 ##########
[15:35:42.192 INFO]: 
[15:35:42.192 INFO]: 
[15:35:42.192 INFO]: RoadRunner is attempting to run away from 2 Coyotes!
[15:35:42.192 INFO]: RoadRunner(175) is moving NE from (2, 8) to (1,9)
[15:35:42.192 INFO]: RoadRunner is attempting to run away from 3 Coyotes!
[15:35:42.192 INFO]: RoadRunner is attempting to run away from 1 Coyotes!
[15:35:42.192 INFO]: RoadRunner(173) is moving NW from (2, 9) to (1,8)
[15:35:42.192 INFO]: Coyote(169) is moving NE from (2, 7) to (1,8)
[15:35:42.192 WARN]: Coyote(169) just ate RoadRunner(173) at cell (1,8)
[15:35:42.192 INFO]: RoadRunner is attempting to run away from 1 Coyotes!
[15:35:42.192 INFO]: Coyote(167) is moving NW from (2, 6) to (1,5)
[15:35:42.192 WARN]: Coyote(167) just ate RoadRunner(55) at cell (1,5)
[15:35:42.193 INFO]: RoadRunner is attempting to run away from 1 Coyotes!
[15:35:42.193 INFO]: RoadRunner(36) is moving NE from (3, 5) to (2,6)
[15:35:42.193 INFO]: RoadRunner(89) is moving N from (4, 5) to (3,5)
[15:35:42.193 INFO]: RoadRunner(68) is moving E from (4, 4) to (4,5)
[15:35:42.193 INFO]: RoadRunner is attempting to run away from 1 Coyotes!
[15:35:42.193 INFO]: RoadRunner is attempting to run away from 4 Coyotes!
[15:35:42.193 INFO]: Coyote(88) is moving S from (3, 8) to (4,8)
[15:35:42.193 WARN]: Coyote(88) just ate RoadRunner(116) at cell (4,8)
[15:35:42.193 INFO]: RoadRunner is attempting to run away from 2 Coyotes!
[15:35:42.193 INFO]: RoadRunner is attempting to run away from 1 Coyotes!
[15:35:42.193 INFO]: RoadRunner is attempting to run away from 1 Coyotes!
[15:35:42.193 INFO]: RoadRunner is attempting to run away from 1 Coyotes!
[15:35:42.193 INFO]: RoadRunner(152) is moving N from (3, 9) to (2,9)
[15:35:42.194 INFO]: Coyote(29) is moving NW from (1, 6) to (0,5)
[15:35:42.194 WARN]: Coyote(29) just ate RoadRunner(174) at cell (0,5)
[15:35:42.194 INFO]: RoadRunner(128) is moving NE from (5, 3) to (4,4)
[15:35:42.194 INFO]: RoadRunner(49) is moving W from (5, 4) to (5,3)
[15:35:42.194 INFO]: RoadRunner(103) is moving NE from (3, 6) to (2,7)
[15:35:42.194 INFO]: Coyote(168) is moving S from (0, 4) to (1,4)
[15:35:42.194 WARN]: Coyote(168) just ate RoadRunner(172) at cell (1,4)
[15:35:42.194 INFO]: RoadRunner(132) is moving W from (5, 5) to (5,4)
[15:35:42.194 INFO]: Coyote(153) is moving SE from (0, 6) to (1,7)
[15:35:42.194 INFO]: RoadRunner is attempting to run away from 2 Coyotes!
[15:35:42.194 INFO]: RoadRunner(160) is moving SE from (2, 5) to (3,6)
[15:35:42.194 INFO]: RoadRunner(171) is moving N from (6, 5) to (5,5)
[15:35:42.194 INFO]: RoadRunner is attempting to run away from 1 Coyotes!
[15:35:42.194 INFO]: 
[15:35:42.195 INFO]: Coyotes Left: 6
[15:35:42.195 INFO]: RoadRunners Left: 83
[15:35:42.376 INFO]: 
[15:35:42.377 INFO]: 
[15:35:42.377 INFO]: ########## Age 34 ##########
[15:35:42.377 INFO]: 
[15:35:42.377 INFO]: 
[15:35:42.377 INFO]: RoadRunner(109) is moving E from (6, 4) to (6,5)
[15:35:42.377 INFO]: RoadRunner(76) is moving N from (7, 4) to (6,4)
[15:35:42.377 INFO]: RoadRunner(32) is moving NE from (3, 4) to (2,5)
[15:35:42.377 INFO]: RoadRunner is attempting to run away from 2 Coyotes!
[15:35:42.377 INFO]: RoadRunner(103) is moving SE from (2, 7) to (3,8)
[15:35:42.377 INFO]: Coyote(168) is moving NW from (1, 4) to (0,3)
[15:35:42.377 WARN]: Coyote(168) just ate RoadRunner(165) at cell (0,3)
[15:35:42.377 INFO]: RoadRunner(100) is moving NE from (4, 3) to (3,4)
[15:35:42.377 INFO]: RoadRunner(132) is moving NW from (5, 4) to (4,3)
[15:35:42.377 INFO]: RoadRunner(49) is moving E from (5, 3) to (5,4)
[15:35:42.377 INFO]: RoadRunner(122) is moving E from (7, 3) to (7,4)
[15:35:42.377 INFO]: RoadRunner(96) is moving SE from (4, 2) to (5,3)
[15:35:42.378 INFO]: Coyote(88) is moving N from (4, 8) to (3,8)
[15:35:42.378 WARN]: Coyote(88) just ate RoadRunner(103) at cell (3,8)
[15:35:42.378 INFO]: RoadRunner(54) is moving SE from (6, 2) to (7,3)
[15:35:42.378 INFO]: Coyote(167) is moving S from (1, 5) to (2,5)
[15:35:42.378 WARN]: Coyote(167) just ate RoadRunner(32) at cell (2,5)
[15:35:42.378 INFO]: RoadRunner is attempting to run away from 1 Coyotes!
[15:35:42.378 INFO]: RoadRunner(63) is moving E from (4, 1) to (4,2)
[15:35:42.378 INFO]: RoadRunner is attempting to run away from 1 Coyotes!
[15:35:42.378 INFO]: RoadRunner(102) is moving NW from (5, 9) to (4,8)
[15:35:42.378 INFO]: RoadRunner(125) is moving SW from (3, 2) to (4,1)
[15:35:42.378 INFO]: RoadRunner is attempting to run away from 1 Coyotes!
[15:35:42.378 INFO]: RoadRunner(160) is moving NE from (3, 6) to (2,7)
[15:35:42.378 INFO]: RoadRunner(106) is moving SW from (2, 3) to (3,2)
[15:35:42.378 INFO]: Coyote(29) is moving W from (0, 5) to (0,4)
[15:35:42.378 INFO]: RoadRunner(35) is moving E from (2, 2) to (2,3)
[15:35:42.378 INFO]: RoadRunner(84) is moving E from (5, 8) to (5,9)
[15:35:42.378 INFO]: RoadRunner is attempting to run away from 1 Coyotes!
[15:35:42.378 INFO]: RoadRunner(95) is moving SW from (4, 9) to (5,8)
[15:35:42.378 INFO]: RoadRunner(137) is moving NE from (7, 1) to (6,2)
[15:35:42.378 INFO]: RoadRunner is attempting to run away from 1 Coyotes!
[15:35:42.378 INFO]: RoadRunner(175) is moving N from (1, 9) to (0,9)
[15:35:42.379 INFO]: RoadRunner is attempting to run away from 2 Coyotes!
[15:35:42.379 INFO]: RoadRunner(36) is moving S from (2, 6) to (3,6)
[15:35:42.379 INFO]: RoadRunner is attempting to run away from 1 Coyotes!
[15:35:42.379 INFO]: Coyote(169) is moving NE from (1, 8) to (0,9)
[15:35:42.379 WARN]: Coyote(169) just ate RoadRunner(175) at cell (0,9)
[15:35:42.379 INFO]: RoadRunner(127) is moving SE from (1, 1) to (2,2)
[15:35:42.379 INFO]: RoadRunner(46) is moving W from (7, 2) to (7,1)
[15:35:42.379 INFO]: Coyote(153) is moving S from (1, 7) to (2,7)
[15:35:42.379 WARN]: Coyote(153) just ate RoadRunner(160) at cell (2,7)
[15:35:42.379 INFO]: RoadRunner is attempting to run away from 1 Coyotes!
[15:35:42.379 INFO]: RoadRunner(72) is moving N from (2, 4) to (1,4)
[15:35:42.379 INFO]: RoadRunner(33) is moving NW from (8, 3) to (7,2)
[15:35:42.379 INFO]: RoadRunner is attempting to run away from 1 Coyotes!
[15:35:42.379 INFO]: RoadRunner(152) is moving N from (2, 9) to (1,9)
[15:35:42.380 INFO]: RoadRunner is attempting to run away from 2 Coyotes!
[15:35:42.380 INFO]: RoadRunner is attempting to run away from 2 Coyotes!
[15:35:42.380 INFO]: RoadRunner(60) is moving SE from (1, 3) to (2,4)
[15:35:42.380 INFO]: 
[15:35:42.380 INFO]: Coyotes Left: 6
[15:35:42.380 INFO]: RoadRunners Left: 78
[15:35:42.527 INFO]: 
[15:35:42.527 INFO]: 
[15:35:42.527 INFO]: ########## Age 35 ##########
[15:35:42.527 INFO]: 
[15:35:42.527 INFO]: 
[15:35:42.527 INFO]: RoadRunner(54) is moving S from (7, 3) to (8,3)
[15:35:42.528 INFO]: RoadRunner is attempting to run away from 1 Coyotes!
[15:35:42.528 INFO]: RoadRunner(152) is moving SW from (1, 9) to (2,8)
[15:35:42.528 INFO]: RoadRunner is attempting to run away from 1 Coyotes!
[15:35:42.528 INFO]: RoadRunner(48) is moving W from (1, 2) to (1,1)
[15:35:42.528 INFO]: RoadRunner(92) is moving NE from (2, 1) to (1,2)
[15:35:42.528 INFO]: RoadRunner(66) is moving E from (2, 0) to (2,1)
[15:35:42.528 INFO]: RoadRunner(73) is moving S from (6, 3) to (7,3)
[15:35:42.528 INFO]: RoadRunner(79) is moving N from (3, 0) to (2,0)
[15:35:42.528 INFO]: RoadRunner is attempting to run away from 1 Coyotes!
[15:35:42.528 INFO]: RoadRunner(102) is moving E from (4, 8) to (4,9)
[15:35:42.528 INFO]: RoadRunner(146) is moving SE from (5, 2) to (6,3)
[15:35:42.528 INFO]: RoadRunner(127) is moving NE from (2, 2) to (1,3)
[15:35:42.528 INFO]: RoadRunner(137) is moving N from (6, 2) to (5,2)
[15:35:42.528 INFO]: RoadRunner(84) is moving NW from (5, 9) to (4,8)
[15:35:42.528 INFO]: RoadRunner is attempting to run away from 1 Coyotes!
[15:35:42.528 INFO]: RoadRunner is attempting to run away from 1 Coyotes!
[15:35:42.529 INFO]: RoadRunner is attempting to run away from 2 Coyotes!
[15:35:42.529 INFO]: RoadRunner(36) is moving N from (3, 6) to (2,6)
[15:35:42.529 INFO]: Coyote(153) is moving S from (2, 7) to (3,7)
[15:35:42.529 WARN]: Coyote(153) just ate RoadRunner(164) at cell (3,7)
[15:35:42.529 INFO]: RoadRunner(129) is moving SE from (5, 1) to (6,2)
[15:35:42.529 INFO]: RoadRunner(125) is moving NW from (4, 1) to (3,0)
[15:35:42.529 INFO]: RoadRunner is attempting to run away from 3 Coyotes!
[15:35:42.529 INFO]: RoadRunner(82) is moving E from (4, 0) to (4,1)
[15:35:42.529 INFO]: RoadRunner(97) is moving NE from (6, 0) to (5,1)
[15:35:42.529 INFO]: RoadRunner(93) is moving S from (5, 0) to (6,0)
[15:35:42.529 INFO]: RoadRunner(35) is moving W from (2, 3) to (2,2)
[15:35:42.529 INFO]: RoadRunner is attempting to run away from 1 Coyotes!
[15:35:42.529 INFO]: RoadRunner(60) is moving W from (2, 4) to (2,3)
[15:35:42.529 INFO]: RoadRunner(68) is moving NE from (4, 5) to (3,6)
[15:35:42.529 INFO]: Coyote(168) is moving S from (0, 3) to (1,3)
[15:35:42.529 WARN]: Coyote(168) just ate RoadRunner(127) at cell (1,3)
[15:35:42.529 INFO]: RoadRunner(50) is moving NE from (3, 3) to (2,4)
[15:35:42.529 INFO]: RoadRunner(171) is moving N from (5, 5) to (4,5)
[15:35:42.530 INFO]: Coyote(29) is moving S from (0, 4) to (1,4)
[15:35:42.530 WARN]: Coyote(29) just ate RoadRunner(72) at cell (1,4)
[15:35:42.530 INFO]: RoadRunner(95) is moving E from (5, 8) to (5,9)
[15:35:42.530 INFO]: RoadRunner(53) is moving W from (5, 6) to (5,5)
[15:35:42.530 INFO]: RoadRunner is attempting to run away from 1 Coyotes!
[15:35:42.530 INFO]: RoadRunner is attempting to run away from 2 Coyotes!
[15:35:42.530 INFO]: RoadRunner(31) is moving SW from (4, 7) to (5,6)
[15:35:42.530 INFO]: Coyote(169) is moving S from (0, 9) to (1,9)
[15:35:42.530 INFO]: Coyote(88) is moving N from (3, 8) to (2,8)
[15:35:42.530 WARN]: Coyote(88) just ate RoadRunner(152) at cell (2,8)
[15:35:42.530 INFO]: RoadRunner(106) is moving E from (3, 2) to (3,3)
[15:35:42.530 INFO]: Coyote(167) is moving S from (2, 5) to (3,5)
[15:35:42.530 WARN]: Coyote(167) just ate RoadRunner(89) at cell (3,5)
[15:35:42.530 INFO]: RoadRunner just bred a new RoadRunner at cell (3,2)
[15:35:42.530 INFO]: RoadRunner just bred a new RoadRunner at cell (4,0)
[15:35:42.530 INFO]: RoadRunner just bred a new RoadRunner at cell (0,3)
[15:35:42.530 INFO]: RoadRunner just bred a new RoadRunner at cell (4,7)
[15:35:42.530 INFO]: RoadRunner just bred a new RoadRunner at cell (5,8)
[15:35:42.530 INFO]: RoadRunner just bred a new RoadRunner at cell (5,0)
[15:35:42.530 INFO]: RoadRunner just bred a new RoadRunner at cell (3,9)
[15:35:42.531 INFO]: RoadRunner just bred a new RoadRunner at cell (3,8)
[15:35:42.531 INFO]: RoadRunner just bred a new RoadRunner at cell (2,5)
[15:35:42.531 INFO]: RoadRunner just bred a new RoadRunner at cell (1,6)
[15:35:42.531 INFO]: RoadRunner just bred a new RoadRunner at cell (2,7)
[15:35:42.531 INFO]: RoadRunner just bred a new RoadRunner at cell (1,5)
[15:35:42.531 INFO]: 
[15:35:42.531 INFO]: Coyotes Left: 6
[15:35:42.531 INFO]: RoadRunners Left: 85
[15:35:42.713 INFO]: 
[15:35:42.714 INFO]: 
[15:35:42.714 INFO]: ########## Age 36 ##########
[15:35:42.714 INFO]: 
[15:35:42.714 INFO]: 
[15:35:42.714 INFO]: RoadRunner is attempting to run away from 1 Coyotes!
[15:35:42.714 INFO]: RoadRunner is attempting to run away from 2 Coyotes!
[15:35:42.714 INFO]: RoadRunner(36) is moving NE from (2, 6) to (1,7)
[15:35:42.714 INFO]: RoadRunner is attempting to run away from 2 Coyotes!
[15:35:42.714 INFO]: RoadRunner is attempting to run away from 1 Coyotes!
[15:35:42.714 INFO]: RoadRunner is attempting to run away from 2 Coyotes!
[15:35:42.714 INFO]: Coyote(168) is moving N from (1, 3) to (0,3)
[15:35:42.714 WARN]: Coyote(168) just ate RoadRunner(178) at cell (0,3)
[15:35:42.714 INFO]: RoadRunner is attempting to run away from 2 Coyotes!
[15:35:42.714 INFO]: RoadRunner(186) is moving W from (2, 7) to (2,6)
[15:35:42.715 INFO]: RoadRunner is attempting to run away from 1 Coyotes!
[15:35:42.715 INFO]: RoadRunner is attempting to run away from 2 Coyotes!
[15:35:42.715 INFO]: Coyote(88) is moving NW from (2, 8) to (1,7)
[15:35:42.715 WARN]: Coyote(88) just ate RoadRunner(36) at cell (1,7)
[15:35:42.715 INFO]: Coyote(169) is moving S from (1, 9) to (2,9)
[15:35:42.715 INFO]: Coyote(29) is moving S from (1, 4) to (2,4)
[15:35:42.715 WARN]: Coyote(29) just ate RoadRunner(50) at cell (2,4)
[15:35:42.715 INFO]: Coyote(153) is moving NW from (3, 7) to (2,6)
[15:35:42.715 WARN]: Coyote(153) just ate RoadRunner(186) at cell (2,6)
[15:35:42.715 INFO]: RoadRunner is attempting to run away from 2 Coyotes!
[15:35:42.715 INFO]: RoadRunner(187) is moving NE from (1, 5) to (0,6)
[15:35:42.715 INFO]: RoadRunner(179) is moving N from (4, 7) to (3,7)
[15:35:42.715 INFO]: Coyote(167) is moving N from (3, 5) to (2,5)
[15:35:42.715 WARN]: Coyote(167) just ate RoadRunner(184) at cell (2,5)
[15:35:42.715 INFO]: RoadRunner is attempting to run away from 2 Coyotes!
[15:35:42.716 INFO]: RoadRunner(35) is moving NE from (2, 2) to (1,3)
[15:35:42.716 INFO]: RoadRunner(31) is moving NE from (5, 6) to (4,7)
[15:35:42.716 INFO]: RoadRunner is attempting to run away from 1 Coyotes!
[15:35:42.716 INFO]: RoadRunner is attempting to run away from 1 Coyotes!
[15:35:42.716 INFO]: RoadRunner(183) is moving NW from (3, 8) to (2,7)
[15:35:42.716 INFO]: RoadRunner is attempting to run away from 3 Coyotes!
[15:35:42.716 INFO]: RoadRunner(185) is moving NW from (1, 6) to (0,5)
[15:35:42.716 INFO]: RoadRunner(109) is moving NE from (6, 5) to (5,6)
[15:35:42.716 INFO]: RoadRunner is attempting to run away from 1 Coyotes!
[15:35:42.716 INFO]: RoadRunner(92) is moving S from (1, 2) to (2,2)
[15:35:42.716 INFO]: RoadRunner(53) is moving S from (5, 5) to (6,5)
[15:35:42.716 INFO]: RoadRunner(48) is moving E from (1, 1) to (1,2)
[15:35:42.716 INFO]: RoadRunner is attempting to run away from 1 Coyotes!
[15:35:42.717 INFO]: RoadRunner is attempting to run away from 1 Coyotes!
[15:35:42.717 INFO]: RoadRunner(74) is moving SW from (0, 2) to (1,1)
[15:35:42.717 INFO]: 
[15:35:42.717 INFO]: Coyotes Left: 6
[15:35:42.717 INFO]: RoadRunners Left: 80
[15:35:42.871 INFO]: 
[15:35:42.871 INFO]: 
[15:35:42.872 INFO]: ########## Age 37 ##########
[15:35:42.872 INFO]: 
[15:35:42.872 INFO]: 
[15:35:42.872 INFO]: Coyote(168) is moving S from (0, 3) to (1,3)
[15:35:42.872 WARN]: Coyote(168) just ate RoadRunner(35) at cell (1,3)
[15:35:42.872 INFO]: Coyote(153) is moving S from (2, 6) to (3,6)
[15:35:42.872 WARN]: Coyote(153) just ate RoadRunner(68) at cell (3,6)
[15:35:42.872 INFO]: Coyote(169) is moving S from (2, 9) to (3,9)
[15:35:42.872 WARN]: Coyote(169) just ate RoadRunner(182) at cell (3,9)
[15:35:42.872 INFO]: RoadRunner(76) is moving NE from (6, 4) to (5,5)
[15:35:42.872 INFO]: RoadRunner(70) is moving E from (0, 1) to (0,2)
[15:35:42.873 INFO]: RoadRunner(108) is moving NE from (1, 0) to (0,1)
[15:35:42.873 INFO]: RoadRunner is attempting to run away from 1 Coyotes!
[15:35:42.873 INFO]: RoadRunner is attempting to run away from 1 Coyotes!
[15:35:42.873 INFO]: RoadRunner is attempting to run away from 1 Coyotes!
[15:35:42.873 INFO]: RoadRunner(31) is moving NE from (4, 7) to (3,8)
[15:35:42.873 INFO]: RoadRunner is attempting to run away from 1 Coyotes!
[15:35:42.873 INFO]: RoadRunner(187) is moving SW from (0, 6) to (1,5)
[15:35:42.873 INFO]: RoadRunner(96) is moving SE from (5, 3) to (6,4)
[15:35:42.873 INFO]: RoadRunner is attempting to run away from 1 Coyotes!
[15:35:42.873 INFO]: RoadRunner is attempting to run away from 2 Coyotes!
[15:35:42.873 INFO]: RoadRunner(137) is moving E from (5, 2) to (5,3)
[15:35:42.873 INFO]: Coyote(167) is moving N from (2, 5) to (1,5)
[15:35:42.874 WARN]: Coyote(167) just ate RoadRunner(187) at cell (1,5)
[15:35:42.874 INFO]: RoadRunner(180) is moving NW from (5, 8) to (4,7)
[15:35:42.874 INFO]: RoadRunner(74) is moving W from (1, 1) to (1,0)
[15:35:42.874 INFO]: RoadRunner(170) is moving E from (5, 7) to (5,8)
[15:35:42.874 INFO]: RoadRunner is attempting to run away from 1 Coyotes!
[15:35:42.874 INFO]: RoadRunner(48) is moving W from (1, 2) to (1,1)
[15:35:42.874 INFO]: RoadRunner(82) is moving SE from (4, 1) to (5,2)
[15:35:42.874 INFO]: RoadRunner(97) is moving N from (5, 1) to (4,1)
[15:35:42.874 INFO]: RoadRunner(66) is moving NE from (2, 1) to (1,2)
[15:35:42.874 INFO]: RoadRunner(81) is moving N from (6, 7) to (5,7)
[15:35:42.874 INFO]: RoadRunner is attempting to run away from 1 Coyotes!
[15:35:42.874 INFO]: RoadRunner(171) is moving N from (4, 5) to (3,5)
[15:35:42.875 INFO]: RoadRunner(128) is moving E from (4, 4) to (4,5)
[15:35:42.875 INFO]: Coyote(29) is moving S from (2, 4) to (3,4)
[15:35:42.875 WARN]: Coyote(29) just ate RoadRunner(100) at cell (3,4)
[15:35:42.875 INFO]: RoadRunner is attempting to run away from 1 Coyotes!
[15:35:42.875 INFO]: RoadRunner is attempting to run away from 1 Coyotes!
[15:35:42.875 INFO]: RoadRunner(120) is moving NW from (7, 8) to (6,7)
[15:35:42.875 INFO]: RoadRunner is attempting to run away from 1 Coyotes!
[15:35:42.875 INFO]: RoadRunner(185) is moving E from (0, 5) to (0,6)
[15:35:42.875 INFO]: RoadRunner(51) is moving N from (6, 1) to (5,1)
[15:35:42.875 INFO]: Coyote(88) is moving NW from (1, 7) to (0,6)
[15:35:42.875 WARN]: Coyote(88) just ate RoadRunner(185) at cell (0,6)
[15:35:42.875 INFO]: RoadRunner(119) is moving NE from (8, 7) to (7,8)
[15:35:42.876 INFO]: RoadRunner(159) is moving N from (3, 1) to (2,1)
[15:35:42.876 INFO]: RoadRunner(181) is moving SE from (5, 0) to (6,1)
[15:35:42.876 INFO]: RoadRunner(79) is moving SE from (2, 0) to (3,1)
[15:35:42.876 INFO]: RoadRunner is attempting to run away from 1 Coyotes!
[15:35:42.876 INFO]: RoadRunner(179) is moving NE from (3, 7) to (2,8)
[15:35:42.876 INFO]: RoadRunner is attempting to run away from 2 Coyotes!
[15:35:42.876 INFO]: RoadRunner is attempting to run away from 1 Coyotes!
[15:35:42.876 INFO]: RoadRunner(183) is moving NE from (2, 7) to (1,8)
[15:35:42.877 INFO]: RoadRunner(117) is moving NE from (9, 6) to (8,7)
[15:35:42.877 INFO]: 
[15:35:42.877 INFO]: Coyotes Left: 6
[15:35:42.877 INFO]: RoadRunners Left: 74
[15:35:43.033 INFO]: 
[15:35:43.033 INFO]: 
[15:35:43.033 INFO]: ########## Age 38 ##########
[15:35:43.033 INFO]: 
[15:35:43.033 INFO]: 
[15:35:43.034 INFO]: Coyote(167) is moving N from (1, 5) to (0,5)
[15:35:43.034 INFO]: Coyote(168) is moving NW from (1, 3) to (0,2)
[15:35:43.034 WARN]: Coyote(168) just ate RoadRunner(70) at cell (0,2)
[15:35:43.034 INFO]: RoadRunner is attempting to run away from 1 Coyotes!
[15:35:43.035 INFO]: RoadRunner is attempting to run away from 1 Coyotes!
[15:35:43.035 INFO]: RoadRunner(31) is moving NW from (3, 8) to (2,7)
[15:35:43.035 INFO]: RoadRunner(99) is moving E from (9, 5) to (9,6)
[15:35:43.035 INFO]: RoadRunner is attempting to run away from 2 Coyotes!
[15:35:43.035 INFO]: RoadRunner is attempting to run away from 1 Coyotes!
[15:35:43.035 INFO]: RoadRunner(180) is moving NE from (4, 7) to (3,8)
[15:35:43.035 INFO]: Coyote(153) is moving NE from (3, 6) to (2,7)
[15:35:43.035 WARN]: Coyote(153) just ate RoadRunner(31) at cell (2,7)
[15:35:43.035 INFO]: RoadRunner(170) is moving NW from (5, 8) to (4,7)
[15:35:43.035 INFO]: RoadRunner is attempting to run away from 1 Coyotes!
[15:35:43.036 INFO]: RoadRunner(183) is moving NE from (1, 8) to (0,9)
[15:35:43.036 INFO]: RoadRunner is attempting to run away from 1 Coyotes!
[15:35:43.036 INFO]: RoadRunner(48) is moving SW from (1, 1) to (2,0)
[15:35:43.036 INFO]: RoadRunner(181) is moving NW from (6, 1) to (5,0)
[15:35:43.036 INFO]: RoadRunner(49) is moving N from (5, 4) to (4,4)
[15:35:43.036 INFO]: RoadRunner is attempting to run away from 1 Coyotes!
[15:35:43.036 INFO]: RoadRunner(102) is moving SW from (4, 9) to (5,8)
[15:35:43.036 INFO]: RoadRunner(33) is moving NW from (7, 2) to (6,1)
[15:35:43.036 INFO]: RoadRunner is attempting to run away from 1 Coyotes!
[15:35:43.036 INFO]: RoadRunner(132) is moving SE from (4, 3) to (5,4)
[15:35:43.036 INFO]: Coyote(88) is moving E from (0, 6) to (0,7)
[15:35:43.036 INFO]: Coyote(169) is moving NW from (3, 9) to (2,8)
[15:35:43.036 WARN]: Coyote(169) just ate RoadRunner(179) at cell (2,8)
[15:35:43.037 INFO]: RoadRunner(112) is moving NE from (4, 6) to (3,7)
[15:35:43.037 INFO]: RoadRunner(74) is moving E from (1, 0) to (1,1)
[15:35:43.037 INFO]: RoadRunner(139) is moving NE from (8, 1) to (7,2)
[15:35:43.037 INFO]: RoadRunner is attempting to run away from 1 Coyotes!
[15:35:43.037 INFO]: RoadRunner(171) is moving NE from (3, 5) to (2,6)
[15:35:43.037 INFO]: RoadRunner is attempting to run away from 1 Coyotes!
[15:35:43.037 INFO]: RoadRunner(106) is moving S from (3, 3) to (4,3)
[15:35:43.037 INFO]: RoadRunner(121) is moving SW from (8, 6) to (9,5)
[15:35:43.037 INFO]: RoadRunner is attempting to run away from 1 Coyotes!
[15:35:43.037 INFO]: RoadRunner(66) is moving E from (1, 2) to (1,3)
[15:35:43.037 INFO]: RoadRunner(92) is moving N from (2, 2) to (1,2)
[15:35:43.037 INFO]: RoadRunner(84) is moving E from (4, 8) to (4,9)
[15:35:43.037 INFO]: RoadRunner(133) is moving E from (8, 0) to (8,1)
[15:35:43.037 INFO]: RoadRunner(159) is moving NW from (2, 1) to (1,0)
[15:35:43.037 INFO]: RoadRunner(47) is moving S from (7, 6) to (8,6)
[15:35:43.038 INFO]: RoadRunner(63) is moving NE from (4, 2) to (3,3)
[15:35:43.038 INFO]: RoadRunner is attempting to run away from 1 Coyotes!
[15:35:43.038 INFO]: RoadRunner(60) is moving W from (2, 3) to (2,2)
[15:35:43.038 INFO]: RoadRunner(125) is moving NE from (3, 0) to (2,1)
[15:35:43.038 INFO]: RoadRunner(137) is moving NW from (5, 3) to (4,2)
[15:35:43.038 INFO]: RoadRunner(79) is moving W from (3, 1) to (3,0)
[15:35:43.038 INFO]: RoadRunner(141) is moving N from (9, 0) to (8,0)
[15:35:43.038 INFO]: Coyote(29) is moving S from (3, 4) to (4,4)
[15:35:43.038 WARN]: Coyote(29) just ate RoadRunner(49) at cell (4,4)
[15:35:43.038 INFO]: RoadRunner(83) is moving NE from (8, 5) to (7,6)
[15:35:43.038 INFO]: RoadRunner(97) is moving N from (4, 1) to (3,1)
[15:35:43.038 INFO]: RoadRunner(129) is moving NE from (6, 2) to (5,3)
[15:35:43.038 INFO]: RoadRunner(145) is moving E from (8, 4) to (8,5)
[15:35:43.038 INFO]: RoadRunner(46) is moving NE from (7, 1) to (6,2)
[15:35:43.039 INFO]: RoadRunner just bred a new RoadRunner at cell (8,4)
[15:35:43.039 INFO]: RoadRunner just bred a new RoadRunner at cell (9,0)
[15:35:43.039 INFO]: RoadRunner just bred a new RoadRunner at cell (2,3)
[15:35:43.039 INFO]: RoadRunner just bred a new RoadRunner at cell (7,1)
[15:35:43.039 INFO]: RoadRunner just bred a new RoadRunner at cell (4,1)
[15:35:43.039 INFO]: RoadRunner just bred a new RoadRunner at cell (4,8)
[15:35:43.039 INFO]: RoadRunner just bred a new RoadRunner at cell (3,5)
[15:35:43.039 INFO]: RoadRunner just bred a new RoadRunner at cell (2,9)
[15:35:43.039 INFO]: RoadRunner just bred a new RoadRunner at cell (3,6)
[15:35:43.039 INFO]: RoadRunner just bred a new RoadRunner at cell (1,9)
[15:35:43.039 INFO]: RoadRunner just bred a new RoadRunner at cell (4,6)
[15:35:43.039 INFO]: RoadRunner just bred a new RoadRunner at cell (1,6)
[15:35:43.039 INFO]: RoadRunner just bred a new RoadRunner at cell (3,4)
[15:35:43.039 INFO]: RoadRunner just bred a new RoadRunner at cell (0,3)
[15:35:43.040 INFO]: RoadRunner just bred a new RoadRunner at cell (3,9)
[15:35:43.040 INFO]: RoadRunner just bred a new RoadRunner at cell (2,4)
[15:35:43.040 INFO]: 
[15:35:43.040 INFO]: Coyotes Left: 6
[15:35:43.040 INFO]: RoadRunners Left: 86
[15:35:43.210 INFO]: 
[15:35:43.210 INFO]: 
[15:35:43.210 INFO]: ########## Age 39 ##########
[15:35:43.210 INFO]: 
[15:35:43.210 INFO]: 
[15:35:43.210 INFO]: RoadRunner is attempting to run away from 1 Coyotes!
[15:35:43.211 INFO]: RoadRunner(66) is moving E from (1, 3) to (1,4)
[15:35:43.211 INFO]: RoadRunner is attempting to run away from 1 Coyotes!
[15:35:43.211 INFO]: Coyote(168) is moving S from (0, 2) to (1,2)
[15:35:43.211 WARN]: Coyote(168) just ate RoadRunner(92) at cell (1,2)
[15:35:43.211 INFO]: RoadRunner is attempting to run away from 1 Coyotes!
[15:35:43.211 INFO]: RoadRunner is attempting to run away from 1 Coyotes!
[15:35:43.211 INFO]: RoadRunner(171) is moving NW from (2, 6) to (1,5)
[15:35:43.211 INFO]: RoadRunner is attempting to run away from 1 Coyotes!
[15:35:43.212 INFO]: RoadRunner is attempting to run away from 1 Coyotes!
[15:35:43.212 INFO]: RoadRunner(200) is moving NE from (3, 4) to (2,5)
[15:35:43.212 INFO]: Coyote(29) is moving NE from (4, 4) to (3,5)
[15:35:43.212 WARN]: Coyote(29) just ate RoadRunner(194) at cell (3,5)
[15:35:43.212 INFO]: RoadRunner is attempting to run away from 1 Coyotes!
[15:35:43.212 INFO]: RoadRunner is attempting to run away from 2 Coyotes!
[15:35:43.212 INFO]: RoadRunner(196) is moving N from (3, 6) to (2,6)
[15:35:43.212 INFO]: RoadRunner is attempting to run away from 1 Coyotes!
[15:35:43.212 INFO]: RoadRunner(106) is moving E from (4, 3) to (4,4)
[15:35:43.213 INFO]: RoadRunner is attempting to run away from 1 Coyotes!
[15:35:43.213 INFO]: RoadRunner(190) is moving SE from (2, 3) to (3,4)
[15:35:43.213 INFO]: RoadRunner is attempting to run away from 2 Coyotes!
[15:35:43.213 INFO]: RoadRunner(112) is moving W from (3, 7) to (3,6)
[15:35:43.213 INFO]: RoadRunner(193) is moving NW from (4, 8) to (3,7)
[15:35:43.213 INFO]: RoadRunner is attempting to run away from 1 Coyotes!
[15:35:43.213 INFO]: RoadRunner(201) is moving E from (0, 3) to (0,4)
[15:35:43.213 INFO]: Coyote(169) is moving NE from (2, 8) to (1,9)
[15:35:43.213 WARN]: Coyote(169) just ate RoadRunner(197) at cell (1,9)
[15:35:43.213 INFO]: RoadRunner(81) is moving NE from (5, 7) to (4,8)
[15:35:43.214 INFO]: RoadRunner(137) is moving E from (4, 2) to (4,3)
[15:35:43.214 INFO]: Coyote(88) is moving SW from (0, 7) to (1,6)
[15:35:43.214 WARN]: Coyote(88) just ate RoadRunner(199) at cell (1,6)
[15:35:43.214 INFO]: RoadRunner(63) is moving N from (3, 3) to (2,3)
[15:35:43.214 INFO]: Coyote(153) is moving S from (2, 7) to (3,7)
[15:35:43.214 WARN]: Coyote(153) just ate RoadRunner(193) at cell (3,7)
[15:35:43.214 INFO]: RoadRunner is attempting to run away from 1 Coyotes!
[15:35:43.214 INFO]: RoadRunner(109) is moving E from (5, 6) to (5,7)
[15:35:43.214 INFO]: RoadRunner is attempting to run away from 1 Coyotes!
[15:35:43.215 INFO]: RoadRunner(170) is moving SW from (4, 7) to (5,6)
[15:35:43.215 INFO]: RoadRunner(129) is moving NW from (5, 3) to (4,2)
[15:35:43.215 INFO]: RoadRunner is attempting to run away from 1 Coyotes!
[15:35:43.215 INFO]: Coyote(167) is moving S from (0, 5) to (1,5)
[15:35:43.215 WARN]: Coyote(167) just ate RoadRunner(171) at cell (1,5)
[15:35:43.215 INFO]: RoadRunner is attempting to run away from 1 Coyotes!
[15:35:43.215 INFO]: RoadRunner is attempting to run away from 1 Coyotes!
[15:35:43.216 INFO]: RoadRunner(195) is moving W from (2, 9) to (2,8)
[15:35:43.216 INFO]: RoadRunner is attempting to run away from 2 Coyotes!
[15:35:43.216 INFO]: RoadRunner(203) is moving NW from (2, 4) to (1,3)
[15:35:43.216 INFO]: RoadRunner is attempting to run away from 1 Coyotes!
[15:35:43.216 INFO]: RoadRunner(183) is moving W from (0, 9) to (0,8)
[15:35:43.216 INFO]: RoadRunner is attempting to run away from 1 Coyotes!
[15:35:43.216 INFO]: RoadRunner(180) is moving NE from (3, 8) to (2,9)
[15:35:43.217 INFO]: Coyote just bred a new Coyote at cell (0,2)
[15:35:43.217 INFO]: Coyote just bred a new Coyote at cell (2,4)
[15:35:43.217 INFO]: Coyote just bred a new Coyote at cell (0,9)
[15:35:43.217 INFO]: Coyote just bred a new Coyote at cell (0,6)
[15:35:43.217 INFO]: Coyote just bred a new Coyote at cell (2,7)
[15:35:43.217 INFO]: Coyote just bred a new Coyote at cell (0,5)
[15:35:43.217 INFO]: 
[15:35:43.217 INFO]: Coyotes Left: 12
[15:35:43.217 INFO]: RoadRunners Left: 80
[15:35:43.378 INFO]: 
[15:35:43.378 INFO]: 
[15:35:43.379 INFO]: ########## Age 40 ##########
[15:35:43.379 INFO]: 
[15:35:43.379 INFO]: 
[15:35:43.379 INFO]: RoadRunner is attempting to run away from 3 Coyotes!
[15:35:43.379 INFO]: RoadRunner(195) is moving N from (2, 8) to (1,8)
[15:35:43.379 INFO]: RoadRunner(132) is moving W from (5, 4) to (5,3)
[15:35:43.379 INFO]: RoadRunner is attempting to run away from 2 Coyotes!
[15:35:43.379 INFO]: Coyote(88) is moving S from (1, 6) to (2,6)
[15:35:43.380 WARN]: Coyote(88) just ate RoadRunner(196) at cell (2,6)
[15:35:43.380 INFO]: Coyote(168) is moving NW from (1, 2) to (0,1)
[15:35:43.380 WARN]: Coyote(168) just ate RoadRunner(108) at cell (0,1)
[15:35:43.380 INFO]: RoadRunner(170) is moving NE from (5, 6) to (4,7)
[15:35:43.380 INFO]: Coyote(207) is moving SE from (0, 6) to (1,7)
[15:35:43.380 INFO]: RoadRunner(53) is moving NW from (6, 5) to (5,4)
[15:35:43.380 INFO]: RoadRunner is attempting to run away from 4 Coyotes!
[15:35:43.380 INFO]: RoadRunner(125) is moving NE from (2, 1) to (1,2)
[15:35:43.381 INFO]: Coyote(169) is moving NW from (1, 9) to (0,8)
[15:35:43.381 WARN]: Coyote(169) just ate RoadRunner(183) at cell (0,8)
[15:35:43.381 INFO]: RoadRunner is attempting to run away from 1 Coyotes!
[15:35:43.381 INFO]: RoadRunner(81) is moving N from (4, 8) to (3,8)
[15:35:43.381 INFO]: RoadRunner is attempting to run away from 2 Coyotes!
[15:35:43.381 INFO]: RoadRunner(190) is moving W from (3, 4) to (3,3)
[15:35:43.381 INFO]: RoadRunner is attempting to run away from 1 Coyotes!
[15:35:43.381 INFO]: RoadRunner(106) is moving N from (4, 4) to (3,4)
[15:35:43.382 INFO]: RoadRunner(76) is moving NW from (5, 5) to (4,4)
[15:35:43.382 INFO]: RoadRunner is attempting to run away from 2 Coyotes!
[15:35:43.382 INFO]: RoadRunner(198) is moving SW from (4, 6) to (5,5)
[15:35:43.382 INFO]: RoadRunner(109) is moving W from (5, 7) to (5,6)
[15:35:43.382 INFO]: RoadRunner(202) is moving NW from (3, 9) to (2,8)
[15:35:43.382 INFO]: Coyote(29) is moving N from (3, 5) to (2,5)
[15:35:43.382 WARN]: Coyote(29) just ate RoadRunner(200) at cell (2,5)
[15:35:43.382 INFO]: RoadRunner(60) is moving W from (2, 2) to (2,1)
[15:35:43.382 INFO]: RoadRunner(98) is moving NW from (6, 8) to (5,7)
[15:35:43.382 INFO]: RoadRunner(84) is moving N from (4, 9) to (3,9)
[15:35:43.382 INFO]: RoadRunner is attempting to run away from 2 Coyotes!
[15:35:43.383 INFO]: RoadRunner(203) is moving SW from (1, 3) to (2,2)
[15:35:43.383 INFO]: Coyote(209) is moving SW from (0, 5) to (1,4)
[15:35:43.383 WARN]: Coyote(209) just ate RoadRunner(66) at cell (1,4)
[15:35:43.383 INFO]: RoadRunner is attempting to run away from 2 Coyotes!
[15:35:43.383 INFO]: RoadRunner(63) is moving N from (2, 3) to (1,3)
[15:35:43.383 INFO]: RoadRunner(94) is moving NW from (7, 9) to (6,8)
[15:35:43.383 INFO]: RoadRunner is attempting to run away from 2 Coyotes!
[15:35:43.383 INFO]: Coyote(205) is moving NW from (2, 4) to (1,3)
[15:35:43.383 WARN]: Coyote(205) just ate RoadRunner(63) at cell (1,3)
[15:35:43.383 INFO]: RoadRunner(83) is moving NW from (7, 6) to (6,5)
[15:35:43.384 INFO]: Coyote(206) is moving SW from (0, 9) to (1,8)
[15:35:43.384 WARN]: Coyote(206) just ate RoadRunner(195) at cell (1,8)
[15:35:43.384 INFO]: Coyote(204) is moving S from (0, 2) to (1,2)
[15:35:43.384 WARN]: Coyote(204) just ate RoadRunner(125) at cell (1,2)
[15:35:43.384 INFO]: RoadRunner(120) is moving SW from (6, 7) to (7,6)
[15:35:43.384 INFO]: RoadRunner(128) is moving N from (4, 5) to (3,5)
[15:35:43.384 INFO]: Coyote(208) is moving SE from (2, 7) to (3,8)
[15:35:43.384 WARN]: Coyote(208) just ate RoadRunner(81) at cell (3,8)
[15:35:43.384 INFO]: RoadRunner(176) is moving NE from (3, 2) to (2,3)
[15:35:43.384 INFO]: RoadRunner(95) is moving N from (5, 9) to (4,9)
[15:35:43.385 INFO]: RoadRunner is attempting to run away from 1 Coyotes!
[15:35:43.385 INFO]: RoadRunner(137) is moving NW from (4, 3) to (3,2)
[15:35:43.385 INFO]: Coyote(153) is moving NE from (3, 7) to (2,8)
[15:35:43.385 WARN]: Coyote(153) just ate RoadRunner(202) at cell (2,8)
[15:35:43.385 INFO]: RoadRunner(111) is moving N from (8, 9) to (7,9)
[15:35:43.385 INFO]: Coyote(167) is moving NW from (1, 5) to (0,4)
[15:35:43.385 WARN]: Coyote(167) just ate RoadRunner(201) at cell (0,4)
[15:35:43.385 INFO]: RoadRunner(148) is moving NE from (9, 8) to (8,9)
[15:35:43.385 INFO]: RoadRunner is attempting to run away from 3 Coyotes!
[15:35:43.385 INFO]: RoadRunner(180) is moving N from (2, 9) to (1,9)
[15:35:43.385 INFO]: RoadRunner(117) is moving SE from (8, 7) to (9,8)
[15:35:43.386 INFO]: RoadRunner(161) is moving N from (6, 9) to (5,9)
[15:35:43.386 INFO]: RoadRunner(78) is moving N from (9, 7) to (8,7)
[15:35:43.386 INFO]: 
[15:35:43.386 INFO]: Coyotes Left: 12
[15:35:43.386 INFO]: RoadRunners Left: 69
[15:35:43.547 INFO]: 
[15:35:43.547 INFO]: 
[15:35:43.547 INFO]: ########## Age 41 ##########
[15:35:43.547 INFO]: 
[15:35:43.547 INFO]: 
[15:35:43.548 INFO]: RoadRunner is attempting to run away from 1 Coyotes!
[15:35:43.548 INFO]: RoadRunner is attempting to run away from 3 Coyotes!
[15:35:43.548 INFO]: RoadRunner(180) is moving N from (1, 9) to (0,9)
[15:35:43.548 INFO]: RoadRunner is attempting to run away from 1 Coyotes!
[15:35:43.548 INFO]: RoadRunner(170) is moving W from (4, 7) to (4,6)
[15:35:43.548 INFO]: RoadRunner is attempting to run away from 1 Coyotes!
[15:35:43.548 INFO]: RoadRunner is attempting to run away from 2 Coyotes!
[15:35:43.548 INFO]: RoadRunner(128) is moving S from (3, 5) to (4,5)
[15:35:43.548 INFO]: RoadRunner(137) is moving SE from (3, 2) to (4,3)
[15:35:43.548 INFO]: RoadRunner(47) is moving SE from (8, 6) to (9,7)
[15:35:43.549 INFO]: RoadRunner(78) is moving W from (8, 7) to (8,6)
[15:35:43.549 INFO]: Coyote(206) is moving NE from (1, 8) to (0,9)
[15:35:43.549 WARN]: Coyote(206) just ate RoadRunner(180) at cell (0,9)
[15:35:43.549 INFO]: RoadRunner(120) is moving SE from (7, 6) to (8,7)
[15:35:43.549 INFO]: RoadRunner(134) is moving S from (6, 6) to (7,6)
[15:35:43.549 INFO]: RoadRunner(119) is moving NW from (7, 8) to (6,7)
[15:35:43.549 INFO]: RoadRunner(76) is moving NE from (4, 4) to (3,5)
[15:35:43.550 INFO]: Coyote(153) is moving SE from (2, 8) to (3,9)
[15:35:43.550 WARN]: Coyote(153) just ate RoadRunner(84) at cell (3,9)
[15:35:43.550 INFO]: Coyote(204) is moving S from (1, 2) to (2,2)
[15:35:43.550 WARN]: Coyote(204) just ate RoadRunner(203) at cell (2,2)
[15:35:43.550 INFO]: Coyote(168) is moving S from (0, 1) to (1,1)
[15:35:43.550 WARN]: Coyote(168) just ate RoadRunner(74) at cell (1,1)
[15:35:43.550 INFO]: Coyote(167) is moving SE from (0, 4) to (1,5)
[15:35:43.550 INFO]: RoadRunner(102) is moving SE from (5, 8) to (6,9)
[15:35:43.550 INFO]: RoadRunner(104) is moving NW from (7, 7) to (6,6)
[15:35:43.550 INFO]: Coyote(209) is moving SW from (1, 4) to (2,3)
[15:35:43.551 WARN]: Coyote(209) just ate RoadRunner(176) at cell (2,3)
[15:35:43.551 INFO]: RoadRunner is attempting to run away from 2 Coyotes!
[15:35:43.551 INFO]: RoadRunner(53) is moving N from (5, 4) to (4,4)
[15:35:43.551 INFO]: RoadRunner(129) is moving N from (4, 2) to (3,2)
[15:35:43.551 INFO]: RoadRunner(109) is moving NE from (5, 6) to (4,7)
[15:35:43.551 INFO]: RoadRunner(146) is moving NE from (6, 3) to (5,4)
[15:35:43.551 INFO]: RoadRunner(115) is moving NW from (8, 8) to (7,7)
[15:35:43.551 INFO]: Coyote(88) is moving S from (2, 6) to (3,6)
[15:35:43.551 WARN]: Coyote(88) just ate RoadRunner(112) at cell (3,6)
[15:35:43.551 INFO]: RoadRunner(82) is moving SE from (5, 2) to (6,3)
[15:35:43.551 INFO]: RoadRunner(192) is moving E from (4, 1) to (4,2)
[15:35:43.552 INFO]: RoadRunner(117) is moving N from (9, 8) to (8,8)
[15:35:43.552 INFO]: Coyote(29) is moving S from (2, 5) to (3,5)
[15:35:43.552 WARN]: Coyote(29) just ate RoadRunner(76) at cell (3,5)
[15:35:43.552 INFO]: RoadRunner(94) is moving N from (6, 8) to (5,8)
[15:35:43.552 INFO]: RoadRunner is attempting to run away from 1 Coyotes!
[15:35:43.552 INFO]: RoadRunner(111) is moving W from (7, 9) to (7,8)
[15:35:43.552 INFO]: RoadRunner(161) is moving NW from (5, 9) to (4,8)
[15:35:43.552 INFO]: RoadRunner(79) is moving SE from (3, 0) to (4,1)
[15:35:43.552 INFO]: Coyote(207) is moving SE from (1, 7) to (2,8)
[15:35:43.553 INFO]: RoadRunner(132) is moving W from (5, 3) to (5,2)
[15:35:43.553 INFO]: RoadRunner(83) is moving NE from (6, 5) to (5,6)
[15:35:43.553 INFO]: RoadRunner(52) is moving W from (9, 9) to (9,8)
[15:35:43.553 INFO]: Coyote(208) is moving S from (3, 8) to (4,8)
[15:35:43.553 WARN]: Coyote(208) just ate RoadRunner(161) at cell (4,8)
[15:35:43.553 INFO]: Coyote(205) is moving N from (1, 3) to (0,3)
[15:35:43.553 INFO]: RoadRunner is attempting to run away from 2 Coyotes!
[15:35:43.553 INFO]: Coyote(169) is moving S from (0, 8) to (1,8)
[15:35:43.553 INFO]: RoadRunner is attempting to run away from 2 Coyotes!
[15:35:43.553 INFO]: RoadRunner(106) is moving N from (3, 4) to (2,4)
[15:35:43.553 INFO]: RoadRunner is attempting to run away from 1 Coyotes!
[15:35:43.554 INFO]: RoadRunner(97) is moving W from (3, 1) to (3,0)
[15:35:43.554 INFO]: RoadRunner is attempting to run away from 1 Coyotes!
[15:35:43.554 INFO]: RoadRunner(98) is moving SE from (5, 7) to (6,8)
[15:35:43.554 INFO]: RoadRunner just bred a new RoadRunner at cell (3,1)
[15:35:43.554 INFO]: RoadRunner just bred a new RoadRunner at cell (0,1)
[15:35:43.554 INFO]: RoadRunner just bred a new RoadRunner at cell (6,5)
[15:35:43.554 INFO]: RoadRunner just bred a new RoadRunner at cell (3,7)
[15:35:43.554 INFO]: RoadRunner just bred a new RoadRunner at cell (3,8)
[15:35:43.554 INFO]: RoadRunner just bred a new RoadRunner at cell (7,9)
[15:35:43.554 INFO]: RoadRunner just bred a new RoadRunner at cell (3,4)
[15:35:43.554 INFO]: RoadRunner just bred a new RoadRunner at cell (5,3)
[15:35:43.554 INFO]: RoadRunner just bred a new RoadRunner at cell (5,7)
[15:35:43.554 INFO]: RoadRunner just bred a new RoadRunner at cell (5,9)
[15:35:43.555 INFO]: RoadRunner just bred a new RoadRunner at cell (1,2)
[15:35:43.555 INFO]: RoadRunner just bred a new RoadRunner at cell (9,9)
[15:35:43.555 INFO]: RoadRunner just bred a new RoadRunner at cell (1,4)
[15:35:43.555 INFO]: 
[15:35:43.555 INFO]: Coyotes Left: 12
[15:35:43.555 INFO]: RoadRunners Left: 74
[15:35:43.707 INFO]: 
[15:35:43.707 INFO]: 
[15:35:43.707 INFO]: ########## Age 42 ##########
[15:35:43.707 INFO]: 
[15:35:43.707 INFO]: 
[15:35:43.708 INFO]: Coyote(168) is moving N from (1, 1) to (0,1)
[15:35:43.708 WARN]: Coyote(168) just ate RoadRunner(211) at cell (0,1)
[15:35:43.708 INFO]: RoadRunner is attempting to run away from 1 Coyotes!
[15:35:43.708 INFO]: Coyote(206) is moving S from (0, 9) to (1,9)
[15:35:43.708 INFO]: RoadRunner is attempting to run away from 2 Coyotes!
[15:35:43.709 INFO]: Coyote(169) is moving N from (1, 8) to (0,8)
[15:35:43.709 INFO]: Coyote(209) is moving NE from (2, 3) to (1,4)
[15:35:43.709 WARN]: Coyote(209) just ate RoadRunner(222) at cell (1,4)
[15:35:43.709 INFO]: RoadRunner is attempting to run away from 1 Coyotes!
[15:35:43.709 INFO]: RoadRunner(216) is moving NW from (3, 4) to (2,3)
[15:35:43.710 INFO]: RoadRunner(48) is moving NE from (2, 0) to (1,1)
[15:35:43.710 INFO]: RoadRunner is attempting to run away from 3 Coyotes!
[15:35:43.710 INFO]: RoadRunner(220) is moving N from (1, 2) to (0,2)
[15:35:43.710 INFO]: RoadRunner is attempting to run away from 1 Coyotes!
[15:35:43.710 INFO]: RoadRunner(97) is moving N from (3, 0) to (2,0)
[15:35:43.710 INFO]: Coyote(204) is moving NW from (2, 2) to (1,1)
[15:35:43.710 WARN]: Coyote(204) just ate RoadRunner(48) at cell (1,1)
[15:35:43.710 INFO]: RoadRunner(210) is moving NE from (3, 1) to (2,2)
[15:35:43.710 INFO]: RoadRunner is attempting to run away from 2 Coyotes!
[15:35:43.711 INFO]: Coyote(153) is moving S from (3, 9) to (4,9)
[15:35:43.711 WARN]: Coyote(153) just ate RoadRunner(95) at cell (4,9)
[15:35:43.711 INFO]: RoadRunner is attempting to run away from 3 Coyotes!
[15:35:43.711 INFO]: RoadRunner(213) is moving N from (3, 7) to (2,7)
[15:35:43.711 INFO]: Coyote(208) is moving N from (4, 8) to (3,8)
[15:35:43.711 WARN]: Coyote(208) just ate RoadRunner(214) at cell (3,8)
[15:35:43.711 INFO]: Coyote(205) is moving W from (0, 3) to (0,2)
[15:35:43.711 WARN]: Coyote(205) just ate RoadRunner(220) at cell (0,2)
[15:35:43.711 INFO]: RoadRunner(190) is moving E from (3, 3) to (3,4)
[15:35:43.711 INFO]: RoadRunner is attempting to run away from 2 Coyotes!
[15:35:43.712 INFO]: RoadRunner is attempting to run away from 2 Coyotes!
[15:35:43.712 INFO]: RoadRunner is attempting to run away from 1 Coyotes!
[15:35:43.712 INFO]: RoadRunner(53) is moving NW from (4, 4) to (3,3)
[15:35:43.712 INFO]: RoadRunner(137) is moving E from (4, 3) to (4,4)
[15:35:43.712 INFO]: RoadRunner(129) is moving W from (3, 2) to (3,1)
[15:35:43.712 INFO]: Coyote(88) is moving NE from (3, 6) to (2,7)
[15:35:43.712 WARN]: Coyote(88) just ate RoadRunner(213) at cell (2,7)
[15:35:43.712 INFO]: RoadRunner(177) is moving N from (4, 0) to (3,0)
[15:35:43.712 INFO]: Coyote(207) is moving N from (2, 8) to (1,8)
[15:35:43.712 INFO]: RoadRunner is attempting to run away from 1 Coyotes!
[15:35:43.712 INFO]: RoadRunner(60) is moving SE from (2, 1) to (3,2)
[15:35:43.713 INFO]: RoadRunner(192) is moving E from (4, 2) to (4,3)
[15:35:43.713 INFO]: Coyote(167) is moving SW from (1, 5) to (2,4)
[15:35:43.713 WARN]: Coyote(167) just ate RoadRunner(106) at cell (2,4)
[15:35:43.713 INFO]: Coyote(29) is moving S from (3, 5) to (4,5)
[15:35:43.713 WARN]: Coyote(29) just ate RoadRunner(128) at cell (4,5)
[15:35:43.713 INFO]: RoadRunner is attempting to run away from 1 Coyotes!
[15:35:43.713 INFO]: RoadRunner(94) is moving N from (5, 8) to (4,8)
[15:35:43.713 INFO]: RoadRunner is attempting to run away from 1 Coyotes!
[15:35:43.713 INFO]: RoadRunner(170) is moving NE from (4, 6) to (3,7)
[15:35:43.713 INFO]: RoadRunner(218) is moving NW from (5, 7) to (4,6)
[15:35:43.714 INFO]: 
[15:35:43.714 INFO]: Coyotes Left: 12
[15:35:43.714 INFO]: RoadRunners Left: 65
[15:35:43.859 INFO]: 
[15:35:43.859 INFO]: 
[15:35:43.859 INFO]: ########## Age 43 ##########
[15:35:43.859 INFO]: 
[15:35:43.859 INFO]: 
[15:35:43.860 INFO]: Coyote(209) is moving SW from (1, 4) to (2,3)
[15:35:43.860 WARN]: Coyote(209) just ate RoadRunner(216) at cell (2,3)
[15:35:43.860 INFO]: RoadRunner is attempting to run away from 3 Coyotes!
[15:35:43.860 INFO]: RoadRunner is attempting to run away from 1 Coyotes!
[15:35:43.861 INFO]: RoadRunner(218) is moving SE from (4, 6) to (5,7)
[15:35:43.861 INFO]: Coyote(206) is moving SW from (1, 9) to (2,8)
[15:35:43.861 INFO]: RoadRunner(129) is moving SW from (3, 1) to (4,0)
[15:35:43.861 INFO]: RoadRunner is attempting to run away from 1 Coyotes!
[15:35:43.861 INFO]: RoadRunner(83) is moving N from (5, 6) to (4,6)
[15:35:43.862 INFO]: Coyote(167) is moving S from (2, 4) to (3,4)
[15:35:43.862 WARN]: Coyote(167) just ate RoadRunner(190) at cell (3,4)
[15:35:43.862 INFO]: RoadRunner(217) is moving NW from (5, 3) to (4,2)
[15:35:43.862 INFO]: RoadRunner is attempting to run away from 2 Coyotes!
[15:35:43.862 INFO]: Coyote(169) is moving W from (0, 8) to (0,7)
[15:35:43.862 INFO]: RoadRunner(98) is moving N from (6, 8) to (5,8)
[15:35:43.862 INFO]: Coyote(168) is moving SW from (0, 1) to (1,0)
[15:35:43.862 WARN]: Coyote(168) just ate RoadRunner(159) at cell (1,0)
[15:35:43.862 INFO]: RoadRunner(132) is moving E from (5, 2) to (5,3)
[15:35:43.862 INFO]: RoadRunner(51) is moving E from (5, 1) to (5,2)
[15:35:43.863 INFO]: RoadRunner is attempting to run away from 2 Coyotes!
[15:35:43.863 INFO]: RoadRunner(46) is moving NW from (6, 2) to (5,1)
[15:35:43.863 INFO]: RoadRunner is attempting to run away from 2 Coyotes!
[15:35:43.863 INFO]: RoadRunner(210) is moving SW from (2, 2) to (3,1)
[15:35:43.863 INFO]: Coyote(208) is moving S from (3, 8) to (4,8)
[15:35:43.863 WARN]: Coyote(208) just ate RoadRunner(94) at cell (4,8)
[15:35:43.863 INFO]: RoadRunner is attempting to run away from 1 Coyotes!
[15:35:43.863 INFO]: Coyote(205) is moving SE from (0, 2) to (1,3)
[15:35:43.863 INFO]: RoadRunner(104) is moving N from (6, 6) to (5,6)
[15:35:43.864 INFO]: Coyote(153) is moving S from (4, 9) to (5,9)
[15:35:43.864 WARN]: Coyote(153) just ate RoadRunner(219) at cell (5,9)
[15:35:43.864 INFO]: Coyote(88) is moving S from (2, 7) to (3,7)
[15:35:43.864 WARN]: Coyote(88) just ate RoadRunner(170) at cell (3,7)
[15:35:43.864 INFO]: RoadRunner(212) is moving E from (6, 5) to (6,6)
[15:35:43.864 INFO]: RoadRunner is attempting to run away from 2 Coyotes!
[15:35:43.864 INFO]: RoadRunner is attempting to run away from 2 Coyotes!
[15:35:43.864 INFO]: RoadRunner(73) is moving NW from (7, 3) to (6,2)
[15:35:43.864 INFO]: RoadRunner(86) is moving N from (7, 5) to (6,5)
[15:35:43.864 INFO]: RoadRunner is attempting to run away from 1 Coyotes!
[15:35:43.864 INFO]: RoadRunner(102) is moving W from (6, 9) to (6,8)
[15:35:43.864 INFO]: Coyote(204) is moving NW from (1, 1) to (0,0)
[15:35:43.865 WARN]: Coyote(204) just ate RoadRunner(59) at cell (0,0)
[15:35:43.865 INFO]: RoadRunner(177) is moving NE from (3, 0) to (2,1)
[15:35:43.865 INFO]: RoadRunner(188) is moving NW from (8, 4) to (7,3)
[15:35:43.865 INFO]: RoadRunner(111) is moving NE from (7, 8) to (6,9)
[15:35:43.865 INFO]: RoadRunner(117) is moving N from (8, 8) to (7,8)
[15:35:43.865 INFO]: RoadRunner(215) is moving SW from (7, 9) to (8,8)
[15:35:43.865 INFO]: RoadRunner(148) is moving N from (8, 9) to (7,9)
[15:35:43.865 INFO]: RoadRunner(145) is moving W from (8, 5) to (8,4)
[15:35:43.865 INFO]: RoadRunner is attempting to run away from 1 Coyotes!
[15:35:43.865 INFO]: RoadRunner is attempting to run away from 1 Coyotes!
[15:35:43.865 INFO]: Coyote(29) is moving S from (4, 5) to (5,5)
[15:35:43.866 WARN]: Coyote(29) just ate RoadRunner(198) at cell (5,5)
[15:35:43.866 WARN]: Coyote(207) died to starvation!
[15:35:43.866 INFO]: RoadRunner(134) is moving W from (7, 6) to (7,5)
[15:35:43.866 INFO]: RoadRunner is attempting to run away from 1 Coyotes!
[15:35:43.866 INFO]: RoadRunner(60) is moving N from (3, 2) to (2,2)
[15:35:43.866 INFO]: 
[15:35:43.866 INFO]: Coyotes Left: 11
[15:35:43.866 INFO]: RoadRunners Left: 57
[15:35:44.187 INFO]: 
[15:35:44.188 INFO]: 
[15:35:44.188 INFO]: ########## Age 44 ##########
[15:35:44.188 INFO]: 
[15:35:44.188 INFO]: 
[15:35:44.188 INFO]: RoadRunner(122) is moving SE from (7, 4) to (8,5)
[15:35:44.188 INFO]: RoadRunner is attempting to run away from 2 Coyotes!
[15:35:44.188 INFO]: RoadRunner(129) is moving N from (4, 0) to (3,0)
[15:35:44.188 INFO]: RoadRunner is attempting to run away from 1 Coyotes!
[15:35:44.189 INFO]: RoadRunner(212) is moving S from (6, 6) to (7,6)
[15:35:44.189 INFO]: RoadRunner is attempting to run away from 2 Coyotes!
[15:35:44.189 INFO]: Coyote(209) is moving S from (2, 3) to (3,3)
[15:35:44.189 WARN]: Coyote(209) just ate RoadRunner(53) at cell (3,3)
[15:35:44.189 INFO]: Coyote(29) is moving NE from (5, 5) to (4,6)
[15:35:44.189 WARN]: Coyote(29) just ate RoadRunner(83) at cell (4,6)
[15:35:44.189 WARN]: Coyote(169) died to starvation!
[15:35:44.189 INFO]: RoadRunner(115) is moving NW from (7, 7) to (6,6)
[15:35:44.189 INFO]: Coyote(88) is moving S from (3, 7) to (4,7)
[15:35:44.190 WARN]: Coyote(88) just ate RoadRunner(109) at cell (4,7)
[15:35:44.190 INFO]: RoadRunner(54) is moving NE from (8, 3) to (7,4)
[15:35:44.190 INFO]: RoadRunner is attempting to run away from 1 Coyotes!
[15:35:44.190 INFO]: RoadRunner(124) is moving NE from (9, 2) to (8,3)
[15:35:44.190 INFO]: RoadRunner(96) is moving NE from (6, 4) to (5,5)
[15:35:44.190 INFO]: RoadRunner(117) is moving W from (7, 8) to (7,7)
[15:35:44.190 INFO]: Coyote(168) is moving S from (1, 0) to (2,0)
[15:35:44.190 WARN]: Coyote(168) just ate RoadRunner(97) at cell (2,0)
[15:35:44.190 INFO]: RoadRunner(181) is moving N from (5, 0) to (4,0)
[15:35:44.190 INFO]: RoadRunner(110) is moving W from (9, 3) to (9,2)
[15:35:44.190 INFO]: RoadRunner(120) is moving NE from (8, 7) to (7,8)
[15:35:44.190 INFO]: RoadRunner(79) is moving SW from (4, 1) to (5,0)
[15:35:44.191 INFO]: RoadRunner is attempting to run away from 2 Coyotes!
[15:35:44.191 INFO]: RoadRunner(60) is moving NW from (2, 2) to (1,1)
[15:35:44.191 INFO]: RoadRunner(145) is moving SW from (8, 4) to (9,3)
[15:35:44.191 INFO]: Coyote(206) is moving SE from (2, 8) to (3,9)
[15:35:44.191 INFO]: Coyote(153) is moving S from (5, 9) to (6,9)
[15:35:44.191 WARN]: Coyote(153) just ate RoadRunner(111) at cell (6,9)
[15:35:44.191 INFO]: RoadRunner is attempting to run away from 3 Coyotes!
[15:35:44.191 INFO]: RoadRunner(215) is moving W from (8, 8) to (8,7)
[15:35:44.191 INFO]: RoadRunner is attempting to run away from 1 Coyotes!
[15:35:44.191 INFO]: RoadRunner(177) is moving NE from (2, 1) to (1,2)
[15:35:44.191 INFO]: RoadRunner(86) is moving W from (6, 5) to (6,4)
[15:35:44.191 INFO]: RoadRunner is attempting to run away from 1 Coyotes!
[15:35:44.191 INFO]: RoadRunner(52) is moving NE from (9, 8) to (8,9)
[15:35:44.191 INFO]: Coyote(205) is moving W from (1, 3) to (1,2)
[15:35:44.191 WARN]: Coyote(205) just ate RoadRunner(177) at cell (1,2)
[15:35:44.191 INFO]: RoadRunner is attempting to run away from 1 Coyotes!
[15:35:44.191 INFO]: RoadRunner(148) is moving SW from (7, 9) to (8,8)
[15:35:44.191 INFO]: Coyote(167) is moving S from (3, 4) to (4,4)
[15:35:44.191 WARN]: Coyote(167) just ate RoadRunner(137) at cell (4,4)
[15:35:44.191 INFO]: RoadRunner is attempting to run away from 2 Coyotes!
[15:35:44.192 INFO]: RoadRunner(104) is moving SW from (5, 6) to (6,5)
[15:35:44.192 INFO]: RoadRunner is attempting to run away from 1 Coyotes!
[15:35:44.192 INFO]: RoadRunner is attempting to run away from 1 Coyotes!
[15:35:44.192 INFO]: Coyote(204) is moving SE from (0, 0) to (1,1)
[15:35:44.192 WARN]: Coyote(204) just ate RoadRunner(60) at cell (1,1)
[15:35:44.192 INFO]: RoadRunner is attempting to run away from 2 Coyotes!
[15:35:44.192 INFO]: RoadRunner is attempting to run away from 1 Coyotes!
[15:35:44.192 INFO]: RoadRunner(217) is moving W from (4, 2) to (4,1)
[15:35:44.192 INFO]: RoadRunner(51) is moving N from (5, 2) to (4,2)
[15:35:44.192 INFO]: RoadRunner(221) is moving W from (9, 9) to (9,8)
[15:35:44.192 INFO]: RoadRunner is attempting to run away from 1 Coyotes!
[15:35:44.192 INFO]: RoadRunner(210) is moving E from (3, 1) to (3,2)
[15:35:44.192 INFO]: Coyote(208) is moving S from (4, 8) to (5,8)
[15:35:44.192 WARN]: Coyote(208) just ate RoadRunner(98) at cell (5,8)
[15:35:44.192 INFO]: RoadRunner just bred a new RoadRunner at cell (5,2)
[15:35:44.192 INFO]: RoadRunner just bred a new RoadRunner at cell (8,4)
[15:35:44.192 INFO]: RoadRunner just bred a new RoadRunner at cell (2,1)
[15:35:44.192 INFO]: RoadRunner just bred a new RoadRunner at cell (5,6)
[15:35:44.193 INFO]: RoadRunner just bred a new RoadRunner at cell (4,5)
[15:35:44.193 INFO]: RoadRunner just bred a new RoadRunner at cell (3,1)
[15:35:44.193 INFO]: RoadRunner just bred a new RoadRunner at cell (7,9)
[15:35:44.193 INFO]: RoadRunner just bred a new RoadRunner at cell (4,8)
[15:35:44.193 INFO]: RoadRunner just bred a new RoadRunner at cell (5,9)
[15:35:44.193 INFO]: RoadRunner just bred a new RoadRunner at cell (9,9)
[15:35:44.193 INFO]: RoadRunner just bred a new RoadRunner at cell (3,4)
[15:35:44.193 INFO]: RoadRunner just bred a new RoadRunner at cell (2,2)
[15:35:44.193 INFO]: 
[15:35:44.193 INFO]: Coyotes Left: 10
[15:35:44.193 INFO]: RoadRunners Left: 60
[15:35:44.396 INFO]: 
[15:35:44.396 INFO]: 
[15:35:44.396 INFO]: ########## Age 45 ##########
[15:35:44.396 INFO]: 
[15:35:44.396 INFO]: 
[15:35:44.397 INFO]: RoadRunner is attempting to run away from 1 Coyotes!
[15:35:44.397 INFO]: RoadRunner is attempting to run away from 2 Coyotes!
[15:35:44.397 INFO]: RoadRunner is attempting to run away from 2 Coyotes!
[15:35:44.397 INFO]: Coyote(29) is moving S from (4, 6) to (5,6)
[15:35:44.397 WARN]: Coyote(29) just ate RoadRunner(226) at cell (5,6)
[15:35:44.397 INFO]: RoadRunner is attempting to run away from 3 Coyotes!
[15:35:44.397 INFO]: RoadRunner(230) is moving N from (4, 8) to (3,8)
[15:35:44.397 INFO]: RoadRunner is attempting to run away from 1 Coyotes!
[15:35:44.398 INFO]: RoadRunner is attempting to run away from 1 Coyotes!
[15:35:44.398 INFO]: RoadRunner is attempting to run away from 2 Coyotes!
[15:35:44.398 INFO]: RoadRunner is attempting to run away from 1 Coyotes!
[15:35:44.398 INFO]: Coyote(88) is moving NE from (4, 7) to (3,8)
[15:35:44.398 WARN]: Coyote(88) just ate RoadRunner(230) at cell (3,8)
[15:35:44.398 INFO]: RoadRunner is attempting to run away from 1 Coyotes!
[15:35:44.398 INFO]: Coyote(168) is moving S from (2, 0) to (3,0)
[15:35:44.399 WARN]: Coyote(168) just ate RoadRunner(129) at cell (3,0)
[15:35:44.399 INFO]: Coyote(204) is moving S from (1, 1) to (2,1)
[15:35:44.399 WARN]: Coyote(204) just ate RoadRunner(225) at cell (2,1)
[15:35:44.399 INFO]: RoadRunner is attempting to run away from 1 Coyotes!
[15:35:44.399 INFO]: RoadRunner is attempting to run away from 2 Coyotes!
[15:35:44.399 INFO]: Coyote(167) is moving N from (4, 4) to (3,4)
[15:35:44.399 WARN]: Coyote(167) just ate RoadRunner(233) at cell (3,4)
[15:35:44.399 INFO]: RoadRunner(146) is moving N from (5, 4) to (4,4)
[15:35:44.399 INFO]: RoadRunner is attempting to run away from 3 Coyotes!
[15:35:44.400 INFO]: RoadRunner is attempting to run away from 2 Coyotes!
[15:35:44.400 INFO]: RoadRunner(231) is moving N from (5, 9) to (4,9)
[15:35:44.400 WARN]: Coyote(206) died to starvation!
[15:35:44.400 INFO]: Coyote(208) is moving NE from (5, 8) to (4,9)
[15:35:44.400 WARN]: Coyote(208) just ate RoadRunner(231) at cell (4,9)
[15:35:44.400 INFO]: RoadRunner is attempting to run away from 2 Coyotes!
[15:35:44.400 INFO]: RoadRunner(227) is moving NE from (4, 5) to (3,6)
[15:35:44.400 INFO]: RoadRunner(82) is moving NE from (6, 3) to (5,4)
[15:35:44.400 INFO]: RoadRunner is attempting to run away from 1 Coyotes!
[15:35:44.400 INFO]: RoadRunner is attempting to run away from 1 Coyotes!
[15:35:44.400 INFO]: RoadRunner(218) is moving NE from (5, 7) to (4,8)
[15:35:44.401 INFO]: Coyote(205) is moving S from (1, 2) to (2,2)
[15:35:44.401 WARN]: Coyote(205) just ate RoadRunner(234) at cell (2,2)
[15:35:44.401 INFO]: Coyote(153) is moving S from (6, 9) to (7,9)
[15:35:44.401 WARN]: Coyote(153) just ate RoadRunner(229) at cell (7,9)
[15:35:44.401 INFO]: RoadRunner(86) is moving W from (6, 4) to (6,3)
[15:35:44.401 INFO]: Coyote(209) is moving S from (3, 3) to (4,3)
[15:35:44.401 WARN]: Coyote(209) just ate RoadRunner(192) at cell (4,3)
[15:35:44.401 INFO]: RoadRunner is attempting to run away from 1 Coyotes!
[15:35:44.401 INFO]: RoadRunner(119) is moving NE from (6, 7) to (5,8)
[15:35:44.401 INFO]: RoadRunner is attempting to run away from 1 Coyotes!
[15:35:44.401 INFO]: RoadRunner is attempting to run away from 1 Coyotes!
[15:35:44.402 INFO]: RoadRunner is attempting to run away from 1 Coyotes!
[15:35:44.402 INFO]: RoadRunner(120) is moving NW from (7, 8) to (6,7)
[15:35:44.402 INFO]: 
[15:35:44.402 INFO]: Coyotes Left: 9
[15:35:44.402 INFO]: RoadRunners Left: 51
[15:35:44.596 INFO]: 
[15:35:44.596 INFO]: 
[15:35:44.596 INFO]: ########## Age 46 ##########
[15:35:44.596 INFO]: 
[15:35:44.597 INFO]: 
[15:35:44.597 INFO]: Coyote(208) is moving SW from (4, 9) to (5,8)
[15:35:44.597 WARN]: Coyote(208) just ate RoadRunner(119) at cell (5,8)
[15:35:44.597 INFO]: RoadRunner is attempting to run away from 2 Coyotes!
[15:35:44.597 INFO]: RoadRunner(218) is moving E from (4, 8) to (4,9)
[15:35:44.597 INFO]: RoadRunner(86) is moving E from (6, 3) to (6,4)
[15:35:44.597 INFO]: RoadRunner(227) is moving S from (3, 6) to (4,6)
[15:35:44.597 INFO]: RoadRunner is attempting to run away from 2 Coyotes!
[15:35:44.597 INFO]: RoadRunner(120) is moving SE from (6, 7) to (7,8)
[15:35:44.598 INFO]: RoadRunner is attempting to run away from 1 Coyotes!
[15:35:44.598 INFO]: RoadRunner is attempting to run away from 1 Coyotes!
[15:35:44.598 INFO]: RoadRunner(223) is moving SE from (5, 2) to (6,3)
[15:35:44.598 INFO]: RoadRunner is attempting to run away from 1 Coyotes!
[15:35:44.598 INFO]: Coyote(209) is moving NW from (4, 3) to (3,2)
[15:35:44.598 WARN]: Coyote(209) just ate RoadRunner(210) at cell (3,2)
[15:35:44.598 INFO]: Coyote(168) is moving S from (3, 0) to (4,0)
[15:35:44.598 WARN]: Coyote(168) just ate RoadRunner(181) at cell (4,0)
[15:35:44.598 INFO]: RoadRunner is attempting to run away from 1 Coyotes!
[15:35:44.598 INFO]: RoadRunner(146) is moving E from (4, 4) to (4,5)
[15:35:44.599 INFO]: RoadRunner(117) is moving N from (7, 7) to (6,7)
[15:35:44.599 INFO]: RoadRunner(73) is moving N from (6, 2) to (5,2)
[15:35:44.599 INFO]: RoadRunner is attempting to run away from 1 Coyotes!
[15:35:44.599 INFO]: RoadRunner(188) is moving NW from (7, 3) to (6,2)
[15:35:44.599 INFO]: RoadRunner(82) is moving NW from (5, 4) to (4,3)
[15:35:44.599 INFO]: RoadRunner is attempting to run away from 1 Coyotes!
[15:35:44.599 INFO]: RoadRunner(115) is moving SE from (6, 6) to (7,7)
[15:35:44.599 INFO]: RoadRunner(132) is moving NE from (5, 3) to (4,4)
[15:35:44.599 INFO]: RoadRunner is attempting to run away from 1 Coyotes!
[15:35:44.599 INFO]: RoadRunner(51) is moving SE from (4, 2) to (5,3)
[15:35:44.599 INFO]: Coyote(29) is moving N from (5, 6) to (4,6)
[15:35:44.599 WARN]: Coyote(29) just ate RoadRunner(227) at cell (4,6)
[15:35:44.599 INFO]: RoadRunner(139) is moving E from (7, 2) to (7,3)
[15:35:44.600 INFO]: RoadRunner is attempting to run away from 1 Coyotes!
[15:35:44.600 INFO]: RoadRunner is attempting to run away from 2 Coyotes!
[15:35:44.600 INFO]: RoadRunner is attempting to run away from 1 Coyotes!
[15:35:44.600 INFO]: RoadRunner is attempting to run away from 4 Coyotes!
[15:35:44.600 INFO]: Coyote(153) is moving NW from (7, 9) to (6,8)
[15:35:44.600 WARN]: Coyote(153) just ate RoadRunner(102) at cell (6,8)
[15:35:44.600 INFO]: RoadRunner(150) is moving N from (8, 2) to (7,2)
[15:35:44.600 INFO]: RoadRunner is attempting to run away from 1 Coyotes!
[15:35:44.600 INFO]: RoadRunner(96) is moving W from (5, 5) to (5,4)
[15:35:44.600 INFO]: Coyote(167) is moving S from (3, 4) to (4,4)
[15:35:44.600 WARN]: Coyote(167) just ate RoadRunner(132) at cell (4,4)
[15:35:44.600 INFO]: Coyote(88) is moving SE from (3, 8) to (4,9)
[15:35:44.600 WARN]: Coyote(88) just ate RoadRunner(218) at cell (4,9)
[15:35:44.600 INFO]: RoadRunner(212) is moving N from (7, 6) to (6,6)
[15:35:44.600 INFO]: Coyote(205) is moving SW from (2, 2) to (3,1)
[15:35:44.600 WARN]: Coyote(205) just ate RoadRunner(228) at cell (3,1)
[15:35:44.600 INFO]: RoadRunner(78) is moving N from (8, 6) to (7,6)
[15:35:44.600 INFO]: Coyote(204) is moving SW from (2, 1) to (3,0)
[15:35:44.601 INFO]: RoadRunner(215) is moving W from (8, 7) to (8,6)
[15:35:44.601 INFO]: RoadRunner(110) is moving N from (9, 2) to (8,2)
[15:35:44.601 INFO]: RoadRunner is attempting to run away from 1 Coyotes!
[15:35:44.601 INFO]: RoadRunner(46) is moving NE from (5, 1) to (4,2)
[15:35:44.601 INFO]: 
[15:35:44.601 INFO]: Coyotes Left: 9
[15:35:44.601 INFO]: RoadRunners Left: 43
[15:35:44.828 INFO]: 
[15:35:44.829 INFO]: 
[15:35:44.829 INFO]: ########## Age 47 ##########
[15:35:44.829 INFO]: 
[15:35:44.829 INFO]: 
[15:35:44.829 INFO]: RoadRunner(104) is moving NE from (6, 5) to (5,6)
[15:35:44.829 INFO]: RoadRunner(124) is moving SW from (8, 3) to (9,2)
[15:35:44.829 INFO]: Coyote(153) is moving S from (6, 8) to (7,8)
[15:35:44.829 WARN]: Coyote(153) just ate RoadRunner(120) at cell (7,8)
[15:35:44.829 INFO]: RoadRunner is attempting to run away from 2 Coyotes!
[15:35:44.829 INFO]: RoadRunner(46) is moving SW from (4, 2) to (5,1)
[15:35:44.830 INFO]: RoadRunner is attempting to run away from 1 Coyotes!
[15:35:44.830 INFO]: RoadRunner(96) is moving SE from (5, 4) to (6,5)
[15:35:44.830 INFO]: RoadRunner is attempting to run away from 1 Coyotes!
[15:35:44.830 INFO]: RoadRunner(52) is moving N from (8, 9) to (7,9)
[15:35:44.830 INFO]: RoadRunner is attempting to run away from 4 Coyotes!
[15:35:44.830 INFO]: RoadRunner(110) is moving E from (8, 2) to (8,3)
[15:35:44.830 INFO]: RoadRunner(99) is moving NE from (9, 6) to (8,7)
[15:35:44.830 INFO]: RoadRunner(139) is moving SW from (7, 3) to (8,2)
[15:35:44.830 INFO]: RoadRunner(122) is moving SE from (8, 5) to (9,6)
[15:35:44.830 INFO]: RoadRunner(135) is moving NE from (9, 4) to (8,5)
[15:35:44.830 INFO]: Coyote(208) is moving SW from (5, 8) to (6,7)
[15:35:44.830 WARN]: Coyote(208) just ate RoadRunner(117) at cell (6,7)
[15:35:44.830 INFO]: RoadRunner is attempting to run away from 2 Coyotes!
[15:35:44.831 INFO]: RoadRunner(82) is moving N from (4, 3) to (3,3)
[15:35:44.831 INFO]: RoadRunner is attempting to run away from 1 Coyotes!
[15:35:44.831 INFO]: RoadRunner(148) is moving E from (8, 8) to (8,9)
[15:35:44.831 INFO]: Coyote(88) is moving W from (4, 9) to (4,8)
[15:35:44.831 INFO]: Coyote(205) is moving S from (3, 1) to (4,1)
[15:35:44.831 WARN]: Coyote(205) just ate RoadRunner(217) at cell (4,1)
[15:35:44.831 INFO]: RoadRunner is attempting to run away from 2 Coyotes!
[15:35:44.831 INFO]: RoadRunner is attempting to run away from 1 Coyotes!
[15:35:44.831 INFO]: RoadRunner(73) is moving NE from (5, 2) to (4,3)
[15:35:44.832 INFO]: RoadRunner is attempting to run away from 2 Coyotes!
[15:35:44.832 INFO]: RoadRunner(146) is moving N from (4, 5) to (3,5)
[15:35:44.832 INFO]: RoadRunner(188) is moving SE from (6, 2) to (7,3)
[15:35:44.832 INFO]: Coyote(167) is moving NE from (4, 4) to (3,5)
[15:35:44.832 WARN]: Coyote(167) just ate RoadRunner(146) at cell (3,5)
[15:35:44.832 INFO]: RoadRunner(223) is moving NW from (6, 3) to (5,2)
[15:35:44.832 INFO]: Coyote(209) is moving SE from (3, 2) to (4,3)
[15:35:44.832 WARN]: Coyote(209) just ate RoadRunner(73) at cell (4,3)
[15:35:44.832 INFO]: RoadRunner(54) is moving NW from (7, 4) to (6,3)
[15:35:44.832 INFO]: RoadRunner(224) is moving S from (8, 4) to (9,4)
[15:35:44.832 INFO]: RoadRunner(47) is moving NE from (9, 7) to (8,8)
[15:35:44.832 INFO]: Coyote(168) is moving S from (4, 0) to (5,0)
[15:35:44.832 WARN]: Coyote(168) just ate RoadRunner(79) at cell (5,0)
[15:35:44.832 INFO]: Coyote(29) is moving S from (4, 6) to (5,6)
[15:35:44.832 WARN]: Coyote(29) just ate RoadRunner(104) at cell (5,6)
[15:35:44.833 INFO]: RoadRunner is attempting to run away from 2 Coyotes!
[15:35:44.833 INFO]: RoadRunner(86) is moving NE from (6, 4) to (5,5)
[15:35:44.833 INFO]: RoadRunner(221) is moving W from (9, 8) to (9,7)
[15:35:44.833 INFO]: Coyote(204) is moving S from (3, 0) to (4,0)
[15:35:44.833 INFO]: RoadRunner is attempting to run away from 1 Coyotes!
[15:35:44.833 INFO]: RoadRunner is attempting to run away from 1 Coyotes!
[15:35:44.833 INFO]: RoadRunner(51) is moving SE from (5, 3) to (6,4)
[15:35:44.833 INFO]: RoadRunner(134) is moving SW from (7, 5) to (8,4)
[15:35:44.833 INFO]: RoadRunner just bred a new RoadRunner at cell (9,8)
[15:35:44.833 INFO]: RoadRunner just bred a new RoadRunner at cell (6,2)
[15:35:44.833 INFO]: Coyote just bred a new Coyote at cell (6,8)
[15:35:44.833 INFO]: RoadRunner just bred a new RoadRunner at cell (4,2)
[15:35:44.833 INFO]: RoadRunner just bred a new RoadRunner at cell (5,4)
[15:35:44.834 INFO]: RoadRunner just bred a new RoadRunner at cell (6,9)
[15:35:44.834 INFO]: RoadRunner just bred a new RoadRunner at cell (7,4)
[15:35:44.834 INFO]: RoadRunner just bred a new RoadRunner at cell (7,5)
[15:35:44.834 INFO]: Coyote just bred a new Coyote at cell (5,7)
[15:35:44.834 INFO]: RoadRunner just bred a new RoadRunner at cell (2,3)
[15:35:44.834 INFO]: Coyote just bred a new Coyote at cell (3,8)
[15:35:44.834 INFO]: Coyote just bred a new Coyote at cell (3,1)
[15:35:44.834 INFO]: Coyote just bred a new Coyote at cell (2,5)
[15:35:44.834 INFO]: RoadRunner just bred a new RoadRunner at cell (5,3)
[15:35:44.834 INFO]: Coyote just bred a new Coyote at cell (3,4)
[15:35:44.834 INFO]: Coyote just bred a new Coyote at cell (4,6)
[15:35:44.834 INFO]: RoadRunner just bred a new RoadRunner at cell (4,5)
[15:35:44.834 INFO]: Coyote just bred a new Coyote at cell (3,0)
[15:35:44.835 INFO]: 
[15:35:44.835 INFO]: Coyotes Left: 17
[15:35:44.835 INFO]: RoadRunners Left: 46
[15:35:45.036 INFO]: 
[15:35:45.036 INFO]: 
[15:35:45.036 INFO]: ########## Age 48 ##########
[15:35:45.036 INFO]: 
[15:35:45.036 INFO]: 
[15:35:45.036 INFO]: RoadRunner is attempting to run away from 1 Coyotes!
[15:35:45.037 INFO]: Coyote(246) is moving SE from (3, 1) to (4,2)
[15:35:45.037 WARN]: Coyote(246) just ate RoadRunner(238) at cell (4,2)
[15:35:45.037 INFO]: Coyote(205) is moving S from (4, 1) to (5,1)
[15:35:45.037 WARN]: Coyote(205) just ate RoadRunner(46) at cell (5,1)
[15:35:45.037 INFO]: Coyote(153) is moving NE from (7, 8) to (6,9)
[15:35:45.037 WARN]: Coyote(153) just ate RoadRunner(240) at cell (6,9)
[15:35:45.037 INFO]: Coyote(249) is moving NW from (3, 4) to (2,3)
[15:35:45.037 WARN]: Coyote(249) just ate RoadRunner(244) at cell (2,3)
[15:35:45.038 INFO]: RoadRunner(99) is moving NE from (8, 7) to (7,8)
[15:35:45.038 INFO]: RoadRunner is attempting to run away from 1 Coyotes!
[15:35:45.038 INFO]: RoadRunner(78) is moving SE from (7, 6) to (8,7)
[15:35:45.038 INFO]: Coyote(247) is moving SE from (2, 5) to (3,6)
[15:35:45.038 INFO]: RoadRunner is attempting to run away from 1 Coyotes!
[15:35:45.038 INFO]: RoadRunner(239) is moving N from (5, 4) to (4,4)
[15:35:45.038 INFO]: RoadRunner is attempting to run away from 2 Coyotes!
[15:35:45.038 INFO]: Coyote(204) is moving E from (4, 0) to (4,1)
[15:35:45.038 INFO]: Coyote(245) is moving W from (3, 8) to (3,7)
[15:35:45.038 INFO]: Coyote(237) is moving S from (6, 8) to (7,8)
[15:35:45.038 WARN]: Coyote(237) just ate RoadRunner(99) at cell (7,8)
[15:35:45.038 INFO]: RoadRunner is attempting to run away from 1 Coyotes!
[15:35:45.038 INFO]: Coyote(208) is moving S from (6, 7) to (7,7)
[15:35:45.039 WARN]: Coyote(208) just ate RoadRunner(115) at cell (7,7)
[15:35:45.039 INFO]: RoadRunner is attempting to run away from 1 Coyotes!
[15:35:45.039 INFO]: RoadRunner(135) is moving NE from (8, 5) to (7,6)
[15:35:45.039 INFO]: RoadRunner is attempting to run away from 1 Coyotes!
[15:35:45.039 INFO]: RoadRunner(96) is moving NW from (6, 5) to (5,4)
[15:35:45.039 INFO]: Coyote(252) is moving NE from (3, 0) to (2,1)
[15:35:45.039 INFO]: RoadRunner is attempting to run away from 2 Coyotes!
[15:35:45.039 INFO]: RoadRunner is attempting to run away from 2 Coyotes!
[15:35:45.039 INFO]: RoadRunner is attempting to run away from 2 Coyotes!
[15:35:45.039 INFO]: RoadRunner(86) is moving S from (5, 5) to (6,5)
[15:35:45.039 INFO]: RoadRunner is attempting to run away from 2 Coyotes!
[15:35:45.039 INFO]: Coyote(209) is moving N from (4, 3) to (3,3)
[15:35:45.039 WARN]: Coyote(209) just ate RoadRunner(82) at cell (3,3)
[15:35:45.039 INFO]: RoadRunner is attempting to run away from 3 Coyotes!
[15:35:45.040 INFO]: Coyote(250) is moving W from (4, 6) to (4,5)
[15:35:45.040 WARN]: Coyote(250) just ate RoadRunner(251) at cell (4,5)
[15:35:45.040 INFO]: RoadRunner is attempting to run away from 3 Coyotes!
[15:35:45.040 INFO]: Coyote(88) is moving SE from (4, 8) to (5,9)
[15:35:45.040 INFO]: RoadRunner(51) is moving NE from (6, 4) to (5,5)
[15:35:45.040 INFO]: RoadRunner(242) is moving S from (7, 5) to (8,5)
[15:35:45.040 INFO]: Coyote(168) is moving S from (5, 0) to (6,0)
[15:35:45.040 WARN]: Coyote(168) just ate RoadRunner(93) at cell (6,0)
[15:35:45.040 INFO]: Coyote(167) is moving SW from (3, 5) to (4,4)
[15:35:45.040 WARN]: Coyote(167) just ate RoadRunner(239) at cell (4,4)
[15:35:45.040 INFO]: Coyote(29) is moving S from (5, 6) to (6,6)
[15:35:45.040 WARN]: Coyote(29) just ate RoadRunner(212) at cell (6,6)
[15:35:45.040 INFO]: Coyote(243) is moving SE from (5, 7) to (6,8)
[15:35:45.040 INFO]: RoadRunner(134) is moving NE from (8, 4) to (7,5)
[15:35:45.041 INFO]: 
[15:35:45.041 INFO]: Coyotes Left: 17
[15:35:45.041 INFO]: RoadRunners Left: 35
[15:35:45.253 INFO]: 
[15:35:45.253 INFO]: 
[15:35:45.253 INFO]: ########## Age 49 ##########
[15:35:45.253 INFO]: 
[15:35:45.253 INFO]: 
[15:35:45.254 INFO]: Coyote(167) is moving S from (4, 4) to (5,4)
[15:35:45.254 WARN]: Coyote(167) just ate RoadRunner(96) at cell (5,4)
[15:35:45.254 INFO]: Coyote(245) is moving N from (3, 7) to (2,7)
[15:35:45.254 INFO]: RoadRunner(241) is moving S from (7, 4) to (8,4)
[15:35:45.254 INFO]: RoadRunner is attempting to run away from 1 Coyotes!
[15:35:45.255 INFO]: Coyote(247) is moving SE from (3, 6) to (4,7)
[15:35:45.255 INFO]: RoadRunner is attempting to run away from 2 Coyotes!
[15:35:45.255 INFO]: RoadRunner is attempting to run away from 2 Coyotes!
[15:35:45.255 INFO]: RoadRunner(86) is moving SW from (6, 5) to (7,4)
[15:35:45.255 INFO]: RoadRunner is attempting to run away from 1 Coyotes!
[15:35:45.255 INFO]: Coyote(208) is moving S from (7, 7) to (8,7)
[15:35:45.255 WARN]: Coyote(208) just ate RoadRunner(78) at cell (8,7)
[15:35:45.255 INFO]: RoadRunner is attempting to run away from 3 Coyotes!
[15:35:45.255 INFO]: RoadRunner is attempting to run away from 1 Coyotes!
[15:35:45.255 INFO]: Coyote(29) is moving NW from (6, 6) to (5,5)
[15:35:45.256 WARN]: Coyote(29) just ate RoadRunner(51) at cell (5,5)
[15:35:45.256 INFO]: Coyote(246) is moving S from (4, 2) to (5,2)
[15:35:45.256 WARN]: Coyote(246) just ate RoadRunner(223) at cell (5,2)
[15:35:45.256 INFO]: Coyote(237) is moving S from (7, 8) to (8,8)
[15:35:45.256 WARN]: Coyote(237) just ate RoadRunner(47) at cell (8,8)
[15:35:45.256 INFO]: Coyote(250) is moving NE from (4, 5) to (3,6)
[15:35:45.256 INFO]: Coyote(153) is moving S from (6, 9) to (7,9)
[15:35:45.256 WARN]: Coyote(153) just ate RoadRunner(52) at cell (7,9)
[15:35:45.256 WARN]: Coyote(204) died to starvation!
[15:35:45.256 INFO]: RoadRunner is attempting to run away from 1 Coyotes!
[15:35:45.256 INFO]: Coyote(243) is moving E from (6, 8) to (6,9)
[15:35:45.256 INFO]: RoadRunner is attempting to run away from 1 Coyotes!
[15:35:45.257 INFO]: RoadRunner is attempting to run away from 2 Coyotes!
[15:35:45.257 INFO]: RoadRunner(248) is moving N from (5, 3) to (4,3)
[15:35:45.257 INFO]: RoadRunner is attempting to run away from 1 Coyotes!
[15:35:45.257 INFO]: RoadRunner(135) is moving NW from (7, 6) to (6,5)
[15:35:45.257 INFO]: Coyote(168) is moving S from (6, 0) to (7,0)
[15:35:45.257 WARN]: Coyote(168) just ate RoadRunner(44) at cell (7,0)
[15:35:45.257 INFO]: RoadRunner is attempting to run away from 1 Coyotes!
[15:35:45.257 INFO]: RoadRunner(188) is moving NE from (7, 3) to (6,4)
[15:35:45.257 INFO]: RoadRunner is attempting to run away from 1 Coyotes!
[15:35:45.257 INFO]: RoadRunner(150) is moving E from (7, 2) to (7,3)
[15:35:45.257 INFO]: Coyote(88) is moving SW from (5, 9) to (6,8)
[15:35:45.257 INFO]: Coyote(209) is moving S from (3, 3) to (4,3)
[15:35:45.257 WARN]: Coyote(209) just ate RoadRunner(248) at cell (4,3)
[15:35:45.257 INFO]: Coyote(252) is moving N from (2, 1) to (1,1)
[15:35:45.257 INFO]: RoadRunner is attempting to run away from 2 Coyotes!
[15:35:45.258 INFO]: RoadRunner is attempting to run away from 3 Coyotes!
[15:35:45.258 INFO]: RoadRunner(33) is moving SE from (6, 1) to (7,2)
[15:35:45.258 INFO]: RoadRunner(242) is moving NE from (8, 5) to (7,6)
[15:35:45.258 INFO]: Coyote(249) is moving N from (2, 3) to (1,3)
[15:35:45.258 INFO]: RoadRunner is attempting to run away from 2 Coyotes!
[15:35:45.258 INFO]: RoadRunner(54) is moving N from (6, 3) to (5,3)
[15:35:45.258 INFO]: RoadRunner(134) is moving S from (7, 5) to (8,5)
[15:35:45.258 INFO]: Coyote(205) is moving SE from (5, 1) to (6,2)
[15:35:45.258 WARN]: Coyote(205) just ate RoadRunner(236) at cell (6,2)
[15:35:45.258 INFO]: 
[15:35:45.258 INFO]: Coyotes Left: 16
[15:35:45.258 INFO]: RoadRunners Left: 26
[15:35:45.445 INFO]: 
[15:35:45.445 INFO]: 
[15:35:45.446 INFO]: ########## Age 50 ##########
[15:35:45.446 INFO]: 
[15:35:45.446 INFO]: 
[15:35:45.446 INFO]: RoadRunner(86) is moving NW from (7, 4) to (6,3)
[15:35:45.446 INFO]: Coyote(168) is moving S from (7, 0) to (8,0)
[15:35:45.446 WARN]: Coyote(168) just ate RoadRunner(141) at cell (8,0)
[15:35:45.446 INFO]: RoadRunner is attempting to run away from 2 Coyotes!
[15:35:45.446 INFO]: RoadRunner(188) is moving S from (6, 4) to (7,4)
[15:35:45.446 INFO]: RoadRunner is attempting to run away from 1 Coyotes!
[15:35:45.446 INFO]: RoadRunner(242) is moving N from (7, 6) to (6,6)
[15:35:45.446 INFO]: RoadRunner is attempting to run away from 4 Coyotes!
[15:35:45.446 INFO]: RoadRunner is attempting to run away from 1 Coyotes!
[15:35:45.447 INFO]: RoadRunner is attempting to run away from 2 Coyotes!
[15:35:45.447 INFO]: RoadRunner(135) is moving SE from (6, 5) to (7,6)
[15:35:45.447 INFO]: RoadRunner is attempting to run away from 1 Coyotes!
[15:35:45.447 INFO]: RoadRunner(150) is moving NE from (7, 3) to (6,4)
[15:35:45.447 INFO]: RoadRunner is attempting to run away from 2 Coyotes!
[15:35:45.447 INFO]: RoadRunner(134) is moving N from (8, 5) to (7,5)
[15:35:45.447 INFO]: RoadRunner is attempting to run away from 2 Coyotes!
[15:35:45.447 INFO]: RoadRunner(191) is moving NW from (7, 1) to (6,0)
[15:35:45.447 INFO]: Coyote(243) is moving NW from (6, 9) to (5,8)
[15:35:45.447 INFO]: RoadRunner(139) is moving NW from (8, 2) to (7,1)
[15:35:45.447 INFO]: Coyote(209) is moving S from (4, 3) to (5,3)
[15:35:45.447 WARN]: Coyote(209) just ate RoadRunner(54) at cell (5,3)
[15:35:45.447 INFO]: RoadRunner is attempting to run away from 1 Coyotes!
[15:35:45.447 INFO]: RoadRunner(215) is moving W from (8, 6) to (8,5)
[15:35:45.448 INFO]: Coyote(245) is moving E from (2, 7) to (2,8)
[15:35:45.448 INFO]: RoadRunner is attempting to run away from 2 Coyotes!
[15:35:45.448 INFO]: Coyote(247) is moving S from (4, 7) to (5,7)
[15:35:45.448 INFO]: RoadRunner is attempting to run away from 1 Coyotes!
[15:35:45.448 INFO]: Coyote(205) is moving S from (6, 2) to (7,2)
[15:35:45.448 WARN]: Coyote(205) just ate RoadRunner(33) at cell (7,2)
[15:35:45.448 WARN]: Coyote(88) died to starvation!
[15:35:45.448 INFO]: Coyote(29) is moving SE from (5, 5) to (6,6)
[15:35:45.448 WARN]: Coyote(29) just ate RoadRunner(242) at cell (6,6)
[15:35:45.448 INFO]: Coyote(249) is moving NE from (1, 3) to (0,4)
[15:35:45.449 INFO]: Coyote(237) is moving S from (8, 8) to (9,8)
[15:35:45.449 WARN]: Coyote(237) just ate RoadRunner(235) at cell (9,8)
[15:35:45.449 INFO]: Coyote(208) is moving NW from (8, 7) to (7,6)
[15:35:45.449 WARN]: Coyote(208) just ate RoadRunner(135) at cell (7,6)
[15:35:45.449 INFO]: RoadRunner is attempting to run away from 1 Coyotes!
[15:35:45.449 INFO]: RoadRunner(43) is moving NE from (9, 1) to (8,2)
[15:35:45.449 INFO]: RoadRunner(241) is moving NW from (8, 4) to (7,3)
[15:35:45.449 INFO]: Coyote(167) is moving S from (5, 4) to (6,4)
[15:35:45.449 WARN]: Coyote(167) just ate RoadRunner(150) at cell (6,4)
[15:35:45.449 INFO]: RoadRunner(124) is moving W from (9, 2) to (9,1)
[15:35:45.449 INFO]: Coyote(252) is moving N from (1, 1) to (0,1)
[15:35:45.449 INFO]: Coyote(250) is moving E from (3, 6) to (3,7)
[15:35:45.449 INFO]: RoadRunner is attempting to run away from 2 Coyotes!
[15:35:45.449 INFO]: RoadRunner(133) is moving SE from (8, 1) to (9,2)
[15:35:45.449 INFO]: RoadRunner is attempting to run away from 1 Coyotes!
[15:35:45.450 INFO]: RoadRunner(221) is moving NW from (9, 7) to (8,6)
[15:35:45.450 INFO]: Coyote(153) is moving S from (7, 9) to (8,9)
[15:35:45.450 WARN]: Coyote(153) just ate RoadRunner(148) at cell (8,9)
[15:35:45.450 INFO]: Coyote(246) is moving SE from (5, 2) to (6,3)
[15:35:45.450 WARN]: Coyote(246) just ate RoadRunner(86) at cell (6,3)
[15:35:45.450 INFO]: RoadRunner(121) is moving NW from (9, 5) to (8,4)
[15:35:45.450 INFO]: RoadRunner(224) is moving E from (9, 4) to (9,5)
[15:35:45.450 INFO]: RoadRunner(122) is moving NE from (9, 6) to (8,7)
[15:35:45.450 INFO]: RoadRunner is attempting to run away from 1 Coyotes!
[15:35:45.450 INFO]: RoadRunner(110) is moving SE from (8, 3) to (9,4)
[15:35:45.450 INFO]: RoadRunner just bred a new RoadRunner at cell (6,5)
[15:35:45.450 INFO]: RoadRunner just bred a new RoadRunner at cell (8,8)
[15:35:45.450 INFO]: RoadRunner just bred a new RoadRunner at cell (5,0)
[15:35:45.451 INFO]: RoadRunner just bred a new RoadRunner at cell (8,3)
[15:35:45.451 INFO]: RoadRunner just bred a new RoadRunner at cell (6,1)
[15:35:45.451 INFO]: RoadRunner just bred a new RoadRunner at cell (9,6)
[15:35:45.451 INFO]: RoadRunner just bred a new RoadRunner at cell (8,1)
[15:35:45.451 INFO]: RoadRunner just bred a new RoadRunner at cell (6,2)
[15:35:45.451 INFO]: RoadRunner just bred a new RoadRunner at cell (7,7)
[15:35:45.451 INFO]: RoadRunner just bred a new RoadRunner at cell (7,8)
[15:35:45.451 INFO]: 
[15:35:45.451 INFO]: Coyotes Left: 15
[15:35:45.451 INFO]: RoadRunners Left: 27
[15:35:45.646 INFO]: 
[15:35:45.646 INFO]: 
[15:35:45.646 INFO]: ########## Age 51 ##########
[15:35:45.646 INFO]: 
[15:35:45.646 INFO]: 
[15:35:45.646 INFO]: Coyote(249) is moving SE from (0, 4) to (1,5)
[15:35:45.646 INFO]: RoadRunner is attempting to run away from 3 Coyotes!
[15:35:45.647 INFO]: RoadRunner(253) is moving N from (6, 5) to (5,5)
[15:35:45.647 INFO]: RoadRunner is attempting to run away from 2 Coyotes!
[15:35:45.647 INFO]: RoadRunner is attempting to run away from 1 Coyotes!
[15:35:45.647 INFO]: RoadRunner(257) is moving N from (6, 1) to (5,1)
[15:35:45.647 INFO]: RoadRunner is attempting to run away from 3 Coyotes!
[15:35:45.647 INFO]: RoadRunner(134) is moving N from (7, 5) to (6,5)
[15:35:45.647 INFO]: RoadRunner is attempting to run away from 2 Coyotes!
[15:35:45.647 INFO]: RoadRunner is attempting to run away from 1 Coyotes!
[15:35:45.647 INFO]: RoadRunner(221) is moving SE from (8, 6) to (9,7)
[15:35:45.647 INFO]: Coyote(246) is moving S from (6, 3) to (7,3)
[15:35:45.647 WARN]: Coyote(246) just ate RoadRunner(241) at cell (7,3)
[15:35:45.647 INFO]: RoadRunner is attempting to run away from 2 Coyotes!
[15:35:45.647 INFO]: RoadRunner is attempting to run away from 3 Coyotes!
[15:35:45.648 INFO]: RoadRunner(260) is moving W from (6, 2) to (6,1)
[15:35:45.648 INFO]: RoadRunner is attempting to run away from 2 Coyotes!
[15:35:45.648 INFO]: RoadRunner(261) is moving NE from (7, 7) to (6,8)
[15:35:45.648 INFO]: Coyote(237) is moving N from (9, 8) to (8,8)
[15:35:45.648 WARN]: Coyote(237) just ate RoadRunner(254) at cell (8,8)
[15:35:45.648 INFO]: Coyote(205) is moving NW from (7, 2) to (6,1)
[15:35:45.648 WARN]: Coyote(205) just ate RoadRunner(260) at cell (6,1)
[15:35:45.648 INFO]: RoadRunner is attempting to run away from 2 Coyotes!
[15:35:45.649 INFO]: Coyote(250) is moving S from (3, 7) to (4,7)
[15:35:45.649 INFO]: RoadRunner is attempting to run away from 2 Coyotes!
[15:35:45.649 INFO]: RoadRunner(139) is moving E from (7, 1) to (7,2)
[15:35:45.649 INFO]: Coyote(29) is moving NW from (6, 6) to (5,5)
[15:35:45.649 WARN]: Coyote(29) just ate RoadRunner(253) at cell (5,5)
[15:35:45.649 INFO]: RoadRunner is attempting to run away from 2 Coyotes!
[15:35:45.649 INFO]: RoadRunner(188) is moving E from (7, 4) to (7,5)
[15:35:45.649 INFO]: Coyote(167) is moving SE from (6, 4) to (7,5)
[15:35:45.649 WARN]: Coyote(167) just ate RoadRunner(188) at cell (7,5)
[15:35:45.649 INFO]: RoadRunner is attempting to run away from 2 Coyotes!
[15:35:45.649 WARN]: Coyote(252) died to starvation!
[15:35:45.649 INFO]: Coyote(153) is moving NW from (8, 9) to (7,8)
[15:35:45.649 WARN]: Coyote(153) just ate RoadRunner(262) at cell (7,8)
[15:35:45.649 INFO]: RoadRunner(258) is moving N from (9, 6) to (8,6)
[15:35:45.649 INFO]: RoadRunner is attempting to run away from 1 Coyotes!
[15:35:45.649 WARN]: Coyote(243) died to starvation!
[15:35:45.649 INFO]: Coyote(168) is moving S from (8, 0) to (9,0)
[15:35:45.650 WARN]: Coyote(168) just ate RoadRunner(189) at cell (9,0)
[15:35:45.650 INFO]: Coyote(208) is moving NW from (7, 6) to (6,5)
[15:35:45.650 WARN]: Coyote(208) just ate RoadRunner(134) at cell (6,5)
[15:35:45.650 INFO]: RoadRunner is attempting to run away from 1 Coyotes!
[15:35:45.650 INFO]: RoadRunner(43) is moving NW from (8, 2) to (7,1)
[15:35:45.650 INFO]: Coyote(209) is moving NE from (5, 3) to (4,4)
[15:35:45.650 WARN]: Coyote(245) died to starvation!
[15:35:45.650 INFO]: RoadRunner(224) is moving E from (9, 5) to (9,6)
[15:35:45.650 INFO]: RoadRunner is attempting to run away from 1 Coyotes!
[15:35:45.650 INFO]: RoadRunner(255) is moving N from (5, 0) to (4,0)
[15:35:45.650 INFO]: RoadRunner is attempting to run away from 1 Coyotes!
[15:35:45.650 INFO]: RoadRunner(256) is moving W from (8, 3) to (8,2)
[15:35:45.650 WARN]: Coyote(247) died to starvation!
[15:35:45.650 INFO]: RoadRunner is attempting to run away from 1 Coyotes!
[15:35:45.650 INFO]: RoadRunner(191) is moving N from (6, 0) to (5,0)
[15:35:45.650 INFO]: 
[15:35:45.650 INFO]: Coyotes Left: 11
[15:35:45.650 INFO]: RoadRunners Left: 19
[15:35:45.870 INFO]: 
[15:35:45.870 INFO]: 
[15:35:45.870 INFO]: ########## Age 52 ##########
[15:35:45.870 INFO]: 
[15:35:45.870 INFO]: 
[15:35:45.871 INFO]: Coyote(205) is moving N from (6, 1) to (5,1)
[15:35:45.871 WARN]: Coyote(205) just ate RoadRunner(257) at cell (5,1)
[15:35:45.871 INFO]: RoadRunner(110) is moving NW from (9, 4) to (8,3)
[15:35:45.871 INFO]: Coyote(209) is moving SW from (4, 4) to (5,3)
[15:35:45.871 INFO]: RoadRunner is attempting to run away from 1 Coyotes!
[15:35:45.871 INFO]: RoadRunner(139) is moving NW from (7, 2) to (6,1)
[15:35:45.871 INFO]: RoadRunner(43) is moving W from (7, 1) to (7,0)
[15:35:45.871 INFO]: RoadRunner is attempting to run away from 1 Coyotes!
[15:35:45.871 INFO]: RoadRunner(215) is moving SW from (8, 5) to (9,4)
[15:35:45.871 INFO]: Coyote(167) is moving SE from (7, 5) to (8,6)
[15:35:45.871 WARN]: Coyote(167) just ate RoadRunner(258) at cell (8,6)
[15:35:45.872 INFO]: Coyote(208) is moving SE from (6, 5) to (7,6)
[15:35:45.872 INFO]: RoadRunner is attempting to run away from 1 Coyotes!
[15:35:45.872 INFO]: RoadRunner(232) is moving N from (9, 9) to (8,9)
[15:35:45.872 INFO]: Coyote(168) is moving NE from (9, 0) to (8,1)
[15:35:45.872 WARN]: Coyote(168) just ate RoadRunner(259) at cell (8,1)
[15:35:45.872 INFO]: RoadRunner is attempting to run away from 2 Coyotes!
[15:35:45.872 INFO]: RoadRunner(256) is moving N from (8, 2) to (7,2)
[15:35:45.872 INFO]: RoadRunner is attempting to run away from 1 Coyotes!
[15:35:45.872 INFO]: RoadRunner(261) is moving NE from (6, 8) to (5,9)
[15:35:45.872 INFO]: Coyote(153) is moving SE from (7, 8) to (8,9)
[15:35:45.872 WARN]: Coyote(153) just ate RoadRunner(232) at cell (8,9)
[15:35:45.873 INFO]: RoadRunner(145) is moving NW from (9, 3) to (8,2)
[15:35:45.873 INFO]: RoadRunner is attempting to run away from 1 Coyotes!
[15:35:45.873 INFO]: RoadRunner(133) is moving E from (9, 2) to (9,3)
[15:35:45.873 INFO]: RoadRunner is attempting to run away from 1 Coyotes!
[15:35:45.873 INFO]: RoadRunner(255) is moving N from (4, 0) to (3,0)
[15:35:45.873 INFO]: Coyote(237) is moving SW from (8, 8) to (9,7)
[15:35:45.873 WARN]: Coyote(237) just ate RoadRunner(221) at cell (9,7)
[15:35:45.873 INFO]: RoadRunner is attempting to run away from 3 Coyotes!
[15:35:45.873 INFO]: RoadRunner(122) is moving NE from (8, 7) to (7,8)
[15:35:45.873 INFO]: Coyote(29) is moving S from (5, 5) to (6,5)
[15:35:45.873 INFO]: RoadRunner is attempting to run away from 1 Coyotes!
[15:35:45.874 INFO]: RoadRunner(191) is moving N from (5, 0) to (4,0)
[15:35:45.874 INFO]: RoadRunner is attempting to run away from 2 Coyotes!
[15:35:45.874 INFO]: RoadRunner(224) is moving W from (9, 6) to (9,5)
[15:35:45.874 WARN]: Coyote(249) died to starvation!
[15:35:45.874 INFO]: RoadRunner is attempting to run away from 1 Coyotes!
[15:35:45.874 INFO]: RoadRunner(121) is moving E from (8, 4) to (8,5)
[15:35:45.874 INFO]: Coyote(246) is moving S from (7, 3) to (8,3)
[15:35:45.874 WARN]: Coyote(246) just ate RoadRunner(110) at cell (8,3)
[15:35:45.874 INFO]: RoadRunner is attempting to run away from 1 Coyotes!
[15:35:45.874 INFO]: RoadRunner(124) is moving E from (9, 1) to (9,2)
[15:35:45.874 WARN]: Coyote(250) died to starvation!
[15:35:45.874 INFO]: 
[15:35:45.874 INFO]: Coyotes Left: 9
[15:35:45.874 INFO]: RoadRunners Left: 13
[15:35:47.236 INFO]: 
[15:35:47.236 INFO]: 
[15:35:47.236 INFO]: ########## Age 53 ##########
[15:35:47.236 INFO]: 
[15:35:47.236 INFO]: 
[15:35:47.237 INFO]: RoadRunner is attempting to run away from 2 Coyotes!
[15:35:47.237 INFO]: RoadRunner(256) is moving NE from (7, 2) to (6,3)
[15:35:47.237 INFO]: Coyote(209) is moving S from (5, 3) to (6,3)
[15:35:47.237 WARN]: Coyote(209) just ate RoadRunner(256) at cell (6,3)
[15:35:47.237 INFO]: Coyote(246) is moving S from (8, 3) to (9,3)
[15:35:47.237 WARN]: Coyote(246) just ate RoadRunner(133) at cell (9,3)
[15:35:47.237 INFO]: Coyote(208) is moving SW from (7, 6) to (8,5)
[15:35:47.237 WARN]: Coyote(208) just ate RoadRunner(121) at cell (8,5)
[15:35:47.238 INFO]: Coyote(205) is moving NW from (5, 1) to (4,0)
[15:35:47.238 WARN]: Coyote(205) just ate RoadRunner(191) at cell (4,0)
[15:35:47.238 INFO]: Coyote(153) is moving NW from (8, 9) to (7,8)
[15:35:47.238 WARN]: Coyote(153) just ate RoadRunner(122) at cell (7,8)
[15:35:47.238 INFO]: Coyote(168) is moving NW from (8, 1) to (7,0)
[15:35:47.238 WARN]: Coyote(168) just ate RoadRunner(43) at cell (7,0)
[15:35:47.238 INFO]: Coyote(167) is moving SW from (8, 6) to (9,5)
[15:35:47.238 WARN]: Coyote(167) just ate RoadRunner(224) at cell (9,5)
[15:35:47.238 INFO]: RoadRunner is attempting to run away from 1 Coyotes!
[15:35:47.239 INFO]: RoadRunner(145) is moving NW from (8, 2) to (7,1)
[15:35:47.239 INFO]: RoadRunner is attempting to run away from 3 Coyotes!
[15:35:47.239 INFO]: RoadRunner(215) is moving N from (9, 4) to (8,4)
[15:35:47.239 INFO]: RoadRunner is attempting to run away from 1 Coyotes!
[15:35:47.239 INFO]: RoadRunner(255) is moving NE from (3, 0) to (2,1)
[15:35:47.239 INFO]: Coyote(29) is moving NE from (6, 5) to (5,6)
[15:35:47.239 INFO]: Coyote(237) is moving NW from (9, 7) to (8,6)
[15:35:47.239 INFO]: RoadRunner is attempting to run away from 1 Coyotes!
[15:35:47.239 INFO]: RoadRunner(124) is moving NW from (9, 2) to (8,1)
[15:35:47.239 INFO]: RoadRunner is attempting to run away from 1 Coyotes!
[15:35:47.239 INFO]: RoadRunner(139) is moving NE from (6, 1) to (5,2)
[15:35:47.239 INFO]: RoadRunner(261) is moving SW from (5, 9) to (6,8)
[15:35:47.239 INFO]: RoadRunner just bred a new RoadRunner at cell (6,1)
[15:35:47.239 INFO]: RoadRunner just bred a new RoadRunner at cell (7,4)
[15:35:47.239 INFO]: RoadRunner just bred a new RoadRunner at cell (1,1)
[15:35:47.239 INFO]: RoadRunner just bred a new RoadRunner at cell (7,2)
[15:35:47.240 INFO]: RoadRunner just bred a new RoadRunner at cell (4,2)
[15:35:47.240 INFO]: RoadRunner just bred a new RoadRunner at cell (5,8)
[15:35:47.240 INFO]: 
[15:35:47.240 INFO]: Coyotes Left: 9
[15:35:47.240 INFO]: RoadRunners Left: 12
[15:35:47.613 INFO]: 
[15:35:47.613 INFO]: 
[15:35:47.613 INFO]: ########## Age 54 ##########
[15:35:47.613 INFO]: 
[15:35:47.613 INFO]: 
[15:35:47.614 INFO]: Coyote(208) is moving NW from (8, 5) to (7,4)
[15:35:47.614 WARN]: Coyote(208) just ate RoadRunner(264) at cell (7,4)
[15:35:47.614 INFO]: RoadRunner is attempting to run away from 1 Coyotes!
[15:35:47.614 INFO]: RoadRunner(261) is moving NE from (6, 8) to (5,9)
[15:35:47.614 INFO]: RoadRunner(268) is moving NE from (5, 8) to (4,9)
[15:35:47.614 INFO]: RoadRunner is attempting to run away from 3 Coyotes!
[15:35:47.614 INFO]: RoadRunner(267) is moving NW from (4, 2) to (3,1)
[15:35:47.614 INFO]: RoadRunner(265) is moving SW from (1, 1) to (2,0)
[15:35:47.614 INFO]: Coyote(29) is moving S from (5, 6) to (6,6)
[15:35:47.614 INFO]: RoadRunner is attempting to run away from 1 Coyotes!
[15:35:47.614 INFO]: RoadRunner(139) is moving NW from (5, 2) to (4,1)
[15:35:47.614 INFO]: RoadRunner is attempting to run away from 1 Coyotes!
[15:35:47.615 INFO]: RoadRunner(124) is moving SE from (8, 1) to (9,2)
[15:35:47.615 INFO]: Coyote(167) is moving NW from (9, 5) to (8,4)
[15:35:47.615 WARN]: Coyote(167) just ate RoadRunner(215) at cell (8,4)
[15:35:47.615 INFO]: Coyote(168) is moving NE from (7, 0) to (6,1)
[15:35:47.615 WARN]: Coyote(168) just ate RoadRunner(263) at cell (6,1)
[15:35:47.615 INFO]: Coyote(237) is moving W from (8, 6) to (8,5)
[15:35:47.615 INFO]: Coyote(209) is moving SW from (6, 3) to (7,2)
[15:35:47.615 WARN]: Coyote(209) just ate RoadRunner(266) at cell (7,2)
[15:35:47.615 INFO]: RoadRunner is attempting to run away from 2 Coyotes!
[15:35:47.615 INFO]: RoadRunner(145) is moving SW from (7, 1) to (8,0)
[15:35:47.615 INFO]: Coyote(246) is moving W from (9, 3) to (9,2)
[15:35:47.615 WARN]: Coyote(246) just ate RoadRunner(124) at cell (9,2)
[15:35:47.615 INFO]: RoadRunner(255) is moving E from (2, 1) to (2,2)
[15:35:47.615 INFO]: Coyote(205) is moving NE from (4, 0) to (3,1)
[15:35:47.615 WARN]: Coyote(205) just ate RoadRunner(267) at cell (3,1)
[15:35:47.615 INFO]: Coyote(153) is moving N from (7, 8) to (6,8)
[15:35:47.616 INFO]: 
[15:35:47.616 INFO]: Coyotes Left: 9
[15:35:47.616 INFO]: RoadRunners Left: 6
[15:35:48.550 INFO]: 
[15:35:48.550 INFO]: 
[15:35:48.550 INFO]: ########## Age 55 ##########
[15:35:48.551 INFO]: 
[15:35:48.551 INFO]: 
[15:35:48.551 INFO]: RoadRunner is attempting to run away from 1 Coyotes!
[15:35:48.551 INFO]: RoadRunner(139) is moving SE from (4, 1) to (5,2)
[15:35:48.551 INFO]: Coyote(208) is moving N from (7, 4) to (6,4)
[15:35:48.551 INFO]: Coyote(205) is moving NE from (3, 1) to (2,2)
[15:35:48.551 WARN]: Coyote(205) just ate RoadRunner(255) at cell (2,2)
[15:35:48.551 INFO]: Coyote(168) is moving NE from (6, 1) to (5,2)
[15:35:48.551 WARN]: Coyote(168) just ate RoadRunner(139) at cell (5,2)
[15:35:48.551 INFO]: RoadRunner is attempting to run away from 1 Coyotes!
[15:35:48.551 INFO]: RoadRunner(261) is moving NW from (5, 9) to (4,8)
[15:35:48.551 INFO]: RoadRunner(265) is moving N from (2, 0) to (1,0)
[15:35:48.551 INFO]: Coyote(237) is moving NW from (8, 5) to (7,4)
[15:35:48.551 INFO]: Coyote(153) is moving SE from (6, 8) to (7,9)
[15:35:48.551 INFO]: RoadRunner(145) is moving SE from (8, 0) to (9,1)
[15:35:48.551 INFO]: Coyote(246) is moving W from (9, 2) to (9,1)
[15:35:48.551 WARN]: Coyote(246) just ate RoadRunner(145) at cell (9,1)
[15:35:48.552 INFO]: Coyote(209) is moving NE from (7, 2) to (6,3)
[15:35:48.552 INFO]: Coyote(167) is moving E from (8, 4) to (8,5)
[15:35:48.552 WARN]: Coyote(29) died to starvation!
[15:35:48.552 INFO]: RoadRunner(268) is moving S from (4, 9) to (5,9)
[15:35:48.552 INFO]: Coyote just bred a new Coyote at cell (5,4)
[15:35:48.552 INFO]: Coyote just bred a new Coyote at cell (1,2)
[15:35:48.552 INFO]: Coyote just bred a new Coyote at cell (4,2)
[15:35:48.552 INFO]: Coyote just bred a new Coyote at cell (6,5)
[15:35:48.553 INFO]: Coyote just bred a new Coyote at cell (6,9)
[15:35:48.553 INFO]: Coyote just bred a new Coyote at cell (8,1)
[15:35:48.553 INFO]: Coyote just bred a new Coyote at cell (5,3)
[15:35:48.553 INFO]: Coyote just bred a new Coyote at cell (7,5)
[15:35:48.553 INFO]: 
[15:35:48.553 INFO]: Coyotes Left: 16
[15:35:48.553 INFO]: RoadRunners Left: 3
[15:35:50.152 INFO]: 
[15:35:50.152 INFO]: 
[15:35:50.153 INFO]: ########## Age 56 ##########
[15:35:50.153 INFO]: 
[15:35:50.153 INFO]: 
[15:35:50.153 INFO]: RoadRunner(265) is moving E from (1, 0) to (1,1)
[15:35:50.153 INFO]: Coyote(167) is moving SW from (8, 5) to (9,4)
[15:35:50.153 INFO]: Coyote(168) is moving S from (5, 2) to (6,2)
[15:35:50.153 INFO]: Coyote(246) is moving NW from (9, 1) to (8,0)
[15:35:50.153 INFO]: Coyote(205) is moving NW from (2, 2) to (1,1)
[15:35:50.153 WARN]: Coyote(205) just ate RoadRunner(265) at cell (1,1)
[15:35:50.153 INFO]: Coyote(271) is moving E from (4, 2) to (4,3)
[15:35:50.153 INFO]: Coyote(153) is moving S from (7, 9) to (8,9)
[15:35:50.153 INFO]: Coyote(208) is moving SW from (6, 4) to (7,3)
[15:35:50.153 INFO]: Coyote(275) is moving NW from (5, 3) to (4,2)
[15:35:50.154 WARN]: Coyote(237) died to starvation!
[15:35:50.154 INFO]: Coyote(273) is moving N from (6, 9) to (5,9)
[15:35:50.154 WARN]: Coyote(273) just ate RoadRunner(268) at cell (5,9)
[15:35:50.154 INFO]: RoadRunner is attempting to run away from 1 Coyotes!
[15:35:50.154 INFO]: RoadRunner(261) is moving NW from (4, 8) to (3,7)
[15:35:50.154 INFO]: Coyote(209) is moving SW from (6, 3) to (7,2)
[15:35:50.154 INFO]: Coyote(272) is moving NE from (6, 5) to (5,6)
[15:35:50.154 INFO]: Coyote(270) is moving N from (1, 2) to (0,2)
[15:35:50.154 INFO]: Coyote(274) is moving N from (8, 1) to (7,1)
[15:35:50.154 INFO]: Coyote(269) is moving W from (5, 4) to (5,3)
[15:35:50.154 INFO]: Coyote(276) is moving S from (7, 5) to (8,5)
[15:35:50.154 INFO]: RoadRunner just bred a new RoadRunner at cell (2,7)
[15:35:50.154 INFO]: 
[15:35:50.154 INFO]: Coyotes Left: 15
[15:35:50.154 INFO]: RoadRunners Left: 2
[15:35:51.910 INFO]: 
[15:35:51.910 INFO]: 
[15:35:51.911 INFO]: ########## Age 57 ##########
[15:35:51.911 INFO]: 
[15:35:51.911 INFO]: 
[15:35:51.911 INFO]: Coyote(208) is moving S from (7, 3) to (8,3)
[15:35:51.911 INFO]: Coyote(274) is moving SE from (7, 1) to (8,2)
[15:35:51.911 INFO]: Coyote(271) is moving N from (4, 3) to (3,3)
[15:35:51.911 INFO]: Coyote(246) is moving SE from (8, 0) to (9,1)
[15:35:51.911 INFO]: Coyote(270) is moving E from (0, 2) to (0,3)
[15:35:51.911 INFO]: Coyote(272) is moving E from (5, 6) to (5,7)
[15:35:51.911 INFO]: Coyote(167) is moving E from (9, 4) to (9,5)
[15:35:51.911 INFO]: Coyote(275) is moving E from (4, 2) to (4,3)
[15:35:51.911 INFO]: Coyote(273) is moving S from (5, 9) to (6,9)
[15:35:51.912 INFO]: Coyote(209) is moving NW from (7, 2) to (6,1)
[15:35:51.912 INFO]: Coyote(205) is moving N from (1, 1) to (0,1)
[15:35:51.912 INFO]: RoadRunner(261) is moving W from (3, 7) to (3,6)
[15:35:51.912 INFO]: Coyote(269) is moving SE from (5, 3) to (6,4)
[15:35:51.912 INFO]: Coyote(276) is moving SW from (8, 5) to (9,4)
[15:35:51.912 INFO]: Coyote(168) is moving NW from (6, 2) to (5,1)
[15:35:51.912 INFO]: RoadRunner(277) is moving E from (2, 7) to (2,8)
[15:35:51.912 WARN]: Coyote(153) died to starvation!
[15:35:51.912 INFO]: 
[15:35:51.912 INFO]: Coyotes Left: 14
[15:35:51.912 INFO]: RoadRunners Left: 2
[15:35:53.816 INFO]: 
[15:35:53.817 INFO]: 
[15:35:53.817 INFO]: ########## Age 58 ##########
[15:35:53.817 INFO]: 
[15:35:53.817 INFO]: 
[15:35:53.817 INFO]: Coyote(269) is moving NE from (6, 4) to (5,5)
[15:35:53.817 INFO]: RoadRunner(277) is moving E from (2, 8) to (2,9)
[15:35:53.817 INFO]: Coyote(271) is moving SW from (3, 3) to (4,2)
[15:35:53.817 WARN]: Coyote(208) died to starvation!
[15:35:53.817 INFO]: Coyote(276) is moving NW from (9, 4) to (8,3)
[15:35:53.817 WARN]: Coyote(167) died to starvation!
[15:35:53.817 INFO]: Coyote(246) is moving N from (9, 1) to (8,1)
[15:35:53.817 INFO]: Coyote(168) is moving SW from (5, 1) to (6,0)
[15:35:53.817 INFO]: Coyote(270) is moving W from (0, 3) to (0,2)
[15:35:53.817 INFO]: Coyote(273) is moving SW from (6, 9) to (7,8)
[15:35:53.817 WARN]: Coyote(209) died to starvation!
[15:35:53.817 INFO]: Coyote(272) is moving N from (5, 7) to (4,7)
[15:35:53.817 INFO]: Coyote(274) is moving SW from (8, 2) to (9,1)
[15:35:53.817 INFO]: RoadRunner is attempting to run away from 1 Coyotes!
[15:35:53.818 INFO]: RoadRunner(261) is moving NW from (3, 6) to (2,5)
[15:35:53.818 INFO]: Coyote(205) is moving S from (0, 1) to (1,1)
[15:35:53.818 INFO]: Coyote(275) is moving SW from (4, 3) to (5,2)
[15:35:53.818 INFO]: 
[15:35:53.818 INFO]: Coyotes Left: 11
[15:35:53.818 INFO]: RoadRunners Left: 2
[15:35:54.428 INFO]: 
[15:35:54.432 INFO]: 
[15:35:54.432 INFO]: ########## Age 59 ##########
[15:35:54.432 INFO]: 
[15:35:54.432 INFO]: 
[15:35:54.432 INFO]: RoadRunner(277) is moving SW from (2, 9) to (3,8)
[15:35:54.432 INFO]: RoadRunner(261) is moving N from (2, 5) to (1,5)
[15:35:54.432 WARN]: Coyote(274) died to starvation!
[15:35:54.432 WARN]: Coyote(271) died to starvation!
[15:35:54.432 INFO]: Coyote(205) is moving W from (1, 1) to (1,0)
[15:35:54.432 WARN]: Coyote(270) died to starvation!
[15:35:54.432 WARN]: Coyote(272) died to starvation!
[15:35:54.432 WARN]: Coyote(275) died to starvation!
[15:35:54.432 WARN]: Coyote(168) died to starvation!
[15:35:54.432 WARN]: Coyote(276) died to starvation!
[15:35:54.433 WARN]: Coyote(246) died to starvation!
[15:35:54.433 INFO]: Coyote(273) is moving NW from (7, 8) to (6,7)
[15:35:54.433 WARN]: Coyote(269) died to starvation!
[15:35:54.433 INFO]: RoadRunner just bred a new RoadRunner at cell (2,8)
[15:35:54.433 INFO]: RoadRunner just bred a new RoadRunner at cell (0,5)
[15:35:54.433 INFO]: 
[15:35:54.433 INFO]: Coyotes Left: 2
[15:35:54.433 INFO]: RoadRunners Left: 4
[15:35:54.854 INFO]: 
[15:35:54.854 INFO]: 
[15:35:54.854 INFO]: ########## Age 60 ##########
[15:35:54.854 INFO]: 
[15:35:54.854 INFO]: 
[15:35:54.854 WARN]: Coyote(205) died to starvation!
[15:35:54.854 WARN]: Coyote(273) died to starvation!
[15:35:54.854 INFO]: RoadRunner(278) is moving W from (2, 8) to (2,7)
[15:35:54.854 INFO]: RoadRunner(261) is moving SE from (1, 5) to (2,6)
[15:35:54.854 INFO]: RoadRunner(277) is moving E from (3, 8) to (3,9)
[15:35:54.854 INFO]: RoadRunner(279) is moving W from (0, 5) to (0,4)
[15:35:54.855 INFO]: 
[15:35:54.855 INFO]: Coyotes Left: 0
[15:35:54.855 INFO]: RoadRunners Left: 4
[15:44:18.581 INFO]: Simulation Found. Configuration Settings:
[15:44:18.586 INFO]: Rows: 10
[15:44:18.586 INFO]: Columns: 10
[15:44:18.587 INFO]: 
[15:44:18.587 INFO]: Min Prey: 10 Max Prey: 20
[15:44:18.587 INFO]: Min Predators: 10 Max Predators: 20
[15:44:21.384 INFO]: Starting Simulation...
[15:44:21.386 INFO]: Starting Prey: 16
[15:44:21.386 INFO]: Starting Predators: 14
[15:44:21.395 INFO]: RoadRunner(0) created at cell (3, 1)
[15:44:21.396 INFO]: RoadRunner(1) created at cell (3, 2)
[15:44:21.397 INFO]: RoadRunner(2) created at cell (6, 4)
[15:44:21.397 INFO]: RoadRunner(3) created at cell (7, 2)
[15:44:21.398 INFO]: RoadRunner(4) created at cell (8, 1)
[15:44:21.398 INFO]: RoadRunner(5) created at cell (0, 6)
[15:44:21.399 INFO]: RoadRunner(6) created at cell (4, 8)
[15:44:21.400 INFO]: RoadRunner(7) created at cell (0, 0)
[15:44:21.400 INFO]: RoadRunner(8) created at cell (2, 7)
[15:44:21.401 INFO]: RoadRunner(9) created at cell (1, 9)
[15:44:21.402 INFO]: RoadRunner(10) created at cell (5, 7)
[15:44:21.402 INFO]: RoadRunner(11) created at cell (4, 3)
[15:44:21.403 INFO]: RoadRunner(12) created at cell (1, 8)
[15:44:21.403 INFO]: RoadRunner(13) created at cell (1, 6)
[15:44:21.404 INFO]: RoadRunner(14) created at cell (4, 9)
[15:44:21.405 INFO]: RoadRunner(15) created at cell (5, 1)
[15:44:21.405 INFO]: Coyote(16) created at cell (9, 5)
[15:44:21.406 INFO]: Coyote(17) created at cell (0, 1)
[15:44:21.406 INFO]: Coyote(18) created at cell (5, 3)
[15:44:21.406 INFO]: Coyote(19) created at cell (9, 3)
[15:44:21.407 INFO]: Coyote(20) created at cell (2, 8)
[15:44:21.407 INFO]: Coyote(21) created at cell (8, 0)
[15:44:21.407 INFO]: Coyote(22) created at cell (4, 7)
[15:44:21.407 INFO]: Coyote(23) created at cell (2, 5)
[15:44:21.408 INFO]: Coyote(24) created at cell (6, 9)
[15:44:21.408 INFO]: Coyote(25) created at cell (6, 3)
[15:44:21.408 INFO]: Coyote(26) created at cell (8, 2)
[15:44:21.408 INFO]: Coyote(27) created at cell (6, 0)
[15:44:21.409 INFO]: Coyote(28) created at cell (3, 3)
[15:44:21.409 INFO]: Coyote(29) created at cell (7, 9)
[15:44:21.648 INFO]: 
[15:44:21.649 INFO]: 
[15:44:21.649 INFO]: ########## Age 0 ##########
[15:44:21.649 INFO]: 
[15:44:21.649 INFO]: 
[15:44:21.652 INFO]: Coyote(20) is moving N from (2, 8) to (1,8)
[15:44:21.653 WARN]: Coyote(20) just ate RoadRunner(12) at cell (1,8)
[15:44:21.653 INFO]: Coyote(17) is moving W from (0, 1) to (0,0)
[15:44:21.654 WARN]: Coyote(17) just ate RoadRunner(7) at cell (0,0)
[15:44:21.654 INFO]: RoadRunner(0) is moving NE from (3, 1) to (2,2)
[15:44:21.654 INFO]: RoadRunner is attempting to run away from 2 Coyotes!
[15:44:21.664 INFO]: RoadRunner(4) is moving N from (8, 1) to (7,1)
[15:44:21.665 INFO]: RoadRunner is attempting to run away from 1 Coyotes!
[15:44:21.666 INFO]: RoadRunner(13) is moving NE from (1, 6) to (0,7)
[15:44:21.666 INFO]: RoadRunner is attempting to run away from 1 Coyotes!
[15:44:21.666 INFO]: RoadRunner(8) is moving SW from (2, 7) to (3,6)
[15:44:21.667 INFO]: RoadRunner is attempting to run away from 1 Coyotes!
[15:44:21.667 INFO]: RoadRunner(15) is moving NE from (5, 1) to (4,2)
[15:44:21.668 INFO]: Coyote(25) is moving SW from (6, 3) to (7,2)
[15:44:21.668 WARN]: Coyote(25) just ate RoadRunner(3) at cell (7,2)
[15:44:21.668 INFO]: RoadRunner is attempting to run away from 1 Coyotes!
[15:44:21.669 INFO]: RoadRunner(2) is moving SE from (6, 4) to (7,5)
[15:44:21.669 INFO]: Coyote(23) is moving SE from (2, 5) to (3,6)
[15:44:21.669 WARN]: Coyote(23) just ate RoadRunner(8) at cell (3,6)
[15:44:21.670 INFO]: Coyote(29) is moving W from (7, 9) to (7,8)
[15:44:21.670 INFO]: RoadRunner is attempting to run away from 1 Coyotes!
[15:44:21.670 INFO]: RoadRunner(6) is moving NE from (4, 8) to (3,9)
[15:44:21.671 INFO]: Coyote(28) is moving NW from (3, 3) to (2,2)
[15:44:21.671 WARN]: Coyote(28) just ate RoadRunner(0) at cell (2,2)
[15:44:21.671 INFO]: Coyote(16) is moving NW from (9, 5) to (8,4)
[15:44:21.672 INFO]: Coyote(22) is moving S from (4, 7) to (5,7)
[15:44:21.672 WARN]: Coyote(22) just ate RoadRunner(10) at cell (5,7)
[15:44:21.672 INFO]: RoadRunner(5) is moving S from (0, 6) to (1,6)
[15:44:21.673 INFO]: Coyote(26) is moving NW from (8, 2) to (7,1)
[15:44:21.673 WARN]: Coyote(26) just ate RoadRunner(4) at cell (7,1)
[15:44:21.673 INFO]: Coyote(18) is moving N from (5, 3) to (4,3)
[15:44:21.673 WARN]: Coyote(18) just ate RoadRunner(11) at cell (4,3)
[15:44:21.674 INFO]: RoadRunner(14) is moving W from (4, 9) to (4,8)
[15:44:21.674 INFO]: RoadRunner is attempting to run away from 2 Coyotes!
[15:44:21.674 INFO]: RoadRunner(1) is moving SW from (3, 2) to (4,1)
[15:44:21.674 INFO]: Coyote(21) is moving SE from (8, 0) to (9,1)
[15:44:21.675 INFO]: Coyote(24) is moving NW from (6, 9) to (5,8)
[15:44:21.675 INFO]: RoadRunner is attempting to run away from 1 Coyotes!
[15:44:21.675 INFO]: RoadRunner(9) is moving N from (1, 9) to (0,9)
[15:44:21.676 INFO]: Coyote(19) is moving N from (9, 3) to (8,3)
[15:44:21.676 INFO]: Coyote(27) is moving E from (6, 0) to (6,1)
[15:44:21.681 INFO]: 
[15:44:21.682 INFO]: Coyotes Left: 14
[15:44:21.682 INFO]: RoadRunners Left: 8
[15:44:21.993 INFO]: 
[15:44:21.994 INFO]: 
[15:44:21.994 INFO]: ########## Age 1 ##########
[15:44:21.994 INFO]: 
[15:44:21.994 INFO]: 
[15:44:21.994 INFO]: Coyote(27) is moving NE from (6, 1) to (5,2)
[15:44:21.995 INFO]: RoadRunner(6) is moving S from (3, 9) to (4,9)
[15:44:21.995 INFO]: RoadRunner is attempting to run away from 2 Coyotes!
[15:44:21.996 INFO]: RoadRunner(14) is moving NE from (4, 8) to (3,9)
[15:44:21.996 INFO]: Coyote(17) is moving S from (0, 0) to (1,0)
[15:44:21.996 INFO]: Coyote(25) is moving NE from (7, 2) to (6,3)
[15:44:21.997 INFO]: Coyote(26) is moving S from (7, 1) to (8,1)
[15:44:21.997 INFO]: Coyote(22) is moving NW from (5, 7) to (4,6)
[15:44:21.998 INFO]: RoadRunner(5) is moving SE from (1, 6) to (2,7)
[15:44:21.998 INFO]: Coyote(24) is moving NE from (5, 8) to (4,9)
[15:44:21.998 WARN]: Coyote(24) just ate RoadRunner(6) at cell (4,9)
[15:44:21.998 INFO]: RoadRunner is attempting to run away from 1 Coyotes!
[15:44:21.998 INFO]: RoadRunner(1) is moving NW from (4, 1) to (3,0)
[15:44:21.999 INFO]: Coyote(18) is moving W from (4, 3) to (4,2)
[15:44:21.999 WARN]: Coyote(18) just ate RoadRunner(15) at cell (4,2)
[15:44:21.999 INFO]: Coyote(20) is moving NE from (1, 8) to (0,9)
[15:44:22.000 WARN]: Coyote(20) just ate RoadRunner(9) at cell (0,9)
[15:44:22.000 INFO]: Coyote(29) is moving NW from (7, 8) to (6,7)
[15:44:22.001 INFO]: RoadRunner(13) is moving W from (0, 7) to (0,6)
[15:44:22.002 INFO]: Coyote(19) is moving SW from (8, 3) to (9,2)
[15:44:22.002 INFO]: Coyote(23) is moving NE from (3, 6) to (2,7)
[15:44:22.002 WARN]: Coyote(23) just ate RoadRunner(5) at cell (2,7)
[15:44:22.003 INFO]: Coyote(16) is moving NE from (8, 4) to (7,5)
[15:44:22.003 WARN]: Coyote(16) just ate RoadRunner(2) at cell (7,5)
[15:44:22.004 INFO]: Coyote(21) is moving NE from (9, 1) to (8,2)
[15:44:22.004 INFO]: Coyote(28) is moving SW from (2, 2) to (3,1)
[15:44:22.005 INFO]: 
[15:44:22.005 INFO]: Coyotes Left: 14
[15:44:22.005 INFO]: RoadRunners Left: 3
[15:44:22.339 INFO]: 
[15:44:22.339 INFO]: 
[15:44:22.340 INFO]: ########## Age 2 ##########
[15:44:22.340 INFO]: 
[15:44:22.340 INFO]: 
[15:44:22.341 INFO]: Coyote(24) is moving N from (4, 9) to (3,9)
[15:44:22.342 WARN]: Coyote(24) just ate RoadRunner(14) at cell (3,9)
[15:44:22.342 INFO]: RoadRunner(13) is moving W from (0, 6) to (0,5)
[15:44:22.342 INFO]: Coyote(19) is moving E from (9, 2) to (9,3)
[15:44:22.342 INFO]: RoadRunner is attempting to run away from 1 Coyotes!
[15:44:22.343 INFO]: RoadRunner(1) is moving N from (3, 0) to (2,0)
[15:44:22.343 INFO]: Coyote(18) is moving N from (4, 2) to (3,2)
[15:44:22.344 INFO]: Coyote(23) is moving E from (2, 7) to (2,8)
[15:44:22.344 INFO]: Coyote(28) is moving NW from (3, 1) to (2,0)
[15:44:22.344 WARN]: Coyote(28) just ate RoadRunner(1) at cell (2,0)
[15:44:22.345 INFO]: Coyote(27) is moving SW from (5, 2) to (6,1)
[15:44:22.345 INFO]: Coyote(25) is moving S from (6, 3) to (7,3)
[15:44:22.345 INFO]: Coyote(17) is moving NE from (1, 0) to (0,1)
[15:44:22.346 INFO]: Coyote(21) is moving N from (8, 2) to (7,2)
[15:44:22.346 INFO]: Coyote(26) is moving W from (8, 1) to (8,0)
[15:44:22.347 INFO]: Coyote(16) is moving SW from (7, 5) to (8,4)
[15:44:22.347 INFO]: Coyote(29) is moving NW from (6, 7) to (5,6)
[15:44:22.347 INFO]: Coyote(20) is moving SW from (0, 9) to (1,8)
[15:44:22.348 INFO]: Coyote(22) is moving SE from (4, 6) to (5,7)
[15:44:22.348 INFO]: RoadRunner just bred a new RoadRunner at cell (1,5)
[15:44:22.348 INFO]: 
[15:44:22.349 INFO]: Coyotes Left: 14
[15:44:22.349 INFO]: RoadRunners Left: 2
[15:44:22.580 INFO]: 
[15:44:22.580 INFO]: 
[15:44:22.580 INFO]: ########## Age 3 ##########
[15:44:22.580 INFO]: 
[15:44:22.580 INFO]: 
[15:44:22.581 INFO]: Coyote(23) is moving SW from (2, 8) to (3,7)
[15:44:22.581 INFO]: Coyote(17) is moving W from (0, 1) to (0,0)
[15:44:22.582 INFO]: RoadRunner(30) is moving E from (1, 5) to (1,6)
[15:44:22.582 INFO]: Coyote(18) is moving S from (3, 2) to (4,2)
[15:44:22.582 INFO]: Coyote(20) is moving NE from (1, 8) to (0,9)
[15:44:22.583 INFO]: Coyote(27) is moving NE from (6, 1) to (5,2)
[15:44:22.583 INFO]: Coyote(22) is moving E from (5, 7) to (5,8)
[15:44:22.584 INFO]: Coyote(29) is moving SW from (5, 6) to (6,5)
[15:44:22.584 INFO]: Coyote(25) is moving SW from (7, 3) to (8,2)
[15:44:22.584 INFO]: Coyote(16) is moving SE from (8, 4) to (9,5)
[15:44:22.585 INFO]: RoadRunner(13) is moving S from (0, 5) to (1,5)
[15:44:22.585 INFO]: Coyote(19) is moving NE from (9, 3) to (8,4)
[15:44:22.585 INFO]: Coyote(24) is moving W from (3, 9) to (3,8)
[15:44:22.586 INFO]: Coyote(28) is moving E from (2, 0) to (2,1)
[15:44:22.586 INFO]: Coyote(26) is moving SE from (8, 0) to (9,1)
[15:44:22.586 INFO]: Coyote(21) is moving SW from (7, 2) to (8,1)
[15:44:22.587 INFO]: 
[15:44:22.587 INFO]: Coyotes Left: 14
[15:44:22.587 INFO]: RoadRunners Left: 2
[15:44:22.868 INFO]: 
[15:44:22.868 INFO]: 
[15:44:22.869 INFO]: ########## Age 4 ##########
[15:44:22.869 INFO]: 
[15:44:22.869 INFO]: 
[15:44:22.869 WARN]: Coyote(21) died to starvation!
[15:44:22.870 INFO]: Coyote(20) is moving W from (0, 9) to (0,8)
[15:44:22.870 WARN]: Coyote(29) died to starvation!
[15:44:22.870 WARN]: Coyote(19) died to starvation!
[15:44:22.870 INFO]: Coyote(24) is moving E from (3, 8) to (3,9)
[15:44:22.870 WARN]: Coyote(26) died to starvation!
[15:44:22.871 WARN]: Coyote(25) died to starvation!
[15:44:22.871 WARN]: Coyote(27) died to starvation!
[15:44:22.871 INFO]: RoadRunner(30) is moving N from (1, 6) to (0,6)
[15:44:22.871 INFO]: Coyote(18) is moving NW from (4, 2) to (3,1)
[15:44:22.871 INFO]: Coyote(16) is moving N from (9, 5) to (8,5)
[15:44:22.872 INFO]: Coyote(28) is moving NE from (2, 1) to (1,2)
[15:44:22.872 INFO]: RoadRunner(13) is moving S from (1, 5) to (2,5)
[15:44:22.872 INFO]: Coyote(23) is moving W from (3, 7) to (3,6)
[15:44:22.872 WARN]: Coyote(17) died to starvation!
[15:44:22.872 WARN]: Coyote(22) died to starvation!
[15:44:22.873 INFO]: 
[15:44:22.873 INFO]: Coyotes Left: 6
[15:44:22.873 INFO]: RoadRunners Left: 2
[15:44:23.100 INFO]: 
[15:44:23.101 INFO]: 
[15:44:23.101 INFO]: ########## Age 5 ##########
[15:44:23.101 INFO]: 
[15:44:23.102 INFO]: 
[15:44:23.102 INFO]: RoadRunner(30) is moving W from (0, 6) to (0,5)
[15:44:23.102 INFO]: Coyote(24) is moving W from (3, 9) to (3,8)
[15:44:23.103 WARN]: Coyote(16) died to starvation!
[15:44:23.103 INFO]: Coyote(28) is moving SW from (1, 2) to (2,1)
[15:44:23.103 WARN]: Coyote(23) died to starvation!
[15:44:23.104 WARN]: Coyote(18) died to starvation!
[15:44:23.104 WARN]: Coyote(20) died to starvation!
[15:44:23.104 INFO]: RoadRunner(13) is moving E from (2, 5) to (2,6)
[15:44:23.104 INFO]: RoadRunner just bred a new RoadRunner at cell (1,5)
[15:44:23.105 INFO]: RoadRunner just bred a new RoadRunner at cell (1,6)
[15:44:23.105 INFO]: 
[15:44:23.105 INFO]: Coyotes Left: 2
[15:44:23.105 INFO]: RoadRunners Left: 4
[15:44:23.389 INFO]: 
[15:44:23.389 INFO]: 
[15:44:23.390 INFO]: ########## Age 6 ##########
[15:44:23.390 INFO]: 
[15:44:23.390 INFO]: 
[15:44:23.390 WARN]: Coyote(28) died to starvation!
[15:44:23.391 INFO]: RoadRunner(30) is moving W from (0, 5) to (0,4)
[15:44:23.391 INFO]: RoadRunner(31) is moving NE from (1, 5) to (0,6)
[15:44:23.391 INFO]: RoadRunner(13) is moving NE from (2, 6) to (1,7)
[15:44:23.392 INFO]: RoadRunner(32) is moving NE from (1, 6) to (0,7)
[15:44:23.392 WARN]: Coyote(24) died to starvation!
[15:44:23.392 INFO]: 
[15:44:23.392 INFO]: Coyotes Left: 0
[15:44:23.392 INFO]: RoadRunners Left: 4
[15:44:23.862 INFO]: 
[15:44:23.862 INFO]: 
[15:44:23.862 INFO]: ########## Age 7 ##########
[15:44:23.862 INFO]: 
[15:44:23.862 INFO]: 
[15:44:23.863 INFO]: RoadRunner(30) is moving W from (0, 4) to (0,3)
[15:44:23.863 INFO]: RoadRunner(13) is moving W from (1, 7) to (1,6)
[15:44:23.864 INFO]: RoadRunner(32) is moving SE from (0, 7) to (1,8)
[15:44:23.864 INFO]: RoadRunner(31) is moving W from (0, 6) to (0,5)
[15:44:23.865 INFO]: 
[15:44:23.865 INFO]: Coyotes Left: 0
[15:44:23.865 INFO]: RoadRunners Left: 4
[15:44:24.535 INFO]: 
[15:44:24.536 INFO]: 
[15:44:24.536 INFO]: ########## Age 8 ##########
[15:44:24.536 INFO]: 
[15:44:24.536 INFO]: 
[15:44:24.537 INFO]: RoadRunner(13) is moving NE from (1, 6) to (0,7)
[15:44:24.538 INFO]: RoadRunner(30) is moving SE from (0, 3) to (1,4)
[15:44:24.538 INFO]: RoadRunner(31) is moving SE from (0, 5) to (1,6)
[15:44:24.538 INFO]: RoadRunner(32) is moving N from (1, 8) to (0,8)
[15:44:24.539 INFO]: RoadRunner just bred a new RoadRunner at cell (1,7)
[15:44:24.539 INFO]: RoadRunner just bred a new RoadRunner at cell (0,4)
[15:44:24.539 INFO]: RoadRunner just bred a new RoadRunner at cell (0,6)
[15:44:24.539 INFO]: RoadRunner just bred a new RoadRunner at cell (1,8)
[15:44:24.539 INFO]: 
[15:44:24.540 INFO]: Coyotes Left: 0
[15:44:24.540 INFO]: RoadRunners Left: 8
[15:45:20.393 INFO]: Simulation Found. Configuration Settings:
[15:45:20.399 INFO]: Rows: 10
[15:45:20.400 INFO]: Columns: 10
[15:45:20.400 INFO]: 
[15:45:20.400 INFO]: Min Prey: 10 Max Prey: 20
[15:45:20.400 INFO]: Min Predators: 10 Max Predators: 20
[15:45:23.256 INFO]: Starting Simulation...
[15:45:23.258 INFO]: Starting Prey: 18
[15:45:23.259 INFO]: Starting Predators: 15
[15:45:23.266 INFO]: RoadRunner(0) created at cell (9, 8)
[15:45:23.267 INFO]: RoadRunner(1) created at cell (2, 0)
[15:45:23.267 INFO]: RoadRunner(2) created at cell (2, 1)
[15:45:23.268 INFO]: RoadRunner(3) created at cell (3, 1)
[15:45:23.268 INFO]: RoadRunner(4) created at cell (5, 6)
[15:45:23.269 INFO]: RoadRunner(5) created at cell (0, 9)
[15:45:23.269 INFO]: RoadRunner(6) created at cell (0, 8)
[15:45:23.270 INFO]: RoadRunner(7) created at cell (0, 6)
[15:45:23.270 INFO]: RoadRunner(8) created at cell (9, 2)
[15:45:23.271 INFO]: RoadRunner(9) created at cell (1, 8)
[15:45:23.271 INFO]: RoadRunner(10) created at cell (0, 7)
[15:45:23.272 INFO]: RoadRunner(11) created at cell (1, 3)
[15:45:23.272 INFO]: RoadRunner(12) created at cell (2, 4)
[15:45:23.273 INFO]: RoadRunner(13) created at cell (2, 8)
[15:45:23.273 INFO]: RoadRunner(14) created at cell (8, 3)
[15:45:23.273 INFO]: RoadRunner(15) created at cell (3, 7)
[15:45:23.274 INFO]: RoadRunner(16) created at cell (5, 8)
[15:45:23.275 INFO]: RoadRunner(17) created at cell (0, 4)
[15:45:23.275 INFO]: Coyote(18) created at cell (6, 4)
[15:45:23.276 INFO]: Coyote(19) created at cell (0, 1)
[15:45:23.276 INFO]: Coyote(20) created at cell (8, 7)
[15:45:23.277 INFO]: Coyote(21) created at cell (0, 0)
[15:45:23.277 INFO]: Coyote(22) created at cell (0, 3)
[15:45:23.277 INFO]: Coyote(23) created at cell (7, 1)
[15:45:23.278 INFO]: Coyote(24) created at cell (7, 6)
[15:45:23.278 INFO]: Coyote(25) created at cell (0, 2)
[15:45:23.278 INFO]: Coyote(26) created at cell (1, 2)
[15:45:23.278 INFO]: Coyote(27) created at cell (6, 6)
[15:45:23.279 INFO]: Coyote(28) created at cell (3, 5)
[15:45:23.279 INFO]: Coyote(29) created at cell (8, 8)
[15:45:23.279 INFO]: Coyote(30) created at cell (1, 7)
[15:45:23.280 INFO]: Coyote(31) created at cell (0, 5)
[15:45:23.280 INFO]: Coyote(32) created at cell (3, 2)
[15:45:23.536 INFO]: 
[15:45:23.537 INFO]: 
[15:45:23.537 INFO]: ########## Age 0 ##########
[15:45:23.537 INFO]: 
[15:45:23.537 INFO]: 
[15:45:23.540 INFO]: RoadRunner(14) is moving S from (8, 3) to (9,3)
[15:45:23.540 INFO]: Coyote(22) is moving S from (0, 3) to (1,3)
[15:45:23.541 WARN]: Coyote(22) just ate RoadRunner(11) at cell (1,3)
[15:45:23.541 INFO]: RoadRunner(8) is moving NW from (9, 2) to (8,1)
[15:45:23.541 INFO]: Coyote(29) is moving S from (8, 8) to (9,8)
[15:45:23.542 WARN]: Coyote(29) just ate RoadRunner(0) at cell (9,8)
[15:45:23.542 INFO]: Coyote(30) is moving N from (1, 7) to (0,7)
[15:45:23.542 WARN]: Coyote(30) just ate RoadRunner(10) at cell (0,7)
[15:45:23.543 INFO]: RoadRunner(15) is moving SE from (3, 7) to (4,8)
[15:45:23.543 INFO]: Coyote(27) is moving N from (6, 6) to (5,6)
[15:45:23.544 WARN]: Coyote(27) just ate RoadRunner(4) at cell (5,6)
[15:45:23.544 INFO]: Coyote(18) is moving S from (6, 4) to (7,4)
[15:45:23.544 INFO]: RoadRunner is attempting to run away from 1 Coyotes!
[15:45:23.551 INFO]: RoadRunner(9) is moving SE from (1, 8) to (2,9)
[15:45:23.552 INFO]: RoadRunner is attempting to run away from 2 Coyotes!
[15:45:23.552 INFO]: Coyote(26) is moving SW from (1, 2) to (2,1)
[15:45:23.552 WARN]: Coyote(26) just ate RoadRunner(2) at cell (2,1)
[15:45:23.553 INFO]: RoadRunner is attempting to run away from 2 Coyotes!
[15:45:23.553 INFO]: RoadRunner(3) is moving SW from (3, 1) to (4,0)
[15:45:23.553 INFO]: Coyote(21) is moving S from (0, 0) to (1,0)
[15:45:23.554 INFO]: RoadRunner(5) is moving SW from (0, 9) to (1,8)
[15:45:23.554 INFO]: Coyote(19) is moving SE from (0, 1) to (1,2)
[15:45:23.555 INFO]: Coyote(23) is moving S from (7, 1) to (8,1)
[15:45:23.555 WARN]: Coyote(23) just ate RoadRunner(8) at cell (8,1)
[15:45:23.555 INFO]: Coyote(24) is moving N from (7, 6) to (6,6)
[15:45:23.556 INFO]: RoadRunner is attempting to run away from 2 Coyotes!
[15:45:23.556 INFO]: RoadRunner(1) is moving S from (2, 0) to (3,0)
[15:45:23.556 INFO]: RoadRunner(16) is moving W from (5, 8) to (5,7)
[15:45:23.557 INFO]: RoadRunner(13) is moving SW from (2, 8) to (3,7)
[15:45:23.557 INFO]: Coyote(25) is moving W from (0, 2) to (0,1)
[15:45:23.557 INFO]: RoadRunner is attempting to run away from 1 Coyotes!
[15:45:23.558 INFO]: RoadRunner(6) is moving SE from (0, 8) to (1,9)
[15:45:23.558 INFO]: Coyote(28) is moving NW from (3, 5) to (2,4)
[15:45:23.558 WARN]: Coyote(28) just ate RoadRunner(12) at cell (2,4)
[15:45:23.559 INFO]: Coyote(20) is moving NE from (8, 7) to (7,8)
[15:45:23.559 INFO]: RoadRunner is attempting to run away from 2 Coyotes!
[15:45:23.559 INFO]: RoadRunner(7) is moving S from (0, 6) to (1,6)
[15:45:23.559 INFO]: Coyote(32) is moving S from (3, 2) to (4,2)
[15:45:23.560 INFO]: Coyote(31) is moving SE from (0, 5) to (1,6)
[15:45:23.560 WARN]: Coyote(31) just ate RoadRunner(7) at cell (1,6)
[15:45:23.565 INFO]: 
[15:45:23.565 INFO]: Coyotes Left: 15
[15:45:23.565 INFO]: RoadRunners Left: 10
[15:45:23.752 INFO]: 
[15:45:23.752 INFO]: 
[15:45:23.752 INFO]: ########## Age 1 ##########
[15:45:23.752 INFO]: 
[15:45:23.752 INFO]: 
[15:45:23.753 INFO]: Coyote(29) is moving W from (9, 8) to (9,7)
[15:45:23.753 INFO]: RoadRunner(6) is moving SW from (1, 9) to (2,8)
[15:45:23.753 INFO]: RoadRunner(14) is moving E from (9, 3) to (9,4)
[15:45:23.754 INFO]: RoadRunner(13) is moving E from (3, 7) to (3,8)
[15:45:23.754 INFO]: Coyote(25) is moving W from (0, 1) to (0,0)
[15:45:23.754 INFO]: Coyote(21) is moving E from (1, 0) to (1,1)
[15:45:23.754 INFO]: RoadRunner is attempting to run away from 1 Coyotes!
[15:45:23.755 INFO]: RoadRunner(5) is moving E from (1, 8) to (1,9)
[15:45:23.755 INFO]: Coyote(22) is moving NE from (1, 3) to (0,4)
[15:45:23.755 WARN]: Coyote(22) just ate RoadRunner(17) at cell (0,4)
[15:45:23.756 INFO]: Coyote(30) is moving W from (0, 7) to (0,6)
[15:45:23.756 INFO]: Coyote(19) is moving NE from (1, 2) to (0,3)
[15:45:23.757 INFO]: Coyote(18) is moving W from (7, 4) to (7,3)
[15:45:23.757 INFO]: Coyote(26) is moving SW from (2, 1) to (3,0)
[15:45:23.757 WARN]: Coyote(26) just ate RoadRunner(1) at cell (3,0)
[15:45:23.758 INFO]: RoadRunner(9) is moving NW from (2, 9) to (1,8)
[15:45:23.758 INFO]: RoadRunner is attempting to run away from 1 Coyotes!
[15:45:23.758 INFO]: RoadRunner(3) is moving SE from (4, 0) to (5,1)
[15:45:23.759 INFO]: Coyote(27) is moving E from (5, 6) to (5,7)
[15:45:23.759 WARN]: Coyote(27) just ate RoadRunner(16) at cell (5,7)
[15:45:23.759 INFO]: Coyote(28) is moving SE from (2, 4) to (3,5)
[15:45:23.759 INFO]: Coyote(32) is moving SW from (4, 2) to (5,1)
[15:45:23.760 WARN]: Coyote(32) just ate RoadRunner(3) at cell (5,1)
[15:45:23.760 INFO]: RoadRunner is attempting to run away from 1 Coyotes!
[15:45:23.760 INFO]: RoadRunner(15) is moving NE from (4, 8) to (3,9)
[15:45:23.760 INFO]: Coyote(20) is moving SE from (7, 8) to (8,9)
[15:45:23.760 INFO]: Coyote(24) is moving E from (6, 6) to (6,7)
[15:45:23.761 INFO]: Coyote(31) is moving W from (1, 6) to (1,5)
[15:45:23.761 INFO]: Coyote(23) is moving SE from (8, 1) to (9,2)
[15:45:23.761 INFO]: 
[15:45:23.762 INFO]: Coyotes Left: 15
[15:45:23.762 INFO]: RoadRunners Left: 6
[15:45:24.049 INFO]: 
[15:45:24.050 INFO]: 
[15:45:24.050 INFO]: ########## Age 2 ##########
[15:45:24.050 INFO]: 
[15:45:24.050 INFO]: 
[15:45:24.051 INFO]: Coyote(30) is moving SE from (0, 6) to (1,7)
[15:45:24.052 INFO]: RoadRunner(5) is moving S from (1, 9) to (2,9)
[15:45:24.052 INFO]: RoadRunner is attempting to run away from 1 Coyotes!
[15:45:24.052 INFO]: RoadRunner(9) is moving NE from (1, 8) to (0,9)
[15:45:24.052 INFO]: Coyote(26) is moving N from (3, 0) to (2,0)
[15:45:24.053 INFO]: RoadRunner is attempting to run away from 1 Coyotes!
[15:45:24.053 INFO]: RoadRunner(6) is moving NE from (2, 8) to (1,9)
[15:45:24.053 INFO]: Coyote(21) is moving W from (1, 1) to (1,0)
[15:45:24.054 INFO]: Coyote(32) is moving SE from (5, 1) to (6,2)
[15:45:24.054 INFO]: RoadRunner(15) is moving SW from (3, 9) to (4,8)
[15:45:24.054 INFO]: Coyote(25) is moving E from (0, 0) to (0,1)
[15:45:24.055 INFO]: Coyote(27) is moving NE from (5, 7) to (4,8)
[15:45:24.055 WARN]: Coyote(27) just ate RoadRunner(15) at cell (4,8)
[15:45:24.055 INFO]: Coyote(24) is moving W from (6, 7) to (6,6)
[15:45:24.055 INFO]: Coyote(29) is moving N from (9, 7) to (8,7)
[15:45:24.056 INFO]: Coyote(28) is moving E from (3, 5) to (3,6)
[15:45:24.056 INFO]: Coyote(22) is moving S from (0, 4) to (1,4)
[15:45:24.056 INFO]: RoadRunner is attempting to run away from 1 Coyotes!
[15:45:24.056 INFO]: RoadRunner(13) is moving NW from (3, 8) to (2,7)
[15:45:24.056 INFO]: Coyote(18) is moving SW from (7, 3) to (8,2)
[15:45:24.057 INFO]: RoadRunner(14) is moving NW from (9, 4) to (8,3)
[15:45:24.057 INFO]: Coyote(20) is moving N from (8, 9) to (7,9)
[15:45:24.057 INFO]: Coyote(31) is moving NW from (1, 5) to (0,4)
[15:45:24.058 INFO]: Coyote(19) is moving S from (0, 3) to (1,3)
[15:45:24.058 INFO]: Coyote(23) is moving NE from (9, 2) to (8,3)
[15:45:24.058 WARN]: Coyote(23) just ate RoadRunner(14) at cell (8,3)
[15:45:24.059 INFO]: RoadRunner just bred a new RoadRunner at cell (1,8)
[15:45:24.059 INFO]: RoadRunner just bred a new RoadRunner at cell (0,8)
[15:45:24.059 INFO]: RoadRunner just bred a new RoadRunner at cell (2,8)
[15:45:24.060 INFO]: RoadRunner just bred a new RoadRunner at cell (1,6)
[15:45:24.060 INFO]: 
[15:45:24.060 INFO]: Coyotes Left: 15
[15:45:24.060 INFO]: RoadRunners Left: 8
[15:45:24.361 INFO]: 
[15:45:24.362 INFO]: 
[15:45:24.363 INFO]: ########## Age 3 ##########
[15:45:24.363 INFO]: 
[15:45:24.364 INFO]: 
[15:45:24.365 INFO]: Coyote(28) is moving NE from (3, 6) to (2,7)
[15:45:24.365 WARN]: Coyote(28) just ate RoadRunner(13) at cell (2,7)
[15:45:24.365 INFO]: RoadRunner is attempting to run away from 2 Coyotes!
[15:45:24.366 INFO]: RoadRunner(36) is moving NW from (1, 6) to (0,5)
[15:45:24.366 INFO]: Coyote(23) is moving E from (8, 3) to (8,4)
[15:45:24.366 INFO]: Coyote(31) is moving E from (0, 4) to (0,5)
[15:45:24.367 WARN]: Coyote(31) just ate RoadRunner(36) at cell (0,5)
[15:45:24.367 INFO]: Coyote(25) is moving S from (0, 1) to (1,1)
[15:45:24.367 INFO]: Coyote(32) is moving SW from (6, 2) to (7,1)
[15:45:24.368 INFO]: Coyote(18) is moving NE from (8, 2) to (7,3)
[15:45:24.368 INFO]: RoadRunner is attempting to run away from 1 Coyotes!
[15:45:24.368 INFO]: Coyote(29) is moving E from (8, 7) to (8,8)
[15:45:24.368 INFO]: Coyote(27) is moving NW from (4, 8) to (3,7)
[15:45:24.369 INFO]: RoadRunner is attempting to run away from 2 Coyotes!
[15:45:24.369 INFO]: Coyote(19) is moving W from (1, 3) to (1,2)
[15:45:24.369 INFO]: Coyote(21) is moving SE from (1, 0) to (2,1)
[15:45:24.370 INFO]: RoadRunner(5) is moving SW from (2, 9) to (3,8)
[15:45:24.370 INFO]: Coyote(30) is moving NE from (1, 7) to (0,8)
[15:45:24.370 WARN]: Coyote(30) just ate RoadRunner(34) at cell (0,8)
[15:45:24.370 INFO]: Coyote(24) is moving SE from (6, 6) to (7,7)
[15:45:24.371 INFO]: Coyote(26) is moving SE from (2, 0) to (3,1)
[15:45:24.371 INFO]: Coyote(20) is moving N from (7, 9) to (6,9)
[15:45:24.371 INFO]: RoadRunner is attempting to run away from 2 Coyotes!
[15:45:24.371 INFO]: RoadRunner(35) is moving SE from (2, 8) to (3,9)
[15:45:24.371 INFO]: Coyote(22) is moving N from (1, 4) to (0,4)
[15:45:24.372 INFO]: 
[15:45:24.372 INFO]: Coyotes Left: 15
[15:45:24.372 INFO]: RoadRunners Left: 5
[15:45:24.610 INFO]: 
[15:45:24.611 INFO]: 
[15:45:24.611 INFO]: ########## Age 4 ##########
[15:45:24.612 INFO]: 
[15:45:24.612 INFO]: 
[15:45:24.612 INFO]: Coyote(23) is moving W from (8, 4) to (8,3)
[15:45:24.613 INFO]: Coyote(26) is moving W from (3, 1) to (3,0)
[15:45:24.613 INFO]: Coyote(27) is moving E from (3, 7) to (3,8)
[15:45:24.613 WARN]: Coyote(27) just ate RoadRunner(5) at cell (3,8)
[15:45:24.614 WARN]: Coyote(20) died to starvation!
[15:45:24.615 INFO]: Coyote(22) is moving SW from (0, 4) to (1,3)
[15:45:24.616 WARN]: Coyote(18) died to starvation!
[15:45:24.616 INFO]: RoadRunner is attempting to run away from 1 Coyotes!
[15:45:24.616 INFO]: RoadRunner(6) is moving S from (1, 9) to (2,9)
[15:45:24.617 INFO]: Coyote(31) is moving W from (0, 5) to (0,4)
[15:45:24.617 WARN]: Coyote(29) died to starvation!
[15:45:24.617 WARN]: Coyote(21) died to starvation!
[15:45:24.617 INFO]: Coyote(30) is moving S from (0, 8) to (1,8)
[15:45:24.617 WARN]: Coyote(30) just ate RoadRunner(33) at cell (1,8)
[15:45:24.618 WARN]: Coyote(24) died to starvation!
[15:45:24.618 INFO]: RoadRunner is attempting to run away from 1 Coyotes!
[15:45:24.618 WARN]: Coyote(19) died to starvation!
[15:45:24.618 WARN]: Coyote(25) died to starvation!
[15:45:24.618 INFO]: Coyote(28) is moving N from (2, 7) to (1,7)
[15:45:24.618 INFO]: RoadRunner is attempting to run away from 1 Coyotes!
[15:45:24.619 INFO]: RoadRunner(35) is moving S from (3, 9) to (4,9)
[15:45:24.619 INFO]: Coyote(32) is moving SE from (7, 1) to (8,2)
[15:45:24.619 INFO]: 
[15:45:24.619 INFO]: Coyotes Left: 8
[15:45:24.619 INFO]: RoadRunners Left: 3
[15:45:24.907 INFO]: 
[15:45:24.907 INFO]: 
[15:45:24.907 INFO]: ########## Age 5 ##########
[15:45:24.907 INFO]: 
[15:45:24.907 INFO]: 
[15:45:24.908 INFO]: Coyote(23) is moving N from (8, 3) to (7,3)
[15:45:24.908 WARN]: Coyote(32) died to starvation!
[15:45:24.908 INFO]: RoadRunner is attempting to run away from 1 Coyotes!
[15:45:24.909 INFO]: Coyote(27) is moving NE from (3, 8) to (2,9)
[15:45:24.909 WARN]: Coyote(27) just ate RoadRunner(6) at cell (2,9)
[15:45:24.910 INFO]: Coyote(28) is moving NE from (1, 7) to (0,8)
[15:45:24.910 INFO]: Coyote(31) is moving W from (0, 4) to (0,3)
[15:45:24.910 INFO]: RoadRunner(35) is moving S from (4, 9) to (5,9)
[15:45:24.910 WARN]: Coyote(26) died to starvation!
[15:45:24.910 WARN]: Coyote(22) died to starvation!
[15:45:24.910 INFO]: Coyote(30) is moving NE from (1, 8) to (0,9)
[15:45:24.910 WARN]: Coyote(30) just ate RoadRunner(9) at cell (0,9)
[15:45:24.911 INFO]: RoadRunner just bred a new RoadRunner at cell (4,9)
[15:45:24.911 INFO]: 
[15:45:24.911 INFO]: Coyotes Left: 5
[15:45:24.911 INFO]: RoadRunners Left: 2
[15:45:25.547 INFO]: 
[15:45:25.548 INFO]: 
[15:45:25.548 INFO]: ########## Age 6 ##########
[15:45:25.548 INFO]: 
[15:45:25.548 INFO]: 
[15:45:25.548 WARN]: Coyote(23) died to starvation!
[15:45:25.549 INFO]: RoadRunner(37) is moving NW from (4, 9) to (3,8)
[15:45:25.550 INFO]: Coyote(31) is moving S from (0, 3) to (1,3)
[15:45:25.550 INFO]: Coyote(27) is moving SW from (2, 9) to (3,8)
[15:45:25.550 WARN]: Coyote(27) just ate RoadRunner(37) at cell (3,8)
[15:45:25.550 INFO]: RoadRunner(35) is moving N from (5, 9) to (4,9)
[15:45:25.551 INFO]: Coyote(30) is moving SW from (0, 9) to (1,8)
[15:45:25.551 INFO]: Coyote(28) is moving SE from (0, 8) to (1,9)
[15:45:25.551 INFO]: 
[15:45:25.551 INFO]: Coyotes Left: 4
[15:45:25.551 INFO]: RoadRunners Left: 1
[15:45:26.004 INFO]: 
[15:45:26.005 INFO]: 
[15:45:26.005 INFO]: ########## Age 7 ##########
[15:45:26.005 INFO]: 
[15:45:26.005 INFO]: 
[15:45:26.005 INFO]: RoadRunner is attempting to run away from 1 Coyotes!
[15:45:26.006 INFO]: RoadRunner(35) is moving S from (4, 9) to (5,9)
[15:45:26.006 WARN]: Coyote(31) died to starvation!
[15:45:26.006 INFO]: Coyote(27) is moving SW from (3, 8) to (4,7)
[15:45:26.007 INFO]: Coyote(30) is moving NW from (1, 8) to (0,7)
[15:45:26.007 WARN]: Coyote(28) died to starvation!
[15:45:26.007 INFO]: Coyote just bred a new Coyote at cell (3,7)
[15:45:26.007 INFO]: Coyote just bred a new Coyote at cell (1,7)
[15:45:26.007 INFO]: 
[15:45:26.008 INFO]: Coyotes Left: 4
[15:45:26.008 INFO]: RoadRunners Left: 1
[15:45:26.653 INFO]: 
[15:45:26.653 INFO]: 
[15:45:26.654 INFO]: ########## Age 8 ##########
[15:45:26.654 INFO]: 
[15:45:26.654 INFO]: 
[15:45:26.654 INFO]: RoadRunner(35) is moving S from (5, 9) to (6,9)
[15:45:26.655 INFO]: Coyote(27) is moving SW from (4, 7) to (5,6)
[15:45:26.655 INFO]: Coyote(39) is moving S from (1, 7) to (2,7)
[15:45:26.655 INFO]: Coyote(30) is moving S from (0, 7) to (1,7)
[15:45:26.655 INFO]: Coyote(38) is moving S from (3, 7) to (4,7)
[15:45:26.656 INFO]: RoadRunner just bred a new RoadRunner at cell (5,9)
[15:45:26.656 INFO]: 
[15:45:26.656 INFO]: Coyotes Left: 4
[15:45:26.656 INFO]: RoadRunners Left: 2
[15:45:27.326 INFO]: 
[15:45:27.327 INFO]: 
[15:45:27.327 INFO]: ########## Age 9 ##########
[15:45:27.327 INFO]: 
[15:45:27.327 INFO]: 
[15:45:27.328 INFO]: Coyote(38) is moving SE from (4, 7) to (5,8)
[15:45:27.328 WARN]: Coyote(30) died to starvation!
[15:45:27.328 INFO]: RoadRunner is attempting to run away from 1 Coyotes!
[15:45:27.329 INFO]: RoadRunner(40) is moving N from (5, 9) to (4,9)
[15:45:27.329 INFO]: RoadRunner is attempting to run away from 1 Coyotes!
[15:45:27.330 INFO]: RoadRunner(35) is moving S from (6, 9) to (7,9)
[15:45:27.330 INFO]: Coyote(39) is moving SW from (2, 7) to (3,6)
[15:45:27.330 INFO]: Coyote(27) is moving N from (5, 6) to (4,6)
[15:45:27.331 INFO]: 
[15:45:27.331 INFO]: Coyotes Left: 3
[15:45:27.331 INFO]: RoadRunners Left: 2
[15:45:27.775 INFO]: 
[15:45:27.775 INFO]: 
[15:45:27.775 INFO]: ########## Age 10 ##########
[15:45:27.775 INFO]: 
[15:45:27.775 INFO]: 
[15:45:27.776 INFO]: Coyote(38) is moving NE from (5, 8) to (4,9)
[15:45:27.776 WARN]: Coyote(38) just ate RoadRunner(40) at cell (4,9)
[15:45:27.776 WARN]: Coyote(27) died to starvation!
[15:45:27.777 INFO]: RoadRunner(35) is moving N from (7, 9) to (6,9)
[15:45:27.777 INFO]: Coyote(39) is moving S from (3, 6) to (4,6)
[15:45:27.778 INFO]: 
[15:45:27.778 INFO]: Coyotes Left: 2
[15:45:27.778 INFO]: RoadRunners Left: 1
[15:45:28.312 INFO]: 
[15:45:28.312 INFO]: 
[15:45:28.312 INFO]: ########## Age 11 ##########
[15:45:28.313 INFO]: 
[15:45:28.313 INFO]: 
[15:45:28.313 WARN]: Coyote(39) died to starvation!
[15:45:28.314 INFO]: RoadRunner(35) is moving NW from (6, 9) to (5,8)
[15:45:28.314 INFO]: Coyote(38) is moving SW from (4, 9) to (5,8)
[15:45:28.314 WARN]: Coyote(38) just ate RoadRunner(35) at cell (5,8)
[15:45:28.315 INFO]: 
[15:45:28.315 INFO]: Coyotes Left: 1
[15:45:28.315 INFO]: RoadRunners Left: 0
[15:45:29.786 INFO]: 
[15:45:29.786 INFO]: 
[15:45:29.786 INFO]: ########## Age 12 ##########
[15:45:29.786 INFO]: 
[15:45:29.786 INFO]: 
[15:45:29.787 INFO]: Coyote(38) is moving NW from (5, 8) to (4,7)
[15:45:29.787 INFO]: 
[15:45:29.787 INFO]: Coyotes Left: 1
[15:45:29.787 INFO]: RoadRunners Left: 0
[15:45:59.671 INFO]: Simulation Found. Configuration Settings:
[15:45:59.678 INFO]: Rows: 10
[15:45:59.678 INFO]: Columns: 10
[15:45:59.679 INFO]: 
[15:45:59.679 INFO]: Min Prey: 10 Max Prey: 20
[15:45:59.679 INFO]: Min Predators: 10 Max Predators: 20
[15:46:01.994 INFO]: Starting Simulation...
[15:46:01.996 INFO]: Starting Prey: 12
[15:46:01.996 INFO]: Starting Predators: 17
[15:46:02.004 INFO]: RoadRunner(0) created at cell (9, 1)
[15:46:02.005 INFO]: RoadRunner(1) created at cell (1, 6)
[15:46:02.005 INFO]: RoadRunner(2) created at cell (0, 2)
[15:46:02.006 INFO]: RoadRunner(3) created at cell (7, 2)
[15:46:02.007 INFO]: RoadRunner(4) created at cell (2, 2)
[15:46:02.007 INFO]: RoadRunner(5) created at cell (7, 7)
[15:46:02.008 INFO]: RoadRunner(6) created at cell (3, 0)
[15:46:02.009 INFO]: RoadRunner(7) created at cell (5, 0)
[15:46:02.010 INFO]: RoadRunner(8) created at cell (4, 5)
[15:46:02.010 INFO]: RoadRunner(9) created at cell (2, 0)
[15:46:02.011 INFO]: RoadRunner(10) created at cell (0, 0)
[15:46:02.012 INFO]: RoadRunner(11) created at cell (4, 3)
[15:46:02.013 INFO]: Coyote(12) created at cell (0, 3)
[15:46:02.013 INFO]: Coyote(13) created at cell (5, 3)
[15:46:02.014 INFO]: Coyote(14) created at cell (7, 3)
[15:46:02.014 INFO]: Coyote(15) created at cell (7, 8)
[15:46:02.015 INFO]: Coyote(16) created at cell (0, 8)
[15:46:02.015 INFO]: Coyote(17) created at cell (5, 2)
[15:46:02.016 INFO]: Coyote(18) created at cell (2, 5)
[15:46:02.016 INFO]: Coyote(19) created at cell (0, 4)
[15:46:02.017 INFO]: Coyote(20) created at cell (4, 9)
[15:46:02.017 INFO]: Coyote(21) created at cell (2, 9)
[15:46:02.017 INFO]: Coyote(22) created at cell (6, 1)
[15:46:02.017 INFO]: Coyote(23) created at cell (4, 2)
[15:46:02.017 INFO]: Coyote(24) created at cell (0, 5)
[15:46:02.018 INFO]: Coyote(25) created at cell (7, 9)
[15:46:02.018 INFO]: Coyote(26) created at cell (0, 7)
[15:46:02.018 INFO]: Coyote(27) created at cell (8, 2)
[15:46:02.018 INFO]: Coyote(28) created at cell (5, 8)
[15:46:02.268 INFO]: 
[15:46:02.268 INFO]: 
[15:46:02.268 INFO]: ########## Age 0 ##########
[15:46:02.268 INFO]: 
[15:46:02.269 INFO]: 
[15:46:02.271 INFO]: Coyote(22) is moving NW from (6, 1) to (5,0)
[15:46:02.272 WARN]: Coyote(22) just ate RoadRunner(7) at cell (5,0)
[15:46:02.273 INFO]: Coyote(27) is moving N from (8, 2) to (7,2)
[15:46:02.273 WARN]: Coyote(27) just ate RoadRunner(3) at cell (7,2)
[15:46:02.273 INFO]: RoadRunner is attempting to run away from 1 Coyotes!
[15:46:02.284 INFO]: RoadRunner(2) is moving SW from (0, 2) to (1,1)
[15:46:02.284 INFO]: Coyote(13) is moving N from (5, 3) to (4,3)
[15:46:02.285 WARN]: Coyote(13) just ate RoadRunner(11) at cell (4,3)
[15:46:02.285 INFO]: Coyote(15) is moving W from (7, 8) to (7,7)
[15:46:02.286 WARN]: Coyote(15) just ate RoadRunner(5) at cell (7,7)
[15:46:02.286 INFO]: Coyote(12) is moving W from (0, 3) to (0,2)
[15:46:02.287 INFO]: Coyote(14) is moving NE from (7, 3) to (6,4)
[15:46:02.287 INFO]: RoadRunner(8) is moving SW from (4, 5) to (5,4)
[15:46:02.288 INFO]: Coyote(18) is moving NE from (2, 5) to (1,6)
[15:46:02.288 WARN]: Coyote(18) just ate RoadRunner(1) at cell (1,6)
[15:46:02.288 INFO]: Coyote(17) is moving SW from (5, 2) to (6,1)
[15:46:02.289 INFO]: Coyote(26) is moving W from (0, 7) to (0,6)
[15:46:02.289 INFO]: Coyote(23) is moving NW from (4, 2) to (3,1)
[15:46:02.290 INFO]: RoadRunner(0) is moving NW from (9, 1) to (8,0)
[15:46:02.290 INFO]: Coyote(25) is moving N from (7, 9) to (6,9)
[15:46:02.291 INFO]: Coyote(19) is moving SE from (0, 4) to (1,5)
[15:46:02.291 INFO]: Coyote(24) is moving W from (0, 5) to (0,4)
[15:46:02.292 INFO]: Coyote(20) is moving N from (4, 9) to (3,9)
[15:46:02.293 INFO]: RoadRunner(10) is moving E from (0, 0) to (0,1)
[15:46:02.293 INFO]: Coyote(28) is moving SW from (5, 8) to (6,7)
[15:46:02.294 INFO]: RoadRunner is attempting to run away from 1 Coyotes!
[15:46:02.294 INFO]: RoadRunner(9) is moving N from (2, 0) to (1,0)
[15:46:02.295 INFO]: Coyote(21) is moving NW from (2, 9) to (1,8)
[15:46:02.295 INFO]: RoadRunner is attempting to run away from 1 Coyotes!
[15:46:02.295 INFO]: RoadRunner(6) is moving N from (3, 0) to (2,0)
[15:46:02.296 INFO]: RoadRunner is attempting to run away from 1 Coyotes!
[15:46:02.296 INFO]: RoadRunner(4) is moving NE from (2, 2) to (1,3)
[15:46:02.296 INFO]: Coyote(16) is moving SW from (0, 8) to (1,7)
[15:46:02.302 INFO]: 
[15:46:02.303 INFO]: Coyotes Left: 17
[15:46:02.303 INFO]: RoadRunners Left: 7
[15:46:02.683 INFO]: 
[15:46:02.683 INFO]: 
[15:46:02.683 INFO]: ########## Age 1 ##########
[15:46:02.684 INFO]: 
[15:46:02.684 INFO]: 
[15:46:02.685 INFO]: Coyote(28) is moving E from (6, 7) to (6,8)
[15:46:02.686 INFO]: Coyote(26) is moving W from (0, 6) to (0,5)
[15:46:02.687 INFO]: Coyote(12) is moving SE from (0, 2) to (1,3)
[15:46:02.687 WARN]: Coyote(12) just ate RoadRunner(4) at cell (1,3)
[15:46:02.687 INFO]: Coyote(15) is moving NW from (7, 7) to (6,6)
[15:46:02.688 INFO]: RoadRunner(2) is moving SE from (1, 1) to (2,2)
[15:46:02.688 INFO]: RoadRunner(9) is moving SE from (1, 0) to (2,1)
[15:46:02.688 INFO]: Coyote(18) is moving NE from (1, 6) to (0,7)
[15:46:02.689 INFO]: Coyote(21) is moving E from (1, 8) to (1,9)
[15:46:02.689 INFO]: RoadRunner is attempting to run away from 2 Coyotes!
[15:46:02.689 INFO]: RoadRunner(8) is moving NE from (5, 4) to (4,5)
[15:46:02.689 INFO]: Coyote(17) is moving NE from (6, 1) to (5,2)
[15:46:02.690 INFO]: Coyote(13) is moving SE from (4, 3) to (5,4)
[15:46:02.690 INFO]: Coyote(14) is moving W from (6, 4) to (6,3)
[15:46:02.690 INFO]: Coyote(23) is moving N from (3, 1) to (2,1)
[15:46:02.691 WARN]: Coyote(23) just ate RoadRunner(9) at cell (2,1)
[15:46:02.691 INFO]: Coyote(24) is moving W from (0, 4) to (0,3)
[15:46:02.691 INFO]: RoadRunner(0) is moving SE from (8, 0) to (9,1)
[15:46:02.692 INFO]: Coyote(19) is moving NW from (1, 5) to (0,4)
[15:46:02.692 INFO]: RoadRunner is attempting to run away from 1 Coyotes!
[15:46:02.692 INFO]: RoadRunner(6) is moving N from (2, 0) to (1,0)
[15:46:02.693 INFO]: Coyote(22) is moving E from (5, 0) to (5,1)
[15:46:02.693 INFO]: RoadRunner(10) is moving SE from (0, 1) to (1,2)
[15:46:02.694 INFO]: Coyote(16) is moving E from (1, 7) to (1,8)
[15:46:02.694 INFO]: Coyote(20) is moving N from (3, 9) to (2,9)
[15:46:02.694 INFO]: Coyote(25) is moving SW from (6, 9) to (7,8)
[15:46:02.694 INFO]: Coyote(27) is moving E from (7, 2) to (7,3)
[15:46:02.695 INFO]: 
[15:46:02.695 INFO]: Coyotes Left: 17
[15:46:02.695 INFO]: RoadRunners Left: 5
[15:46:02.939 INFO]: 
[15:46:02.939 INFO]: 
[15:46:02.939 INFO]: ########## Age 2 ##########
[15:46:02.939 INFO]: 
[15:46:02.939 INFO]: 
[15:46:02.940 INFO]: RoadRunner is attempting to run away from 1 Coyotes!
[15:46:02.940 INFO]: RoadRunner(8) is moving NE from (4, 5) to (3,6)
[15:46:02.941 INFO]: Coyote(21) is moving N from (1, 9) to (0,9)
[15:46:02.941 INFO]: Coyote(23) is moving NE from (2, 1) to (1,2)
[15:46:02.941 WARN]: Coyote(23) just ate RoadRunner(10) at cell (1,2)
[15:46:02.942 INFO]: Coyote(17) is moving NE from (5, 2) to (4,3)
[15:46:02.942 INFO]: Coyote(20) is moving SW from (2, 9) to (3,8)
[15:46:02.942 INFO]: RoadRunner(6) is moving NE from (1, 0) to (0,1)
[15:46:02.942 INFO]: Coyote(15) is moving W from (6, 6) to (6,5)
[15:46:02.943 INFO]: Coyote(13) is moving NE from (5, 4) to (4,5)
[15:46:02.943 INFO]: Coyote(27) is moving NE from (7, 3) to (6,4)
[15:46:02.943 INFO]: Coyote(19) is moving SE from (0, 4) to (1,5)
[15:46:02.943 INFO]: Coyote(14) is moving W from (6, 3) to (6,2)
[15:46:02.944 INFO]: Coyote(16) is moving S from (1, 8) to (2,8)
[15:46:02.944 INFO]: Coyote(18) is moving W from (0, 7) to (0,6)
[15:46:02.944 INFO]: Coyote(12) is moving SW from (1, 3) to (2,2)
[15:46:02.944 WARN]: Coyote(12) just ate RoadRunner(2) at cell (2,2)
[15:46:02.945 INFO]: Coyote(24) is moving W from (0, 3) to (0,2)
[15:46:02.945 INFO]: Coyote(22) is moving S from (5, 1) to (6,1)
[15:46:02.945 INFO]: Coyote(25) is moving SW from (7, 8) to (8,7)
[15:46:02.945 INFO]: Coyote(26) is moving W from (0, 5) to (0,4)
[15:46:02.945 INFO]: Coyote(28) is moving E from (6, 8) to (6,9)
[15:46:02.946 INFO]: RoadRunner(0) is moving NW from (9, 1) to (8,0)
[15:46:02.946 INFO]: RoadRunner just bred a new RoadRunner at cell (2,6)
[15:46:02.946 INFO]: RoadRunner just bred a new RoadRunner at cell (1,1)
[15:46:02.946 INFO]: RoadRunner just bred a new RoadRunner at cell (7,0)
[15:46:02.946 INFO]: 
[15:46:02.946 INFO]: Coyotes Left: 17
[15:46:02.946 INFO]: RoadRunners Left: 6
[15:46:03.180 INFO]: 
[15:46:03.180 INFO]: 
[15:46:03.180 INFO]: ########## Age 3 ##########
[15:46:03.180 INFO]: 
[15:46:03.180 INFO]: 
[15:46:03.181 INFO]: Coyote(23) is moving NW from (1, 2) to (0,1)
[15:46:03.181 WARN]: Coyote(23) just ate RoadRunner(6) at cell (0,1)
[15:46:03.182 INFO]: Coyote(24) is moving SW from (0, 2) to (1,1)
[15:46:03.182 WARN]: Coyote(24) just ate RoadRunner(30) at cell (1,1)
[15:46:03.182 INFO]: RoadRunner is attempting to run away from 1 Coyotes!
[15:46:03.183 INFO]: RoadRunner(29) is moving SE from (2, 6) to (3,7)
[15:46:03.183 INFO]: RoadRunner(0) is moving NE from (8, 0) to (7,1)
[15:46:03.183 INFO]: Coyote(28) is moving SW from (6, 9) to (7,8)
[15:46:03.183 INFO]: Coyote(21) is moving S from (0, 9) to (1,9)
[15:46:03.184 INFO]: Coyote(25) is moving W from (8, 7) to (8,6)
[15:46:03.184 INFO]: RoadRunner is attempting to run away from 1 Coyotes!
[15:46:03.184 INFO]: RoadRunner(8) is moving NE from (3, 6) to (2,7)
[15:46:03.184 INFO]: Coyote(15) is moving N from (6, 5) to (5,5)
[15:46:03.185 INFO]: Coyote(26) is moving E from (0, 4) to (0,5)
[15:46:03.185 INFO]: Coyote(12) is moving NE from (2, 2) to (1,3)
[15:46:03.185 INFO]: Coyote(17) is moving SE from (4, 3) to (5,4)
[15:46:03.185 INFO]: Coyote(14) is moving SW from (6, 2) to (7,1)
[15:46:03.186 WARN]: Coyote(14) just ate RoadRunner(0) at cell (7,1)
[15:46:03.186 INFO]: RoadRunner is attempting to run away from 2 Coyotes!
[15:46:03.186 INFO]: RoadRunner(31) is moving S from (7, 0) to (8,0)
[15:46:03.187 INFO]: Coyote(19) is moving W from (1, 5) to (1,4)
[15:46:03.187 INFO]: Coyote(20) is moving NW from (3, 8) to (2,7)
[15:46:03.187 WARN]: Coyote(20) just ate RoadRunner(8) at cell (2,7)
[15:46:03.187 INFO]: Coyote(27) is moving SE from (6, 4) to (7,5)
[15:46:03.188 INFO]: Coyote(13) is moving SE from (4, 5) to (5,6)
[15:46:03.188 INFO]: Coyote(22) is moving NW from (6, 1) to (5,0)
[15:46:03.188 INFO]: Coyote(18) is moving S from (0, 6) to (1,6)
[15:46:03.189 INFO]: Coyote(16) is moving SW from (2, 8) to (3,7)
[15:46:03.189 WARN]: Coyote(16) just ate RoadRunner(29) at cell (3,7)
[15:46:03.189 INFO]: 
[15:46:03.189 INFO]: Coyotes Left: 17
[15:46:03.189 INFO]: RoadRunners Left: 1
[15:46:03.412 INFO]: 
[15:46:03.412 INFO]: 
[15:46:03.412 INFO]: ########## Age 4 ##########
[15:46:03.413 INFO]: 
[15:46:03.413 INFO]: 
[15:46:03.413 INFO]: Coyote(20) is moving NE from (2, 7) to (1,8)
[15:46:03.414 INFO]: Coyote(14) is moving SW from (7, 1) to (8,0)
[15:46:03.414 WARN]: Coyote(14) just ate RoadRunner(31) at cell (8,0)
[15:46:03.415 WARN]: Coyote(13) died to starvation!
[15:46:03.415 INFO]: Coyote(16) is moving S from (3, 7) to (4,7)
[15:46:03.415 WARN]: Coyote(25) died to starvation!
[15:46:03.415 WARN]: Coyote(21) died to starvation!
[15:46:03.415 WARN]: Coyote(18) died to starvation!
[15:46:03.415 WARN]: Coyote(19) died to starvation!
[15:46:03.415 WARN]: Coyote(27) died to starvation!
[15:46:03.416 WARN]: Coyote(28) died to starvation!
[15:46:03.416 INFO]: Coyote(12) is moving E from (1, 3) to (1,4)
[15:46:03.416 INFO]: Coyote(24) is moving E from (1, 1) to (1,2)
[15:46:03.416 WARN]: Coyote(15) died to starvation!
[15:46:03.416 WARN]: Coyote(22) died to starvation!
[15:46:03.416 INFO]: Coyote(23) is moving S from (0, 1) to (1,1)
[15:46:03.417 WARN]: Coyote(26) died to starvation!
[15:46:03.417 WARN]: Coyote(17) died to starvation!
[15:46:03.417 INFO]: 
[15:46:03.417 INFO]: Coyotes Left: 6
[15:46:03.417 INFO]: RoadRunners Left: 0
[15:46:08.023 INFO]: 
[15:46:08.024 INFO]: 
[15:46:08.024 INFO]: ########## Age 5 ##########
[15:46:08.024 INFO]: 
[15:46:08.024 INFO]: 
[15:46:08.025 INFO]: Coyote(23) is moving W from (1, 1) to (1,0)
[15:46:08.025 INFO]: Coyote(24) is moving N from (1, 2) to (0,2)
[15:46:08.026 INFO]: Coyote(14) is moving NE from (8, 0) to (7,1)
[15:46:08.027 INFO]: Coyote(20) is moving W from (1, 8) to (1,7)
[15:46:08.027 INFO]: Coyote(12) is moving W from (1, 4) to (1,3)
[15:46:08.027 INFO]: Coyote(16) is moving W from (4, 7) to (4,6)
[15:46:08.027 INFO]: 
[15:46:08.027 INFO]: Coyotes Left: 6
[15:46:08.027 INFO]: RoadRunners Left: 0
[15:46:21.167 INFO]: Simulation Found. Configuration Settings:
[15:46:21.173 INFO]: Rows: 10
[15:46:21.173 INFO]: Columns: 10
[15:46:21.173 INFO]: 
[15:46:21.174 INFO]: Min Prey: 10 Max Prey: 20
[15:46:21.174 INFO]: Min Predators: 10 Max Predators: 20
[15:46:23.712 INFO]: Starting Simulation...
[15:46:23.713 INFO]: Starting Prey: 18
[15:46:23.714 INFO]: Starting Predators: 19
[15:46:23.720 INFO]: RoadRunner(0) created at cell (9, 1)
[15:46:23.721 INFO]: RoadRunner(1) created at cell (0, 3)
[15:46:23.722 INFO]: RoadRunner(2) created at cell (0, 7)
[15:46:23.722 INFO]: RoadRunner(3) created at cell (3, 6)
[15:46:23.723 INFO]: RoadRunner(4) created at cell (2, 3)
[15:46:23.723 INFO]: RoadRunner(5) created at cell (7, 7)
[15:46:23.724 INFO]: RoadRunner(6) created at cell (9, 9)
[15:46:23.724 INFO]: RoadRunner(7) created at cell (6, 4)
[15:46:23.725 INFO]: RoadRunner(8) created at cell (0, 2)
[15:46:23.726 INFO]: RoadRunner(9) created at cell (1, 8)
[15:46:23.726 INFO]: RoadRunner(10) created at cell (4, 6)
[15:46:23.727 INFO]: RoadRunner(11) created at cell (7, 2)
[15:46:23.727 INFO]: RoadRunner(12) created at cell (8, 9)
[15:46:23.728 INFO]: RoadRunner(13) created at cell (9, 5)
[15:46:23.728 INFO]: RoadRunner(14) created at cell (5, 1)
[15:46:23.728 INFO]: RoadRunner(15) created at cell (2, 6)
[15:46:23.729 INFO]: RoadRunner(16) created at cell (8, 1)
[15:46:23.729 INFO]: RoadRunner(17) created at cell (1, 4)
[15:46:23.730 INFO]: Coyote(18) created at cell (0, 8)
[15:46:23.730 INFO]: Coyote(19) created at cell (3, 2)
[15:46:23.731 INFO]: Coyote(20) created at cell (9, 3)
[15:46:23.731 INFO]: Coyote(21) created at cell (3, 3)
[15:46:23.731 INFO]: Coyote(22) created at cell (7, 8)
[15:46:23.732 INFO]: Coyote(23) created at cell (8, 8)
[15:46:23.732 INFO]: Coyote(24) created at cell (0, 1)
[15:46:23.732 INFO]: Coyote(25) created at cell (5, 0)
[15:46:23.733 INFO]: Coyote(26) created at cell (1, 9)
[15:46:23.733 INFO]: Coyote(27) created at cell (8, 4)
[15:46:23.733 INFO]: Coyote(28) created at cell (0, 0)
[15:46:23.734 INFO]: Coyote(29) created at cell (9, 2)
[15:46:23.734 INFO]: Coyote(30) created at cell (6, 9)
[15:46:23.734 INFO]: Coyote(31) created at cell (9, 6)
[15:46:23.734 INFO]: Coyote(32) created at cell (2, 7)
[15:46:23.735 INFO]: Coyote(33) created at cell (6, 7)
[15:46:23.735 INFO]: Coyote(34) created at cell (3, 8)
[15:46:23.735 INFO]: Coyote(35) created at cell (9, 4)
[15:46:23.735 INFO]: Coyote(36) created at cell (2, 9)
[15:46:23.946 INFO]: 
[15:46:23.947 INFO]: 
[15:46:23.947 INFO]: ########## Age 0 ##########
[15:46:23.947 INFO]: 
[15:46:23.948 INFO]: 
[15:46:23.950 INFO]: Coyote(30) is moving S from (6, 9) to (7,9)
[15:46:23.951 INFO]: RoadRunner is attempting to run away from 1 Coyotes!
[15:46:23.958 INFO]: RoadRunner(0) is moving NW from (9, 1) to (8,0)
[15:46:23.959 INFO]: RoadRunner is attempting to run away from 4 Coyotes!
[15:46:23.959 INFO]: RoadRunner is attempting to run away from 1 Coyotes!
[15:46:23.960 INFO]: RoadRunner(2) is moving SW from (0, 7) to (1,6)
[15:46:23.960 INFO]: RoadRunner(1) is moving E from (0, 3) to (0,4)
[15:46:23.960 INFO]: Coyote(33) is moving S from (6, 7) to (7,7)
[15:46:23.960 WARN]: Coyote(33) just ate RoadRunner(5) at cell (7,7)
[15:46:23.961 INFO]: Coyote(22) is moving SE from (7, 8) to (8,9)
[15:46:23.961 WARN]: Coyote(22) just ate RoadRunner(12) at cell (8,9)
[15:46:23.961 INFO]: RoadRunner is attempting to run away from 1 Coyotes!
[15:46:23.961 INFO]: RoadRunner(14) is moving NE from (5, 1) to (4,2)
[15:46:23.962 INFO]: Coyote(36) is moving NW from (2, 9) to (1,8)
[15:46:23.962 WARN]: Coyote(36) just ate RoadRunner(9) at cell (1,8)
[15:46:23.962 INFO]: Coyote(26) is moving N from (1, 9) to (0,9)
[15:46:23.963 INFO]: Coyote(29) is moving NW from (9, 2) to (8,1)
[15:46:23.963 WARN]: Coyote(29) just ate RoadRunner(16) at cell (8,1)
[15:46:23.963 INFO]: Coyote(19) is moving NE from (3, 2) to (2,3)
[15:46:23.964 WARN]: Coyote(19) just ate RoadRunner(4) at cell (2,3)
[15:46:23.964 INFO]: RoadRunner is attempting to run away from 3 Coyotes!
[15:46:23.964 INFO]: RoadRunner(13) is moving N from (9, 5) to (8,5)
[15:46:23.964 INFO]: RoadRunner(10) is moving SW from (4, 6) to (5,5)
[15:46:23.965 INFO]: Coyote(18) is moving SE from (0, 8) to (1,9)
[15:46:23.966 INFO]: Coyote(27) is moving E from (8, 4) to (8,5)
[15:46:23.966 WARN]: Coyote(27) just ate RoadRunner(13) at cell (8,5)
[15:46:23.966 INFO]: RoadRunner is attempting to run away from 1 Coyotes!
[15:46:23.966 INFO]: RoadRunner(8) is moving SE from (0, 2) to (1,3)
[15:46:23.967 INFO]: RoadRunner(7) is moving E from (6, 4) to (6,5)
[15:46:23.967 INFO]: Coyote(34) is moving SE from (3, 8) to (4,9)
[15:46:23.968 INFO]: Coyote(28) is moving SE from (0, 0) to (1,1)
[15:46:23.968 INFO]: Coyote(32) is moving NW from (2, 7) to (1,6)
[15:46:23.968 WARN]: Coyote(32) just ate RoadRunner(2) at cell (1,6)
[15:46:23.968 INFO]: Coyote(25) is moving NE from (5, 0) to (4,1)
[15:46:23.969 INFO]: RoadRunner(3) is moving S from (3, 6) to (4,6)
[15:46:23.969 INFO]: RoadRunner is attempting to run away from 2 Coyotes!
[15:46:23.969 INFO]: RoadRunner is attempting to run away from 1 Coyotes!
[15:46:23.969 INFO]: RoadRunner(11) is moving NE from (7, 2) to (6,3)
[15:46:23.969 INFO]: RoadRunner is attempting to run away from 1 Coyotes!
[15:46:23.969 INFO]: RoadRunner(17) is moving NE from (1, 4) to (0,5)
[15:46:23.970 INFO]: Coyote(31) is moving NE from (9, 6) to (8,7)
[15:46:23.970 INFO]: Coyote(35) is moving E from (9, 4) to (9,5)
[15:46:23.970 INFO]: Coyote(21) is moving SW from (3, 3) to (4,2)
[15:46:23.970 WARN]: Coyote(21) just ate RoadRunner(14) at cell (4,2)
[15:46:23.970 INFO]: Coyote(23) is moving SE from (8, 8) to (9,9)
[15:46:23.971 WARN]: Coyote(23) just ate RoadRunner(6) at cell (9,9)
[15:46:23.971 INFO]: Coyote(20) is moving NW from (9, 3) to (8,2)
[15:46:23.971 INFO]: Coyote(24) is moving W from (0, 1) to (0,0)
[15:46:23.971 INFO]: RoadRunner is attempting to run away from 1 Coyotes!
[15:46:23.971 INFO]: RoadRunner(15) is moving SE from (2, 6) to (3,7)
[15:46:23.976 INFO]: 
[15:46:23.977 INFO]: Coyotes Left: 19
[15:46:23.977 INFO]: RoadRunners Left: 9
[15:46:24.145 INFO]: 
[15:46:24.145 INFO]: 
[15:46:24.146 INFO]: ########## Age 1 ##########
[15:46:24.146 INFO]: 
[15:46:24.146 INFO]: 
[15:46:24.147 INFO]: RoadRunner(7) is moving NW from (6, 5) to (5,4)
[15:46:24.148 INFO]: RoadRunner(1) is moving W from (0, 4) to (0,3)
[15:46:24.148 INFO]: Coyote(35) is moving NW from (9, 5) to (8,4)
[15:46:24.149 INFO]: Coyote(23) is moving NW from (9, 9) to (8,8)
[15:46:24.149 INFO]: Coyote(20) is moving SE from (8, 2) to (9,3)
[15:46:24.150 INFO]: Coyote(30) is moving NW from (7, 9) to (6,8)
[15:46:24.150 INFO]: RoadRunner(10) is moving SE from (5, 5) to (6,6)
[15:46:24.150 INFO]: RoadRunner(15) is moving E from (3, 7) to (3,8)
[15:46:24.151 INFO]: Coyote(18) is moving SW from (1, 9) to (2,8)
[15:46:24.151 INFO]: Coyote(27) is moving E from (8, 5) to (8,6)
[15:46:24.151 INFO]: Coyote(24) is moving E from (0, 0) to (0,1)
[15:46:24.151 INFO]: RoadRunner is attempting to run away from 1 Coyotes!
[15:46:24.151 INFO]: RoadRunner(17) is moving W from (0, 5) to (0,4)
[15:46:24.152 INFO]: Coyote(31) is moving SW from (8, 7) to (9,6)
[15:46:24.152 INFO]: Coyote(33) is moving NW from (7, 7) to (6,6)
[15:46:24.152 WARN]: Coyote(33) just ate RoadRunner(10) at cell (6,6)
[15:46:24.152 INFO]: Coyote(28) is moving S from (1, 1) to (2,1)
[15:46:24.152 INFO]: Coyote(34) is moving NW from (4, 9) to (3,8)
[15:46:24.153 WARN]: Coyote(34) just ate RoadRunner(15) at cell (3,8)
[15:46:24.153 INFO]: RoadRunner is attempting to run away from 1 Coyotes!
[15:46:24.153 INFO]: RoadRunner(0) is moving N from (8, 0) to (7,0)
[15:46:24.153 INFO]: Coyote(19) is moving N from (2, 3) to (1,3)
[15:46:24.153 WARN]: Coyote(19) just ate RoadRunner(8) at cell (1,3)
[15:46:24.154 INFO]: Coyote(36) is moving SE from (1, 8) to (2,9)
[15:46:24.154 INFO]: Coyote(29) is moving NW from (8, 1) to (7,0)
[15:46:24.154 WARN]: Coyote(29) just ate RoadRunner(0) at cell (7,0)
[15:46:24.154 INFO]: Coyote(22) is moving SW from (8, 9) to (9,8)
[15:46:24.154 INFO]: Coyote(25) is moving NW from (4, 1) to (3,0)
[15:46:24.154 INFO]: RoadRunner(11) is moving NW from (6, 3) to (5,2)
[15:46:24.155 INFO]: Coyote(32) is moving W from (1, 6) to (1,5)
[15:46:24.155 INFO]: Coyote(21) is moving S from (4, 2) to (5,2)
[15:46:24.155 WARN]: Coyote(21) just ate RoadRunner(11) at cell (5,2)
[15:46:24.155 INFO]: RoadRunner(3) is moving SW from (4, 6) to (5,5)
[15:46:24.155 INFO]: Coyote(26) is moving W from (0, 9) to (0,8)
[15:46:24.156 INFO]: 
[15:46:24.156 INFO]: Coyotes Left: 19
[15:46:24.156 INFO]: RoadRunners Left: 4
[15:46:24.414 INFO]: 
[15:46:24.422 INFO]: 
[15:46:24.423 INFO]: ########## Age 2 ##########
[15:46:24.423 INFO]: 
[15:46:24.423 INFO]: 
[15:46:24.424 INFO]: Coyote(27) is moving W from (8, 6) to (8,5)
[15:46:24.425 INFO]: Coyote(23) is moving NW from (8, 8) to (7,7)
[15:46:24.425 INFO]: Coyote(18) is moving NW from (2, 8) to (1,7)
[15:46:24.426 INFO]: Coyote(24) is moving W from (0, 1) to (0,0)
[15:46:24.427 INFO]: Coyote(32) is moving NW from (1, 5) to (0,4)
[15:46:24.427 WARN]: Coyote(32) just ate RoadRunner(17) at cell (0,4)
[15:46:24.427 INFO]: Coyote(21) is moving E from (5, 2) to (5,3)
[15:46:24.428 INFO]: Coyote(28) is moving N from (2, 1) to (1,1)
[15:46:24.428 INFO]: Coyote(20) is moving NW from (9, 3) to (8,2)
[15:46:24.428 INFO]: Coyote(22) is moving E from (9, 8) to (9,9)
[15:46:24.429 INFO]: Coyote(34) is moving N from (3, 8) to (2,8)
[15:46:24.430 INFO]: Coyote(19) is moving N from (1, 3) to (0,3)
[15:46:24.431 WARN]: Coyote(19) just ate RoadRunner(1) at cell (0,3)
[15:46:24.431 INFO]: Coyote(36) is moving SW from (2, 9) to (3,8)
[15:46:24.432 INFO]: Coyote(25) is moving SE from (3, 0) to (4,1)
[15:46:24.432 INFO]: RoadRunner is attempting to run away from 1 Coyotes!
[15:46:24.432 INFO]: RoadRunner(3) is moving NW from (5, 5) to (4,4)
[15:46:24.433 INFO]: Coyote(26) is moving E from (0, 8) to (0,9)
[15:46:24.433 INFO]: Coyote(33) is moving NE from (6, 6) to (5,7)
[15:46:24.433 INFO]: Coyote(29) is moving E from (7, 0) to (7,1)
[15:46:24.434 INFO]: Coyote(35) is moving NE from (8, 4) to (7,5)
[15:46:24.434 INFO]: RoadRunner is attempting to run away from 1 Coyotes!
[15:46:24.434 INFO]: RoadRunner(7) is moving NE from (5, 4) to (4,5)
[15:46:24.435 INFO]: Coyote(31) is moving E from (9, 6) to (9,7)
[15:46:24.435 INFO]: Coyote(30) is moving NE from (6, 8) to (5,9)
[15:46:24.436 INFO]: RoadRunner just bred a new RoadRunner at cell (3,4)
[15:46:24.436 INFO]: RoadRunner just bred a new RoadRunner at cell (3,5)
[15:46:24.436 INFO]: 
[15:46:24.437 INFO]: Coyotes Left: 19
[15:46:24.437 INFO]: RoadRunners Left: 4
[15:46:24.716 INFO]: 
[15:46:24.716 INFO]: 
[15:46:24.716 INFO]: ########## Age 3 ##########
[15:46:24.716 INFO]: 
[15:46:24.716 INFO]: 
[15:46:24.717 INFO]: Coyote(21) is moving NE from (5, 3) to (4,4)
[15:46:24.717 WARN]: Coyote(21) just ate RoadRunner(3) at cell (4,4)
[15:46:24.718 INFO]: Coyote(31) is moving E from (9, 7) to (9,8)
[15:46:24.718 INFO]: Coyote(35) is moving W from (7, 5) to (7,4)
[15:46:24.718 INFO]: RoadRunner is attempting to run away from 1 Coyotes!
[15:46:24.719 INFO]: RoadRunner(38) is moving NE from (3, 5) to (2,6)
[15:46:24.719 INFO]: Coyote(34) is moving E from (2, 8) to (2,9)
[15:46:24.719 INFO]: Coyote(29) is moving S from (7, 1) to (8,1)
[15:46:24.720 INFO]: Coyote(20) is moving NW from (8, 2) to (7,1)
[15:46:24.720 INFO]: Coyote(26) is moving SW from (0, 9) to (1,8)
[15:46:24.720 INFO]: Coyote(30) is moving N from (5, 9) to (4,9)
[15:46:24.720 INFO]: Coyote(24) is moving E from (0, 0) to (0,1)
[15:46:24.720 INFO]: Coyote(18) is moving SW from (1, 7) to (2,6)
[15:46:24.721 WARN]: Coyote(18) just ate RoadRunner(38) at cell (2,6)
[15:46:24.721 INFO]: Coyote(25) is moving NE from (4, 1) to (3,2)
[15:46:24.721 INFO]: RoadRunner is attempting to run away from 1 Coyotes!
[15:46:24.722 INFO]: RoadRunner(37) is moving NE from (3, 4) to (2,5)
[15:46:24.722 INFO]: Coyote(36) is moving E from (3, 8) to (3,9)
[15:46:24.722 INFO]: Coyote(22) is moving NW from (9, 9) to (8,8)
[15:46:24.722 INFO]: Coyote(27) is moving S from (8, 5) to (9,5)
[15:46:24.723 INFO]: Coyote(28) is moving SE from (1, 1) to (2,2)
[15:46:24.723 INFO]: Coyote(33) is moving W from (5, 7) to (5,6)
[15:46:24.723 INFO]: Coyote(23) is moving NE from (7, 7) to (6,8)
[15:46:24.723 INFO]: Coyote(32) is moving SE from (0, 4) to (1,5)
[15:46:24.724 INFO]: RoadRunner is attempting to run away from 2 Coyotes!
[15:46:24.724 INFO]: RoadRunner(7) is moving NE from (4, 5) to (3,6)
[15:46:24.724 INFO]: Coyote(19) is moving W from (0, 3) to (0,2)
[15:46:24.724 INFO]: 
[15:46:24.724 INFO]: Coyotes Left: 19
[15:46:24.724 INFO]: RoadRunners Left: 2
[15:46:24.972 INFO]: 
[15:46:24.972 INFO]: 
[15:46:24.973 INFO]: ########## Age 4 ##########
[15:46:24.973 INFO]: 
[15:46:24.973 INFO]: 
[15:46:24.973 WARN]: Coyote(22) died to starvation!
[15:46:24.974 WARN]: Coyote(24) died to starvation!
[15:46:24.974 INFO]: Coyote(34) is moving N from (2, 9) to (1,9)
[15:46:24.974 WARN]: Coyote(35) died to starvation!
[15:46:24.975 INFO]: Coyote(33) is moving E from (5, 6) to (5,7)
[15:46:24.975 WARN]: Coyote(36) died to starvation!
[15:46:24.975 INFO]: Coyote(32) is moving S from (1, 5) to (2,5)
[15:46:24.975 WARN]: Coyote(32) just ate RoadRunner(37) at cell (2,5)
[15:46:24.975 WARN]: Coyote(23) died to starvation!
[15:46:24.976 WARN]: Coyote(30) died to starvation!
[15:46:24.976 WARN]: Coyote(31) died to starvation!
[15:46:24.976 INFO]: Coyote(19) is moving W from (0, 2) to (0,1)
[15:46:24.976 WARN]: Coyote(27) died to starvation!
[15:46:24.976 WARN]: Coyote(28) died to starvation!
[15:46:24.976 WARN]: Coyote(26) died to starvation!
[15:46:24.976 WARN]: Coyote(20) died to starvation!
[15:46:24.976 INFO]: Coyote(29) is moving W from (8, 1) to (8,0)
[15:46:24.977 WARN]: Coyote(25) died to starvation!
[15:46:24.977 INFO]: Coyote(18) is moving S from (2, 6) to (3,6)
[15:46:24.977 WARN]: Coyote(18) just ate RoadRunner(7) at cell (3,6)
[15:46:24.977 INFO]: Coyote(21) is moving E from (4, 4) to (4,5)
[15:46:24.977 INFO]: 
[15:46:24.978 INFO]: Coyotes Left: 7
[15:46:24.978 INFO]: RoadRunners Left: 0
[15:47:04.735 INFO]: Simulation Found. Configuration Settings:
[15:47:04.824 INFO]: Rows: 10
[15:47:04.824 INFO]: Columns: 10
[15:47:04.824 INFO]: 
[15:47:04.824 INFO]: Min Prey: 10 Max Prey: 20
[15:47:04.824 INFO]: Min Predators: 10 Max Predators: 20
[15:47:07.024 INFO]: Starting Simulation...
[15:47:07.028 INFO]: Starting Prey: 18
[15:47:07.028 INFO]: Starting Predators: 15
[15:47:07.035 INFO]: RoadRunner(0) created at cell (5, 7)
[15:47:07.036 INFO]: RoadRunner(1) created at cell (6, 8)
[15:47:07.037 INFO]: RoadRunner(2) created at cell (7, 0)
[15:47:07.037 INFO]: RoadRunner(3) created at cell (9, 5)
[15:47:07.038 INFO]: RoadRunner(4) created at cell (8, 1)
[15:47:07.038 INFO]: RoadRunner(5) created at cell (1, 7)
[15:47:07.039 INFO]: RoadRunner(6) created at cell (5, 8)
[15:47:07.040 INFO]: RoadRunner(7) created at cell (6, 3)
[15:47:07.040 INFO]: RoadRunner(8) created at cell (0, 0)
[15:47:07.041 INFO]: RoadRunner(9) created at cell (0, 1)
[15:47:07.041 INFO]: RoadRunner(10) created at cell (3, 9)
[15:47:07.041 INFO]: RoadRunner(11) created at cell (7, 8)
[15:47:07.042 INFO]: RoadRunner(12) created at cell (5, 5)
[15:47:07.043 INFO]: RoadRunner(13) created at cell (5, 4)
[15:47:07.043 INFO]: RoadRunner(14) created at cell (6, 4)
[15:47:07.044 INFO]: RoadRunner(15) created at cell (0, 8)
[15:47:07.045 INFO]: RoadRunner(16) created at cell (2, 7)
[15:47:07.046 INFO]: RoadRunner(17) created at cell (2, 0)
[15:47:07.047 INFO]: Coyote(18) created at cell (3, 6)
[15:47:07.048 INFO]: Coyote(19) created at cell (3, 1)
[15:47:07.048 INFO]: Coyote(20) created at cell (5, 1)
[15:47:07.049 INFO]: Coyote(21) created at cell (9, 3)
[15:47:07.049 INFO]: Coyote(22) created at cell (8, 0)
[15:47:07.050 INFO]: Coyote(23) created at cell (0, 4)
[15:47:07.050 INFO]: Coyote(24) created at cell (0, 2)
[15:47:07.050 INFO]: Coyote(25) created at cell (4, 1)
[15:47:07.051 INFO]: Coyote(26) created at cell (4, 7)
[15:47:07.051 INFO]: Coyote(27) created at cell (9, 8)
[15:47:07.051 INFO]: Coyote(28) created at cell (9, 0)
[15:47:07.052 INFO]: Coyote(29) created at cell (9, 4)
[15:47:07.052 INFO]: Coyote(30) created at cell (0, 9)
[15:47:07.053 INFO]: Coyote(31) created at cell (1, 1)
[15:47:07.054 INFO]: Coyote(32) created at cell (8, 8)
[15:47:07.226 INFO]: 
[15:47:07.229 INFO]: 
[15:47:07.229 INFO]: ########## Age 0 ##########
[15:47:07.229 INFO]: 
[15:47:07.230 INFO]: 
[15:47:07.232 INFO]: RoadRunner is attempting to run away from 1 Coyotes!
[15:47:07.240 INFO]: RoadRunner(2) is moving NE from (7, 0) to (6,1)
[15:47:07.241 INFO]: RoadRunner(13) is moving W from (5, 4) to (5,3)
[15:47:07.241 INFO]: RoadRunner is attempting to run away from 1 Coyotes!
[15:47:07.241 INFO]: RoadRunner is attempting to run away from 1 Coyotes!
[15:47:07.241 INFO]: RoadRunner(0) is moving SW from (5, 7) to (6,6)
[15:47:07.242 INFO]: Coyote(20) is moving S from (5, 1) to (6,1)
[15:47:07.242 WARN]: Coyote(20) just ate RoadRunner(2) at cell (6,1)
[15:47:07.242 INFO]: RoadRunner(7) is moving SW from (6, 3) to (7,2)
[15:47:07.242 INFO]: RoadRunner is attempting to run away from 1 Coyotes!
[15:47:07.243 INFO]: RoadRunner(3) is moving NE from (9, 5) to (8,6)
[15:47:07.243 INFO]: Coyote(22) is moving E from (8, 0) to (8,1)
[15:47:07.243 WARN]: Coyote(22) just ate RoadRunner(4) at cell (8,1)
[15:47:07.244 INFO]: Coyote(28) is moving N from (9, 0) to (8,0)
[15:47:07.244 INFO]: RoadRunner(10) is moving S from (3, 9) to (4,9)
[15:47:07.244 INFO]: RoadRunner is attempting to run away from 1 Coyotes!
[15:47:07.245 INFO]: RoadRunner(11) is moving NE from (7, 8) to (6,9)
[15:47:07.245 INFO]: Coyote(23) is moving SW from (0, 4) to (1,3)
[15:47:07.245 INFO]: Coyote(18) is moving NE from (3, 6) to (2,7)
[15:47:07.246 WARN]: Coyote(18) just ate RoadRunner(16) at cell (2,7)
[15:47:07.246 INFO]: Coyote(25) is moving S from (4, 1) to (5,1)
[15:47:07.246 INFO]: RoadRunner is attempting to run away from 1 Coyotes!
[15:47:07.247 INFO]: RoadRunner(15) is moving W from (0, 8) to (0,7)
[15:47:07.247 INFO]: RoadRunner is attempting to run away from 1 Coyotes!
[15:47:07.247 INFO]: RoadRunner(5) is moving NE from (1, 7) to (0,8)
[15:47:07.248 INFO]: Coyote(24) is moving W from (0, 2) to (0,1)
[15:47:07.248 WARN]: Coyote(24) just ate RoadRunner(9) at cell (0,1)
[15:47:07.249 INFO]: Coyote(26) is moving SE from (4, 7) to (5,8)
[15:47:07.249 WARN]: Coyote(26) just ate RoadRunner(6) at cell (5,8)
[15:47:07.249 INFO]: Coyote(21) is moving NW from (9, 3) to (8,2)
[15:47:07.250 INFO]: Coyote(32) is moving N from (8, 8) to (7,8)
[15:47:07.250 INFO]: Coyote(30) is moving W from (0, 9) to (0,8)
[15:47:07.250 WARN]: Coyote(30) just ate RoadRunner(5) at cell (0,8)
[15:47:07.251 INFO]: RoadRunner(14) is moving N from (6, 4) to (5,4)
[15:47:07.251 INFO]: RoadRunner is attempting to run away from 2 Coyotes!
[15:47:07.251 INFO]: RoadRunner(1) is moving W from (6, 8) to (6,7)
[15:47:07.251 INFO]: Coyote(31) is moving NW from (1, 1) to (0,0)
[15:47:07.252 WARN]: Coyote(31) just ate RoadRunner(8) at cell (0,0)
[15:47:07.252 INFO]: RoadRunner is attempting to run away from 1 Coyotes!
[15:47:07.252 INFO]: RoadRunner(17) is moving N from (2, 0) to (1,0)
[15:47:07.252 INFO]: Coyote(27) is moving NE from (9, 8) to (8,9)
[15:47:07.252 INFO]: Coyote(19) is moving NW from (3, 1) to (2,0)
[15:47:07.253 INFO]: Coyote(29) is moving NW from (9, 4) to (8,3)
[15:47:07.253 INFO]: RoadRunner(12) is moving S from (5, 5) to (6,5)
[15:47:07.257 INFO]: 
[15:47:07.258 INFO]: Coyotes Left: 15
[15:47:07.258 INFO]: RoadRunners Left: 11
[15:47:07.410 INFO]: 
[15:47:07.410 INFO]: 
[15:47:07.410 INFO]: ########## Age 1 ##########
[15:47:07.411 INFO]: 
[15:47:07.411 INFO]: 
[15:47:07.411 INFO]: Coyote(31) is moving S from (0, 0) to (1,0)
[15:47:07.412 WARN]: Coyote(31) just ate RoadRunner(17) at cell (1,0)
[15:47:07.412 INFO]: Coyote(27) is moving S from (8, 9) to (9,9)
[15:47:07.412 INFO]: RoadRunner is attempting to run away from 2 Coyotes!
[15:47:07.413 INFO]: RoadRunner(11) is moving N from (6, 9) to (5,9)
[15:47:07.413 INFO]: Coyote(20) is moving SE from (6, 1) to (7,2)
[15:47:07.413 WARN]: Coyote(20) just ate RoadRunner(7) at cell (7,2)
[15:47:07.414 INFO]: Coyote(21) is moving SE from (8, 2) to (9,3)
[15:47:07.414 INFO]: RoadRunner(13) is moving SE from (5, 3) to (6,4)
[15:47:07.415 INFO]: Coyote(24) is moving W from (0, 1) to (0,0)
[15:47:07.415 INFO]: RoadRunner is attempting to run away from 1 Coyotes!
[15:47:07.415 INFO]: RoadRunner(10) is moving N from (4, 9) to (3,9)
[15:47:07.416 INFO]: Coyote(25) is moving E from (5, 1) to (5,2)
[15:47:07.416 INFO]: RoadRunner(12) is moving NE from (6, 5) to (5,6)
[15:47:07.416 INFO]: RoadRunner(3) is moving W from (8, 6) to (8,5)
[15:47:07.417 INFO]: Coyote(19) is moving E from (2, 0) to (2,1)
[15:47:07.417 INFO]: Coyote(26) is moving SW from (5, 8) to (6,7)
[15:47:07.417 WARN]: Coyote(26) just ate RoadRunner(1) at cell (6,7)
[15:47:07.417 INFO]: Coyote(28) is moving SE from (8, 0) to (9,1)
[15:47:07.417 INFO]: RoadRunner is attempting to run away from 1 Coyotes!
[15:47:07.418 INFO]: RoadRunner(15) is moving SW from (0, 7) to (1,6)
[15:47:07.418 INFO]: Coyote(22) is moving NW from (8, 1) to (7,0)
[15:47:07.418 INFO]: Coyote(32) is moving W from (7, 8) to (7,7)
[15:47:07.419 INFO]: Coyote(29) is moving NE from (8, 3) to (7,4)
[15:47:07.419 INFO]: RoadRunner is attempting to run away from 2 Coyotes!
[15:47:07.419 INFO]: RoadRunner(0) is moving NW from (6, 6) to (5,5)
[15:47:07.420 INFO]: Coyote(23) is moving N from (1, 3) to (0,3)
[15:47:07.420 INFO]: Coyote(30) is moving W from (0, 8) to (0,7)
[15:47:07.420 INFO]: Coyote(18) is moving NW from (2, 7) to (1,6)
[15:47:07.420 WARN]: Coyote(18) just ate RoadRunner(15) at cell (1,6)
[15:47:07.421 INFO]: RoadRunner(14) is moving N from (5, 4) to (4,4)
[15:47:07.421 INFO]: 
[15:47:07.421 INFO]: Coyotes Left: 15
[15:47:07.421 INFO]: RoadRunners Left: 7
[15:47:07.626 INFO]: 
[15:47:07.626 INFO]: 
[15:47:07.627 INFO]: ########## Age 2 ##########
[15:47:07.627 INFO]: 
[15:47:07.627 INFO]: 
[15:47:07.628 INFO]: Coyote(26) is moving NW from (6, 7) to (5,6)
[15:47:07.628 WARN]: Coyote(26) just ate RoadRunner(12) at cell (5,6)
[15:47:07.629 INFO]: RoadRunner(11) is moving NW from (5, 9) to (4,8)
[15:47:07.629 INFO]: Coyote(22) is moving NE from (7, 0) to (6,1)
[15:47:07.629 INFO]: Coyote(23) is moving W from (0, 3) to (0,2)
[15:47:07.629 INFO]: Coyote(19) is moving NE from (2, 1) to (1,2)
[15:47:07.630 INFO]: Coyote(31) is moving SE from (1, 0) to (2,1)
[15:47:07.630 INFO]: Coyote(28) is moving N from (9, 1) to (8,1)
[15:47:07.631 INFO]: Coyote(29) is moving N from (7, 4) to (6,4)
[15:47:07.631 WARN]: Coyote(29) just ate RoadRunner(13) at cell (6,4)
[15:47:07.631 INFO]: Coyote(30) is moving SE from (0, 7) to (1,8)
[15:47:07.632 INFO]: RoadRunner(14) is moving NW from (4, 4) to (3,3)
[15:47:07.632 INFO]: RoadRunner(10) is moving S from (3, 9) to (4,9)
[15:47:07.632 INFO]: RoadRunner(3) is moving NW from (8, 5) to (7,4)
[15:47:07.633 INFO]: Coyote(21) is moving NW from (9, 3) to (8,2)
[15:47:07.633 INFO]: Coyote(25) is moving NW from (5, 2) to (4,1)
[15:47:07.634 INFO]: Coyote(32) is moving S from (7, 7) to (8,7)
[15:47:07.634 INFO]: Coyote(20) is moving E from (7, 2) to (7,3)
[15:47:07.635 INFO]: Coyote(24) is moving S from (0, 0) to (1,0)
[15:47:07.635 INFO]: Coyote(27) is moving N from (9, 9) to (8,9)
[15:47:07.635 INFO]: Coyote(18) is moving SW from (1, 6) to (2,5)
[15:47:07.635 INFO]: RoadRunner is attempting to run away from 2 Coyotes!
[15:47:07.636 INFO]: RoadRunner(0) is moving NW from (5, 5) to (4,4)
[15:47:07.636 INFO]: RoadRunner just bred a new RoadRunner at cell (3,8)
[15:47:07.637 INFO]: RoadRunner just bred a new RoadRunner at cell (2,3)
[15:47:07.637 INFO]: RoadRunner just bred a new RoadRunner at cell (3,9)
[15:47:07.637 INFO]: RoadRunner just bred a new RoadRunner at cell (6,5)
[15:47:07.637 INFO]: RoadRunner just bred a new RoadRunner at cell (3,4)
[15:47:07.637 INFO]: 
[15:47:07.638 INFO]: Coyotes Left: 15
[15:47:07.638 INFO]: RoadRunners Left: 10
[15:47:07.817 INFO]: 
[15:47:07.817 INFO]: 
[15:47:07.818 INFO]: ########## Age 3 ##########
[15:47:07.818 INFO]: 
[15:47:07.818 INFO]: 
[15:47:07.819 INFO]: Coyote(29) is moving S from (6, 4) to (7,4)
[15:47:07.819 WARN]: Coyote(29) just ate RoadRunner(3) at cell (7,4)
[15:47:07.820 INFO]: Coyote(31) is moving N from (2, 1) to (1,1)
[15:47:07.820 INFO]: Coyote(22) is moving NW from (6, 1) to (5,0)
[15:47:07.820 INFO]: RoadRunner(33) is moving NW from (3, 8) to (2,7)
[15:47:07.820 INFO]: Coyote(24) is moving SE from (1, 0) to (2,1)
[15:47:07.821 INFO]: RoadRunner is attempting to run away from 1 Coyotes!
[15:47:07.821 INFO]: RoadRunner(37) is moving SW from (3, 4) to (4,3)
[15:47:07.821 INFO]: RoadRunner(10) is moving SW from (4, 9) to (5,8)
[15:47:07.821 INFO]: Coyote(23) is moving W from (0, 2) to (0,1)
[15:47:07.822 INFO]: Coyote(32) is moving SE from (8, 7) to (9,8)
[15:47:07.822 INFO]: RoadRunner(35) is moving N from (3, 9) to (2,9)
[15:47:07.822 INFO]: Coyote(26) is moving SW from (5, 6) to (6,5)
[15:47:07.822 WARN]: Coyote(26) just ate RoadRunner(36) at cell (6,5)
[15:47:07.823 INFO]: RoadRunner(0) is moving E from (4, 4) to (4,5)
[15:47:07.823 INFO]: RoadRunner(11) is moving W from (4, 8) to (4,7)
[15:47:07.823 INFO]: Coyote(19) is moving SE from (1, 2) to (2,3)
[15:47:07.823 WARN]: Coyote(19) just ate RoadRunner(34) at cell (2,3)
[15:47:07.824 INFO]: Coyote(30) is moving SE from (1, 8) to (2,9)
[15:47:07.824 WARN]: Coyote(30) just ate RoadRunner(35) at cell (2,9)
[15:47:07.824 INFO]: RoadRunner is attempting to run away from 1 Coyotes!
[15:47:07.824 INFO]: RoadRunner(14) is moving SE from (3, 3) to (4,4)
[15:47:07.825 INFO]: Coyote(18) is moving W from (2, 5) to (2,4)
[15:47:07.825 INFO]: Coyote(25) is moving SE from (4, 1) to (5,2)
[15:47:07.825 INFO]: Coyote(28) is moving S from (8, 1) to (9,1)
[15:47:07.825 INFO]: Coyote(21) is moving E from (8, 2) to (8,3)
[15:47:07.826 INFO]: Coyote(20) is moving SW from (7, 3) to (8,2)
[15:47:07.826 INFO]: Coyote(27) is moving NW from (8, 9) to (7,8)
[15:47:07.826 INFO]: 
[15:47:07.826 INFO]: Coyotes Left: 15
[15:47:07.826 INFO]: RoadRunners Left: 6
[15:47:08.033 INFO]: 
[15:47:08.034 INFO]: 
[15:47:08.034 INFO]: ########## Age 4 ##########
[15:47:08.034 INFO]: 
[15:47:08.035 INFO]: 
[15:47:08.035 WARN]: Coyote(24) died to starvation!
[15:47:08.035 WARN]: Coyote(21) died to starvation!
[15:47:08.035 WARN]: Coyote(27) died to starvation!
[15:47:08.036 INFO]: RoadRunner is attempting to run away from 1 Coyotes!
[15:47:08.036 INFO]: RoadRunner(37) is moving NE from (4, 3) to (3,4)
[15:47:08.036 WARN]: Coyote(32) died to starvation!
[15:47:08.036 WARN]: Coyote(25) died to starvation!
[15:47:08.037 INFO]: Coyote(30) is moving N from (2, 9) to (1,9)
[15:47:08.037 WARN]: Coyote(22) died to starvation!
[15:47:08.037 INFO]: Coyote(26) is moving N from (6, 5) to (5,5)
[15:47:08.037 INFO]: RoadRunner is attempting to run away from 1 Coyotes!
[15:47:08.037 INFO]: RoadRunner(14) is moving NW from (4, 4) to (3,3)
[15:47:08.037 INFO]: RoadRunner is attempting to run away from 1 Coyotes!
[15:47:08.038 INFO]: RoadRunner(0) is moving NE from (4, 5) to (3,6)
[15:47:08.038 INFO]: Coyote(20) is moving W from (8, 2) to (8,1)
[15:47:08.038 INFO]: Coyote(29) is moving NE from (7, 4) to (6,5)
[15:47:08.038 INFO]: RoadRunner(10) is moving W from (5, 8) to (5,7)
[15:47:08.038 WARN]: Coyote(28) died to starvation!
[15:47:08.039 WARN]: Coyote(23) died to starvation!
[15:47:08.039 INFO]: Coyote(18) is moving S from (2, 4) to (3,4)
[15:47:08.039 WARN]: Coyote(18) just ate RoadRunner(37) at cell (3,4)
[15:47:08.039 INFO]: RoadRunner(33) is moving SE from (2, 7) to (3,8)
[15:47:08.039 INFO]: Coyote(19) is moving S from (2, 3) to (3,3)
[15:47:08.039 WARN]: Coyote(19) just ate RoadRunner(14) at cell (3,3)
[15:47:08.040 INFO]: RoadRunner(11) is moving N from (4, 7) to (3,7)
[15:47:08.040 INFO]: Coyote(31) is moving SW from (1, 1) to (2,0)
[15:47:08.040 INFO]: 
[15:47:08.040 INFO]: Coyotes Left: 7
[15:47:08.040 INFO]: RoadRunners Left: 4
[15:47:08.402 INFO]: 
[15:47:08.402 INFO]: 
[15:47:08.402 INFO]: ########## Age 5 ##########
[15:47:08.402 INFO]: 
[15:47:08.402 INFO]: 
[15:47:08.403 INFO]: Coyote(30) is moving N from (1, 9) to (0,9)
[15:47:08.404 INFO]: Coyote(19) is moving SE from (3, 3) to (4,4)
[15:47:08.404 WARN]: Coyote(31) died to starvation!
[15:47:08.404 INFO]: RoadRunner(10) is moving NW from (5, 7) to (4,6)
[15:47:08.405 INFO]: RoadRunner(0) is moving NW from (3, 6) to (2,5)
[15:47:08.405 INFO]: Coyote(29) is moving E from (6, 5) to (6,6)
[15:47:08.405 INFO]: RoadRunner(11) is moving SE from (3, 7) to (4,8)
[15:47:08.405 INFO]: Coyote(18) is moving NE from (3, 4) to (2,5)
[15:47:08.405 WARN]: Coyote(18) just ate RoadRunner(0) at cell (2,5)
[15:47:08.406 INFO]: Coyote(26) is moving NE from (5, 5) to (4,6)
[15:47:08.406 WARN]: Coyote(26) just ate RoadRunner(10) at cell (4,6)
[15:47:08.406 WARN]: Coyote(20) died to starvation!
[15:47:08.406 INFO]: RoadRunner(33) is moving E from (3, 8) to (3,9)
[15:47:08.407 INFO]: RoadRunner just bred a new RoadRunner at cell (3,8)
[15:47:08.407 INFO]: RoadRunner just bred a new RoadRunner at cell (2,9)
[15:47:08.407 INFO]: 
[15:47:08.407 INFO]: Coyotes Left: 5
[15:47:08.407 INFO]: RoadRunners Left: 4
[15:47:08.834 INFO]: 
[15:47:08.835 INFO]: 
[15:47:08.835 INFO]: ########## Age 6 ##########
[15:47:08.835 INFO]: 
[15:47:08.835 INFO]: 
[15:47:08.836 INFO]: Coyote(30) is moving SW from (0, 9) to (1,8)
[15:47:08.836 INFO]: RoadRunner(11) is moving W from (4, 8) to (4,7)
[15:47:08.837 INFO]: Coyote(18) is moving S from (2, 5) to (3,5)
[15:47:08.837 INFO]: RoadRunner(38) is moving S from (3, 8) to (4,8)
[15:47:08.837 INFO]: Coyote(26) is moving E from (4, 6) to (4,7)
[15:47:08.838 WARN]: Coyote(26) just ate RoadRunner(11) at cell (4,7)
[15:47:08.838 INFO]: RoadRunner(33) is moving NW from (3, 9) to (2,8)
[15:47:08.838 INFO]: Coyote(29) is moving NW from (6, 6) to (5,5)
[15:47:08.839 INFO]: Coyote(19) is moving NW from (4, 4) to (3,3)
[15:47:08.839 INFO]: RoadRunner is attempting to run away from 1 Coyotes!
[15:47:08.839 INFO]: RoadRunner(39) is moving S from (2, 9) to (3,9)
[15:47:08.839 INFO]: 
[15:47:08.839 INFO]: Coyotes Left: 5
[15:47:08.839 INFO]: RoadRunners Left: 3
[15:47:09.003 INFO]: 
[15:47:09.003 INFO]: 
[15:47:09.003 INFO]: ########## Age 7 ##########
[15:47:09.003 INFO]: 
[15:47:09.003 INFO]: 
[15:47:09.004 INFO]: RoadRunner(39) is moving W from (3, 9) to (3,8)
[15:47:09.004 INFO]: RoadRunner is attempting to run away from 1 Coyotes!
[15:47:09.004 INFO]: RoadRunner(38) is moving NE from (4, 8) to (3,9)
[15:47:09.004 INFO]: Coyote(18) is moving SW from (3, 5) to (4,4)
[15:47:09.004 WARN]: Coyote(30) died to starvation!
[15:47:09.005 INFO]: Coyote(26) is moving NE from (4, 7) to (3,8)
[15:47:09.005 WARN]: Coyote(26) just ate RoadRunner(39) at cell (3,8)
[15:47:09.005 INFO]: RoadRunner is attempting to run away from 1 Coyotes!
[15:47:09.006 INFO]: RoadRunner(33) is moving NE from (2, 8) to (1,9)
[15:47:09.006 INFO]: Coyote(19) is moving NE from (3, 3) to (2,4)
[15:47:09.006 WARN]: Coyote(29) died to starvation!
[15:47:09.007 INFO]: Coyote just bred a new Coyote at cell (3,4)
[15:47:09.007 INFO]: Coyote just bred a new Coyote at cell (2,8)
[15:47:09.007 INFO]: Coyote just bred a new Coyote at cell (1,4)
[15:47:09.007 INFO]: 
[15:47:09.008 INFO]: Coyotes Left: 6
[15:47:09.008 INFO]: RoadRunners Left: 2
[15:47:09.192 INFO]: 
[15:47:09.192 INFO]: 
[15:47:09.193 INFO]: ########## Age 8 ##########
[15:47:09.193 INFO]: 
[15:47:09.193 INFO]: 
[15:47:09.193 INFO]: Coyote(41) is moving NE from (2, 8) to (1,9)
[15:47:09.193 WARN]: Coyote(41) just ate RoadRunner(33) at cell (1,9)
[15:47:09.193 INFO]: Coyote(26) is moving E from (3, 8) to (3,9)
[15:47:09.193 WARN]: Coyote(26) just ate RoadRunner(38) at cell (3,9)
[15:47:09.194 WARN]: Coyote(19) died to starvation!
[15:47:09.194 INFO]: Coyote(18) is moving SW from (4, 4) to (5,3)
[15:47:09.194 INFO]: Coyote(42) is moving NW from (1, 4) to (0,3)
[15:47:09.194 INFO]: Coyote(40) is moving SE from (3, 4) to (4,5)
[15:47:09.194 INFO]: 
[15:47:09.194 INFO]: Coyotes Left: 5
[15:47:09.194 INFO]: RoadRunners Left: 0
[15:50:44.152 INFO]: Simulation Found. Configuration Settings:
[15:50:44.157 INFO]: Rows: 10
[15:50:44.157 INFO]: Columns: 10
[15:50:44.158 INFO]: 
[15:50:44.158 INFO]: Min Prey: 10 Max Prey: 20
[15:50:44.158 INFO]: Min Predators: 10 Max Predators: 20
[15:50:46.182 INFO]: Starting Simulation...
[15:50:46.184 INFO]: Starting Prey: 18
[15:50:46.184 INFO]: Starting Predators: 20
[15:50:46.192 INFO]: RoadRunner(0) created at cell (5, 6)
[15:50:46.193 INFO]: RoadRunner(1) created at cell (0, 8)
[15:50:46.193 INFO]: RoadRunner(2) created at cell (6, 7)
[15:50:46.194 INFO]: RoadRunner(3) created at cell (3, 7)
[15:50:46.194 INFO]: RoadRunner(4) created at cell (1, 3)
[15:50:46.195 INFO]: RoadRunner(5) created at cell (4, 6)
[15:50:46.196 INFO]: RoadRunner(6) created at cell (1, 1)
[15:50:46.196 INFO]: RoadRunner(7) created at cell (6, 5)
[15:50:46.197 INFO]: RoadRunner(8) created at cell (6, 1)
[15:50:46.197 INFO]: RoadRunner(9) created at cell (5, 4)
[15:50:46.198 INFO]: RoadRunner(10) created at cell (7, 4)
[15:50:46.198 INFO]: RoadRunner(11) created at cell (2, 7)
[15:50:46.199 INFO]: RoadRunner(12) created at cell (6, 0)
[15:50:46.199 INFO]: RoadRunner(13) created at cell (5, 7)
[15:50:46.200 INFO]: RoadRunner(14) created at cell (8, 1)
[15:50:46.200 INFO]: RoadRunner(15) created at cell (5, 8)
[15:50:46.201 INFO]: RoadRunner(16) created at cell (9, 3)
[15:50:46.201 INFO]: RoadRunner(17) created at cell (0, 0)
[15:50:46.201 INFO]: Coyote(18) created at cell (2, 6)
[15:50:46.202 INFO]: Coyote(19) created at cell (4, 3)
[15:50:46.202 INFO]: Coyote(20) created at cell (1, 9)
[15:50:46.202 INFO]: Coyote(21) created at cell (3, 9)
[15:50:46.203 INFO]: Coyote(22) created at cell (5, 3)
[15:50:46.203 INFO]: Coyote(23) created at cell (7, 9)
[15:50:46.203 INFO]: Coyote(24) created at cell (1, 6)
[15:50:46.204 INFO]: Coyote(25) created at cell (4, 4)
[15:50:46.204 INFO]: Coyote(26) created at cell (2, 1)
[15:50:46.204 INFO]: Coyote(27) created at cell (7, 8)
[15:50:46.204 INFO]: Coyote(28) created at cell (2, 2)
[15:50:46.205 INFO]: Coyote(29) created at cell (4, 1)
[15:50:46.205 INFO]: Coyote(30) created at cell (0, 9)
[15:50:46.205 INFO]: Coyote(31) created at cell (8, 3)
[15:50:46.205 INFO]: Coyote(32) created at cell (7, 6)
[15:50:46.205 INFO]: Coyote(33) created at cell (8, 6)
[15:50:46.206 INFO]: Coyote(34) created at cell (0, 2)
[15:50:46.206 INFO]: Coyote(35) created at cell (3, 0)
[15:50:46.206 INFO]: Coyote(36) created at cell (6, 8)
[15:50:46.206 INFO]: Coyote(37) created at cell (7, 5)
[15:50:46.502 INFO]: 
[15:50:46.503 INFO]: 
[15:50:46.503 INFO]: ########## Age 0 ##########
[15:50:46.503 INFO]: 
[15:50:46.503 INFO]: 
[15:50:46.506 INFO]: RoadRunner is attempting to run away from 2 Coyotes!
[15:50:46.515 INFO]: RoadRunner(11) is moving SE from (2, 7) to (3,8)
[15:50:46.516 INFO]: RoadRunner(5) is moving NW from (4, 6) to (3,5)
[15:50:46.517 INFO]: RoadRunner is attempting to run away from 2 Coyotes!
[15:50:46.517 INFO]: RoadRunner(7) is moving N from (6, 5) to (5,5)
[15:50:46.517 INFO]: Coyote(26) is moving N from (2, 1) to (1,1)
[15:50:46.518 WARN]: Coyote(26) just ate RoadRunner(6) at cell (1,1)
[15:50:46.518 INFO]: RoadRunner is attempting to run away from 2 Coyotes!
[15:50:46.518 INFO]: RoadRunner(4) is moving NE from (1, 3) to (0,4)
[15:50:46.518 INFO]: RoadRunner is attempting to run away from 1 Coyotes!
[15:50:46.518 INFO]: RoadRunner(16) is moving E from (9, 3) to (9,4)
[15:50:46.519 INFO]: Coyote(27) is moving NW from (7, 8) to (6,7)
[15:50:46.519 WARN]: Coyote(27) just ate RoadRunner(2) at cell (6,7)
[15:50:46.519 INFO]: Coyote(23) is moving W from (7, 9) to (7,8)
[15:50:46.520 INFO]: Coyote(32) is moving E from (7, 6) to (7,7)
[15:50:46.520 INFO]: RoadRunner(12) is moving SE from (6, 0) to (7,1)
[15:50:46.520 INFO]: Coyote(24) is moving SW from (1, 6) to (2,5)
[15:50:46.521 INFO]: Coyote(30) is moving W from (0, 9) to (0,8)
[15:50:46.521 WARN]: Coyote(30) just ate RoadRunner(1) at cell (0,8)
[15:50:46.521 INFO]: Coyote(31) is moving NE from (8, 3) to (7,4)
[15:50:46.521 WARN]: Coyote(31) just ate RoadRunner(10) at cell (7,4)
[15:50:46.522 INFO]: RoadRunner is attempting to run away from 3 Coyotes!
[15:50:46.522 INFO]: RoadRunner(9) is moving SE from (5, 4) to (6,5)
[15:50:46.522 INFO]: Coyote(25) is moving NE from (4, 4) to (3,5)
[15:50:46.523 WARN]: Coyote(25) just ate RoadRunner(5) at cell (3,5)
[15:50:46.523 INFO]: Coyote(37) is moving N from (7, 5) to (6,5)
[15:50:46.524 WARN]: Coyote(37) just ate RoadRunner(9) at cell (6,5)
[15:50:46.524 INFO]: Coyote(20) is moving S from (1, 9) to (2,9)
[15:50:46.524 INFO]: Coyote(18) is moving SE from (2, 6) to (3,7)
[15:50:46.524 WARN]: Coyote(18) just ate RoadRunner(3) at cell (3,7)
[15:50:46.524 INFO]: RoadRunner is attempting to run away from 2 Coyotes!
[15:50:46.525 INFO]: RoadRunner(0) is moving NE from (5, 6) to (4,7)
[15:50:46.525 INFO]: Coyote(28) is moving NE from (2, 2) to (1,3)
[15:50:46.525 INFO]: Coyote(36) is moving N from (6, 8) to (5,8)
[15:50:46.525 WARN]: Coyote(36) just ate RoadRunner(15) at cell (5,8)
[15:50:46.526 INFO]: Coyote(35) is moving E from (3, 0) to (3,1)
[15:50:46.526 INFO]: RoadRunner(8) is moving E from (6, 1) to (6,2)
[15:50:46.526 INFO]: Coyote(34) is moving W from (0, 2) to (0,1)
[15:50:46.526 INFO]: Coyote(33) is moving N from (8, 6) to (7,6)
[15:50:46.527 INFO]: Coyote(19) is moving NW from (4, 3) to (3,2)
[15:50:46.527 INFO]: RoadRunner is attempting to run away from 2 Coyotes!
[15:50:46.527 INFO]: RoadRunner is attempting to run away from 2 Coyotes!
[15:50:46.527 INFO]: RoadRunner(13) is moving NW from (5, 7) to (4,6)
[15:50:46.527 INFO]: Coyote(22) is moving SW from (5, 3) to (6,2)
[15:50:46.528 WARN]: Coyote(22) just ate RoadRunner(8) at cell (6,2)
[15:50:46.528 INFO]: Coyote(21) is moving W from (3, 9) to (3,8)
[15:50:46.528 WARN]: Coyote(21) just ate RoadRunner(11) at cell (3,8)
[15:50:46.528 INFO]: RoadRunner(14) is moving W from (8, 1) to (8,0)
[15:50:46.529 INFO]: Coyote(29) is moving NW from (4, 1) to (3,0)
[15:50:46.534 INFO]: 
[15:50:46.534 INFO]: Coyotes Left: 20
[15:50:46.534 INFO]: RoadRunners Left: 8
[15:50:46.752 INFO]: 
[15:50:46.752 INFO]: 
[15:50:46.753 INFO]: ########## Age 1 ##########
[15:50:46.753 INFO]: 
[15:50:46.753 INFO]: 
[15:50:46.754 INFO]: RoadRunner is attempting to run away from 1 Coyotes!
[15:50:46.754 INFO]: RoadRunner(12) is moving S from (7, 1) to (8,1)
[15:50:46.755 INFO]: Coyote(28) is moving NE from (1, 3) to (0,4)
[15:50:46.755 WARN]: Coyote(28) just ate RoadRunner(4) at cell (0,4)
[15:50:46.755 INFO]: RoadRunner is attempting to run away from 1 Coyotes!
[15:50:46.756 INFO]: RoadRunner(7) is moving NW from (5, 5) to (4,4)
[15:50:46.756 INFO]: RoadRunner(16) is moving N from (9, 4) to (8,4)
[15:50:46.756 INFO]: Coyote(26) is moving NW from (1, 1) to (0,0)
[15:50:46.756 WARN]: Coyote(26) just ate RoadRunner(17) at cell (0,0)
[15:50:46.757 INFO]: RoadRunner is attempting to run away from 2 Coyotes!
[15:50:46.757 INFO]: RoadRunner(13) is moving SE from (4, 6) to (5,7)
[15:50:46.757 INFO]: Coyote(27) is moving N from (6, 7) to (5,7)
[15:50:46.757 WARN]: Coyote(27) just ate RoadRunner(13) at cell (5,7)
[15:50:46.757 INFO]: Coyote(22) is moving NW from (6, 2) to (5,1)
[15:50:46.758 INFO]: Coyote(19) is moving S from (3, 2) to (4,2)
[15:50:46.758 INFO]: RoadRunner is attempting to run away from 4 Coyotes!
[15:50:46.758 INFO]: RoadRunner(0) is moving W from (4, 7) to (4,6)
[15:50:46.758 INFO]: Coyote(23) is moving NW from (7, 8) to (6,7)
[15:50:46.759 INFO]: Coyote(32) is moving NW from (7, 7) to (6,6)
[15:50:46.759 INFO]: Coyote(29) is moving SE from (3, 0) to (4,1)
[15:50:46.759 INFO]: Coyote(18) is moving SW from (3, 7) to (4,6)
[15:50:46.759 WARN]: Coyote(18) just ate RoadRunner(0) at cell (4,6)
[15:50:46.760 INFO]: Coyote(24) is moving W from (2, 5) to (2,4)
[15:50:46.760 INFO]: Coyote(37) is moving NW from (6, 5) to (5,4)
[15:50:46.760 INFO]: Coyote(25) is moving SW from (3, 5) to (4,4)
[15:50:46.760 WARN]: Coyote(25) just ate RoadRunner(7) at cell (4,4)
[15:50:46.760 INFO]: RoadRunner(14) is moving S from (8, 0) to (9,0)
[15:50:46.760 INFO]: Coyote(21) is moving E from (3, 8) to (3,9)
[15:50:46.761 INFO]: Coyote(30) is moving E from (0, 8) to (0,9)
[15:50:46.761 INFO]: Coyote(31) is moving S from (7, 4) to (8,4)
[15:50:46.761 WARN]: Coyote(31) just ate RoadRunner(16) at cell (8,4)
[15:50:46.761 INFO]: Coyote(20) is moving N from (2, 9) to (1,9)
[15:50:46.762 INFO]: Coyote(36) is moving SE from (5, 8) to (6,9)
[15:50:46.762 INFO]: Coyote(34) is moving E from (0, 1) to (0,2)
[15:50:46.762 INFO]: Coyote(33) is moving W from (7, 6) to (7,5)
[15:50:46.762 INFO]: Coyote(35) is moving W from (3, 1) to (3,0)
[15:50:46.762 INFO]: 
[15:50:46.762 INFO]: Coyotes Left: 20
[15:50:46.763 INFO]: RoadRunners Left: 2
[15:50:47.008 INFO]: 
[15:50:47.008 INFO]: 
[15:50:47.008 INFO]: ########## Age 2 ##########
[15:50:47.008 INFO]: 
[15:50:47.009 INFO]: 
[15:50:47.009 INFO]: Coyote(21) is moving SW from (3, 9) to (4,8)
[15:50:47.010 INFO]: Coyote(29) is moving NE from (4, 1) to (3,2)
[15:50:47.010 INFO]: Coyote(35) is moving SE from (3, 0) to (4,1)
[15:50:47.010 INFO]: Coyote(36) is moving NW from (6, 9) to (5,8)
[15:50:47.011 INFO]: Coyote(31) is moving SE from (8, 4) to (9,5)
[15:50:47.011 INFO]: Coyote(26) is moving S from (0, 0) to (1,0)
[15:50:47.012 INFO]: Coyote(23) is moving E from (6, 7) to (6,8)
[15:50:47.012 INFO]: RoadRunner(12) is moving E from (8, 1) to (8,2)
[15:50:47.013 INFO]: Coyote(24) is moving NE from (2, 4) to (1,5)
[15:50:47.013 INFO]: Coyote(28) is moving W from (0, 4) to (0,3)
[15:50:47.014 INFO]: Coyote(32) is moving N from (6, 6) to (5,6)
[15:50:47.014 INFO]: Coyote(25) is moving SE from (4, 4) to (5,5)
[15:50:47.015 INFO]: RoadRunner(14) is moving NE from (9, 0) to (8,1)
[15:50:47.016 INFO]: Coyote(27) is moving N from (5, 7) to (4,7)
[15:50:47.017 INFO]: Coyote(19) is moving SE from (4, 2) to (5,3)
[15:50:47.017 INFO]: Coyote(34) is moving W from (0, 2) to (0,1)
[15:50:47.018 INFO]: Coyote(37) is moving S from (5, 4) to (6,4)
[15:50:47.018 INFO]: Coyote(30) is moving W from (0, 9) to (0,8)
[15:50:47.018 INFO]: Coyote(18) is moving NE from (4, 6) to (3,7)
[15:50:47.019 INFO]: Coyote(33) is moving NE from (7, 5) to (6,6)
[15:50:47.020 INFO]: Coyote(22) is moving SE from (5, 1) to (6,2)
[15:50:47.021 INFO]: Coyote(20) is moving N from (1, 9) to (0,9)
[15:50:47.022 INFO]: RoadRunner just bred a new RoadRunner at cell (7,2)
[15:50:47.022 INFO]: RoadRunner just bred a new RoadRunner at cell (7,1)
[15:50:47.022 INFO]: 
[15:50:47.023 INFO]: Coyotes Left: 20
[15:50:47.023 INFO]: RoadRunners Left: 4
[15:50:47.328 INFO]: 
[15:50:47.328 INFO]: 
[15:50:47.328 INFO]: ########## Age 3 ##########
[15:50:47.328 INFO]: 
[15:50:47.331 INFO]: 
[15:50:47.332 INFO]: Coyote(22) is moving S from (6, 2) to (7,2)
[15:50:47.332 WARN]: Coyote(22) just ate RoadRunner(38) at cell (7,2)
[15:50:47.332 INFO]: Coyote(33) is moving W from (6, 6) to (6,5)
[15:50:47.332 INFO]: Coyote(29) is moving N from (3, 2) to (2,2)
[15:50:47.333 INFO]: Coyote(35) is moving S from (4, 1) to (5,1)
[15:50:47.333 INFO]: Coyote(28) is moving SE from (0, 3) to (1,4)
[15:50:47.333 INFO]: Coyote(30) is moving SW from (0, 8) to (1,7)
[15:50:47.334 INFO]: Coyote(27) is moving S from (4, 7) to (5,7)
[15:50:47.334 INFO]: Coyote(21) is moving NE from (4, 8) to (3,9)
[15:50:47.334 INFO]: RoadRunner is attempting to run away from 1 Coyotes!
[15:50:47.334 INFO]: RoadRunner(39) is moving NW from (7, 1) to (6,0)
[15:50:47.335 INFO]: Coyote(34) is moving W from (0, 1) to (0,0)
[15:50:47.335 INFO]: Coyote(26) is moving E from (1, 0) to (1,1)
[15:50:47.335 INFO]: Coyote(23) is moving SE from (6, 8) to (7,9)
[15:50:47.336 INFO]: RoadRunner is attempting to run away from 1 Coyotes!
[15:50:47.336 INFO]: RoadRunner(14) is moving SW from (8, 1) to (9,0)
[15:50:47.336 INFO]: Coyote(20) is moving W from (0, 9) to (0,8)
[15:50:47.336 INFO]: Coyote(37) is moving W from (6, 4) to (6,3)
[15:50:47.336 INFO]: Coyote(24) is moving E from (1, 5) to (1,6)
[15:50:47.337 INFO]: RoadRunner is attempting to run away from 1 Coyotes!
[15:50:47.337 INFO]: RoadRunner(12) is moving SE from (8, 2) to (9,3)
[15:50:47.337 INFO]: Coyote(25) is moving N from (5, 5) to (4,5)
[15:50:47.337 INFO]: Coyote(32) is moving NE from (5, 6) to (4,7)
[15:50:47.337 INFO]: Coyote(31) is moving NE from (9, 5) to (8,6)
[15:50:47.337 INFO]: Coyote(18) is moving E from (3, 7) to (3,8)
[15:50:47.338 INFO]: Coyote(36) is moving SE from (5, 8) to (6,9)
[15:50:47.338 INFO]: Coyote(19) is moving W from (5, 3) to (5,2)
[15:50:47.338 INFO]: 
[15:50:47.338 INFO]: Coyotes Left: 20
[15:50:47.338 INFO]: RoadRunners Left: 3
[15:50:47.576 INFO]: 
[15:50:47.576 INFO]: 
[15:50:47.577 INFO]: ########## Age 4 ##########
[15:50:47.577 INFO]: 
[15:50:47.577 INFO]: 
[15:50:47.577 WARN]: Coyote(20) died to starvation!
[15:50:47.577 WARN]: Coyote(24) died to starvation!
[15:50:47.578 INFO]: Coyote(22) is moving S from (7, 2) to (8,2)
[15:50:47.578 INFO]: Coyote(27) is moving E from (5, 7) to (5,8)
[15:50:47.578 WARN]: Coyote(30) died to starvation!
[15:50:47.579 WARN]: Coyote(23) died to starvation!
[15:50:47.579 WARN]: Coyote(37) died to starvation!
[15:50:47.579 WARN]: Coyote(36) died to starvation!
[15:50:47.579 WARN]: Coyote(34) died to starvation!
[15:50:47.579 INFO]: Coyote(31) is moving W from (8, 6) to (8,5)
[15:50:47.579 WARN]: Coyote(32) died to starvation!
[15:50:47.579 WARN]: Coyote(21) died to starvation!
[15:50:47.580 INFO]: Coyote(26) is moving E from (1, 1) to (1,2)
[15:50:47.580 WARN]: Coyote(29) died to starvation!
[15:50:47.580 WARN]: Coyote(33) died to starvation!
[15:50:47.580 WARN]: Coyote(35) died to starvation!
[15:50:47.580 INFO]: RoadRunner(39) is moving E from (6, 0) to (6,1)
[15:50:47.580 INFO]: Coyote(28) is moving N from (1, 4) to (0,4)
[15:50:47.580 INFO]: Coyote(18) is moving NW from (3, 8) to (2,7)
[15:50:47.581 INFO]: RoadRunner(14) is moving E from (9, 0) to (9,1)
[15:50:47.581 WARN]: Coyote(19) died to starvation!
[15:50:47.581 INFO]: RoadRunner is attempting to run away from 1 Coyotes!
[15:50:47.581 INFO]: RoadRunner(12) is moving E from (9, 3) to (9,4)
[15:50:47.581 INFO]: Coyote(25) is moving NW from (4, 5) to (3,4)
[15:50:47.581 INFO]: 
[15:50:47.582 INFO]: Coyotes Left: 7
[15:50:47.582 INFO]: RoadRunners Left: 3
[15:50:47.848 INFO]: 
[15:50:47.849 INFO]: 
[15:50:47.849 INFO]: ########## Age 5 ##########
[15:50:47.849 INFO]: 
[15:50:47.849 INFO]: 
[15:50:47.849 INFO]: RoadRunner is attempting to run away from 1 Coyotes!
[15:50:47.850 INFO]: RoadRunner(12) is moving W from (9, 4) to (9,3)
[15:50:47.850 WARN]: Coyote(26) died to starvation!
[15:50:47.850 INFO]: RoadRunner is attempting to run away from 1 Coyotes!
[15:50:47.851 INFO]: RoadRunner(14) is moving W from (9, 1) to (9,0)
[15:50:47.851 WARN]: Coyote(28) died to starvation!
[15:50:47.851 WARN]: Coyote(31) died to starvation!
[15:50:47.852 WARN]: Coyote(25) died to starvation!
[15:50:47.852 INFO]: RoadRunner(39) is moving SW from (6, 1) to (7,0)
[15:50:47.852 WARN]: Coyote(18) died to starvation!
[15:50:47.852 INFO]: Coyote(22) is moving SE from (8, 2) to (9,3)
[15:50:47.853 WARN]: Coyote(22) just ate RoadRunner(12) at cell (9,3)
[15:50:47.853 WARN]: Coyote(27) died to starvation!
[15:50:47.853 INFO]: RoadRunner just bred a new RoadRunner at cell (8,0)
[15:50:47.853 INFO]: RoadRunner just bred a new RoadRunner at cell (6,0)
[15:50:47.854 INFO]: 
[15:50:47.854 INFO]: Coyotes Left: 1
[15:50:47.854 INFO]: RoadRunners Left: 4
[15:50:48.169 INFO]: 
[15:50:48.169 INFO]: 
[15:50:48.169 INFO]: ########## Age 6 ##########
[15:50:48.169 INFO]: 
[15:50:48.170 INFO]: 
[15:50:48.170 INFO]: RoadRunner(41) is moving NE from (6, 0) to (5,1)
[15:50:48.170 INFO]: RoadRunner(14) is moving NE from (9, 0) to (8,1)
[15:50:48.171 INFO]: RoadRunner(39) is moving E from (7, 0) to (7,1)
[15:50:48.171 INFO]: Coyote(22) is moving E from (9, 3) to (9,4)
[15:50:48.171 INFO]: RoadRunner(40) is moving S from (8, 0) to (9,0)
[15:50:48.172 INFO]: 
[15:50:48.172 INFO]: Coyotes Left: 1
[15:50:48.172 INFO]: RoadRunners Left: 4
[15:50:48.441 INFO]: 
[15:50:48.441 INFO]: 
[15:50:48.442 INFO]: ########## Age 7 ##########
[15:50:48.442 INFO]: 
[15:50:48.442 INFO]: 
[15:50:48.442 INFO]: RoadRunner(14) is moving SE from (8, 1) to (9,2)
[15:50:48.443 INFO]: RoadRunner(39) is moving S from (7, 1) to (8,1)
[15:50:48.443 INFO]: RoadRunner(41) is moving SE from (5, 1) to (6,2)
[15:50:48.443 INFO]: Coyote(22) is moving NW from (9, 4) to (8,3)
[15:50:48.444 INFO]: RoadRunner(40) is moving N from (9, 0) to (8,0)
[15:50:48.444 INFO]: Coyote just bred a new Coyote at cell (7,3)
[15:50:48.444 INFO]: 
[15:50:48.444 INFO]: Coyotes Left: 2
[15:50:48.445 INFO]: RoadRunners Left: 4
[15:50:48.986 INFO]: 
[15:50:48.986 INFO]: 
[15:50:48.986 INFO]: ########## Age 8 ##########
[15:50:48.986 INFO]: 
[15:50:48.987 INFO]: 
[15:50:48.987 INFO]: RoadRunner is attempting to run away from 1 Coyotes!
[15:50:48.987 INFO]: RoadRunner(14) is moving W from (9, 2) to (9,1)
[15:50:48.988 INFO]: RoadRunner(39) is moving NW from (8, 1) to (7,0)
[15:50:48.988 INFO]: RoadRunner is attempting to run away from 1 Coyotes!
[15:50:48.988 INFO]: RoadRunner(41) is moving NW from (6, 2) to (5,1)
[15:50:48.989 INFO]: RoadRunner(40) is moving S from (8, 0) to (9,0)
[15:50:48.989 INFO]: Coyote(22) is moving S from (8, 3) to (9,3)
[15:50:48.989 INFO]: Coyote(42) is moving N from (7, 3) to (6,3)
[15:50:48.989 INFO]: RoadRunner just bred a new RoadRunner at cell (8,1)
[15:50:48.989 INFO]: RoadRunner just bred a new RoadRunner at cell (6,0)
[15:50:48.990 INFO]: RoadRunner just bred a new RoadRunner at cell (4,1)
[15:50:48.990 INFO]: RoadRunner just bred a new RoadRunner at cell (8,0)
[15:50:48.990 INFO]: 
[15:50:48.990 INFO]: Coyotes Left: 2
[15:50:48.990 INFO]: RoadRunners Left: 8
[15:50:49.322 INFO]: 
[15:50:49.323 INFO]: 
[15:50:49.323 INFO]: ########## Age 9 ##########
[15:50:49.323 INFO]: 
[15:50:49.324 INFO]: 
[15:50:49.324 INFO]: RoadRunner(14) is moving NE from (9, 1) to (8,2)
[15:50:49.324 INFO]: RoadRunner(43) is moving SE from (8, 1) to (9,2)
[15:50:49.324 INFO]: RoadRunner(44) is moving N from (6, 0) to (5,0)
[15:50:49.325 INFO]: RoadRunner(39) is moving SE from (7, 0) to (8,1)
[15:50:49.325 WARN]: Coyote(22) died to starvation!
[15:50:49.325 INFO]: RoadRunner(46) is moving NE from (8, 0) to (7,1)
[15:50:49.325 INFO]: RoadRunner(40) is moving E from (9, 0) to (9,1)
[15:50:49.326 INFO]: Coyote(42) is moving SW from (6, 3) to (7,2)
[15:50:49.326 INFO]: RoadRunner(41) is moving S from (5, 1) to (6,1)
[15:50:49.326 INFO]: RoadRunner(45) is moving E from (4, 1) to (4,2)
[15:50:49.326 INFO]: 
[15:50:49.326 INFO]: Coyotes Left: 1
[15:50:49.326 INFO]: RoadRunners Left: 8
[15:50:49.763 INFO]: 
[15:50:49.763 INFO]: 
[15:50:49.764 INFO]: ########## Age 10 ##########
[15:50:49.764 INFO]: 
[15:50:49.764 INFO]: 
[15:50:49.764 INFO]: RoadRunner(43) is moving NE from (9, 2) to (8,3)
[15:50:49.764 INFO]: RoadRunner is attempting to run away from 1 Coyotes!
[15:50:49.765 INFO]: RoadRunner(41) is moving N from (6, 1) to (5,1)
[15:50:49.765 INFO]: RoadRunner(44) is moving NE from (5, 0) to (4,1)
[15:50:49.765 INFO]: RoadRunner is attempting to run away from 1 Coyotes!
[15:50:49.766 INFO]: RoadRunner(39) is moving SW from (8, 1) to (9,0)
[15:50:49.766 INFO]: Coyote(42) is moving S from (7, 2) to (8,2)
[15:50:49.766 WARN]: Coyote(42) just ate RoadRunner(14) at cell (8,2)
[15:50:49.766 INFO]: RoadRunner(45) is moving SE from (4, 2) to (5,3)
[15:50:49.766 INFO]: RoadRunner is attempting to run away from 1 Coyotes!
[15:50:49.767 INFO]: RoadRunner(46) is moving NW from (7, 1) to (6,0)
[15:50:49.767 INFO]: RoadRunner is attempting to run away from 1 Coyotes!
[15:50:49.767 INFO]: RoadRunner(40) is moving NW from (9, 1) to (8,0)
[15:50:49.767 INFO]: 
[15:50:49.767 INFO]: Coyotes Left: 1
[15:50:49.767 INFO]: RoadRunners Left: 7
[15:50:50.187 INFO]: 
[15:50:50.188 INFO]: 
[15:50:50.188 INFO]: ########## Age 11 ##########
[15:50:50.188 INFO]: 
[15:50:50.188 INFO]: 
[15:50:50.189 INFO]: Coyote(42) is moving E from (8, 2) to (8,3)
[15:50:50.189 WARN]: Coyote(42) just ate RoadRunner(43) at cell (8,3)
[15:50:50.190 INFO]: RoadRunner(39) is moving NE from (9, 0) to (8,1)
[15:50:50.190 INFO]: RoadRunner(40) is moving N from (8, 0) to (7,0)
[15:50:50.190 INFO]: RoadRunner(46) is moving SE from (6, 0) to (7,1)
[15:50:50.190 INFO]: RoadRunner(41) is moving E from (5, 1) to (5,2)
[15:50:50.191 INFO]: RoadRunner(45) is moving SW from (5, 3) to (6,2)
[15:50:50.191 INFO]: RoadRunner(44) is moving S from (4, 1) to (5,1)
[15:50:50.191 INFO]: RoadRunner just bred a new RoadRunner at cell (7,2)
[15:50:50.191 INFO]: RoadRunner just bred a new RoadRunner at cell (6,0)
[15:50:50.191 INFO]: RoadRunner just bred a new RoadRunner at cell (6,1)
[15:50:50.191 INFO]: RoadRunner just bred a new RoadRunner at cell (4,2)
[15:50:50.191 INFO]: RoadRunner just bred a new RoadRunner at cell (5,3)
[15:50:50.191 INFO]: RoadRunner just bred a new RoadRunner at cell (4,1)
[15:50:50.192 INFO]: 
[15:50:50.192 INFO]: Coyotes Left: 1
[15:50:50.192 INFO]: RoadRunners Left: 12
[15:50:50.596 INFO]: 
[15:50:50.596 INFO]: 
[15:50:50.597 INFO]: ########## Age 12 ##########
[15:50:50.597 INFO]: 
[15:50:50.597 INFO]: 
[15:50:50.597 INFO]: RoadRunner(40) is moving S from (7, 0) to (8,0)
[15:50:50.598 INFO]: RoadRunner(48) is moving S from (6, 0) to (7,0)
[15:50:50.598 INFO]: RoadRunner(49) is moving NW from (6, 1) to (5,0)
[15:50:50.599 INFO]: RoadRunner(50) is moving N from (4, 2) to (3,2)
[15:50:50.599 INFO]: RoadRunner is attempting to run away from 1 Coyotes!
[15:50:50.599 INFO]: RoadRunner(47) is moving NW from (7, 2) to (6,1)
[15:50:50.599 INFO]: RoadRunner(45) is moving E from (6, 2) to (6,3)
[15:50:50.599 INFO]: RoadRunner(52) is moving NW from (4, 1) to (3,0)
[15:50:50.599 INFO]: RoadRunner(51) is moving N from (5, 3) to (4,3)
[15:50:50.600 INFO]: RoadRunner(44) is moving NE from (5, 1) to (4,2)
[15:50:50.600 INFO]: Coyote(42) is moving SE from (8, 3) to (9,4)
[15:50:50.600 INFO]: RoadRunner(46) is moving SE from (7, 1) to (8,2)
[15:50:50.600 INFO]: RoadRunner(41) is moving W from (5, 2) to (5,1)
[15:50:50.600 INFO]: RoadRunner(39) is moving NE from (8, 1) to (7,2)
[15:50:50.600 INFO]: 
[15:50:50.600 INFO]: Coyotes Left: 1
[15:50:50.600 INFO]: RoadRunners Left: 12
[15:50:50.997 INFO]: 
[15:50:50.998 INFO]: 
[15:50:50.998 INFO]: ########## Age 13 ##########
[15:50:50.998 INFO]: 
[15:50:50.998 INFO]: 
[15:50:50.999 INFO]: RoadRunner(41) is moving N from (5, 1) to (4,1)
[15:50:50.999 INFO]: RoadRunner(49) is moving S from (5, 0) to (6,0)
[15:50:51.000 INFO]: RoadRunner(45) is moving W from (6, 3) to (6,2)
[15:50:51.000 INFO]: RoadRunner(52) is moving S from (3, 0) to (4,0)
[15:50:51.000 INFO]: RoadRunner(44) is moving SW from (4, 2) to (5,1)
[15:50:51.000 INFO]: RoadRunner(48) is moving E from (7, 0) to (7,1)
[15:50:51.000 INFO]: RoadRunner(51) is moving SE from (4, 3) to (5,4)
[15:50:51.000 INFO]: RoadRunner(39) is moving SW from (7, 2) to (8,1)
[15:50:51.000 INFO]: RoadRunner(47) is moving NE from (6, 1) to (5,2)
[15:50:51.001 INFO]: RoadRunner(50) is moving E from (3, 2) to (3,3)
[15:50:51.001 INFO]: RoadRunner(46) is moving S from (8, 2) to (9,2)
[15:50:51.001 INFO]: Coyote(42) is moving W from (9, 4) to (9,3)
[15:50:51.001 INFO]: RoadRunner(40) is moving N from (8, 0) to (7,0)
[15:50:51.002 INFO]: 
[15:50:51.002 INFO]: Coyotes Left: 1
[15:50:51.002 INFO]: RoadRunners Left: 12
[15:50:51.389 INFO]: 
[15:50:51.390 INFO]: 
[15:50:51.390 INFO]: ########## Age 14 ##########
[15:50:51.390 INFO]: 
[15:50:51.390 INFO]: 
[15:50:51.390 INFO]: Coyote(42) is moving W from (9, 3) to (9,2)
[15:50:51.391 WARN]: Coyote(42) just ate RoadRunner(46) at cell (9,2)
[15:50:51.391 INFO]: RoadRunner(52) is moving NE from (4, 0) to (3,1)
[15:50:51.391 INFO]: RoadRunner(40) is moving NE from (7, 0) to (6,1)
[15:50:51.391 INFO]: RoadRunner(41) is moving W from (4, 1) to (4,0)
[15:50:51.392 INFO]: RoadRunner(49) is moving N from (6, 0) to (5,0)
[15:50:51.392 INFO]: RoadRunner(48) is moving NW from (7, 1) to (6,0)
[15:50:51.392 INFO]: RoadRunner(50) is moving NW from (3, 3) to (2,2)
[15:50:51.392 INFO]: RoadRunner(51) is moving NE from (5, 4) to (4,5)
[15:50:51.392 INFO]: RoadRunner(47) is moving N from (5, 2) to (4,2)
[15:50:51.392 INFO]: RoadRunner is attempting to run away from 1 Coyotes!
[15:50:51.393 INFO]: RoadRunner(39) is moving NW from (8, 1) to (7,0)
[15:50:51.393 INFO]: RoadRunner(45) is moving SE from (6, 2) to (7,3)
[15:50:51.393 INFO]: RoadRunner(44) is moving SE from (5, 1) to (6,2)
[15:50:51.393 INFO]: RoadRunner just bred a new RoadRunner at cell (2,1)
[15:50:51.393 INFO]: RoadRunner just bred a new RoadRunner at cell (5,1)
[15:50:51.393 INFO]: RoadRunner just bred a new RoadRunner at cell (3,0)
[15:50:51.393 INFO]: RoadRunner just bred a new RoadRunner at cell (4,1)
[15:50:51.394 INFO]: RoadRunner just bred a new RoadRunner at cell (7,1)
[15:50:51.394 INFO]: RoadRunner just bred a new RoadRunner at cell (1,2)
[15:50:51.394 INFO]: RoadRunner just bred a new RoadRunner at cell (3,5)
[15:50:51.394 INFO]: RoadRunner just bred a new RoadRunner at cell (3,2)
[15:50:51.394 INFO]: RoadRunner just bred a new RoadRunner at cell (8,0)
[15:50:51.394 INFO]: RoadRunner just bred a new RoadRunner at cell (6,3)
[15:50:51.394 INFO]: RoadRunner just bred a new RoadRunner at cell (5,2)
[15:50:51.394 INFO]: 
[15:50:51.394 INFO]: Coyotes Left: 1
[15:50:51.394 INFO]: RoadRunners Left: 22
[15:50:51.822 INFO]: 
[15:50:51.822 INFO]: 
[15:50:51.822 INFO]: ########## Age 15 ##########
[15:50:51.823 INFO]: 
[15:50:51.823 INFO]: 
[15:50:51.823 INFO]: RoadRunner(61) is moving S from (8, 0) to (9,0)
[15:50:51.824 INFO]: RoadRunner(62) is moving NE from (6, 3) to (5,4)
[15:50:51.824 INFO]: RoadRunner(45) is moving NE from (7, 3) to (6,4)
[15:50:51.824 INFO]: RoadRunner(47) is moving E from (4, 2) to (4,3)
[15:50:51.825 INFO]: RoadRunner(63) is moving N from (5, 2) to (4,2)
[15:50:51.825 INFO]: RoadRunner(40) is moving NE from (6, 1) to (5,2)
[15:50:51.825 INFO]: RoadRunner(60) is moving NE from (3, 2) to (2,3)
[15:50:51.825 INFO]: RoadRunner(44) is moving W from (6, 2) to (6,1)
[15:50:51.825 INFO]: RoadRunner(51) is moving SE from (4, 5) to (5,6)
[15:50:51.825 INFO]: RoadRunner(54) is moving SE from (5, 1) to (6,2)
[15:50:51.826 INFO]: RoadRunner(41) is moving SE from (4, 0) to (5,1)
[15:50:51.826 INFO]: RoadRunner(58) is moving NW from (1, 2) to (0,1)
[15:50:51.826 INFO]: RoadRunner(39) is moving SE from (7, 0) to (8,1)
[15:50:51.826 INFO]: Coyote(42) is moving NW from (9, 2) to (8,1)
[15:50:51.826 WARN]: Coyote(42) just ate RoadRunner(39) at cell (8,1)
[15:50:51.826 INFO]: RoadRunner(55) is moving S from (3, 0) to (4,0)
[15:50:51.826 INFO]: RoadRunner is attempting to run away from 1 Coyotes!
[15:50:51.826 INFO]: RoadRunner(57) is moving E from (7, 1) to (7,2)
[15:50:51.827 INFO]: RoadRunner(59) is moving E from (3, 5) to (3,6)
[15:50:51.827 INFO]: RoadRunner(50) is moving N from (2, 2) to (1,2)
[15:50:51.827 INFO]: RoadRunner(53) is moving NW from (2, 1) to (1,0)
[15:50:51.827 INFO]: RoadRunner(56) is moving NW from (4, 1) to (3,0)
[15:50:51.827 INFO]: RoadRunner(52) is moving N from (3, 1) to (2,1)
[15:50:51.827 INFO]: RoadRunner(48) is moving S from (6, 0) to (7,0)
[15:50:51.827 INFO]: Coyote just bred a new Coyote at cell (7,1)
[15:50:51.828 INFO]: 
[15:50:51.828 INFO]: Coyotes Left: 2
[15:50:51.828 INFO]: RoadRunners Left: 21
[15:50:52.118 INFO]: 
[15:50:52.119 INFO]: 
[15:50:52.119 INFO]: ########## Age 16 ##########
[15:50:52.119 INFO]: 
[15:50:52.119 INFO]: 
[15:50:52.119 INFO]: RoadRunner(52) is moving SE from (2, 1) to (3,2)
[15:50:52.120 INFO]: RoadRunner is attempting to run away from 1 Coyotes!
[15:50:52.120 INFO]: RoadRunner(61) is moving N from (9, 0) to (8,0)
[15:50:52.120 INFO]: RoadRunner(55) is moving NE from (4, 0) to (3,1)
[15:50:52.120 INFO]: RoadRunner(60) is moving S from (2, 3) to (3,3)
[15:50:52.120 INFO]: RoadRunner(62) is moving NE from (5, 4) to (4,5)
[15:50:52.121 INFO]: RoadRunner(53) is moving N from (1, 0) to (0,0)
[15:50:52.121 INFO]: RoadRunner(41) is moving NW from (5, 1) to (4,0)
[15:50:52.121 INFO]: RoadRunner(47) is moving SE from (4, 3) to (5,4)
[15:50:52.121 INFO]: RoadRunner(45) is moving W from (6, 4) to (6,3)
[15:50:52.121 INFO]: RoadRunner(56) is moving SE from (3, 0) to (4,1)
[15:50:52.121 INFO]: RoadRunner(49) is moving E from (5, 0) to (5,1)
[15:50:52.122 INFO]: RoadRunner is attempting to run away from 1 Coyotes!
[15:50:52.122 INFO]: RoadRunner(44) is moving NW from (6, 1) to (5,0)
[15:50:52.122 INFO]: Coyote(42) is moving NE from (8, 1) to (7,2)
[15:50:52.122 WARN]: Coyote(42) just ate RoadRunner(57) at cell (7,2)
[15:50:52.122 INFO]: RoadRunner(63) is moving E from (4, 2) to (4,3)
[15:50:52.122 INFO]: RoadRunner(50) is moving NE from (1, 2) to (0,3)
[15:50:52.122 INFO]: RoadRunner is attempting to run away from 1 Coyotes!
[15:50:52.122 INFO]: RoadRunner(48) is moving N from (7, 0) to (6,0)
[15:50:52.122 INFO]: RoadRunner(59) is moving N from (3, 6) to (2,6)
[15:50:52.123 INFO]: RoadRunner(40) is moving E from (5, 2) to (5,3)
[15:50:52.123 INFO]: RoadRunner is attempting to run away from 2 Coyotes!
[15:50:52.123 INFO]: RoadRunner(54) is moving N from (6, 2) to (5,2)
[15:50:52.123 INFO]: RoadRunner(51) is moving SE from (5, 6) to (6,7)
[15:50:52.123 INFO]: RoadRunner(58) is moving E from (0, 1) to (0,2)
[15:50:52.123 INFO]: Coyote(64) is moving NW from (7, 1) to (6,0)
[15:50:52.123 WARN]: Coyote(64) just ate RoadRunner(48) at cell (6,0)
[15:50:52.124 INFO]: 
[15:50:52.124 INFO]: Coyotes Left: 2
[15:50:52.124 INFO]: RoadRunners Left: 19
[15:50:52.309 INFO]: 
[15:50:52.310 INFO]: 
[15:50:52.310 INFO]: ########## Age 17 ##########
[15:50:52.310 INFO]: 
[15:50:52.310 INFO]: 
[15:50:52.310 INFO]: RoadRunner(51) is moving SE from (6, 7) to (7,8)
[15:50:52.311 INFO]: RoadRunner(53) is moving S from (0, 0) to (1,0)
[15:50:52.311 INFO]: RoadRunner is attempting to run away from 1 Coyotes!
[15:50:52.311 INFO]: RoadRunner(49) is moving NE from (5, 1) to (4,2)
[15:50:52.311 INFO]: RoadRunner(47) is moving N from (5, 4) to (4,4)
[15:50:52.311 INFO]: Coyote(64) is moving N from (6, 0) to (5,0)
[15:50:52.311 WARN]: Coyote(64) just ate RoadRunner(44) at cell (5,0)
[15:50:52.311 INFO]: RoadRunner is attempting to run away from 1 Coyotes!
[15:50:52.311 INFO]: RoadRunner(56) is moving NW from (4, 1) to (3,0)
[15:50:52.312 INFO]: RoadRunner(40) is moving E from (5, 3) to (5,4)
[15:50:52.312 INFO]: RoadRunner(62) is moving NW from (4, 5) to (3,4)
[15:50:52.312 INFO]: RoadRunner(61) is moving N from (8, 0) to (7,0)
[15:50:52.312 INFO]: RoadRunner(59) is moving N from (2, 6) to (1,6)
[15:50:52.312 INFO]: RoadRunner(58) is moving SW from (0, 2) to (1,1)
[15:50:52.312 INFO]: RoadRunner(55) is moving NE from (3, 1) to (2,2)
[15:50:52.312 INFO]: RoadRunner(52) is moving NW from (3, 2) to (2,1)
[15:50:52.313 INFO]: Coyote(42) is moving NE from (7, 2) to (6,3)
[15:50:52.313 WARN]: Coyote(42) just ate RoadRunner(45) at cell (6,3)
[15:50:52.313 INFO]: RoadRunner is attempting to run away from 1 Coyotes!
[15:50:52.313 INFO]: RoadRunner(54) is moving NW from (5, 2) to (4,1)
[15:50:52.313 INFO]: RoadRunner(63) is moving SW from (4, 3) to (5,2)
[15:50:52.313 INFO]: RoadRunner is attempting to run away from 1 Coyotes!
[15:50:52.314 INFO]: RoadRunner(41) is moving NE from (4, 0) to (3,1)
[15:50:52.314 INFO]: RoadRunner(50) is moving W from (0, 3) to (0,2)
[15:50:52.314 INFO]: RoadRunner(60) is moving N from (3, 3) to (2,3)
[15:50:52.314 INFO]: RoadRunner just bred a new RoadRunner at cell (6,8)
[15:50:52.314 INFO]: RoadRunner just bred a new RoadRunner at cell (0,0)
[15:50:52.314 INFO]: RoadRunner just bred a new RoadRunner at cell (3,2)
[15:50:52.314 INFO]: RoadRunner just bred a new RoadRunner at cell (3,5)
[15:50:52.315 INFO]: RoadRunner just bred a new RoadRunner at cell (2,0)
[15:50:52.315 INFO]: RoadRunner just bred a new RoadRunner at cell (4,5)
[15:50:52.315 INFO]: RoadRunner just bred a new RoadRunner at cell (2,4)
[15:50:52.315 INFO]: RoadRunner just bred a new RoadRunner at cell (6,0)
[15:50:52.316 INFO]: RoadRunner just bred a new RoadRunner at cell (0,6)
[15:50:52.316 INFO]: RoadRunner just bred a new RoadRunner at cell (0,1)
[15:50:52.316 INFO]: RoadRunner just bred a new RoadRunner at cell (1,2)
[15:50:52.316 INFO]: RoadRunner just bred a new RoadRunner at cell (5,1)
[15:50:52.316 INFO]: RoadRunner just bred a new RoadRunner at cell (4,3)
[15:50:52.317 INFO]: RoadRunner just bred a new RoadRunner at cell (4,0)
[15:50:52.317 INFO]: RoadRunner just bred a new RoadRunner at cell (1,3)
[15:50:52.317 INFO]: RoadRunner just bred a new RoadRunner at cell (1,4)
[15:50:52.317 INFO]: 
[15:50:52.317 INFO]: Coyotes Left: 2
[15:50:52.317 INFO]: RoadRunners Left: 33
[15:50:52.487 INFO]: 
[15:50:52.487 INFO]: 
[15:50:52.487 INFO]: ########## Age 18 ##########
[15:50:52.487 INFO]: 
[15:50:52.487 INFO]: 
[15:50:52.487 INFO]: RoadRunner is attempting to run away from 1 Coyotes!
[15:50:52.488 INFO]: RoadRunner(40) is moving E from (5, 4) to (5,5)
[15:50:52.488 INFO]: RoadRunner(47) is moving S from (4, 4) to (5,4)
[15:50:52.489 INFO]: RoadRunner(77) is moving N from (4, 3) to (3,3)
[15:50:52.489 INFO]: RoadRunner is attempting to run away from 1 Coyotes!
[15:50:52.489 INFO]: Coyote(42) is moving NE from (6, 3) to (5,4)
[15:50:52.489 WARN]: Coyote(42) just ate RoadRunner(47) at cell (5,4)
[15:50:52.489 INFO]: RoadRunner is attempting to run away from 1 Coyotes!
[15:50:52.490 INFO]: RoadRunner(72) is moving SE from (6, 0) to (7,1)
[15:50:52.490 INFO]: RoadRunner(71) is moving NE from (2, 4) to (1,5)
[15:50:52.490 INFO]: RoadRunner(51) is moving SW from (7, 8) to (8,7)
[15:50:52.490 INFO]: RoadRunner is attempting to run away from 1 Coyotes!
[15:50:52.490 INFO]: RoadRunner(70) is moving NE from (4, 5) to (3,6)
[15:50:52.490 INFO]: RoadRunner(68) is moving NW from (3, 5) to (2,4)
[15:50:52.490 INFO]: RoadRunner(65) is moving SW from (6, 8) to (7,7)
[15:50:52.491 INFO]: RoadRunner(59) is moving S from (1, 6) to (2,6)
[15:50:52.491 INFO]: RoadRunner(79) is moving NE from (1, 3) to (0,4)
[15:50:52.491 INFO]: RoadRunner(50) is moving E from (0, 2) to (0,3)
[15:50:52.491 INFO]: RoadRunner(49) is moving SE from (4, 2) to (5,3)
[15:50:52.491 INFO]: RoadRunner is attempting to run away from 1 Coyotes!
[15:50:52.491 INFO]: RoadRunner(54) is moving E from (4, 1) to (4,2)
[15:50:52.491 INFO]: RoadRunner is attempting to run away from 1 Coyotes!
[15:50:52.491 INFO]: RoadRunner(76) is moving SE from (5, 1) to (6,2)
[15:50:52.491 INFO]: RoadRunner(55) is moving NE from (2, 2) to (1,3)
[15:50:52.491 INFO]: RoadRunner(41) is moving NE from (3, 1) to (2,2)
[15:50:52.492 INFO]: RoadRunner(73) is moving W from (0, 6) to (0,5)
[15:50:52.492 INFO]: RoadRunner(56) is moving E from (3, 0) to (3,1)
[15:50:52.492 INFO]: RoadRunner(63) is moving NE from (5, 2) to (4,3)
[15:50:52.492 INFO]: RoadRunner(75) is moving N from (1, 2) to (0,2)
[15:50:52.492 INFO]: RoadRunner(67) is moving SW from (3, 2) to (4,1)
[15:50:52.492 INFO]: RoadRunner(80) is moving SE from (1, 4) to (2,5)
[15:50:52.492 INFO]: RoadRunner(62) is moving S from (3, 4) to (4,4)
[15:50:52.492 INFO]: Coyote(64) is moving N from (5, 0) to (4,0)
[15:50:52.492 WARN]: Coyote(64) just ate RoadRunner(78) at cell (4,0)
[15:50:52.492 INFO]: RoadRunner(61) is moving NE from (7, 0) to (6,1)
[15:50:52.492 INFO]: RoadRunner(74) is moving SE from (0, 1) to (1,2)
[15:50:52.492 INFO]: 
[15:50:52.493 INFO]: Coyotes Left: 2
[15:50:52.493 INFO]: RoadRunners Left: 31
[15:50:52.663 INFO]: 
[15:50:52.663 INFO]: 
[15:50:52.663 INFO]: ########## Age 19 ##########
[15:50:52.663 INFO]: 
[15:50:52.663 INFO]: 
[15:50:52.664 INFO]: RoadRunner(66) is moving E from (0, 0) to (0,1)
[15:50:52.664 INFO]: RoadRunner(58) is moving NW from (1, 1) to (0,0)
[15:50:52.664 INFO]: RoadRunner(75) is moving SW from (0, 2) to (1,1)
[15:50:52.664 INFO]: RoadRunner(41) is moving S from (2, 2) to (3,2)
[15:50:52.664 INFO]: RoadRunner(70) is moving W from (3, 6) to (3,5)
[15:50:52.664 INFO]: RoadRunner(55) is moving E from (1, 3) to (1,4)
[15:50:52.665 INFO]: RoadRunner(69) is moving S from (2, 0) to (3,0)
[15:50:52.665 INFO]: RoadRunner(72) is moving E from (7, 1) to (7,2)
[15:50:52.665 INFO]: RoadRunner(61) is moving SW from (6, 1) to (7,0)
[15:50:52.665 INFO]: RoadRunner is attempting to run away from 1 Coyotes!
[15:50:52.665 INFO]: RoadRunner(63) is moving NE from (4, 3) to (3,4)
[15:50:52.665 INFO]: RoadRunner is attempting to run away from 1 Coyotes!
[15:50:52.666 INFO]: RoadRunner(67) is moving SE from (4, 1) to (5,2)
[15:50:52.666 INFO]: RoadRunner(76) is moving NW from (6, 2) to (5,1)
[15:50:52.666 INFO]: RoadRunner is attempting to run away from 1 Coyotes!
[15:50:52.666 INFO]: RoadRunner(40) is moving NE from (5, 5) to (4,6)
[15:50:52.666 INFO]: RoadRunner(73) is moving E from (0, 5) to (0,6)
[15:50:52.666 INFO]: RoadRunner(71) is moving N from (1, 5) to (0,5)
[15:50:52.666 INFO]: RoadRunner(50) is moving S from (0, 3) to (1,3)
[15:50:52.666 INFO]: RoadRunner is attempting to run away from 1 Coyotes!
[15:50:52.667 INFO]: RoadRunner(62) is moving E from (4, 4) to (4,5)
[15:50:52.667 INFO]: RoadRunner is attempting to run away from 1 Coyotes!
[15:50:52.667 INFO]: RoadRunner(56) is moving NE from (3, 1) to (2,2)
[15:50:52.667 INFO]: Coyote(64) is moving N from (4, 0) to (3,0)
[15:50:52.667 WARN]: Coyote(64) just ate RoadRunner(69) at cell (3,0)
[15:50:52.667 INFO]: RoadRunner(79) is moving SE from (0, 4) to (1,5)
[15:50:52.667 INFO]: RoadRunner(74) is moving NE from (1, 2) to (0,3)
[15:50:52.667 INFO]: RoadRunner is attempting to run away from 1 Coyotes!
[15:50:52.667 INFO]: RoadRunner(52) is moving NE from (2, 1) to (1,2)
[15:50:52.667 INFO]: RoadRunner(80) is moving SE from (2, 5) to (3,6)
[15:50:52.667 INFO]: RoadRunner(54) is moving W from (4, 2) to (4,1)
[15:50:52.667 INFO]: RoadRunner is attempting to run away from 1 Coyotes!
[15:50:52.668 INFO]: RoadRunner(49) is moving NW from (5, 3) to (4,2)
[15:50:52.668 INFO]: RoadRunner(59) is moving SE from (2, 6) to (3,7)
[15:50:52.668 INFO]: RoadRunner(77) is moving SE from (3, 3) to (4,4)
[15:50:52.668 INFO]: RoadRunner(65) is moving E from (7, 7) to (7,8)
[15:50:52.668 INFO]: RoadRunner(51) is moving SE from (8, 7) to (9,8)
[15:50:52.668 INFO]: Coyote(42) is moving N from (5, 4) to (4,4)
[15:50:52.668 WARN]: Coyote(42) just ate RoadRunner(77) at cell (4,4)
[15:50:52.668 INFO]: 
[15:50:52.668 INFO]: Coyotes Left: 2
[15:50:52.668 INFO]: RoadRunners Left: 29
[15:50:52.845 INFO]: 
[15:50:52.845 INFO]: 
[15:50:52.845 INFO]: ########## Age 20 ##########
[15:50:52.845 INFO]: 
[15:50:52.845 INFO]: 
[15:50:52.845 INFO]: RoadRunner(80) is moving SE from (3, 6) to (4,7)
[15:50:52.846 INFO]: RoadRunner is attempting to run away from 1 Coyotes!
[15:50:52.846 INFO]: RoadRunner(63) is moving NE from (3, 4) to (2,5)
[15:50:52.846 INFO]: RoadRunner(67) is moving E from (5, 2) to (5,3)
[15:50:52.846 INFO]: RoadRunner is attempting to run away from 1 Coyotes!
[15:50:52.846 INFO]: RoadRunner(70) is moving NE from (3, 5) to (2,6)
[15:50:52.846 INFO]: RoadRunner(71) is moving W from (0, 5) to (0,4)
[15:50:52.846 INFO]: RoadRunner(79) is moving E from (1, 5) to (1,6)
[15:50:52.846 INFO]: RoadRunner(76) is moving W from (5, 1) to (5,0)
[15:50:52.846 INFO]: RoadRunner(74) is moving W from (0, 3) to (0,2)
[15:50:52.846 INFO]: RoadRunner(52) is moving SW from (1, 2) to (2,1)
[15:50:52.846 INFO]: RoadRunner(55) is moving NW from (1, 4) to (0,3)
[15:50:52.847 INFO]: RoadRunner is attempting to run away from 1 Coyotes!
[15:50:52.847 INFO]: RoadRunner(54) is moving SE from (4, 1) to (5,2)
[15:50:52.847 INFO]: Coyote(42) is moving SW from (4, 4) to (5,3)
[15:50:52.847 WARN]: Coyote(42) just ate RoadRunner(67) at cell (5,3)
[15:50:52.847 INFO]: RoadRunner(53) is moving S from (1, 0) to (2,0)
[15:50:52.847 INFO]: RoadRunner(50) is moving W from (1, 3) to (1,2)
[15:50:52.847 INFO]: RoadRunner is attempting to run away from 1 Coyotes!
[15:50:52.847 INFO]: RoadRunner(49) is moving NW from (4, 2) to (3,1)
[15:50:52.847 INFO]: RoadRunner(73) is moving SW from (0, 6) to (1,5)
[15:50:52.847 INFO]: RoadRunner(58) is moving S from (0, 0) to (1,0)
[15:50:52.847 INFO]: Coyote(64) is moving N from (3, 0) to (2,0)
[15:50:52.847 WARN]: Coyote(64) just ate RoadRunner(53) at cell (2,0)
[15:50:52.848 INFO]: RoadRunner(56) is moving SE from (2, 2) to (3,3)
[15:50:52.848 INFO]: RoadRunner is attempting to run away from 1 Coyotes!
[15:50:52.848 INFO]: RoadRunner(75) is moving NW from (1, 1) to (0,0)
[15:50:52.848 INFO]: RoadRunner(59) is moving E from (3, 7) to (3,8)
[15:50:52.848 INFO]: RoadRunner(40) is moving SE from (4, 6) to (5,7)
[15:50:52.848 INFO]: RoadRunner(65) is moving N from (7, 8) to (6,8)
[15:50:52.848 INFO]: RoadRunner(62) is moving NW from (4, 5) to (3,4)
[15:50:52.848 INFO]: RoadRunner(61) is moving E from (7, 0) to (7,1)
[15:50:52.848 INFO]: RoadRunner(66) is moving S from (0, 1) to (1,1)
[15:50:52.848 INFO]: RoadRunner(51) is moving NW from (9, 8) to (8,7)
[15:50:52.848 INFO]: RoadRunner(72) is moving SW from (7, 2) to (8,1)
[15:50:52.849 INFO]: RoadRunner(41) is moving N from (3, 2) to (2,2)
[15:50:52.849 INFO]: RoadRunner(68) is moving N from (2, 4) to (1,4)
[15:50:52.849 INFO]: RoadRunner(60) is moving N from (2, 3) to (1,3)
[15:50:52.849 INFO]: RoadRunner just bred a new RoadRunner at cell (3,7)
[15:50:52.850 INFO]: RoadRunner just bred a new RoadRunner at cell (3,5)
[15:50:52.851 INFO]: RoadRunner just bred a new RoadRunner at cell (1,7)
[15:50:52.851 INFO]: RoadRunner just bred a new RoadRunner at cell (0,5)
[15:50:52.851 INFO]: RoadRunner just bred a new RoadRunner at cell (0,6)
[15:50:52.851 INFO]: RoadRunner just bred a new RoadRunner at cell (4,0)
[15:50:52.851 INFO]: RoadRunner just bred a new RoadRunner at cell (0,1)
[15:50:52.851 INFO]: RoadRunner just bred a new RoadRunner at cell (3,2)
[15:50:52.852 INFO]: RoadRunner just bred a new RoadRunner at cell (4,2)
[15:50:52.852 INFO]: RoadRunner just bred a new RoadRunner at cell (2,3)
[15:50:52.852 INFO]: RoadRunner just bred a new RoadRunner at cell (4,1)
[15:50:52.852 INFO]: RoadRunner just bred a new RoadRunner at cell (2,4)
[15:50:52.852 INFO]: RoadRunner just bred a new RoadRunner at cell (4,3)
[15:50:52.852 INFO]: RoadRunner just bred a new RoadRunner at cell (2,8)
[15:50:52.852 INFO]: RoadRunner just bred a new RoadRunner at cell (4,8)
[15:50:52.852 INFO]: RoadRunner just bred a new RoadRunner at cell (5,8)
[15:50:52.852 INFO]: RoadRunner just bred a new RoadRunner at cell (4,4)
[15:50:52.852 INFO]: RoadRunner just bred a new RoadRunner at cell (6,1)
[15:50:52.853 INFO]: RoadRunner just bred a new RoadRunner at cell (7,7)
[15:50:52.853 INFO]: RoadRunner just bred a new RoadRunner at cell (7,2)
[15:50:52.853 INFO]: 
[15:50:52.853 INFO]: Coyotes Left: 2
[15:50:52.853 INFO]: RoadRunners Left: 47
[15:50:53.031 INFO]: 
[15:50:53.031 INFO]: 
[15:50:53.031 INFO]: ########## Age 21 ##########
[15:50:53.031 INFO]: 
[15:50:53.031 INFO]: 
[15:50:53.032 INFO]: RoadRunner(80) is moving NW from (4, 7) to (3,6)
[15:50:53.032 INFO]: RoadRunner(94) is moving N from (2, 8) to (1,8)
[15:50:53.032 INFO]: RoadRunner(99) is moving E from (7, 7) to (7,8)
[15:50:53.032 INFO]: RoadRunner(95) is moving SE from (4, 8) to (5,9)
[15:50:53.032 INFO]: RoadRunner(62) is moving SE from (3, 4) to (4,5)
[15:50:53.032 INFO]: RoadRunner(96) is moving SW from (5, 8) to (6,7)
[15:50:53.032 INFO]: RoadRunner is attempting to run away from 1 Coyotes!
[15:50:53.033 INFO]: RoadRunner(70) is moving E from (2, 6) to (2,7)
[15:50:53.033 INFO]: RoadRunner(98) is moving E from (6, 1) to (6,2)
[15:50:53.033 INFO]: RoadRunner(100) is moving E from (7, 2) to (7,3)
[15:50:53.033 INFO]: RoadRunner is attempting to run away from 1 Coyotes!
[15:50:53.033 INFO]: RoadRunner(83) is moving SW from (1, 7) to (2,6)
[15:50:53.034 INFO]: RoadRunner is attempting to run away from 1 Coyotes!
[15:50:53.034 INFO]: Coyote(64) is moving N from (2, 0) to (1,0)
[15:50:53.035 WARN]: Coyote(64) just ate RoadRunner(58) at cell (1,0)
[15:50:53.035 INFO]: RoadRunner(82) is moving W from (3, 5) to (3,4)
[15:50:53.035 INFO]: RoadRunner(59) is moving NE from (3, 8) to (2,9)
[15:50:53.035 INFO]: RoadRunner(86) is moving SE from (4, 0) to (5,1)
[15:50:53.035 INFO]: RoadRunner(72) is moving W from (8, 1) to (8,0)
[15:50:53.035 INFO]: RoadRunner is attempting to run away from 1 Coyotes!
[15:50:53.035 INFO]: RoadRunner(79) is moving NE from (1, 6) to (0,7)
[15:50:53.035 INFO]: RoadRunner(85) is moving SE from (0, 6) to (1,7)
[15:50:53.036 INFO]: RoadRunner(49) is moving W from (3, 1) to (3,0)
[15:50:53.036 INFO]: RoadRunner(51) is moving S from (8, 7) to (9,7)
[15:50:53.036 INFO]: RoadRunner(65) is moving N from (6, 8) to (5,8)
[15:50:53.036 INFO]: RoadRunner(40) is moving N from (5, 7) to (4,7)
[15:50:53.036 INFO]: RoadRunner is attempting to run away from 1 Coyotes!
[15:50:53.036 INFO]: RoadRunner(89) is moving NW from (4, 2) to (3,1)
[15:50:53.036 INFO]: RoadRunner(91) is moving E from (4, 1) to (4,2)
[15:50:53.036 INFO]: RoadRunner(61) is moving SE from (7, 1) to (8,2)
[15:50:53.036 INFO]: RoadRunner(92) is moving SE from (2, 4) to (3,5)
[15:50:53.036 INFO]: RoadRunner(73) is moving NE from (1, 5) to (0,6)
[15:50:53.036 INFO]: RoadRunner(81) is moving E from (3, 7) to (3,8)
[15:50:53.036 INFO]: RoadRunner is attempting to run away from 1 Coyotes!
[15:50:53.036 INFO]: RoadRunner(54) is moving NW from (5, 2) to (4,1)
[15:50:53.036 INFO]: RoadRunner(68) is moving E from (1, 4) to (1,5)
[15:50:53.036 INFO]: RoadRunner(90) is moving E from (2, 3) to (2,4)
[15:50:53.036 INFO]: RoadRunner is attempting to run away from 1 Coyotes!
[15:50:53.037 INFO]: RoadRunner(97) is moving SE from (4, 4) to (5,5)
[15:50:53.037 INFO]: RoadRunner is attempting to run away from 1 Coyotes!
[15:50:53.037 INFO]: RoadRunner(76) is moving SE from (5, 0) to (6,1)
[15:50:53.037 INFO]: Coyote(42) is moving N from (5, 3) to (4,3)
[15:50:53.037 WARN]: Coyote(42) just ate RoadRunner(93) at cell (4,3)
[15:50:53.037 INFO]: 
[15:50:53.037 INFO]: Coyotes Left: 2
[15:50:53.037 INFO]: RoadRunners Left: 45
[15:50:53.215 INFO]: 
[15:50:53.216 INFO]: 
[15:50:53.216 INFO]: ########## Age 22 ##########
[15:50:53.216 INFO]: 
[15:50:53.216 INFO]: 
[15:50:53.216 INFO]: RoadRunner(54) is moving SW from (4, 1) to (5,0)
[15:50:53.217 INFO]: RoadRunner is attempting to run away from 1 Coyotes!
[15:50:53.217 INFO]: RoadRunner(56) is moving N from (3, 3) to (2,3)
[15:50:53.217 INFO]: RoadRunner(63) is moving NE from (2, 5) to (1,6)
[15:50:53.217 INFO]: RoadRunner(89) is moving SW from (3, 1) to (4,0)
[15:50:53.217 INFO]: RoadRunner(59) is moving S from (2, 9) to (3,9)
[15:50:53.217 INFO]: RoadRunner(81) is moving SE from (3, 8) to (4,9)
[15:50:53.217 INFO]: RoadRunner(100) is moving NE from (7, 3) to (6,4)
[15:50:53.218 INFO]: RoadRunner(49) is moving N from (3, 0) to (2,0)
[15:50:53.218 INFO]: RoadRunner(68) is moving S from (1, 5) to (2,5)
[15:50:53.218 INFO]: RoadRunner(84) is moving SW from (0, 5) to (1,4)
[15:50:53.218 INFO]: RoadRunner(86) is moving SW from (5, 1) to (6,0)
[15:50:53.218 INFO]: RoadRunner(51) is moving NW from (9, 7) to (8,6)
[15:50:53.218 INFO]: RoadRunner is attempting to run away from 1 Coyotes!
[15:50:53.219 INFO]: RoadRunner(92) is moving SW from (3, 5) to (4,4)
[15:50:53.219 INFO]: RoadRunner(76) is moving NE from (6, 1) to (5,2)
[15:50:53.219 INFO]: RoadRunner(70) is moving E from (2, 7) to (2,8)
[15:50:53.219 INFO]: RoadRunner(71) is moving E from (0, 4) to (0,5)
[15:50:53.219 INFO]: RoadRunner(80) is moving S from (3, 6) to (4,6)
[15:50:53.219 INFO]: RoadRunner(98) is moving NW from (6, 2) to (5,1)
[15:50:53.219 INFO]: RoadRunner(73) is moving SW from (0, 6) to (1,5)
[15:50:53.219 INFO]: RoadRunner is attempting to run away from 1 Coyotes!
[15:50:53.219 INFO]: RoadRunner(83) is moving E from (2, 6) to (2,7)
[15:50:53.219 INFO]: RoadRunner(61) is moving NE from (8, 2) to (7,3)
[15:50:53.220 INFO]: RoadRunner(79) is moving W from (0, 7) to (0,6)
[15:50:53.220 INFO]: RoadRunner(65) is moving SE from (5, 8) to (6,9)
[15:50:53.220 INFO]: RoadRunner(90) is moving SW from (2, 4) to (3,3)
[15:50:53.220 INFO]: RoadRunner is attempting to run away from 1 Coyotes!
[15:50:53.220 INFO]: RoadRunner(52) is moving S from (2, 1) to (3,1)
[15:50:53.220 INFO]: RoadRunner(40) is moving S from (4, 7) to (5,7)
[15:50:53.220 INFO]: RoadRunner(94) is moving NW from (1, 8) to (0,7)
[15:50:53.220 INFO]: RoadRunner(60) is moving SE from (1, 3) to (2,4)
[15:50:53.220 INFO]: Coyote(42) is moving N from (4, 3) to (3,3)
[15:50:53.220 WARN]: Coyote(42) just ate RoadRunner(90) at cell (3,3)
[15:50:53.221 INFO]: RoadRunner(96) is moving NW from (6, 7) to (5,6)
[15:50:53.221 INFO]: RoadRunner is attempting to run away from 1 Coyotes!
[15:50:53.221 INFO]: RoadRunner is attempting to run away from 1 Coyotes!
[15:50:53.221 INFO]: RoadRunner(88) is moving NW from (3, 2) to (2,1)
[15:50:53.221 INFO]: RoadRunner(50) is moving E from (1, 2) to (1,3)
[15:50:53.221 INFO]: RoadRunner is attempting to run away from 1 Coyotes!
[15:50:53.221 INFO]: RoadRunner(91) is moving W from (4, 2) to (4,1)
[15:50:53.221 INFO]: RoadRunner(97) is moving SE from (5, 5) to (6,6)
[15:50:53.221 INFO]: RoadRunner is attempting to run away from 1 Coyotes!
[15:50:53.221 INFO]: RoadRunner(41) is moving N from (2, 2) to (1,2)
[15:50:53.221 INFO]: RoadRunner(55) is moving E from (0, 3) to (0,4)
[15:50:53.221 INFO]: RoadRunner(72) is moving E from (8, 0) to (8,1)
[15:50:53.222 INFO]: RoadRunner is attempting to run away from 1 Coyotes!
[15:50:53.222 INFO]: RoadRunner(99) is moving SW from (7, 8) to (8,7)
[15:50:53.222 INFO]: RoadRunner(85) is moving NE from (1, 7) to (0,8)
[15:50:53.222 INFO]: RoadRunner(62) is moving SW from (4, 5) to (5,4)
[15:50:53.222 INFO]: RoadRunner(95) is moving NW from (5, 9) to (4,8)
[15:50:53.222 INFO]: Coyote(64) is moving N from (1, 0) to (0,0)
[15:50:53.222 WARN]: Coyote(64) just ate RoadRunner(75) at cell (0,0)
[15:50:53.222 INFO]: 
[15:50:53.222 INFO]: Coyotes Left: 2
[15:50:53.222 INFO]: RoadRunners Left: 43
[15:50:53.390 INFO]: 
[15:50:53.390 INFO]: 
[15:50:53.391 INFO]: ########## Age 23 ##########
[15:50:53.391 INFO]: 
[15:50:53.391 INFO]: 
[15:50:53.391 INFO]: RoadRunner(80) is moving N from (4, 6) to (3,6)
[15:50:53.391 INFO]: RoadRunner(51) is moving NE from (8, 6) to (7,7)
[15:50:53.391 INFO]: Coyote(42) is moving N from (3, 3) to (2,3)
[15:50:53.391 WARN]: Coyote(42) just ate RoadRunner(56) at cell (2,3)
[15:50:53.391 INFO]: RoadRunner(79) is moving SE from (0, 6) to (1,7)
[15:50:53.392 INFO]: RoadRunner(81) is moving S from (4, 9) to (5,9)
[15:50:53.392 INFO]: RoadRunner is attempting to run away from 1 Coyotes!
[15:50:53.392 INFO]: RoadRunner(50) is moving N from (1, 3) to (0,3)
[15:50:53.392 INFO]: RoadRunner(99) is moving SW from (8, 7) to (9,6)
[15:50:53.392 INFO]: RoadRunner is attempting to run away from 1 Coyotes!
[15:50:53.392 INFO]: RoadRunner(60) is moving SE from (2, 4) to (3,5)
[15:50:53.392 INFO]: RoadRunner(70) is moving SW from (2, 8) to (3,7)
[15:50:53.392 INFO]: RoadRunner(98) is moving SE from (5, 1) to (6,2)
[15:50:53.392 INFO]: RoadRunner(55) is moving SW from (0, 4) to (1,3)
[15:50:53.392 INFO]: RoadRunner(54) is moving SE from (5, 0) to (6,1)
[15:50:53.392 INFO]: RoadRunner(49) is moving N from (2, 0) to (1,0)
[15:50:53.392 INFO]: RoadRunner(96) is moving SE from (5, 6) to (6,7)
[15:50:53.393 INFO]: RoadRunner(88) is moving SW from (2, 1) to (3,0)
[15:50:53.393 INFO]: RoadRunner(95) is moving S from (4, 8) to (5,8)
[15:50:53.393 INFO]: RoadRunner is attempting to run away from 1 Coyotes!
[15:50:53.393 INFO]: RoadRunner(41) is moving SW from (1, 2) to (2,1)
[15:50:53.393 INFO]: RoadRunner(91) is moving SW from (4, 1) to (5,0)
[15:50:53.393 INFO]: RoadRunner(94) is moving W from (0, 7) to (0,6)
[15:50:53.393 INFO]: RoadRunner(83) is moving W from (2, 7) to (2,6)
[15:50:53.393 INFO]: RoadRunner(61) is moving S from (7, 3) to (8,3)
[15:50:53.393 INFO]: RoadRunner(63) is moving NE from (1, 6) to (0,7)
[15:50:53.393 INFO]: RoadRunner(62) is moving NE from (5, 4) to (4,5)
[15:50:53.393 INFO]: RoadRunner(74) is moving S from (0, 2) to (1,2)
[15:50:53.393 INFO]: RoadRunner(72) is moving N from (8, 1) to (7,1)
[15:50:53.393 INFO]: RoadRunner(52) is moving NW from (3, 1) to (2,0)
[15:50:53.393 INFO]: RoadRunner(100) is moving NE from (6, 4) to (5,5)
[15:50:53.394 INFO]: RoadRunner(68) is moving W from (2, 5) to (2,4)
[15:50:53.394 INFO]: RoadRunner is attempting to run away from 1 Coyotes!
[15:50:53.394 INFO]: RoadRunner(82) is moving NE from (3, 4) to (2,5)
[15:50:53.394 INFO]: RoadRunner(86) is moving NE from (6, 0) to (5,1)
[15:50:53.394 INFO]: RoadRunner is attempting to run away from 1 Coyotes!
[15:50:53.394 INFO]: RoadRunner(66) is moving SE from (1, 1) to (2,2)
[15:50:53.394 INFO]: RoadRunner(76) is moving E from (5, 2) to (5,3)
[15:50:53.394 INFO]: RoadRunner(85) is moving S from (0, 8) to (1,8)
[15:50:53.394 INFO]: RoadRunner(59) is moving SW from (3, 9) to (4,8)
[15:50:53.394 INFO]: RoadRunner(73) is moving E from (1, 5) to (1,6)
[15:50:53.395 INFO]: RoadRunner(65) is moving S from (6, 9) to (7,9)
[15:50:53.395 INFO]: RoadRunner(89) is moving E from (4, 0) to (4,1)
[15:50:53.395 INFO]: Coyote(64) is moving S from (0, 0) to (1,0)
[15:50:53.395 WARN]: Coyote(64) just ate RoadRunner(49) at cell (1,0)
[15:50:53.395 INFO]: RoadRunner is attempting to run away from 1 Coyotes!
[15:50:53.395 INFO]: RoadRunner(84) is moving N from (1, 4) to (0,4)
[15:50:53.395 INFO]: RoadRunner(40) is moving N from (5, 7) to (4,7)
[15:50:53.395 INFO]: RoadRunner(97) is moving NE from (6, 6) to (5,7)
[15:50:53.395 INFO]: RoadRunner is attempting to run away from 1 Coyotes!
[15:50:53.395 INFO]: RoadRunner(87) is moving E from (0, 1) to (0,2)
[15:50:53.396 INFO]: RoadRunner(92) is moving S from (4, 4) to (5,4)
[15:50:53.396 INFO]: RoadRunner just bred a new RoadRunner at cell (2,7)
[15:50:53.396 INFO]: RoadRunner just bred a new RoadRunner at cell (6,8)
[15:50:53.396 INFO]: RoadRunner just bred a new RoadRunner at cell (1,5)
[15:50:53.396 INFO]: Coyote just bred a new Coyote at cell (1,4)
[15:50:53.396 INFO]: RoadRunner just bred a new RoadRunner at cell (0,8)
[15:50:53.396 INFO]: RoadRunner just bred a new RoadRunner at cell (4,9)
[15:50:53.396 INFO]: RoadRunner just bred a new RoadRunner at cell (8,6)
[15:50:53.396 INFO]: RoadRunner just bred a new RoadRunner at cell (4,6)
[15:50:53.396 INFO]: RoadRunner just bred a new RoadRunner at cell (2,8)
[15:50:53.396 INFO]: RoadRunner just bred a new RoadRunner at cell (5,2)
[15:50:53.396 INFO]: RoadRunner just bred a new RoadRunner at cell (7,2)
[15:50:53.396 INFO]: RoadRunner just bred a new RoadRunner at cell (5,6)
[15:50:53.397 INFO]: RoadRunner just bred a new RoadRunner at cell (4,0)
[15:50:53.397 INFO]: RoadRunner just bred a new RoadRunner at cell (6,9)
[15:50:53.397 INFO]: RoadRunner just bred a new RoadRunner at cell (1,1)
[15:50:53.397 INFO]: RoadRunner just bred a new RoadRunner at cell (6,0)
[15:50:53.397 INFO]: RoadRunner just bred a new RoadRunner at cell (7,3)
[15:50:53.397 INFO]: RoadRunner just bred a new RoadRunner at cell (3,4)
[15:50:53.397 INFO]: RoadRunner just bred a new RoadRunner at cell (0,1)
[15:50:53.397 INFO]: RoadRunner just bred a new RoadRunner at cell (8,1)
[15:50:53.397 INFO]: RoadRunner just bred a new RoadRunner at cell (3,1)
[15:50:53.397 INFO]: RoadRunner just bred a new RoadRunner at cell (4,4)
[15:50:53.397 INFO]: RoadRunner just bred a new RoadRunner at cell (3,3)
[15:50:53.397 INFO]: RoadRunner just bred a new RoadRunner at cell (4,2)
[15:50:53.397 INFO]: RoadRunner just bred a new RoadRunner at cell (3,2)
[15:50:53.397 INFO]: RoadRunner just bred a new RoadRunner at cell (4,3)
[15:50:53.397 INFO]: RoadRunner just bred a new RoadRunner at cell (0,9)
[15:50:53.397 INFO]: RoadRunner just bred a new RoadRunner at cell (3,8)
[15:50:53.397 INFO]: RoadRunner just bred a new RoadRunner at cell (8,9)
[15:50:53.397 INFO]: Coyote just bred a new Coyote at cell (0,0)
[15:50:53.398 INFO]: RoadRunner just bred a new RoadRunner at cell (6,6)
[15:50:53.398 INFO]: RoadRunner just bred a new RoadRunner at cell (6,4)
[15:50:53.398 INFO]: 
[15:50:53.398 INFO]: Coyotes Left: 4
[15:50:53.398 INFO]: RoadRunners Left: 71
[15:50:53.558 INFO]: 
[15:50:53.558 INFO]: 
[15:50:53.558 INFO]: ########## Age 24 ##########
[15:50:53.558 INFO]: 
[15:50:53.558 INFO]: 
[15:50:53.559 INFO]: RoadRunner(109) is moving E from (2, 8) to (2,9)
[15:50:53.559 INFO]: RoadRunner(128) is moving N from (3, 8) to (2,8)
[15:50:53.559 INFO]: RoadRunner is attempting to run away from 2 Coyotes!
[15:50:53.559 INFO]: RoadRunner(85) is moving E from (1, 8) to (1,9)
[15:50:53.559 INFO]: RoadRunner(102) is moving S from (6, 8) to (7,8)
[15:50:53.559 INFO]: RoadRunner(97) is moving SE from (5, 7) to (6,8)
[15:50:53.559 INFO]: RoadRunner(63) is moving SE from (0, 7) to (1,8)
[15:50:53.560 INFO]: RoadRunner is attempting to run away from 1 Coyotes!
[15:50:53.560 INFO]: RoadRunner is attempting to run away from 1 Coyotes!
[15:50:53.560 INFO]: RoadRunner(106) is moving NW from (4, 9) to (3,8)
[15:50:53.560 INFO]: RoadRunner(59) is moving SW from (4, 8) to (5,7)
[15:50:53.560 INFO]: Coyote(42) is moving N from (2, 3) to (1,3)
[15:50:53.560 WARN]: Coyote(42) just ate RoadRunner(55) at cell (1,3)
[15:50:53.560 INFO]: RoadRunner(94) is moving E from (0, 6) to (0,7)
[15:50:53.560 INFO]: RoadRunner is attempting to run away from 2 Coyotes!
[15:50:53.560 INFO]: RoadRunner(117) is moving N from (7, 3) to (6,3)
[15:50:53.560 INFO]: Coyote(104) is moving N from (1, 4) to (0,4)
[15:50:53.560 WARN]: Coyote(104) just ate RoadRunner(84) at cell (0,4)
[15:50:53.560 INFO]: RoadRunner(82) is moving NW from (2, 5) to (1,4)
[15:50:53.561 INFO]: Coyote(130) is moving SE from (0, 0) to (1,1)
[15:50:53.561 WARN]: Coyote(130) just ate RoadRunner(115) at cell (1,1)
[15:50:53.561 INFO]: RoadRunner(131) is moving SW from (6, 6) to (7,5)
[15:50:53.561 INFO]: RoadRunner(129) is moving W from (8, 9) to (8,8)
[15:50:53.561 INFO]: RoadRunner(112) is moving SW from (5, 6) to (6,5)
[15:50:53.561 INFO]: RoadRunner(125) is moving NE from (3, 2) to (2,3)
[15:50:53.561 INFO]: RoadRunner(96) is moving SW from (6, 7) to (7,6)
[15:50:53.561 INFO]: RoadRunner is attempting to run away from 2 Coyotes!
[15:50:53.561 INFO]: RoadRunner(116) is moving S from (6, 0) to (7,0)
[15:50:53.561 INFO]: RoadRunner is attempting to run away from 2 Coyotes!
[15:50:53.561 INFO]: RoadRunner(66) is moving S from (2, 2) to (3,2)
[15:50:53.561 INFO]: RoadRunner(132) is moving SW from (6, 4) to (7,3)
[15:50:53.561 INFO]: RoadRunner(51) is moving S from (7, 7) to (8,7)
[15:50:53.562 INFO]: RoadRunner(120) is moving S from (8, 1) to (9,1)
[15:50:53.562 INFO]: RoadRunner(118) is moving NE from (3, 4) to (2,5)
[15:50:53.562 INFO]: RoadRunner(108) is moving S from (4, 6) to (5,6)
[15:50:53.562 INFO]: RoadRunner(99) is moving NW from (9, 6) to (8,5)
[15:50:53.562 INFO]: RoadRunner(73) is moving N from (1, 6) to (0,6)
[15:50:53.562 INFO]: RoadRunner(92) is moving S from (5, 4) to (6,4)
[15:50:53.562 INFO]: RoadRunner(61) is moving W from (8, 3) to (8,2)
[15:50:53.562 INFO]: RoadRunner is attempting to run away from 2 Coyotes!
[15:50:53.562 INFO]: RoadRunner(74) is moving S from (1, 2) to (2,2)
[15:50:53.562 INFO]: RoadRunner(54) is moving W from (6, 1) to (6,0)
[15:50:53.563 INFO]: RoadRunner(95) is moving NE from (5, 8) to (4,9)
[15:50:53.563 INFO]: RoadRunner(107) is moving NE from (8, 6) to (7,7)
[15:50:53.563 INFO]: RoadRunner(86) is moving S from (5, 1) to (6,1)
[15:50:53.563 INFO]: RoadRunner(79) is moving W from (1, 7) to (1,6)
[15:50:53.563 INFO]: RoadRunner(98) is moving NW from (6, 2) to (5,1)
[15:50:53.563 INFO]: RoadRunner is attempting to run away from 2 Coyotes!
[15:50:53.563 INFO]: RoadRunner(101) is moving N from (2, 7) to (1,7)
[15:50:53.563 INFO]: RoadRunner is attempting to run away from 2 Coyotes!
[15:50:53.563 INFO]: RoadRunner(72) is moving SW from (7, 1) to (8,0)
[15:50:53.563 INFO]: Coyote(64) is moving NE from (1, 0) to (0,1)
[15:50:53.563 WARN]: Coyote(64) just ate RoadRunner(119) at cell (0,1)
[15:50:53.564 INFO]: RoadRunner is attempting to run away from 3 Coyotes!
[15:50:53.564 INFO]: RoadRunner(122) is moving S from (4, 4) to (5,4)
[15:50:53.564 INFO]: RoadRunner(81) is moving NW from (5, 9) to (4,8)
[15:50:53.564 INFO]: RoadRunner(110) is moving S from (5, 2) to (6,2)
[15:50:53.564 INFO]: RoadRunner(40) is moving SE from (4, 7) to (5,8)
[15:50:53.564 INFO]: RoadRunner(111) is moving W from (7, 2) to (7,1)
[15:50:53.564 INFO]: RoadRunner(80) is moving SE from (3, 6) to (4,7)
[15:50:53.564 INFO]: RoadRunner(70) is moving SW from (3, 7) to (4,6)
[15:50:53.565 INFO]: RoadRunner(100) is moving SE from (5, 5) to (6,6)
[15:50:53.565 INFO]: RoadRunner(123) is moving E from (3, 3) to (3,4)
[15:50:53.565 INFO]: RoadRunner(65) is moving S from (7, 9) to (8,9)
[15:50:53.565 INFO]: 
[15:50:53.565 INFO]: Coyotes Left: 4
[15:50:53.565 INFO]: RoadRunners Left: 67
[15:50:53.755 INFO]: 
[15:50:53.755 INFO]: 
[15:50:53.755 INFO]: ########## Age 25 ##########
[15:50:53.755 INFO]: 
[15:50:53.755 INFO]: 
[15:50:53.755 INFO]: RoadRunner(86) is moving SE from (6, 1) to (7,2)
[15:50:53.755 INFO]: RoadRunner(118) is moving SE from (2, 5) to (3,6)
[15:50:53.756 INFO]: RoadRunner(92) is moving S from (6, 4) to (7,4)
[15:50:53.756 INFO]: RoadRunner(111) is moving S from (7, 1) to (8,1)
[15:50:53.756 INFO]: RoadRunner(60) is moving N from (3, 5) to (2,5)
[15:50:53.756 INFO]: RoadRunner(98) is moving E from (5, 1) to (5,2)
[15:50:53.756 INFO]: RoadRunner is attempting to run away from 1 Coyotes!
[15:50:53.756 INFO]: RoadRunner(68) is moving SE from (2, 4) to (3,5)
[15:50:53.756 INFO]: Coyote(42) is moving N from (1, 3) to (0,3)
[15:50:53.756 WARN]: Coyote(42) just ate RoadRunner(50) at cell (0,3)
[15:50:53.756 INFO]: RoadRunner(70) is moving NE from (4, 6) to (3,7)
[15:50:53.756 INFO]: RoadRunner(95) is moving N from (4, 9) to (3,9)
[15:50:53.757 INFO]: RoadRunner is attempting to run away from 3 Coyotes!
[15:50:53.757 INFO]: RoadRunner(79) is moving SE from (1, 6) to (2,7)
[15:50:53.757 INFO]: RoadRunner(99) is moving SE from (8, 5) to (9,6)
[15:50:53.757 INFO]: RoadRunner is attempting to run away from 1 Coyotes!
[15:50:53.757 INFO]: RoadRunner(52) is moving N from (2, 0) to (1,0)
[15:50:53.757 INFO]: RoadRunner(123) is moving S from (3, 4) to (4,4)
[15:50:53.757 INFO]: RoadRunner(114) is moving N from (6, 9) to (5,9)
[15:50:53.757 INFO]: RoadRunner(100) is moving E from (6, 6) to (6,7)
[15:50:53.757 INFO]: Coyote(130) is moving NE from (1, 1) to (0,2)
[15:50:53.757 WARN]: Coyote(130) just ate RoadRunner(87) at cell (0,2)
[15:50:53.757 INFO]: RoadRunner(59) is moving SW from (5, 7) to (6,6)
[15:50:53.757 INFO]: RoadRunner is attempting to run away from 2 Coyotes!
[15:50:53.757 INFO]: RoadRunner(82) is moving S from (1, 4) to (2,4)
[15:50:53.757 INFO]: RoadRunner(121) is moving NW from (3, 1) to (2,0)
[15:50:53.758 INFO]: RoadRunner(126) is moving NE from (4, 3) to (3,4)
[15:50:53.758 INFO]: RoadRunner(120) is moving W from (9, 1) to (9,0)
[15:50:53.758 INFO]: RoadRunner(125) is moving S from (2, 3) to (3,3)
[15:50:53.758 INFO]: RoadRunner(89) is moving N from (4, 1) to (3,1)
[15:50:53.758 INFO]: RoadRunner(88) is moving SE from (3, 0) to (4,1)
[15:50:53.758 INFO]: RoadRunner(83) is moving N from (2, 6) to (1,6)
[15:50:53.758 INFO]: RoadRunner(66) is moving NE from (3, 2) to (2,3)
[15:50:53.758 INFO]: RoadRunner(112) is moving N from (6, 5) to (5,5)
[15:50:53.758 INFO]: RoadRunner(96) is moving SW from (7, 6) to (8,5)
[15:50:53.758 INFO]: RoadRunner(76) is moving SE from (5, 3) to (6,4)
[15:50:53.758 INFO]: RoadRunner(62) is moving E from (4, 5) to (4,6)
[15:50:53.758 INFO]: RoadRunner(113) is moving SE from (4, 0) to (5,1)
[15:50:53.758 INFO]: Coyote(64) is moving SW from (0, 1) to (1,0)
[15:50:53.759 WARN]: Coyote(64) just ate RoadRunner(52) at cell (1,0)
[15:50:53.759 INFO]: RoadRunner(117) is moving N from (6, 3) to (5,3)
[15:50:53.759 INFO]: RoadRunner(132) is moving SE from (7, 3) to (8,4)
[15:50:53.759 INFO]: RoadRunner(97) is moving E from (6, 8) to (6,9)
[15:50:53.759 INFO]: RoadRunner(74) is moving S from (2, 2) to (3,2)
[15:50:53.759 INFO]: RoadRunner(107) is moving W from (7, 7) to (7,6)
[15:50:53.759 INFO]: RoadRunner(54) is moving E from (6, 0) to (6,1)
[15:50:53.759 INFO]: RoadRunner(108) is moving E from (5, 6) to (5,7)
[15:50:53.759 INFO]: RoadRunner(91) is moving N from (5, 0) to (4,0)
[15:50:53.759 INFO]: RoadRunner(106) is moving SE from (3, 8) to (4,9)
[15:50:53.759 INFO]: RoadRunner(124) is moving E from (4, 2) to (4,3)
[15:50:53.759 INFO]: RoadRunner is attempting to run away from 1 Coyotes!
[15:50:53.759 INFO]: RoadRunner(41) is moving E from (2, 1) to (2,2)
[15:50:53.760 INFO]: RoadRunner(65) is moving SW from (8, 9) to (9,8)
[15:50:53.760 INFO]: RoadRunner(116) is moving N from (7, 0) to (6,0)
[15:50:53.760 INFO]: RoadRunner(80) is moving SW from (4, 7) to (5,6)
[15:50:53.760 INFO]: RoadRunner(61) is moving NE from (8, 2) to (7,3)
[15:50:53.760 INFO]: Coyote(104) is moving SE from (0, 4) to (1,5)
[15:50:53.760 WARN]: Coyote(104) just ate RoadRunner(103) at cell (1,5)
[15:50:53.760 INFO]: RoadRunner(101) is moving SW from (1, 7) to (2,6)
[15:50:53.760 INFO]: RoadRunner(51) is moving W from (8, 7) to (8,6)
[15:50:53.760 INFO]: RoadRunner(122) is moving NE from (5, 4) to (4,5)
[15:50:53.760 INFO]: RoadRunner(81) is moving N from (4, 8) to (3,8)
[15:50:53.760 INFO]: RoadRunner(131) is moving N from (7, 5) to (6,5)
[15:50:53.760 INFO]: RoadRunner(110) is moving E from (6, 2) to (6,3)
[15:50:53.760 INFO]: RoadRunner(72) is moving SE from (8, 0) to (9,1)
[15:50:53.760 INFO]: RoadRunner(40) is moving N from (5, 8) to (4,8)
[15:50:53.760 INFO]: RoadRunner is attempting to run away from 1 Coyotes!
[15:50:53.761 INFO]: RoadRunner(71) is moving W from (0, 5) to (0,4)
[15:50:53.761 INFO]: RoadRunner(102) is moving SE from (7, 8) to (8,9)
[15:50:53.761 INFO]: RoadRunner(129) is moving SE from (8, 8) to (9,9)
[15:50:53.761 INFO]: 
[15:50:53.761 INFO]: Coyotes Left: 4
[15:50:53.761 INFO]: RoadRunners Left: 63
[15:50:53.921 INFO]: 
[15:50:53.921 INFO]: 
[15:50:53.921 INFO]: ########## Age 26 ##########
[15:50:53.921 INFO]: 
[15:50:53.921 INFO]: 
[15:50:53.921 INFO]: RoadRunner(91) is moving S from (4, 0) to (5,0)
[15:50:53.922 INFO]: RoadRunner(112) is moving W from (5, 5) to (5,4)
[15:50:53.922 INFO]: RoadRunner(108) is moving SE from (5, 7) to (6,8)
[15:50:53.922 INFO]: RoadRunner is attempting to run away from 1 Coyotes!
[15:50:53.922 INFO]: RoadRunner(73) is moving SE from (0, 6) to (1,7)
[15:50:53.922 INFO]: RoadRunner(111) is moving NW from (8, 1) to (7,0)
[15:50:53.923 INFO]: Coyote(130) is moving W from (0, 2) to (0,1)
[15:50:53.923 INFO]: RoadRunner(97) is moving S from (6, 9) to (7,9)
[15:50:53.923 INFO]: RoadRunner(74) is moving S from (3, 2) to (4,2)
[15:50:53.923 INFO]: RoadRunner is attempting to run away from 1 Coyotes!
[15:50:53.923 INFO]: RoadRunner(83) is moving N from (1, 6) to (0,6)
[15:50:53.923 INFO]: RoadRunner(72) is moving E from (9, 1) to (9,2)
[15:50:53.923 INFO]: RoadRunner(79) is moving NW from (2, 7) to (1,6)
[15:50:53.924 INFO]: RoadRunner(124) is moving NW from (4, 3) to (3,2)
[15:50:53.924 INFO]: RoadRunner(113) is moving NW from (5, 1) to (4,0)
[15:50:53.924 INFO]: RoadRunner(62) is moving E from (4, 6) to (4,7)
[15:50:53.924 INFO]: RoadRunner is attempting to run away from 1 Coyotes!
[15:50:53.924 INFO]: RoadRunner(101) is moving E from (2, 6) to (2,7)
[15:50:53.924 INFO]: RoadRunner(61) is moving SW from (7, 3) to (8,2)
[15:50:53.924 INFO]: RoadRunner(132) is moving S from (8, 4) to (9,4)
[15:50:53.924 INFO]: Coyote(104) is moving NE from (1, 5) to (0,6)
[15:50:53.924 WARN]: Coyote(104) just ate RoadRunner(83) at cell (0,6)
[15:50:53.925 INFO]: Coyote(64) is moving S from (1, 0) to (2,0)
[15:50:53.925 WARN]: Coyote(64) just ate RoadRunner(121) at cell (2,0)
[15:50:53.925 INFO]: RoadRunner(68) is moving SE from (3, 5) to (4,6)
[15:50:53.925 INFO]: RoadRunner(123) is moving SE from (4, 4) to (5,5)
[15:50:53.925 INFO]: RoadRunner(59) is moving SW from (6, 6) to (7,5)
[15:50:53.925 INFO]: RoadRunner(51) is moving E from (8, 6) to (8,7)
[15:50:53.925 INFO]: RoadRunner(96) is moving W from (8, 5) to (8,4)
[15:50:53.925 INFO]: RoadRunner(120) is moving E from (9, 0) to (9,1)
[15:50:53.925 INFO]: RoadRunner(54) is moving S from (6, 1) to (7,1)
[15:50:53.925 INFO]: RoadRunner(126) is moving S from (3, 4) to (4,4)
[15:50:53.925 INFO]: RoadRunner(82) is moving NW from (2, 4) to (1,3)
[15:50:53.926 INFO]: RoadRunner(80) is moving E from (5, 6) to (5,7)
[15:50:53.926 INFO]: RoadRunner(88) is moving S from (4, 1) to (5,1)
[15:50:53.926 INFO]: RoadRunner is attempting to run away from 1 Coyotes!
[15:50:53.926 INFO]: RoadRunner(71) is moving SE from (0, 4) to (1,5)
[15:50:53.926 INFO]: RoadRunner(114) is moving S from (5, 9) to (6,9)
[15:50:53.926 INFO]: RoadRunner(40) is moving S from (4, 8) to (5,8)
[15:50:53.926 INFO]: RoadRunner(116) is moving E from (6, 0) to (6,1)
[15:50:53.926 INFO]: RoadRunner(99) is moving NW from (9, 6) to (8,5)
[15:50:53.927 INFO]: RoadRunner is attempting to run away from 1 Coyotes!
[15:50:53.927 INFO]: RoadRunner(89) is moving S from (3, 1) to (4,1)
[15:50:53.927 INFO]: RoadRunner is attempting to run away from 1 Coyotes!
[15:50:53.927 INFO]: RoadRunner(98) is moving S from (5, 2) to (6,2)
[15:50:53.927 INFO]: RoadRunner(118) is moving N from (3, 6) to (2,6)
[15:50:53.927 INFO]: RoadRunner(125) is moving S from (3, 3) to (4,3)
[15:50:53.927 INFO]: RoadRunner(129) is moving NW from (9, 9) to (8,8)
[15:50:53.928 INFO]: RoadRunner(122) is moving NE from (4, 5) to (3,6)
[15:50:53.928 INFO]: RoadRunner(86) is moving E from (7, 2) to (7,3)
[15:50:53.928 INFO]: RoadRunner(106) is moving W from (4, 9) to (4,8)
[15:50:53.928 INFO]: RoadRunner(92) is moving SW from (7, 4) to (8,3)
[15:50:53.928 INFO]: RoadRunner(117) is moving W from (5, 3) to (5,2)
[15:50:53.928 INFO]: RoadRunner(65) is moving W from (9, 8) to (9,7)
[15:50:53.928 INFO]: RoadRunner(41) is moving SW from (2, 2) to (3,1)
[15:50:53.928 INFO]: RoadRunner(131) is moving E from (6, 5) to (6,6)
[15:50:53.929 INFO]: RoadRunner(102) is moving S from (8, 9) to (9,9)
[15:50:53.929 INFO]: Coyote(42) is moving S from (0, 3) to (1,3)
[15:50:53.929 WARN]: Coyote(42) just ate RoadRunner(82) at cell (1,3)
[15:50:53.929 INFO]: RoadRunner(100) is moving SE from (6, 7) to (7,8)
[15:50:53.929 INFO]: RoadRunner is attempting to run away from 1 Coyotes!
[15:50:53.929 INFO]: RoadRunner(66) is moving SE from (2, 3) to (3,4)
[15:50:53.929 INFO]: RoadRunner(76) is moving E from (6, 4) to (6,5)
[15:50:53.930 INFO]: RoadRunner(107) is moving S from (7, 6) to (8,6)
[15:50:53.930 INFO]: RoadRunner(110) is moving SW from (6, 3) to (7,2)
[15:50:53.930 INFO]: RoadRunner(60) is moving W from (2, 5) to (2,4)
[15:50:53.930 INFO]: RoadRunner just bred a new RoadRunner at cell (6,0)
[15:50:53.930 INFO]: RoadRunner just bred a new RoadRunner at cell (4,5)
[15:50:53.930 INFO]: RoadRunner just bred a new RoadRunner at cell (5,9)
[15:50:53.930 INFO]: RoadRunner just bred a new RoadRunner at cell (8,0)
[15:50:53.931 INFO]: RoadRunner just bred a new RoadRunner at cell (8,9)
[15:50:53.931 INFO]: RoadRunner just bred a new RoadRunner at cell (3,3)
[15:50:53.931 INFO]: RoadRunner just bred a new RoadRunner at cell (8,1)
[15:50:53.931 INFO]: RoadRunner just bred a new RoadRunner at cell (0,5)
[15:50:53.931 INFO]: RoadRunner just bred a new RoadRunner at cell (2,2)
[15:50:53.931 INFO]: RoadRunner just bred a new RoadRunner at cell (3,0)
[15:50:53.931 INFO]: RoadRunner just bred a new RoadRunner at cell (5,6)
[15:50:53.931 INFO]: RoadRunner just bred a new RoadRunner at cell (4,9)
[15:50:53.931 INFO]: RoadRunner just bred a new RoadRunner at cell (9,3)
[15:50:53.931 INFO]: RoadRunner just bred a new RoadRunner at cell (9,5)
[15:50:53.931 INFO]: RoadRunner just bred a new RoadRunner at cell (3,5)
[15:50:53.932 INFO]: RoadRunner just bred a new RoadRunner at cell (6,4)
[15:50:53.932 INFO]: RoadRunner just bred a new RoadRunner at cell (7,6)
[15:50:53.932 INFO]: RoadRunner just bred a new RoadRunner at cell (7,7)
[15:50:53.932 INFO]: RoadRunner just bred a new RoadRunner at cell (7,4)
[15:50:53.932 INFO]: RoadRunner just bred a new RoadRunner at cell (9,0)
[15:50:53.932 INFO]: RoadRunner just bred a new RoadRunner at cell (5,3)
[15:50:53.932 INFO]: RoadRunner just bred a new RoadRunner at cell (6,7)
[15:50:53.932 INFO]: RoadRunner just bred a new RoadRunner at cell (0,4)
[15:50:53.932 INFO]: RoadRunner just bred a new RoadRunner at cell (9,6)
[15:50:53.932 INFO]: RoadRunner just bred a new RoadRunner at cell (6,3)
[15:50:53.932 INFO]: RoadRunner just bred a new RoadRunner at cell (2,5)
[15:50:53.932 INFO]: RoadRunner just bred a new RoadRunner at cell (9,8)
[15:50:53.933 INFO]: RoadRunner just bred a new RoadRunner at cell (2,1)
[15:50:53.933 INFO]: RoadRunner just bred a new RoadRunner at cell (2,3)
[15:50:53.933 INFO]: RoadRunner just bred a new RoadRunner at cell (1,4)
[15:50:53.933 INFO]: 
[15:50:53.933 INFO]: Coyotes Left: 4
[15:50:53.933 INFO]: RoadRunners Left: 90
[15:50:54.090 INFO]: 
[15:50:54.090 INFO]: 
[15:50:54.090 INFO]: ########## Age 27 ##########
[15:50:54.090 INFO]: 
[15:50:54.091 INFO]: 
[15:50:54.091 INFO]: RoadRunner is attempting to run away from 1 Coyotes!
[15:50:54.091 INFO]: RoadRunner is attempting to run away from 1 Coyotes!
[15:50:54.092 INFO]: RoadRunner is attempting to run away from 1 Coyotes!
[15:50:54.092 INFO]: RoadRunner is attempting to run away from 1 Coyotes!
[15:50:54.092 INFO]: RoadRunner is attempting to run away from 1 Coyotes!
[15:50:54.092 INFO]: Coyote(42) is moving NE from (1, 3) to (0,4)
[15:50:54.092 WARN]: Coyote(42) just ate RoadRunner(155) at cell (0,4)
[15:50:54.092 INFO]: RoadRunner is attempting to run away from 1 Coyotes!
[15:50:54.092 INFO]: RoadRunner is attempting to run away from 1 Coyotes!
[15:50:54.093 INFO]: RoadRunner is attempting to run away from 2 Coyotes!
[15:50:54.093 INFO]: RoadRunner is attempting to run away from 1 Coyotes!
[15:50:54.093 INFO]: RoadRunner(160) is moving NE from (2, 1) to (1,2)
[15:50:54.093 INFO]: RoadRunner(161) is moving N from (2, 3) to (1,3)
[15:50:54.093 INFO]: RoadRunner(141) is moving W from (2, 2) to (2,1)
[15:50:54.093 INFO]: RoadRunner is attempting to run away from 1 Coyotes!
[15:50:54.094 INFO]: RoadRunner(66) is moving NW from (3, 4) to (2,3)
[15:50:54.094 INFO]: Coyote(104) is moving S from (0, 6) to (1,6)
[15:50:54.094 WARN]: Coyote(104) just ate RoadRunner(79) at cell (1,6)
[15:50:54.094 INFO]: RoadRunner is attempting to run away from 1 Coyotes!
[15:50:54.094 INFO]: RoadRunner(158) is moving SW from (2, 5) to (3,4)
[15:50:54.094 INFO]: RoadRunner is attempting to run away from 1 Coyotes!
[15:50:54.094 INFO]: RoadRunner(162) is moving SE from (1, 4) to (2,5)
[15:50:54.094 INFO]: Coyote(130) is moving SE from (0, 1) to (1,2)
[15:50:54.095 WARN]: Coyote(130) just ate RoadRunner(160) at cell (1,2)
[15:50:54.095 INFO]: Coyote(64) is moving S from (2, 0) to (3,0)
[15:50:54.095 WARN]: Coyote(64) just ate RoadRunner(142) at cell (3,0)
[15:50:54.095 INFO]: 
[15:50:54.095 INFO]: Coyotes Left: 4
[15:50:54.095 INFO]: RoadRunners Left: 86
[15:50:54.273 INFO]: 
[15:50:54.273 INFO]: 
[15:50:54.273 INFO]: ########## Age 28 ##########
[15:50:54.273 INFO]: 
[15:50:54.273 INFO]: 
[15:50:54.273 INFO]: Coyote(104) is moving NE from (1, 6) to (0,7)
[15:50:54.273 WARN]: Coyote(104) just ate RoadRunner(94) at cell (0,7)
[15:50:54.273 INFO]: RoadRunner is attempting to run away from 2 Coyotes!
[15:50:54.273 INFO]: RoadRunner(141) is moving NW from (2, 1) to (1,0)
[15:50:54.273 INFO]: RoadRunner is attempting to run away from 1 Coyotes!
[15:50:54.273 INFO]: RoadRunner(71) is moving E from (1, 5) to (1,6)
[15:50:54.273 INFO]: RoadRunner is attempting to run away from 1 Coyotes!
[15:50:54.273 INFO]: RoadRunner(41) is moving NE from (3, 1) to (2,2)
[15:50:54.274 INFO]: RoadRunner is attempting to run away from 1 Coyotes!
[15:50:54.274 INFO]: RoadRunner is attempting to run away from 1 Coyotes!
[15:50:54.274 INFO]: RoadRunner is attempting to run away from 1 Coyotes!
[15:50:54.274 INFO]: RoadRunner(140) is moving E from (0, 5) to (0,6)
[15:50:54.274 INFO]: RoadRunner is attempting to run away from 1 Coyotes!
[15:50:54.274 INFO]: RoadRunner(89) is moving N from (4, 1) to (3,1)
[15:50:54.274 INFO]: RoadRunner(162) is moving NW from (2, 5) to (1,4)
[15:50:54.274 INFO]: Coyote(130) is moving S from (1, 2) to (2,2)
[15:50:54.274 WARN]: Coyote(130) just ate RoadRunner(41) at cell (2,2)
[15:50:54.274 INFO]: Coyote(42) is moving S from (0, 4) to (1,4)
[15:50:54.274 WARN]: Coyote(42) just ate RoadRunner(162) at cell (1,4)
[15:50:54.275 INFO]: RoadRunner is attempting to run away from 2 Coyotes!
[15:50:54.275 INFO]: RoadRunner is attempting to run away from 1 Coyotes!
[15:50:54.275 INFO]: RoadRunner(122) is moving NW from (3, 6) to (2,5)
[15:50:54.275 INFO]: RoadRunner is attempting to run away from 1 Coyotes!
[15:50:54.275 INFO]: RoadRunner(70) is moving W from (3, 7) to (3,6)
[15:50:54.275 INFO]: RoadRunner is attempting to run away from 1 Coyotes!
[15:50:54.275 INFO]: Coyote(64) is moving S from (3, 0) to (4,0)
[15:50:54.275 WARN]: Coyote(64) just ate RoadRunner(113) at cell (4,0)
[15:50:54.275 INFO]: RoadRunner is attempting to run away from 1 Coyotes!
[15:50:54.276 INFO]: RoadRunner(124) is moving SW from (3, 2) to (4,1)
[15:50:54.276 INFO]: RoadRunner(68) is moving NE from (4, 6) to (3,7)
[15:50:54.276 INFO]: RoadRunner(118) is moving NW from (2, 6) to (1,5)
[15:50:54.276 INFO]: RoadRunner is attempting to run away from 1 Coyotes!
[15:50:54.276 INFO]: RoadRunner(62) is moving W from (4, 7) to (4,6)
[15:50:54.276 INFO]: RoadRunner(74) is moving N from (4, 2) to (3,2)
[15:50:54.276 INFO]: RoadRunner(153) is moving NW from (5, 3) to (4,2)
[15:50:54.276 INFO]: RoadRunner(112) is moving W from (5, 4) to (5,3)
[15:50:54.276 INFO]: RoadRunner is attempting to run away from 1 Coyotes!
[15:50:54.277 INFO]: RoadRunner(143) is moving NE from (5, 6) to (4,7)
[15:50:54.277 INFO]: RoadRunner is attempting to run away from 2 Coyotes!
[15:50:54.277 INFO]: RoadRunner(161) is moving NW from (1, 3) to (0,2)
[15:50:54.277 INFO]: RoadRunner(147) is moving NE from (3, 5) to (2,6)
[15:50:54.277 INFO]: RoadRunner(158) is moving E from (3, 4) to (3,5)
[15:50:54.277 INFO]: RoadRunner is attempting to run away from 1 Coyotes!
[15:50:54.277 INFO]: 
[15:50:54.277 INFO]: Coyotes Left: 4
[15:50:54.277 INFO]: RoadRunners Left: 82
[15:50:54.442 INFO]: 
[15:50:54.454 INFO]: 
[15:50:54.454 INFO]: ########## Age 29 ##########
[15:50:54.454 INFO]: 
[15:50:54.454 INFO]: 
[15:50:54.454 INFO]: RoadRunner is attempting to run away from 1 Coyotes!
[15:50:54.455 INFO]: RoadRunner(138) is moving E from (3, 3) to (3,4)
[15:50:54.455 INFO]: RoadRunner is attempting to run away from 1 Coyotes!
[15:50:54.455 INFO]: RoadRunner(74) is moving E from (3, 2) to (3,3)
[15:50:54.455 INFO]: RoadRunner(126) is moving S from (4, 4) to (5,4)
[15:50:54.455 INFO]: RoadRunner(154) is moving NW from (6, 7) to (5,6)
[15:50:54.455 INFO]: Coyote(104) is moving S from (0, 7) to (1,7)
[15:50:54.455 WARN]: Coyote(104) just ate RoadRunner(73) at cell (1,7)
[15:50:54.455 INFO]: RoadRunner(100) is moving NW from (7, 8) to (6,7)
[15:50:54.455 INFO]: RoadRunner is attempting to run away from 1 Coyotes!
[15:50:54.456 INFO]: RoadRunner is attempting to run away from 2 Coyotes!
[15:50:54.456 INFO]: RoadRunner(89) is moving NW from (3, 1) to (2,0)
[15:50:54.456 INFO]: RoadRunner is attempting to run away from 1 Coyotes!
[15:50:54.456 INFO]: RoadRunner(71) is moving NW from (1, 6) to (0,5)
[15:50:54.456 INFO]: RoadRunner(129) is moving N from (8, 8) to (7,8)
[15:50:54.456 INFO]: RoadRunner is attempting to run away from 1 Coyotes!
[15:50:54.456 INFO]: RoadRunner is attempting to run away from 1 Coyotes!
[15:50:54.456 INFO]: RoadRunner(125) is moving NW from (4, 3) to (3,2)
[15:50:54.457 INFO]: RoadRunner(161) is moving S from (0, 2) to (1,2)
[15:50:54.457 INFO]: RoadRunner is attempting to run away from 1 Coyotes!
[15:50:54.457 INFO]: RoadRunner(118) is moving E from (1, 5) to (1,6)
[15:50:54.457 INFO]: RoadRunner is attempting to run away from 2 Coyotes!
[15:50:54.457 INFO]: RoadRunner(66) is moving N from (2, 3) to (1,3)
[15:50:54.457 INFO]: RoadRunner is attempting to run away from 1 Coyotes!
[15:50:54.457 INFO]: RoadRunner(150) is moving SE from (7, 7) to (8,8)
[15:50:54.457 INFO]: RoadRunner(117) is moving NE from (5, 2) to (4,3)
[15:50:54.457 INFO]: RoadRunner(51) is moving N from (8, 7) to (7,7)
[15:50:54.457 INFO]: RoadRunner is attempting to run away from 1 Coyotes!
[15:50:54.458 INFO]: RoadRunner(124) is moving SE from (4, 1) to (5,2)
[15:50:54.458 INFO]: RoadRunner is attempting to run away from 1 Coyotes!
[15:50:54.458 INFO]: RoadRunner(140) is moving SW from (0, 6) to (1,5)
[15:50:54.458 INFO]: RoadRunner is attempting to run away from 1 Coyotes!
[15:50:54.458 INFO]: Coyote(42) is moving NE from (1, 4) to (0,5)
[15:50:54.458 WARN]: Coyote(42) just ate RoadRunner(71) at cell (0,5)
[15:50:54.458 INFO]: RoadRunner(112) is moving NE from (5, 3) to (4,4)
[15:50:54.458 INFO]: RoadRunner is attempting to run away from 1 Coyotes!
[15:50:54.458 INFO]: RoadRunner is attempting to run away from 1 Coyotes!
[15:50:54.459 INFO]: RoadRunner(60) is moving N from (2, 4) to (1,4)
[15:50:54.459 INFO]: RoadRunner(158) is moving NW from (3, 5) to (2,4)
[15:50:54.459 INFO]: Coyote(64) is moving S from (4, 0) to (5,0)
[15:50:54.459 WARN]: Coyote(64) just ate RoadRunner(91) at cell (5,0)
[15:50:54.459 INFO]: RoadRunner(107) is moving E from (8, 6) to (8,7)
[15:50:54.459 INFO]: RoadRunner(122) is moving S from (2, 5) to (3,5)
[15:50:54.460 INFO]: RoadRunner(141) is moving NE from (1, 0) to (0,1)
[15:50:54.460 INFO]: RoadRunner(153) is moving W from (4, 2) to (4,1)
[15:50:54.460 INFO]: RoadRunner(98) is moving NE from (6, 2) to (5,3)
[15:50:54.460 INFO]: Coyote(130) is moving N from (2, 2) to (1,2)
[15:50:54.460 WARN]: Coyote(130) just ate RoadRunner(161) at cell (1,2)
[15:50:54.460 INFO]: RoadRunner just bred a new RoadRunner at cell (2,5)
[15:50:54.461 INFO]: RoadRunner just bred a new RoadRunner at cell (2,3)
[15:50:54.461 INFO]: RoadRunner just bred a new RoadRunner at cell (1,0)
[15:50:54.461 INFO]: RoadRunner just bred a new RoadRunner at cell (8,6)
[15:50:54.461 INFO]: RoadRunner just bred a new RoadRunner at cell (4,2)
[15:50:54.461 INFO]: RoadRunner just bred a new RoadRunner at cell (6,2)
[15:50:54.461 INFO]: RoadRunner just bred a new RoadRunner at cell (0,7)
[15:50:54.461 INFO]: RoadRunner just bred a new RoadRunner at cell (2,2)
[15:50:54.461 INFO]: RoadRunner just bred a new RoadRunner at cell (0,6)
[15:50:54.461 INFO]: RoadRunner just bred a new RoadRunner at cell (0,3)
[15:50:54.461 INFO]: RoadRunner just bred a new RoadRunner at cell (0,4)
[15:50:54.462 INFO]: RoadRunner just bred a new RoadRunner at cell (1,1)
[15:50:54.462 INFO]: RoadRunner just bred a new RoadRunner at cell (3,1)
[15:50:54.462 INFO]: 
[15:50:54.462 INFO]: Coyotes Left: 4
[15:50:54.462 INFO]: RoadRunners Left: 91
[15:50:54.608 INFO]: 
[15:50:54.608 INFO]: 
[15:50:54.608 INFO]: ########## Age 30 ##########
[15:50:54.608 INFO]: 
[15:50:54.608 INFO]: 
[15:50:54.609 INFO]: Coyote(130) is moving NE from (1, 2) to (0,3)
[15:50:54.609 WARN]: Coyote(130) just ate RoadRunner(172) at cell (0,3)
[15:50:54.609 INFO]: RoadRunner(164) is moving NW from (2, 3) to (1,2)
[15:50:54.609 INFO]: RoadRunner(174) is moving S from (1, 1) to (2,1)
[15:50:54.609 INFO]: Coyote(42) is moving S from (0, 5) to (1,5)
[15:50:54.609 WARN]: Coyote(42) just ate RoadRunner(140) at cell (1,5)
[15:50:54.609 INFO]: RoadRunner is attempting to run away from 1 Coyotes!
[15:50:54.609 INFO]: RoadRunner(153) is moving NW from (4, 1) to (3,0)
[15:50:54.609 INFO]: RoadRunner is attempting to run away from 1 Coyotes!
[15:50:54.610 INFO]: Coyote(64) is moving S from (5, 0) to (6,0)
[15:50:54.610 WARN]: Coyote(64) just ate RoadRunner(133) at cell (6,0)
[15:50:54.610 INFO]: RoadRunner(125) is moving NE from (3, 2) to (2,3)
[15:50:54.610 INFO]: RoadRunner(175) is moving SW from (3, 1) to (4,0)
[15:50:54.610 INFO]: RoadRunner is attempting to run away from 1 Coyotes!
[15:50:54.610 INFO]: RoadRunner(124) is moving NW from (5, 2) to (4,1)
[15:50:54.610 INFO]: RoadRunner is attempting to run away from 1 Coyotes!
[15:50:54.610 INFO]: RoadRunner is attempting to run away from 1 Coyotes!
[15:50:54.610 INFO]: RoadRunner is attempting to run away from 1 Coyotes!
[15:50:54.610 INFO]: RoadRunner is attempting to run away from 1 Coyotes!
[15:50:54.610 INFO]: RoadRunner is attempting to run away from 2 Coyotes!
[15:50:54.611 INFO]: RoadRunner is attempting to run away from 1 Coyotes!
[15:50:54.611 INFO]: RoadRunner is attempting to run away from 1 Coyotes!
[15:50:54.611 INFO]: RoadRunner(157) is moving NW from (6, 3) to (5,2)
[15:50:54.611 INFO]: RoadRunner(110) is moving NE from (7, 2) to (6,3)
[15:50:54.611 INFO]: RoadRunner is attempting to run away from 2 Coyotes!
[15:50:54.611 INFO]: RoadRunner(74) is moving W from (3, 3) to (3,2)
[15:50:54.611 INFO]: RoadRunner is attempting to run away from 2 Coyotes!
[15:50:54.611 INFO]: RoadRunner(167) is moving NE from (4, 2) to (3,3)
[15:50:54.611 INFO]: RoadRunner is attempting to run away from 2 Coyotes!
[15:50:54.611 INFO]: Coyote(104) is moving N from (1, 7) to (0,7)
[15:50:54.611 WARN]: Coyote(104) just ate RoadRunner(169) at cell (0,7)
[15:50:54.611 INFO]: RoadRunner is attempting to run away from 1 Coyotes!
[15:50:54.612 INFO]: RoadRunner(88) is moving NE from (5, 1) to (4,2)
[15:50:54.612 INFO]: RoadRunner(101) is moving N from (2, 7) to (1,7)
[15:50:54.612 INFO]: RoadRunner(141) is moving S from (0, 1) to (1,1)
[15:50:54.612 INFO]: RoadRunner(165) is moving NE from (1, 0) to (0,1)
[15:50:54.612 INFO]: RoadRunner(92) is moving NW from (8, 3) to (7,2)
[15:50:54.612 INFO]: RoadRunner(68) is moving N from (3, 7) to (2,7)
[15:50:54.612 INFO]: RoadRunner(89) is moving SE from (2, 0) to (3,1)
[15:50:54.612 INFO]: RoadRunner(70) is moving E from (3, 6) to (3,7)
[15:50:54.612 INFO]: RoadRunner is attempting to run away from 2 Coyotes!
[15:50:54.612 INFO]: 
[15:50:54.613 INFO]: Coyotes Left: 4
[15:50:54.613 INFO]: RoadRunners Left: 87
[15:50:54.776 INFO]: 
[15:50:54.777 INFO]: 
[15:50:54.777 INFO]: ########## Age 31 ##########
[15:50:54.777 INFO]: 
[15:50:54.777 INFO]: 
[15:50:54.777 INFO]: RoadRunner(145) is moving N from (9, 3) to (8,3)
[15:50:54.777 INFO]: RoadRunner(141) is moving NW from (1, 1) to (0,0)
[15:50:54.777 INFO]: Coyote(42) is moving NE from (1, 5) to (0,6)
[15:50:54.777 WARN]: Coyote(42) just ate RoadRunner(171) at cell (0,6)
[15:50:54.777 INFO]: RoadRunner(70) is moving W from (3, 7) to (3,6)
[15:50:54.778 INFO]: RoadRunner(170) is moving NW from (2, 2) to (1,1)
[15:50:54.778 INFO]: RoadRunner(143) is moving N from (4, 7) to (3,7)
[15:50:54.778 INFO]: RoadRunner(74) is moving N from (3, 2) to (2,2)
[15:50:54.778 INFO]: RoadRunner(157) is moving W from (5, 2) to (5,1)
[15:50:54.778 INFO]: RoadRunner is attempting to run away from 1 Coyotes!
[15:50:54.778 INFO]: RoadRunner(116) is moving NE from (6, 1) to (5,2)
[15:50:54.778 INFO]: RoadRunner(158) is moving NE from (2, 4) to (1,5)
[15:50:54.778 INFO]: RoadRunner is attempting to run away from 1 Coyotes!
[15:50:54.778 INFO]: RoadRunner(174) is moving W from (2, 1) to (2,0)
[15:50:54.779 INFO]: Coyote(104) is moving S from (0, 7) to (1,7)
[15:50:54.779 WARN]: Coyote(104) just ate RoadRunner(101) at cell (1,7)
[15:50:54.779 INFO]: RoadRunner(61) is moving SE from (8, 2) to (9,3)
[15:50:54.779 INFO]: RoadRunner(81) is moving SW from (3, 8) to (4,7)
[15:50:54.779 INFO]: RoadRunner(139) is moving E from (8, 1) to (8,2)
[15:50:54.779 INFO]: RoadRunner(72) is moving NW from (9, 2) to (8,1)
[15:50:54.779 INFO]: RoadRunner(124) is moving SW from (4, 1) to (5,0)
[15:50:54.779 INFO]: RoadRunner(167) is moving NE from (3, 3) to (2,4)
[15:50:54.779 INFO]: RoadRunner is attempting to run away from 1 Coyotes!
[15:50:54.779 INFO]: RoadRunner(88) is moving NE from (4, 2) to (3,3)
[15:50:54.780 INFO]: RoadRunner(165) is moving E from (0, 1) to (0,2)
[15:50:54.780 INFO]: RoadRunner is attempting to run away from 1 Coyotes!
[15:50:54.780 INFO]: RoadRunner(68) is moving SE from (2, 7) to (3,8)
[15:50:54.780 INFO]: RoadRunner is attempting to run away from 1 Coyotes!
[15:50:54.781 INFO]: RoadRunner is attempting to run away from 1 Coyotes!
[15:50:54.781 INFO]: RoadRunner(164) is moving SW from (1, 2) to (2,1)
[15:50:54.781 INFO]: RoadRunner is attempting to run away from 2 Coyotes!
[15:50:54.781 INFO]: RoadRunner is attempting to run away from 1 Coyotes!
[15:50:54.781 INFO]: RoadRunner(54) is moving N from (7, 1) to (6,1)
[15:50:54.781 INFO]: RoadRunner(175) is moving E from (4, 0) to (4,1)
[15:50:54.781 INFO]: RoadRunner is attempting to run away from 1 Coyotes!
[15:50:54.781 INFO]: RoadRunner(111) is moving E from (7, 0) to (7,1)
[15:50:54.781 INFO]: RoadRunner is attempting to run away from 1 Coyotes!
[15:50:54.782 INFO]: RoadRunner(153) is moving S from (3, 0) to (4,0)
[15:50:54.782 INFO]: RoadRunner(89) is moving SE from (3, 1) to (4,2)
[15:50:54.782 INFO]: RoadRunner is attempting to run away from 1 Coyotes!
[15:50:54.782 INFO]: RoadRunner is attempting to run away from 1 Coyotes!
[15:50:54.782 INFO]: RoadRunner(173) is moving E from (0, 4) to (0,5)
[15:50:54.782 INFO]: Coyote(130) is moving S from (0, 3) to (1,3)
[15:50:54.782 WARN]: Coyote(130) just ate RoadRunner(66) at cell (1,3)
[15:50:54.782 INFO]: Coyote(64) is moving N from (6, 0) to (5,0)
[15:50:54.782 WARN]: Coyote(64) just ate RoadRunner(124) at cell (5,0)
[15:50:54.782 INFO]: RoadRunner is attempting to run away from 1 Coyotes!
[15:50:54.782 INFO]: RoadRunner(60) is moving N from (1, 4) to (0,4)
[15:50:54.783 INFO]: RoadRunner(117) is moving NW from (4, 3) to (3,2)
[15:50:54.783 INFO]: Coyote just bred a new Coyote at cell (0,7)
[15:50:54.783 INFO]: Coyote just bred a new Coyote at cell (2,7)
[15:50:54.783 INFO]: Coyote just bred a new Coyote at cell (0,3)
[15:50:54.783 INFO]: Coyote just bred a new Coyote at cell (6,0)
[15:50:54.783 INFO]: 
[15:50:54.783 INFO]: Coyotes Left: 8
[15:50:54.783 INFO]: RoadRunners Left: 83
[15:50:54.952 INFO]: 
[15:50:54.952 INFO]: 
[15:50:54.952 INFO]: ########## Age 32 ##########
[15:50:54.952 INFO]: 
[15:50:54.952 INFO]: 
[15:50:54.953 INFO]: RoadRunner(120) is moving E from (9, 1) to (9,2)
[15:50:54.953 INFO]: Coyote(64) is moving N from (5, 0) to (4,0)
[15:50:54.953 WARN]: Coyote(64) just ate RoadRunner(153) at cell (4,0)
[15:50:54.953 INFO]: RoadRunner is attempting to run away from 2 Coyotes!
[15:50:54.953 INFO]: RoadRunner is attempting to run away from 2 Coyotes!
[15:50:54.953 INFO]: RoadRunner(141) is moving S from (0, 0) to (1,0)
[15:50:54.953 INFO]: RoadRunner is attempting to run away from 3 Coyotes!
[15:50:54.953 INFO]: RoadRunner(138) is moving SW from (3, 4) to (4,3)
[15:50:54.953 INFO]: RoadRunner is attempting to run away from 1 Coyotes!
[15:50:54.954 INFO]: Coyote(104) is moving NE from (1, 7) to (0,8)
[15:50:54.954 WARN]: Coyote(104) just ate RoadRunner(105) at cell (0,8)
[15:50:54.954 INFO]: Coyote(176) is moving SE from (0, 7) to (1,8)
[15:50:54.954 WARN]: Coyote(176) just ate RoadRunner(63) at cell (1,8)
[15:50:54.954 INFO]: RoadRunner is attempting to run away from 1 Coyotes!
[15:50:54.954 INFO]: RoadRunner(173) is moving SW from (0, 5) to (1,4)
[15:50:54.954 INFO]: RoadRunner(136) is moving SE from (8, 0) to (9,1)
[15:50:54.954 INFO]: RoadRunner is attempting to run away from 2 Coyotes!
[15:50:54.954 INFO]: RoadRunner is attempting to run away from 2 Coyotes!
[15:50:54.954 INFO]: RoadRunner(165) is moving W from (0, 2) to (0,1)
[15:50:54.954 INFO]: RoadRunner is attempting to run away from 2 Coyotes!
[15:50:54.954 INFO]: RoadRunner(72) is moving W from (8, 1) to (8,0)
[15:50:54.954 INFO]: RoadRunner(122) is moving W from (3, 5) to (3,4)
[15:50:54.955 INFO]: RoadRunner(174) is moving SE from (2, 0) to (3,1)
[15:50:54.955 INFO]: RoadRunner(139) is moving W from (8, 2) to (8,1)
[15:50:54.955 INFO]: RoadRunner is attempting to run away from 2 Coyotes!
[15:50:54.955 INFO]: RoadRunner is attempting to run away from 2 Coyotes!
[15:50:54.955 INFO]: RoadRunner(134) is moving N from (4, 5) to (3,5)
[15:50:54.955 INFO]: RoadRunner is attempting to run away from 1 Coyotes!
[15:50:54.955 INFO]: RoadRunner(70) is moving SW from (3, 6) to (4,5)
[15:50:54.955 INFO]: RoadRunner(61) is moving NW from (9, 3) to (8,2)
[15:50:54.955 INFO]: RoadRunner(164) is moving SW from (2, 1) to (3,0)
[15:50:54.955 INFO]: RoadRunner(170) is moving NE from (1, 1) to (0,2)
[15:50:54.955 INFO]: Coyote(130) is moving NE from (1, 3) to (0,4)
[15:50:54.955 WARN]: Coyote(130) just ate RoadRunner(60) at cell (0,4)
[15:50:54.955 INFO]: RoadRunner is attempting to run away from 1 Coyotes!
[15:50:54.955 INFO]: RoadRunner(167) is moving NW from (2, 4) to (1,3)
[15:50:54.956 INFO]: RoadRunner is attempting to run away from 1 Coyotes!
[15:50:54.956 INFO]: RoadRunner is attempting to run away from 1 Coyotes!
[15:50:54.956 INFO]: RoadRunner(143) is moving W from (3, 7) to (3,6)
[15:50:54.956 INFO]: RoadRunner(106) is moving NW from (4, 8) to (3,7)
[15:50:54.956 INFO]: RoadRunner(163) is moving W from (2, 5) to (2,4)
[15:50:54.956 INFO]: RoadRunner(125) is moving NW from (2, 3) to (1,2)
[15:50:54.956 INFO]: RoadRunner is attempting to run away from 1 Coyotes!
[15:50:54.956 INFO]: RoadRunner(117) is moving NW from (3, 2) to (2,1)
[15:50:54.956 INFO]: RoadRunner is attempting to run away from 2 Coyotes!
[15:50:54.957 INFO]: RoadRunner(158) is moving S from (1, 5) to (2,5)
[15:50:54.957 INFO]: RoadRunner(132) is moving W from (9, 4) to (9,3)
[15:50:54.957 INFO]: RoadRunner(89) is moving N from (4, 2) to (3,2)
[15:50:54.957 INFO]: Coyote(42) is moving S from (0, 6) to (1,6)
[15:50:54.957 WARN]: Coyote(42) just ate RoadRunner(118) at cell (1,6)
[15:50:54.957 INFO]: RoadRunner is attempting to run away from 2 Coyotes!
[15:50:54.957 INFO]: RoadRunner(98) is moving NW from (5, 3) to (4,2)
[15:50:54.957 INFO]: Coyote(179) is moving NE from (6, 0) to (5,1)
[15:50:54.957 WARN]: Coyote(179) just ate RoadRunner(157) at cell (5,1)
[15:50:54.957 INFO]: RoadRunner(74) is moving E from (2, 2) to (2,3)
[15:50:54.958 INFO]: Coyote(178) is moving S from (0, 3) to (1,3)
[15:50:54.958 WARN]: Coyote(178) just ate RoadRunner(167) at cell (1,3)
[15:50:54.958 INFO]: RoadRunner(81) is moving E from (4, 7) to (4,8)
[15:50:54.958 INFO]: Coyote(177) is moving S from (2, 7) to (3,7)
[15:50:54.958 WARN]: Coyote(177) just ate RoadRunner(106) at cell (3,7)
[15:50:54.958 INFO]: RoadRunner is attempting to run away from 1 Coyotes!
[15:50:54.958 INFO]: RoadRunner just bred a new RoadRunner at cell (0,0)
[15:50:54.958 INFO]: RoadRunner just bred a new RoadRunner at cell (5,3)
[15:50:54.958 INFO]: RoadRunner just bred a new RoadRunner at cell (5,0)
[15:50:54.958 INFO]: RoadRunner just bred a new RoadRunner at cell (0,5)
[15:50:54.958 INFO]: RoadRunner just bred a new RoadRunner at cell (4,7)
[15:50:54.958 INFO]: RoadRunner just bred a new RoadRunner at cell (1,1)
[15:50:54.958 INFO]: RoadRunner just bred a new RoadRunner at cell (9,4)
[15:50:54.959 INFO]: RoadRunner just bred a new RoadRunner at cell (7,0)
[15:50:54.959 INFO]: RoadRunner just bred a new RoadRunner at cell (2,2)
[15:50:54.959 INFO]: RoadRunner just bred a new RoadRunner at cell (1,7)
[15:50:54.959 INFO]: RoadRunner just bred a new RoadRunner at cell (2,0)
[15:50:54.959 INFO]: RoadRunner just bred a new RoadRunner at cell (0,3)
[15:50:54.959 INFO]: RoadRunner just bred a new RoadRunner at cell (2,7)
[15:50:54.959 INFO]: RoadRunner just bred a new RoadRunner at cell (6,0)
[15:50:54.959 INFO]: RoadRunner just bred a new RoadRunner at cell (1,5)
[15:50:54.959 INFO]: 
[15:50:54.959 INFO]: Coyotes Left: 8
[15:50:54.959 INFO]: RoadRunners Left: 90
[15:50:55.122 INFO]: 
[15:50:55.122 INFO]: 
[15:50:55.122 INFO]: ########## Age 33 ##########
[15:50:55.122 INFO]: 
[15:50:55.122 INFO]: 
[15:50:55.122 INFO]: Coyote(64) is moving N from (4, 0) to (3,0)
[15:50:55.123 WARN]: Coyote(64) just ate RoadRunner(164) at cell (3,0)
[15:50:55.123 INFO]: RoadRunner is attempting to run away from 2 Coyotes!
[15:50:55.123 INFO]: Coyote(177) is moving N from (3, 7) to (2,7)
[15:50:55.123 WARN]: Coyote(177) just ate RoadRunner(192) at cell (2,7)
[15:50:55.123 INFO]: RoadRunner is attempting to run away from 2 Coyotes!
[15:50:55.123 INFO]: RoadRunner(62) is moving NE from (4, 6) to (3,7)
[15:50:55.123 INFO]: RoadRunner is attempting to run away from 1 Coyotes!
[15:50:55.124 INFO]: RoadRunner is attempting to run away from 2 Coyotes!
[15:50:55.124 INFO]: Coyote(42) is moving NW from (1, 6) to (0,5)
[15:50:55.124 WARN]: Coyote(42) just ate RoadRunner(183) at cell (0,5)
[15:50:55.124 INFO]: Coyote(130) is moving S from (0, 4) to (1,4)
[15:50:55.124 WARN]: Coyote(130) just ate RoadRunner(173) at cell (1,4)
[15:50:55.124 INFO]: Coyote(178) is moving N from (1, 3) to (0,3)
[15:50:55.125 WARN]: Coyote(178) just ate RoadRunner(191) at cell (0,3)
[15:50:55.125 INFO]: RoadRunner is attempting to run away from 1 Coyotes!
[15:50:55.125 INFO]: RoadRunner is attempting to run away from 1 Coyotes!
[15:50:55.125 INFO]: RoadRunner is attempting to run away from 1 Coyotes!
[15:50:55.125 INFO]: RoadRunner(147) is moving N from (2, 6) to (1,6)
[15:50:55.125 INFO]: RoadRunner is attempting to run away from 2 Coyotes!
[15:50:55.125 INFO]: RoadRunner is attempting to run away from 1 Coyotes!
[15:50:55.125 INFO]: RoadRunner is attempting to run away from 1 Coyotes!
[15:50:55.125 INFO]: RoadRunner(158) is moving E from (2, 5) to (2,6)
[15:50:55.125 INFO]: RoadRunner is attempting to run away from 1 Coyotes!
[15:50:55.126 INFO]: RoadRunner(134) is moving N from (3, 5) to (2,5)
[15:50:55.126 INFO]: Coyote(179) is moving N from (5, 1) to (4,1)
[15:50:55.126 WARN]: Coyote(179) just ate RoadRunner(175) at cell (4,1)
[15:50:55.126 INFO]: RoadRunner(193) is moving NE from (6, 0) to (5,1)
[15:50:55.126 INFO]: RoadRunner is attempting to run away from 1 Coyotes!
[15:50:55.126 INFO]: RoadRunner is attempting to run away from 2 Coyotes!
[15:50:55.126 INFO]: RoadRunner(80) is moving NW from (5, 7) to (4,6)
[15:50:55.126 INFO]: RoadRunner is attempting to run away from 1 Coyotes!
[15:50:55.126 INFO]: Coyote(104) is moving SE from (0, 8) to (1,9)
[15:50:55.126 WARN]: Coyote(104) just ate RoadRunner(85) at cell (1,9)
[15:50:55.126 INFO]: RoadRunner is attempting to run away from 2 Coyotes!
[15:50:55.127 INFO]: RoadRunner is attempting to run away from 1 Coyotes!
[15:50:55.127 INFO]: RoadRunner is attempting to run away from 2 Coyotes!
[15:50:55.127 INFO]: RoadRunner(189) is moving NW from (1, 7) to (0,6)
[15:50:55.127 INFO]: RoadRunner(54) is moving W from (6, 1) to (6,0)
[15:50:55.127 INFO]: RoadRunner(184) is moving S from (4, 7) to (5,7)
[15:50:55.127 INFO]: RoadRunner(111) is moving N from (7, 1) to (6,1)
[15:50:55.127 INFO]: RoadRunner(112) is moving NE from (4, 4) to (3,5)
[15:50:55.127 INFO]: RoadRunner is attempting to run away from 1 Coyotes!
[15:50:55.127 INFO]: RoadRunner(143) is moving SE from (3, 6) to (4,7)
[15:50:55.127 INFO]: RoadRunner is attempting to run away from 1 Coyotes!
[15:50:55.127 INFO]: RoadRunner is attempting to run away from 1 Coyotes!
[15:50:55.127 INFO]: RoadRunner is attempting to run away from 1 Coyotes!
[15:50:55.128 INFO]: RoadRunner(74) is moving N from (2, 3) to (1,3)
[15:50:55.128 INFO]: RoadRunner is attempting to run away from 1 Coyotes!
[15:50:55.128 INFO]: RoadRunner(182) is moving N from (5, 0) to (4,0)
[15:50:55.128 INFO]: RoadRunner(187) is moving E from (7, 0) to (7,1)
[15:50:55.128 INFO]: Coyote(176) is moving NE from (1, 8) to (0,9)
[15:50:55.128 WARN]: Coyote(176) just ate RoadRunner(127) at cell (0,9)
[15:50:55.128 INFO]: 
[15:50:55.128 INFO]: Coyotes Left: 8
[15:50:55.128 INFO]: RoadRunners Left: 82
[15:50:55.312 INFO]: 
[15:50:55.312 INFO]: 
[15:50:55.312 INFO]: ########## Age 34 ##########
[15:50:55.312 INFO]: 
[15:50:55.312 INFO]: 
[15:50:55.312 INFO]: Coyote(178) is moving S from (0, 3) to (1,3)
[15:50:55.312 WARN]: Coyote(178) just ate RoadRunner(74) at cell (1,3)
[15:50:55.312 INFO]: RoadRunner(143) is moving NW from (4, 7) to (3,6)
[15:50:55.312 INFO]: Coyote(177) is moving NW from (2, 7) to (1,6)
[15:50:55.312 WARN]: Coyote(177) just ate RoadRunner(147) at cell (1,6)
[15:50:55.312 INFO]: RoadRunner is attempting to run away from 1 Coyotes!
[15:50:55.312 INFO]: RoadRunner(40) is moving NW from (5, 8) to (4,7)
[15:50:55.312 INFO]: RoadRunner(187) is moving W from (7, 1) to (7,0)
[15:50:55.312 INFO]: RoadRunner is attempting to run away from 1 Coyotes!
[15:50:55.312 INFO]: RoadRunner(128) is moving W from (2, 8) to (2,7)
[15:50:55.313 INFO]: RoadRunner(54) is moving SE from (6, 0) to (7,1)
[15:50:55.313 INFO]: RoadRunner is attempting to run away from 1 Coyotes!
[15:50:55.313 INFO]: RoadRunner is attempting to run away from 3 Coyotes!
[15:50:55.313 INFO]: Coyote(42) is moving S from (0, 5) to (1,5)
[15:50:55.313 WARN]: Coyote(42) just ate RoadRunner(194) at cell (1,5)
[15:50:55.313 INFO]: RoadRunner(184) is moving E from (5, 7) to (5,8)
[15:50:55.313 INFO]: RoadRunner(123) is moving NW from (5, 5) to (4,4)
[15:50:55.313 INFO]: RoadRunner is attempting to run away from 1 Coyotes!
[15:50:55.313 INFO]: Coyote(104) is moving S from (1, 9) to (2,9)
[15:50:55.313 WARN]: Coyote(104) just ate RoadRunner(109) at cell (2,9)
[15:50:55.313 INFO]: RoadRunner is attempting to run away from 2 Coyotes!
[15:50:55.313 INFO]: RoadRunner(189) is moving E from (0, 6) to (0,7)
[15:50:55.313 INFO]: Coyote(176) is moving SW from (0, 9) to (1,8)
[15:50:55.313 INFO]: RoadRunner(126) is moving E from (5, 4) to (5,5)
[15:50:55.313 INFO]: RoadRunner is attempting to run away from 1 Coyotes!
[15:50:55.313 INFO]: RoadRunner is attempting to run away from 2 Coyotes!
[15:50:55.313 INFO]: RoadRunner(76) is moving NW from (6, 5) to (5,4)
[15:50:55.313 INFO]: Coyote(64) is moving N from (3, 0) to (2,0)
[15:50:55.313 WARN]: Coyote(64) just ate RoadRunner(190) at cell (2,0)
[15:50:55.313 INFO]: RoadRunner(62) is moving NE from (3, 7) to (2,8)
[15:50:55.314 INFO]: RoadRunner(148) is moving E from (6, 4) to (6,5)
[15:50:55.314 INFO]: RoadRunner is attempting to run away from 1 Coyotes!
[15:50:55.314 INFO]: RoadRunner(108) is moving NW from (6, 8) to (5,7)
[15:50:55.314 INFO]: RoadRunner(97) is moving NW from (7, 9) to (6,8)
[15:50:55.314 INFO]: RoadRunner(114) is moving S from (6, 9) to (7,9)
[15:50:55.314 INFO]: RoadRunner is attempting to run away from 1 Coyotes!
[15:50:55.314 INFO]: RoadRunner(68) is moving W from (3, 8) to (3,7)
[15:50:55.314 INFO]: RoadRunner is attempting to run away from 2 Coyotes!
[15:50:55.314 INFO]: RoadRunner(122) is moving NW from (3, 4) to (2,3)
[15:50:55.314 INFO]: RoadRunner(111) is moving W from (6, 1) to (6,0)
[15:50:55.314 INFO]: RoadRunner is attempting to run away from 1 Coyotes!
[15:50:55.314 INFO]: RoadRunner(116) is moving SW from (5, 2) to (6,1)
[15:50:55.314 INFO]: RoadRunner is attempting to run away from 1 Coyotes!
[15:50:55.314 INFO]: RoadRunner(129) is moving NE from (7, 8) to (6,9)
[15:50:55.314 INFO]: RoadRunner(59) is moving NW from (7, 5) to (6,4)
[15:50:55.314 INFO]: RoadRunner is attempting to run away from 3 Coyotes!
[15:50:55.314 INFO]: RoadRunner(134) is moving SW from (2, 5) to (3,4)
[15:50:55.315 INFO]: RoadRunner is attempting to run away from 1 Coyotes!
[15:50:55.315 INFO]: RoadRunner(168) is moving N from (6, 2) to (5,2)
[15:50:55.315 INFO]: RoadRunner(137) is moving NW from (8, 9) to (7,8)
[15:50:55.315 INFO]: Coyote(130) is moving S from (1, 4) to (2,4)
[15:50:55.315 WARN]: Coyote(130) just ate RoadRunner(163) at cell (2,4)
[15:50:55.315 INFO]: RoadRunner is attempting to run away from 1 Coyotes!
[15:50:55.315 INFO]: RoadRunner(193) is moving SE from (5, 1) to (6,2)
[15:50:55.315 INFO]: RoadRunner is attempting to run away from 1 Coyotes!
[15:50:55.315 INFO]: RoadRunner(99) is moving N from (8, 5) to (7,5)
[15:50:55.315 INFO]: Coyote(179) is moving N from (4, 1) to (3,1)
[15:50:55.315 WARN]: Coyote(179) just ate RoadRunner(174) at cell (3,1)
[15:50:55.315 INFO]: RoadRunner is attempting to run away from 1 Coyotes!
[15:50:55.315 INFO]: RoadRunner(112) is moving N from (3, 5) to (2,5)
[15:50:55.315 INFO]: RoadRunner is attempting to run away from 1 Coyotes!
[15:50:55.315 INFO]: RoadRunner(182) is moving S from (4, 0) to (5,0)
[15:50:55.315 INFO]: RoadRunner is attempting to run away from 1 Coyotes!
[15:50:55.316 INFO]: RoadRunner is attempting to run away from 1 Coyotes!
[15:50:55.316 INFO]: RoadRunner(144) is moving NW from (4, 9) to (3,8)
[15:50:55.316 INFO]: RoadRunner(81) is moving E from (4, 8) to (4,9)
[15:50:55.316 INFO]: 
[15:50:55.316 INFO]: Coyotes Left: 8
[15:50:55.316 INFO]: RoadRunners Left: 75
[15:50:55.481 INFO]: 
[15:50:55.482 INFO]: 
[15:50:55.482 INFO]: ########## Age 35 ##########
[15:50:55.482 INFO]: 
[15:50:55.482 INFO]: 
[15:50:55.482 INFO]: RoadRunner is attempting to run away from 1 Coyotes!
[15:50:55.482 INFO]: RoadRunner(135) is moving NW from (5, 9) to (4,8)
[15:50:55.482 INFO]: RoadRunner is attempting to run away from 1 Coyotes!
[15:50:55.482 INFO]: RoadRunner(134) is moving E from (3, 4) to (3,5)
[15:50:55.482 INFO]: RoadRunner is attempting to run away from 2 Coyotes!
[15:50:55.482 INFO]: RoadRunner(184) is moving E from (5, 8) to (5,9)
[15:50:55.482 INFO]: RoadRunner is attempting to run away from 1 Coyotes!
[15:50:55.483 INFO]: RoadRunner(100) is moving NE from (6, 7) to (5,8)
[15:50:55.483 INFO]: Coyote(176) is moving NW from (1, 8) to (0,7)
[15:50:55.483 WARN]: Coyote(176) just ate RoadRunner(189) at cell (0,7)
[15:50:55.483 INFO]: Coyote(64) is moving N from (2, 0) to (1,0)
[15:50:55.483 WARN]: Coyote(64) just ate RoadRunner(141) at cell (1,0)
[15:50:55.483 INFO]: RoadRunner(114) is moving S from (7, 9) to (8,9)
[15:50:55.483 INFO]: RoadRunner is attempting to run away from 2 Coyotes!
[15:50:55.483 INFO]: RoadRunner is attempting to run away from 1 Coyotes!
[15:50:55.483 INFO]: RoadRunner(98) is moving SW from (4, 2) to (5,1)
[15:50:55.483 INFO]: RoadRunner(154) is moving SE from (5, 6) to (6,7)
[15:50:55.483 INFO]: RoadRunner is attempting to run away from 2 Coyotes!
[15:50:55.484 INFO]: Coyote(178) is moving NW from (1, 3) to (0,2)
[15:50:55.484 WARN]: Coyote(178) just ate RoadRunner(170) at cell (0,2)
[15:50:55.484 INFO]: RoadRunner(137) is moving E from (7, 8) to (7,9)
[15:50:55.484 INFO]: RoadRunner(80) is moving S from (4, 6) to (5,6)
[15:50:55.484 INFO]: RoadRunner(96) is moving E from (8, 4) to (8,5)
[15:50:55.484 INFO]: RoadRunner(51) is moving E from (7, 7) to (7,8)
[15:50:55.484 INFO]: Coyote(104) is moving S from (2, 9) to (3,9)
[15:50:55.484 WARN]: Coyote(104) just ate RoadRunner(95) at cell (3,9)
[15:50:55.484 INFO]: RoadRunner is attempting to run away from 1 Coyotes!
[15:50:55.484 INFO]: RoadRunner(88) is moving SW from (3, 3) to (4,2)
[15:50:55.484 INFO]: Coyote(179) is moving N from (3, 1) to (2,1)
[15:50:55.484 WARN]: Coyote(179) just ate RoadRunner(117) at cell (2,1)
[15:50:55.484 INFO]: RoadRunner is attempting to run away from 2 Coyotes!
[15:50:55.485 INFO]: RoadRunner(149) is moving E from (7, 6) to (7,7)
[15:50:55.485 INFO]: RoadRunner(186) is moving N from (9, 4) to (8,4)
[15:50:55.485 INFO]: RoadRunner(40) is moving W from (4, 7) to (4,6)
[15:50:55.485 INFO]: Coyote(130) is moving SE from (2, 4) to (3,5)
[15:50:55.485 WARN]: Coyote(130) just ate RoadRunner(134) at cell (3,5)
[15:50:55.485 INFO]: RoadRunner is attempting to run away from 1 Coyotes!
[15:50:55.485 INFO]: RoadRunner(168) is moving NW from (5, 2) to (4,1)
[15:50:55.485 INFO]: RoadRunner is attempting to run away from 1 Coyotes!
[15:50:55.486 INFO]: Coyote(42) is moving S from (1, 5) to (2,5)
[15:50:55.486 WARN]: Coyote(42) just ate RoadRunner(112) at cell (2,5)
[15:50:55.486 INFO]: RoadRunner is attempting to run away from 1 Coyotes!
[15:50:55.486 INFO]: RoadRunner(89) is moving E from (3, 2) to (3,3)
[15:50:55.486 INFO]: RoadRunner(99) is moving E from (7, 5) to (7,6)
[15:50:55.486 INFO]: RoadRunner(68) is moving S from (3, 7) to (4,7)
[15:50:55.486 INFO]: Coyote(177) is moving S from (1, 6) to (2,6)
[15:50:55.486 WARN]: Coyote(177) just ate RoadRunner(158) at cell (2,6)
[15:50:55.486 INFO]: RoadRunner(116) is moving NE from (6, 1) to (5,2)
[15:50:55.486 INFO]: RoadRunner is attempting to run away from 1 Coyotes!
[15:50:55.486 INFO]: RoadRunner(123) is moving N from (4, 4) to (3,4)
[15:50:55.486 INFO]: RoadRunner is attempting to run away from 1 Coyotes!
[15:50:55.487 INFO]: RoadRunner(144) is moving W from (3, 8) to (3,7)
[15:50:55.487 INFO]: RoadRunner is attempting to run away from 1 Coyotes!
[15:50:55.487 INFO]: RoadRunner(128) is moving NE from (2, 7) to (1,8)
[15:50:55.487 INFO]: RoadRunner(146) is moving W from (9, 5) to (9,4)
[15:50:55.487 INFO]: RoadRunner(166) is moving NW from (8, 6) to (7,5)
[15:50:55.487 INFO]: RoadRunner(92) is moving NW from (7, 2) to (6,1)
[15:50:55.487 INFO]: RoadRunner(138) is moving E from (4, 3) to (4,4)
[15:50:55.487 INFO]: RoadRunner is attempting to run away from 1 Coyotes!
[15:50:55.487 INFO]: RoadRunner is attempting to run away from 3 Coyotes!
[15:50:55.487 INFO]: RoadRunner(182) is moving N from (5, 0) to (4,0)
[15:50:55.487 INFO]: RoadRunner(107) is moving W from (8, 7) to (8,6)
[15:50:55.487 INFO]: RoadRunner is attempting to run away from 2 Coyotes!
[15:50:55.488 INFO]: RoadRunner(125) is moving E from (1, 2) to (1,3)
[15:50:55.488 INFO]: RoadRunner just bred a new RoadRunner at cell (8,7)
[15:50:55.488 INFO]: RoadRunner just bred a new RoadRunner at cell (3,8)
[15:50:55.488 INFO]: RoadRunner just bred a new RoadRunner at cell (7,2)
[15:50:55.488 INFO]: RoadRunner just bred a new RoadRunner at cell (1,9)
[15:50:55.488 INFO]: RoadRunner just bred a new RoadRunner at cell (2,0)
[15:50:55.488 INFO]: RoadRunner just bred a new RoadRunner at cell (4,3)
[15:50:55.488 INFO]: RoadRunner just bred a new RoadRunner at cell (1,4)
[15:50:55.488 INFO]: RoadRunner just bred a new RoadRunner at cell (5,0)
[15:50:55.488 INFO]: RoadRunner just bred a new RoadRunner at cell (1,2)
[15:50:55.488 INFO]: RoadRunner just bred a new RoadRunner at cell (9,5)
[15:50:55.488 INFO]: RoadRunner just bred a new RoadRunner at cell (3,2)
[15:50:55.489 INFO]: RoadRunner just bred a new RoadRunner at cell (3,1)
[15:50:55.489 INFO]: RoadRunner just bred a new RoadRunner at cell (2,4)
[15:50:55.489 INFO]: RoadRunner just bred a new RoadRunner at cell (2,7)
[15:50:55.489 INFO]: RoadRunner just bred a new RoadRunner at cell (0,8)
[15:50:55.489 INFO]: RoadRunner just bred a new RoadRunner at cell (3,0)
[15:50:55.489 INFO]: RoadRunner just bred a new RoadRunner at cell (0,3)
[15:50:55.489 INFO]: 
[15:50:55.489 INFO]: Coyotes Left: 8
[15:50:55.489 INFO]: RoadRunners Left: 84
[15:50:55.697 INFO]: 
[15:50:55.697 INFO]: 
[15:50:55.697 INFO]: ########## Age 36 ##########
[15:50:55.697 INFO]: 
[15:50:55.697 INFO]: 
[15:50:55.698 INFO]: RoadRunner(198) is moving S from (1, 9) to (2,9)
[15:50:55.698 INFO]: RoadRunner is attempting to run away from 1 Coyotes!
[15:50:55.698 INFO]: RoadRunner(208) is moving N from (2, 7) to (1,7)
[15:50:55.698 INFO]: Coyote(177) is moving NE from (2, 6) to (1,7)
[15:50:55.698 WARN]: Coyote(177) just ate RoadRunner(208) at cell (1,7)
[15:50:55.698 INFO]: RoadRunner is attempting to run away from 1 Coyotes!
[15:50:55.698 INFO]: RoadRunner is attempting to run away from 1 Coyotes!
[15:50:55.698 INFO]: RoadRunner is attempting to run away from 2 Coyotes!
[15:50:55.699 INFO]: RoadRunner is attempting to run away from 2 Coyotes!
[15:50:55.699 INFO]: RoadRunner(209) is moving SE from (0, 8) to (1,9)
[15:50:55.699 INFO]: RoadRunner is attempting to run away from 1 Coyotes!
[15:50:55.699 INFO]: RoadRunner is attempting to run away from 2 Coyotes!
[15:50:55.699 INFO]: RoadRunner(128) is moving NE from (1, 8) to (0,9)
[15:50:55.699 INFO]: RoadRunner is attempting to run away from 1 Coyotes!
[15:50:55.699 INFO]: RoadRunner(211) is moving E from (0, 3) to (0,4)
[15:50:55.699 INFO]: RoadRunner is attempting to run away from 2 Coyotes!
[15:50:55.699 INFO]: RoadRunner(143) is moving NE from (3, 6) to (2,7)
[15:50:55.699 INFO]: Coyote(104) is moving N from (3, 9) to (2,9)
[15:50:55.700 WARN]: Coyote(104) just ate RoadRunner(198) at cell (2,9)
[15:50:55.700 INFO]: RoadRunner is attempting to run away from 1 Coyotes!
[15:50:55.700 INFO]: Coyote(42) is moving NW from (2, 5) to (1,4)
[15:50:55.700 WARN]: Coyote(42) just ate RoadRunner(201) at cell (1,4)
[15:50:55.700 INFO]: RoadRunner is attempting to run away from 1 Coyotes!
[15:50:55.700 INFO]: Coyote(130) is moving NW from (3, 5) to (2,4)
[15:50:55.700 WARN]: Coyote(130) just ate RoadRunner(207) at cell (2,4)
[15:50:55.700 INFO]: RoadRunner is attempting to run away from 1 Coyotes!
[15:50:55.700 INFO]: Coyote(64) is moving N from (1, 0) to (0,0)
[15:50:55.700 WARN]: Coyote(64) just ate RoadRunner(180) at cell (0,0)
[15:50:55.700 INFO]: RoadRunner is attempting to run away from 2 Coyotes!
[15:50:55.701 INFO]: RoadRunner(144) is moving W from (3, 7) to (3,6)
[15:50:55.701 INFO]: RoadRunner is attempting to run away from 1 Coyotes!
[15:50:55.701 INFO]: RoadRunner(199) is moving N from (2, 0) to (1,0)
[15:50:55.701 INFO]: RoadRunner is attempting to run away from 3 Coyotes!
[15:50:55.701 INFO]: RoadRunner(68) is moving N from (4, 7) to (3,7)
[15:50:55.701 INFO]: RoadRunner(81) is moving N from (4, 9) to (3,9)
[15:50:55.701 INFO]: RoadRunner is attempting to run away from 2 Coyotes!
[15:50:55.701 INFO]: Coyote(179) is moving N from (2, 1) to (1,1)
[15:50:55.701 WARN]: Coyote(179) just ate RoadRunner(185) at cell (1,1)
[15:50:55.701 INFO]: RoadRunner(206) is moving NW from (3, 1) to (2,0)
[15:50:55.702 INFO]: RoadRunner(138) is moving NE from (4, 4) to (3,5)
[15:50:55.702 INFO]: RoadRunner is attempting to run away from 2 Coyotes!
[15:50:55.702 INFO]: RoadRunner(62) is moving N from (2, 8) to (1,8)
[15:50:55.702 INFO]: Coyote(176) is moving SE from (0, 7) to (1,8)
[15:50:55.702 WARN]: Coyote(176) just ate RoadRunner(62) at cell (1,8)
[15:50:55.702 INFO]: RoadRunner is attempting to run away from 3 Coyotes!
[15:50:55.702 INFO]: RoadRunner(125) is moving N from (1, 3) to (0,3)
[15:50:55.702 INFO]: RoadRunner(205) is moving W from (3, 2) to (3,1)
[15:50:55.702 INFO]: Coyote(178) is moving S from (0, 2) to (1,2)
[15:50:55.702 WARN]: Coyote(178) just ate RoadRunner(203) at cell (1,2)
[15:50:55.702 INFO]: 
[15:50:55.702 INFO]: Coyotes Left: 8
[15:50:55.702 INFO]: RoadRunners Left: 76
[15:50:55.849 INFO]: 
[15:50:55.849 INFO]: 
[15:50:55.849 INFO]: ########## Age 37 ##########
[15:50:55.849 INFO]: 
[15:50:55.849 INFO]: 
[15:50:55.849 INFO]: RoadRunner(168) is moving NE from (4, 1) to (3,2)
[15:50:55.849 INFO]: Coyote(130) is moving S from (2, 4) to (3,4)
[15:50:55.849 WARN]: Coyote(130) just ate RoadRunner(123) at cell (3,4)
[15:50:55.849 INFO]: RoadRunner is attempting to run away from 3 Coyotes!
[15:50:55.850 INFO]: RoadRunner(122) is moving N from (2, 3) to (1,3)
[15:50:55.850 INFO]: RoadRunner is attempting to run away from 1 Coyotes!
[15:50:55.850 INFO]: RoadRunner(89) is moving N from (3, 3) to (2,3)
[15:50:55.850 INFO]: RoadRunner(202) is moving NE from (5, 0) to (4,1)
[15:50:55.850 INFO]: RoadRunner is attempting to run away from 2 Coyotes!
[15:50:55.850 INFO]: RoadRunner(143) is moving W from (2, 7) to (2,6)
[15:50:55.850 INFO]: RoadRunner(100) is moving NW from (5, 8) to (4,7)
[15:50:55.850 INFO]: RoadRunner(210) is moving NE from (3, 0) to (2,1)
[15:50:55.850 INFO]: RoadRunner(98) is moving W from (5, 1) to (5,0)
[15:50:55.850 INFO]: RoadRunner(181) is moving NE from (5, 3) to (4,4)
[15:50:55.850 INFO]: RoadRunner(205) is moving W from (3, 1) to (3,0)
[15:50:55.850 INFO]: RoadRunner is attempting to run away from 1 Coyotes!
[15:50:55.850 INFO]: RoadRunner(200) is moving S from (4, 3) to (5,3)
[15:50:55.850 INFO]: RoadRunner(108) is moving E from (5, 7) to (5,8)
[15:50:55.851 INFO]: RoadRunner is attempting to run away from 2 Coyotes!
[15:50:55.851 INFO]: Coyote(42) is moving N from (1, 4) to (0,4)
[15:50:55.851 WARN]: Coyote(42) just ate RoadRunner(211) at cell (0,4)
[15:50:55.851 INFO]: RoadRunner is attempting to run away from 1 Coyotes!
[15:50:55.851 INFO]: RoadRunner(206) is moving SE from (2, 0) to (3,1)
[15:50:55.851 INFO]: Coyote(179) is moving N from (1, 1) to (0,1)
[15:50:55.851 WARN]: Coyote(179) just ate RoadRunner(165) at cell (0,1)
[15:50:55.851 INFO]: RoadRunner(182) is moving SE from (4, 0) to (5,1)
[15:50:55.851 INFO]: RoadRunner(135) is moving E from (4, 8) to (4,9)
[15:50:55.851 INFO]: RoadRunner is attempting to run away from 2 Coyotes!
[15:50:55.851 INFO]: RoadRunner(199) is moving S from (1, 0) to (2,0)
[15:50:55.851 INFO]: RoadRunner is attempting to run away from 1 Coyotes!
[15:50:55.851 INFO]: RoadRunner(184) is moving NW from (5, 9) to (4,8)
[15:50:55.851 INFO]: RoadRunner is attempting to run away from 2 Coyotes!
[15:50:55.852 INFO]: RoadRunner(68) is moving NE from (3, 7) to (2,8)
[15:50:55.852 INFO]: RoadRunner(40) is moving NE from (4, 6) to (3,7)
[15:50:55.852 INFO]: RoadRunner is attempting to run away from 1 Coyotes!
[15:50:55.852 INFO]: RoadRunner(196) is moving NW from (3, 8) to (2,7)
[15:50:55.852 INFO]: RoadRunner is attempting to run away from 1 Coyotes!
[15:50:55.852 INFO]: RoadRunner(138) is moving SE from (3, 5) to (4,6)
[15:50:55.852 INFO]: RoadRunner is attempting to run away from 1 Coyotes!
[15:50:55.852 INFO]: RoadRunner(188) is moving SE from (2, 2) to (3,3)
[15:50:55.852 INFO]: RoadRunner is attempting to run away from 1 Coyotes!
[15:50:55.852 INFO]: RoadRunner(81) is moving W from (3, 9) to (3,8)
[15:50:55.852 INFO]: RoadRunner(88) is moving E from (4, 2) to (4,3)
[15:50:55.852 INFO]: RoadRunner(80) is moving E from (5, 6) to (5,7)
[15:50:55.852 INFO]: Coyote(104) is moving N from (2, 9) to (1,9)
[15:50:55.852 WARN]: Coyote(104) just ate RoadRunner(209) at cell (1,9)
[15:50:55.852 INFO]: Coyote(176) is moving NE from (1, 8) to (0,9)
[15:50:55.852 WARN]: Coyote(176) just ate RoadRunner(128) at cell (0,9)
[15:50:55.853 INFO]: Coyote(178) is moving NE from (1, 2) to (0,3)
[15:50:55.853 WARN]: Coyote(178) just ate RoadRunner(125) at cell (0,3)
[15:50:55.853 INFO]: Coyote(64) is moving SE from (0, 0) to (1,1)
[15:50:55.853 INFO]: RoadRunner(144) is moving W from (3, 6) to (3,5)
[15:50:55.853 INFO]: Coyote(177) is moving S from (1, 7) to (2,7)
[15:50:55.853 WARN]: Coyote(177) just ate RoadRunner(196) at cell (2,7)
[15:50:55.853 INFO]: RoadRunner(97) is moving NE from (6, 8) to (5,9)
[15:50:55.853 INFO]: RoadRunner(148) is moving NE from (6, 5) to (5,6)
[15:50:55.853 INFO]: RoadRunner(116) is moving N from (5, 2) to (4,2)
[15:50:55.853 INFO]: RoadRunner(126) is moving S from (5, 5) to (6,5)
[15:50:55.853 INFO]: 
[15:50:55.853 INFO]: Coyotes Left: 8
[15:50:55.853 INFO]: RoadRunners Left: 69
[15:50:56.025 INFO]: 
[15:50:56.025 INFO]: 
[15:50:56.025 INFO]: ########## Age 38 ##########
[15:50:56.025 INFO]: 
[15:50:56.025 INFO]: 
[15:50:56.025 INFO]: RoadRunner(92) is moving NE from (6, 1) to (5,2)
[15:50:56.025 INFO]: RoadRunner(100) is moving NW from (4, 7) to (3,6)
[15:50:56.025 INFO]: RoadRunner is attempting to run away from 1 Coyotes!
[15:50:56.025 INFO]: RoadRunner(210) is moving E from (2, 1) to (2,2)
[15:50:56.025 INFO]: RoadRunner is attempting to run away from 2 Coyotes!
[15:50:56.025 INFO]: RoadRunner(122) is moving SE from (1, 3) to (2,4)
[15:50:56.025 INFO]: RoadRunner(202) is moving W from (4, 1) to (4,0)
[15:50:56.026 INFO]: RoadRunner(182) is moving S from (5, 1) to (6,1)
[15:50:56.026 INFO]: RoadRunner(76) is moving E from (5, 4) to (5,5)
[15:50:56.026 INFO]: RoadRunner(193) is moving NW from (6, 2) to (5,1)
[15:50:56.026 INFO]: Coyote(176) is moving W from (0, 9) to (0,8)
[15:50:56.026 INFO]: RoadRunner is attempting to run away from 2 Coyotes!
[15:50:56.026 INFO]: RoadRunner(68) is moving SE from (2, 8) to (3,9)
[15:50:56.026 INFO]: Coyote(178) is moving SE from (0, 3) to (1,4)
[15:50:56.026 INFO]: RoadRunner is attempting to run away from 1 Coyotes!
[15:50:56.026 INFO]: RoadRunner(88) is moving SE from (4, 3) to (5,4)
[15:50:56.026 INFO]: RoadRunner(110) is moving W from (6, 3) to (6,2)
[15:50:56.026 INFO]: RoadRunner(154) is moving E from (6, 7) to (6,8)
[15:50:56.026 INFO]: Coyote(42) is moving W from (0, 4) to (0,3)
[15:50:56.026 INFO]: Coyote(130) is moving N from (3, 4) to (2,4)
[15:50:56.026 WARN]: Coyote(130) just ate RoadRunner(122) at cell (2,4)
[15:50:56.026 INFO]: RoadRunner is attempting to run away from 1 Coyotes!
[15:50:56.026 INFO]: RoadRunner(81) is moving NE from (3, 8) to (2,9)
[15:50:56.027 INFO]: RoadRunner(148) is moving SE from (5, 6) to (6,7)
[15:50:56.027 INFO]: RoadRunner(108) is moving NW from (5, 8) to (4,7)
[15:50:56.027 INFO]: RoadRunner(86) is moving N from (7, 3) to (6,3)
[15:50:56.027 INFO]: RoadRunner is attempting to run away from 1 Coyotes!
[15:50:56.027 INFO]: RoadRunner(143) is moving NW from (2, 6) to (1,5)
[15:50:56.027 INFO]: Coyote(177) is moving S from (2, 7) to (3,7)
[15:50:56.027 WARN]: Coyote(177) just ate RoadRunner(40) at cell (3,7)
[15:50:56.027 INFO]: RoadRunner(151) is moving W from (7, 4) to (7,3)
[15:50:56.027 INFO]: RoadRunner(129) is moving NW from (6, 9) to (5,8)
[15:50:56.027 INFO]: RoadRunner(137) is moving N from (7, 9) to (6,9)
[15:50:56.027 INFO]: RoadRunner(205) is moving NE from (3, 0) to (2,1)
[15:50:56.027 INFO]: RoadRunner(59) is moving S from (6, 4) to (7,4)
[15:50:56.027 INFO]: RoadRunner(166) is moving NW from (7, 5) to (6,4)
[15:50:56.027 INFO]: Coyote(179) is moving W from (0, 1) to (0,0)
[15:50:56.027 INFO]: RoadRunner is attempting to run away from 1 Coyotes!
[15:50:56.027 INFO]: RoadRunner(184) is moving N from (4, 8) to (3,8)
[15:50:56.027 INFO]: RoadRunner(70) is moving NW from (4, 5) to (3,4)
[15:50:56.028 INFO]: RoadRunner(150) is moving NE from (8, 8) to (7,9)
[15:50:56.028 INFO]: Coyote(64) is moving S from (1, 1) to (2,1)
[15:50:56.028 WARN]: Coyote(64) just ate RoadRunner(205) at cell (2,1)
[15:50:56.028 INFO]: RoadRunner is attempting to run away from 1 Coyotes!
[15:50:56.028 INFO]: RoadRunner(206) is moving S from (3, 1) to (4,1)
[15:50:56.028 INFO]: RoadRunner is attempting to run away from 1 Coyotes!
[15:50:56.028 INFO]: RoadRunner(199) is moving N from (2, 0) to (1,0)
[15:50:56.028 INFO]: RoadRunner(99) is moving W from (7, 6) to (7,5)
[15:50:56.028 INFO]: RoadRunner(126) is moving SE from (6, 5) to (7,6)
[15:50:56.028 INFO]: RoadRunner(114) is moving W from (8, 9) to (8,8)
[15:50:56.028 INFO]: RoadRunner(135) is moving W from (4, 9) to (4,8)
[15:50:56.028 INFO]: Coyote(104) is moving S from (1, 9) to (2,9)
[15:50:56.028 WARN]: Coyote(104) just ate RoadRunner(81) at cell (2,9)
[15:50:56.028 INFO]: RoadRunner is attempting to run away from 2 Coyotes!
[15:50:56.028 INFO]: RoadRunner(89) is moving NW from (2, 3) to (1,2)
[15:50:56.028 INFO]: RoadRunner is attempting to run away from 1 Coyotes!
[15:50:56.028 INFO]: RoadRunner(138) is moving S from (4, 6) to (5,6)
[15:50:56.028 INFO]: RoadRunner is attempting to run away from 1 Coyotes!
[15:50:56.028 INFO]: RoadRunner(168) is moving SE from (3, 2) to (4,3)
[15:50:56.029 INFO]: RoadRunner is attempting to run away from 1 Coyotes!
[15:50:56.029 INFO]: RoadRunner(188) is moving W from (3, 3) to (3,2)
[15:50:56.029 INFO]: RoadRunner is attempting to run away from 1 Coyotes!
[15:50:56.029 INFO]: RoadRunner(144) is moving SE from (3, 5) to (4,6)
[15:50:56.029 INFO]: RoadRunner(51) is moving SE from (7, 8) to (8,9)
[15:50:56.029 INFO]: RoadRunner(181) is moving E from (4, 4) to (4,5)
[15:50:56.029 INFO]: RoadRunner(116) is moving NE from (4, 2) to (3,3)
[15:50:56.029 INFO]: RoadRunner(131) is moving W from (6, 6) to (6,5)
[15:50:56.029 INFO]: RoadRunner(80) is moving SW from (5, 7) to (6,6)
[15:50:56.029 INFO]: RoadRunner just bred a new RoadRunner at cell (4,2)
[15:50:56.029 INFO]: RoadRunner just bred a new RoadRunner at cell (2,6)
[15:50:56.029 INFO]: RoadRunner just bred a new RoadRunner at cell (1,3)
[15:50:56.029 INFO]: RoadRunner just bred a new RoadRunner at cell (3,0)
[15:50:56.029 INFO]: RoadRunner just bred a new RoadRunner at cell (4,4)
[15:50:56.030 INFO]: RoadRunner just bred a new RoadRunner at cell (7,8)
[15:50:56.030 INFO]: RoadRunner just bred a new RoadRunner at cell (2,8)
[15:50:56.030 INFO]: RoadRunner just bred a new RoadRunner at cell (5,7)
[15:50:56.030 INFO]: RoadRunner just bred a new RoadRunner at cell (0,5)
[15:50:56.030 INFO]: RoadRunner just bred a new RoadRunner at cell (4,9)
[15:50:56.030 INFO]: RoadRunner just bred a new RoadRunner at cell (2,7)
[15:50:56.030 INFO]: RoadRunner just bred a new RoadRunner at cell (2,5)
[15:50:56.030 INFO]: RoadRunner just bred a new RoadRunner at cell (3,1)
[15:50:56.030 INFO]: RoadRunner just bred a new RoadRunner at cell (0,1)
[15:50:56.030 INFO]: RoadRunner just bred a new RoadRunner at cell (0,2)
[15:50:56.030 INFO]: RoadRunner just bred a new RoadRunner at cell (2,3)
[15:50:56.030 INFO]: RoadRunner just bred a new RoadRunner at cell (3,5)
[15:50:56.030 INFO]: 
[15:50:56.030 INFO]: Coyotes Left: 8
[15:50:56.030 INFO]: RoadRunners Left: 82
[15:50:56.194 INFO]: 
[15:50:56.194 INFO]: 
[15:50:56.194 INFO]: ########## Age 39 ##########
[15:50:56.194 INFO]: 
[15:50:56.194 INFO]: 
[15:50:56.194 INFO]: RoadRunner is attempting to run away from 1 Coyotes!
[15:50:56.195 INFO]: RoadRunner is attempting to run away from 1 Coyotes!
[15:50:56.195 INFO]: RoadRunner(225) is moving S from (0, 1) to (1,1)
[15:50:56.195 INFO]: Coyote(176) is moving W from (0, 8) to (0,7)
[15:50:56.195 INFO]: RoadRunner is attempting to run away from 1 Coyotes!
[15:50:56.195 INFO]: RoadRunner is attempting to run away from 3 Coyotes!
[15:50:56.195 INFO]: RoadRunner is attempting to run away from 2 Coyotes!
[15:50:56.195 INFO]: RoadRunner is attempting to run away from 1 Coyotes!
[15:50:56.195 INFO]: RoadRunner is attempting to run away from 1 Coyotes!
[15:50:56.195 INFO]: RoadRunner is attempting to run away from 1 Coyotes!
[15:50:56.196 INFO]: Coyote(178) is moving NE from (1, 4) to (0,5)
[15:50:56.196 WARN]: Coyote(178) just ate RoadRunner(220) at cell (0,5)
[15:50:56.196 INFO]: RoadRunner is attempting to run away from 1 Coyotes!
[15:50:56.196 INFO]: RoadRunner(226) is moving W from (0, 2) to (0,1)
[15:50:56.196 INFO]: RoadRunner is attempting to run away from 1 Coyotes!
[15:50:56.196 INFO]: RoadRunner is attempting to run away from 2 Coyotes!
[15:50:56.196 INFO]: RoadRunner(218) is moving NW from (2, 8) to (1,7)
[15:50:56.196 INFO]: RoadRunner is attempting to run away from 1 Coyotes!
[15:50:56.196 INFO]: RoadRunner is attempting to run away from 1 Coyotes!
[15:50:56.196 INFO]: RoadRunner(223) is moving NE from (2, 5) to (1,6)
[15:50:56.196 INFO]: Coyote(104) is moving S from (2, 9) to (3,9)
[15:50:56.196 WARN]: Coyote(104) just ate RoadRunner(68) at cell (3,9)
[15:50:56.196 INFO]: RoadRunner is attempting to run away from 1 Coyotes!
[15:50:56.197 INFO]: RoadRunner is attempting to run away from 1 Coyotes!
[15:50:56.197 INFO]: RoadRunner is attempting to run away from 2 Coyotes!
[15:50:56.197 INFO]: Coyote(64) is moving N from (2, 1) to (1,1)
[15:50:56.197 WARN]: Coyote(64) just ate RoadRunner(225) at cell (1,1)
[15:50:56.197 INFO]: RoadRunner(215) is moving NE from (3, 0) to (2,1)
[15:50:56.197 INFO]: Coyote(177) is moving N from (3, 7) to (2,7)
[15:50:56.197 WARN]: Coyote(177) just ate RoadRunner(222) at cell (2,7)
[15:50:56.197 INFO]: RoadRunner is attempting to run away from 2 Coyotes!
[15:50:56.197 INFO]: RoadRunner(89) is moving N from (1, 2) to (0,2)
[15:50:56.197 INFO]: RoadRunner is attempting to run away from 2 Coyotes!
[15:50:56.198 INFO]: RoadRunner(184) is moving N from (3, 8) to (2,8)
[15:50:56.198 INFO]: RoadRunner is attempting to run away from 2 Coyotes!
[15:50:56.198 INFO]: RoadRunner is attempting to run away from 1 Coyotes!
[15:50:56.198 INFO]: RoadRunner(228) is moving N from (3, 5) to (2,5)
[15:50:56.198 INFO]: Coyote(130) is moving NE from (2, 4) to (1,5)
[15:50:56.198 WARN]: Coyote(130) just ate RoadRunner(143) at cell (1,5)
[15:50:56.198 INFO]: Coyote(42) is moving S from (0, 3) to (1,3)
[15:50:56.198 WARN]: Coyote(42) just ate RoadRunner(214) at cell (1,3)
[15:50:56.198 INFO]: RoadRunner is attempting to run away from 2 Coyotes!
[15:50:56.198 INFO]: RoadRunner(213) is moving SW from (2, 6) to (3,5)
[15:50:56.198 INFO]: Coyote(179) is moving S from (0, 0) to (1,0)
[15:50:56.198 WARN]: Coyote(179) just ate RoadRunner(199) at cell (1,0)
[15:50:56.199 INFO]: Coyote just bred a new Coyote at cell (1,8)
[15:50:56.199 INFO]: Coyote just bred a new Coyote at cell (1,4)
[15:50:56.199 INFO]: Coyote just bred a new Coyote at cell (2,9)
[15:50:56.199 INFO]: Coyote just bred a new Coyote at cell (0,0)
[15:50:56.199 INFO]: Coyote just bred a new Coyote at cell (3,7)
[15:50:56.199 INFO]: Coyote just bred a new Coyote at cell (0,6)
[15:50:56.199 INFO]: Coyote just bred a new Coyote at cell (0,3)
[15:50:56.199 INFO]: Coyote just bred a new Coyote at cell (2,0)
[15:50:56.199 INFO]: 
[15:50:56.199 INFO]: Coyotes Left: 16
[15:50:56.199 INFO]: RoadRunners Left: 75
[15:50:56.361 INFO]: 
[15:50:56.361 INFO]: 
[15:50:56.361 INFO]: ########## Age 40 ##########
[15:50:56.361 INFO]: 
[15:50:56.361 INFO]: 
[15:50:56.361 INFO]: Coyote(64) is moving N from (1, 1) to (0,1)
[15:50:56.361 WARN]: Coyote(64) just ate RoadRunner(226) at cell (0,1)
[15:50:56.362 INFO]: RoadRunner(116) is moving NE from (3, 3) to (2,4)
[15:50:56.362 INFO]: Coyote(236) is moving SE from (2, 0) to (3,1)
[15:50:56.362 WARN]: Coyote(236) just ate RoadRunner(224) at cell (3,1)
[15:50:56.362 INFO]: Coyote(232) is moving SE from (0, 0) to (1,1)
[15:50:56.362 INFO]: RoadRunner is attempting to run away from 1 Coyotes!
[15:50:56.362 INFO]: RoadRunner(202) is moving N from (4, 0) to (3,0)
[15:50:56.362 INFO]: RoadRunner is attempting to run away from 5 Coyotes!
[15:50:56.362 INFO]: RoadRunner is attempting to run away from 1 Coyotes!
[15:50:56.362 INFO]: RoadRunner(206) is moving W from (4, 1) to (4,0)
[15:50:56.363 INFO]: RoadRunner is attempting to run away from 1 Coyotes!
[15:50:56.363 INFO]: RoadRunner(212) is moving NE from (4, 2) to (3,3)
[15:50:56.363 INFO]: RoadRunner is attempting to run away from 4 Coyotes!
[15:50:56.363 INFO]: RoadRunner is attempting to run away from 5 Coyotes!
[15:50:56.363 INFO]: Coyote(233) is moving NE from (3, 7) to (2,8)
[15:50:56.363 WARN]: Coyote(233) just ate RoadRunner(184) at cell (2,8)
[15:50:56.363 INFO]: Coyote(234) is moving S from (0, 6) to (1,6)
[15:50:56.363 WARN]: Coyote(234) just ate RoadRunner(223) at cell (1,6)
[15:50:56.363 INFO]: RoadRunner is attempting to run away from 1 Coyotes!
[15:50:56.363 INFO]: RoadRunner(100) is moving N from (3, 6) to (2,6)
[15:50:56.363 INFO]: Coyote(230) is moving S from (1, 4) to (2,4)
[15:50:56.363 WARN]: Coyote(230) just ate RoadRunner(116) at cell (2,4)
[15:50:56.364 INFO]: RoadRunner(181) is moving NE from (4, 5) to (3,6)
[15:50:56.364 INFO]: RoadRunner is attempting to run away from 2 Coyotes!
[15:50:56.364 INFO]: RoadRunner is attempting to run away from 1 Coyotes!
[15:50:56.364 INFO]: RoadRunner(70) is moving SE from (3, 4) to (4,5)
[15:50:56.364 INFO]: RoadRunner(168) is moving W from (4, 3) to (4,2)
[15:50:56.364 INFO]: Coyote(229) is moving W from (1, 8) to (1,7)
[15:50:56.364 WARN]: Coyote(229) just ate RoadRunner(218) at cell (1,7)
[15:50:56.364 INFO]: RoadRunner is attempting to run away from 3 Coyotes!
[15:50:56.364 INFO]: RoadRunner(210) is moving N from (2, 2) to (1,2)
[15:50:56.364 INFO]: RoadRunner is attempting to run away from 1 Coyotes!
[15:50:56.364 INFO]: Coyote(104) is moving S from (3, 9) to (4,9)
[15:50:56.364 WARN]: Coyote(104) just ate RoadRunner(221) at cell (4,9)
[15:50:56.364 INFO]: RoadRunner(108) is moving NE from (4, 7) to (3,8)
[15:50:56.364 INFO]: Coyote(179) is moving SE from (1, 0) to (2,1)
[15:50:56.364 WARN]: Coyote(179) just ate RoadRunner(215) at cell (2,1)
[15:50:56.365 INFO]: RoadRunner is attempting to run away from 3 Coyotes!
[15:50:56.365 INFO]: Coyote(130) is moving S from (1, 5) to (2,5)
[15:50:56.365 WARN]: Coyote(130) just ate RoadRunner(228) at cell (2,5)
[15:50:56.365 INFO]: RoadRunner(219) is moving N from (5, 7) to (4,7)
[15:50:56.365 INFO]: Coyote(235) is moving SW from (0, 3) to (1,2)
[15:50:56.365 WARN]: Coyote(235) just ate RoadRunner(210) at cell (1,2)
[15:50:56.365 INFO]: Coyote(231) is moving SW from (2, 9) to (3,8)
[15:50:56.365 WARN]: Coyote(231) just ate RoadRunner(108) at cell (3,8)
[15:50:56.365 INFO]: RoadRunner is attempting to run away from 2 Coyotes!
[15:50:56.365 INFO]: RoadRunner(188) is moving SE from (3, 2) to (4,3)
[15:50:56.365 INFO]: Coyote(42) is moving NW from (1, 3) to (0,2)
[15:50:56.365 WARN]: Coyote(42) just ate RoadRunner(89) at cell (0,2)
[15:50:56.365 INFO]: RoadRunner is attempting to run away from 2 Coyotes!
[15:50:56.366 INFO]: RoadRunner(135) is moving SW from (4, 8) to (5,7)
[15:50:56.366 INFO]: RoadRunner(92) is moving NW from (5, 2) to (4,1)
[15:50:56.366 INFO]: Coyote(178) is moving E from (0, 5) to (0,6)
[15:50:56.366 INFO]: Coyote(176) is moving E from (0, 7) to (0,8)
[15:50:56.366 INFO]: RoadRunner is attempting to run away from 2 Coyotes!
[15:50:56.366 INFO]: RoadRunner(200) is moving W from (5, 3) to (5,2)
[15:50:56.366 INFO]: Coyote(177) is moving SW from (2, 7) to (3,6)
[15:50:56.366 WARN]: Coyote(177) just ate RoadRunner(181) at cell (3,6)
[15:50:56.366 INFO]: RoadRunner is attempting to run away from 1 Coyotes!
[15:50:56.366 INFO]: RoadRunner(129) is moving N from (5, 8) to (4,8)
[15:50:56.366 INFO]: RoadRunner is attempting to run away from 1 Coyotes!
[15:50:56.367 INFO]: 
[15:50:56.367 INFO]: Coyotes Left: 16
[15:50:56.367 INFO]: RoadRunners Left: 62
[15:50:56.537 INFO]: 
[15:50:56.537 INFO]: 
[15:50:56.537 INFO]: ########## Age 41 ##########
[15:50:56.537 INFO]: 
[15:50:56.537 INFO]: 
[15:50:56.538 INFO]: Coyote(64) is moving SW from (0, 1) to (1,0)
[15:50:56.538 INFO]: Coyote(234) is moving S from (1, 6) to (2,6)
[15:50:56.538 WARN]: Coyote(234) just ate RoadRunner(100) at cell (2,6)
[15:50:56.538 INFO]: Coyote(42) is moving E from (0, 2) to (0,3)
[15:50:56.538 INFO]: RoadRunner is attempting to run away from 2 Coyotes!
[15:50:56.538 INFO]: RoadRunner(129) is moving S from (4, 8) to (5,8)
[15:50:56.538 INFO]: Coyote(232) is moving SE from (1, 1) to (2,2)
[15:50:56.538 INFO]: Coyote(130) is moving S from (2, 5) to (3,5)
[15:50:56.538 WARN]: Coyote(130) just ate RoadRunner(213) at cell (3,5)
[15:50:56.538 INFO]: RoadRunner is attempting to run away from 3 Coyotes!
[15:50:56.538 INFO]: RoadRunner(227) is moving N from (2, 3) to (1,3)
[15:50:56.538 INFO]: Coyote(229) is moving N from (1, 7) to (0,7)
[15:50:56.538 INFO]: RoadRunner is attempting to run away from 2 Coyotes!
[15:50:56.538 INFO]: RoadRunner(219) is moving N from (4, 7) to (3,7)
[15:50:56.538 INFO]: Coyote(235) is moving E from (1, 2) to (1,3)
[15:50:56.538 WARN]: Coyote(235) just ate RoadRunner(227) at cell (1,3)
[15:50:56.539 INFO]: RoadRunner(110) is moving NE from (6, 2) to (5,3)
[15:50:56.539 INFO]: RoadRunner(86) is moving W from (6, 3) to (6,2)
[15:50:56.539 INFO]: RoadRunner is attempting to run away from 2 Coyotes!
[15:50:56.539 INFO]: RoadRunner(166) is moving W from (6, 4) to (6,3)
[15:50:56.539 INFO]: RoadRunner(131) is moving W from (6, 5) to (6,4)
[15:50:56.539 INFO]: Coyote(177) is moving S from (3, 6) to (4,6)
[15:50:56.539 WARN]: Coyote(177) just ate RoadRunner(144) at cell (4,6)
[15:50:56.539 INFO]: RoadRunner is attempting to run away from 1 Coyotes!
[15:50:56.539 INFO]: RoadRunner is attempting to run away from 1 Coyotes!
[15:50:56.539 INFO]: RoadRunner(168) is moving N from (4, 2) to (3,2)
[15:50:56.539 INFO]: RoadRunner is attempting to run away from 1 Coyotes!
[15:50:56.539 INFO]: RoadRunner(92) is moving E from (4, 1) to (4,2)
[15:50:56.539 INFO]: RoadRunner(98) is moving NE from (5, 0) to (4,1)
[15:50:56.539 INFO]: RoadRunner(59) is moving NE from (7, 4) to (6,5)
[15:50:56.539 INFO]: Coyote(178) is moving SW from (0, 6) to (1,5)
[15:50:56.539 INFO]: RoadRunner(193) is moving W from (5, 1) to (5,0)
[15:50:56.540 INFO]: Coyote(179) is moving SE from (2, 1) to (3,2)
[15:50:56.540 WARN]: Coyote(179) just ate RoadRunner(168) at cell (3,2)
[15:50:56.540 INFO]: RoadRunner is attempting to run away from 1 Coyotes!
[15:50:56.540 INFO]: RoadRunner(216) is moving N from (4, 4) to (3,4)
[15:50:56.540 INFO]: Coyote(104) is moving S from (4, 9) to (5,9)
[15:50:56.540 WARN]: Coyote(104) just ate RoadRunner(97) at cell (5,9)
[15:50:56.540 WARN]: Coyote(176) died to starvation!
[15:50:56.540 INFO]: RoadRunner is attempting to run away from 1 Coyotes!
[15:50:56.540 INFO]: RoadRunner(206) is moving SE from (4, 0) to (5,1)
[15:50:56.540 INFO]: RoadRunner(186) is moving N from (8, 4) to (7,4)
[15:50:56.540 INFO]: Coyote(233) is moving SW from (2, 8) to (3,7)
[15:50:56.540 WARN]: Coyote(233) just ate RoadRunner(219) at cell (3,7)
[15:50:56.540 INFO]: RoadRunner(88) is moving N from (5, 4) to (4,4)
[15:50:56.540 INFO]: RoadRunner is attempting to run away from 1 Coyotes!
[15:50:56.541 INFO]: RoadRunner(135) is moving NE from (5, 7) to (4,8)
[15:50:56.541 INFO]: RoadRunner(146) is moving N from (9, 4) to (8,4)
[15:50:56.541 INFO]: Coyote(231) is moving S from (3, 8) to (4,8)
[15:50:56.541 WARN]: Coyote(231) just ate RoadRunner(135) at cell (4,8)
[15:50:56.541 INFO]: RoadRunner is attempting to run away from 1 Coyotes!
[15:50:56.541 INFO]: RoadRunner(76) is moving W from (5, 5) to (5,4)
[15:50:56.541 INFO]: RoadRunner is attempting to run away from 1 Coyotes!
[15:50:56.541 INFO]: RoadRunner is attempting to run away from 1 Coyotes!
[15:50:56.541 INFO]: RoadRunner(154) is moving NW from (6, 8) to (5,7)
[15:50:56.541 INFO]: RoadRunner is attempting to run away from 3 Coyotes!
[15:50:56.541 INFO]: RoadRunner(212) is moving N from (3, 3) to (2,3)
[15:50:56.541 INFO]: Coyote(236) is moving S from (3, 1) to (4,1)
[15:50:56.541 WARN]: Coyote(236) just ate RoadRunner(98) at cell (4,1)
[15:50:56.541 INFO]: Coyote(230) is moving S from (2, 4) to (3,4)
[15:50:56.542 WARN]: Coyote(230) just ate RoadRunner(216) at cell (3,4)
[15:50:56.542 INFO]: RoadRunner is attempting to run away from 1 Coyotes!
[15:50:56.542 INFO]: RoadRunner(138) is moving W from (5, 6) to (5,5)
[15:50:56.542 INFO]: RoadRunner is attempting to run away from 1 Coyotes!
[15:50:56.542 INFO]: RoadRunner(202) is moving N from (3, 0) to (2,0)
[15:50:56.543 INFO]: RoadRunner just bred a new RoadRunner at cell (9,4)
[15:50:56.543 INFO]: RoadRunner just bred a new RoadRunner at cell (6,8)
[15:50:56.543 INFO]: RoadRunner just bred a new RoadRunner at cell (4,9)
[15:50:56.543 INFO]: RoadRunner just bred a new RoadRunner at cell (3,6)
[15:50:56.543 INFO]: RoadRunner just bred a new RoadRunner at cell (3,3)
[15:50:56.543 INFO]: RoadRunner just bred a new RoadRunner at cell (5,6)
[15:50:56.543 INFO]: RoadRunner just bred a new RoadRunner at cell (4,0)
[15:50:56.543 INFO]: RoadRunner just bred a new RoadRunner at cell (4,7)
[15:50:56.543 INFO]: RoadRunner just bred a new RoadRunner at cell (1,4)
[15:50:56.543 INFO]: RoadRunner just bred a new RoadRunner at cell (1,1)
[15:50:56.543 INFO]: 
[15:50:56.543 INFO]: Coyotes Left: 15
[15:50:56.543 INFO]: RoadRunners Left: 62
[15:50:56.714 INFO]: 
[15:50:56.714 INFO]: 
[15:50:56.714 INFO]: ########## Age 42 ##########
[15:50:56.714 INFO]: 
[15:50:56.714 INFO]: 
[15:50:56.714 INFO]: RoadRunner is attempting to run away from 1 Coyotes!
[15:50:56.714 INFO]: RoadRunner is attempting to run away from 3 Coyotes!
[15:50:56.715 INFO]: RoadRunner(245) is moving S from (1, 4) to (2,4)
[15:50:56.715 INFO]: RoadRunner is attempting to run away from 4 Coyotes!
[15:50:56.715 INFO]: Coyote(42) is moving W from (0, 3) to (0,2)
[15:50:56.715 INFO]: Coyote(233) is moving S from (3, 7) to (4,7)
[15:50:56.715 WARN]: Coyote(233) just ate RoadRunner(244) at cell (4,7)
[15:50:56.715 INFO]: RoadRunner is attempting to run away from 3 Coyotes!
[15:50:56.715 INFO]: RoadRunner(246) is moving N from (1, 1) to (0,1)
[15:50:56.715 INFO]: Coyote(104) is moving N from (5, 9) to (4,9)
[15:50:56.715 WARN]: Coyote(104) just ate RoadRunner(239) at cell (4,9)
[15:50:56.715 INFO]: RoadRunner is attempting to run away from 1 Coyotes!
[15:50:56.715 INFO]: Coyote(236) is moving S from (4, 1) to (5,1)
[15:50:56.715 WARN]: Coyote(236) just ate RoadRunner(206) at cell (5,1)
[15:50:56.715 INFO]: Coyote(64) is moving NE from (1, 0) to (0,1)
[15:50:56.715 WARN]: Coyote(64) just ate RoadRunner(246) at cell (0,1)
[15:50:56.716 INFO]: RoadRunner is attempting to run away from 1 Coyotes!
[15:50:56.716 INFO]: RoadRunner is attempting to run away from 1 Coyotes!
[15:50:56.716 INFO]: RoadRunner is attempting to run away from 1 Coyotes!
[15:50:56.716 INFO]: RoadRunner(243) is moving N from (4, 0) to (3,0)
[15:50:56.716 INFO]: RoadRunner is attempting to run away from 2 Coyotes!
[15:50:56.716 INFO]: Coyote(178) is moving SW from (1, 5) to (2,4)
[15:50:56.716 WARN]: Coyote(178) just ate RoadRunner(245) at cell (2,4)
[15:50:56.716 INFO]: RoadRunner is attempting to run away from 4 Coyotes!
[15:50:56.716 INFO]: Coyote(234) is moving S from (2, 6) to (3,6)
[15:50:56.716 WARN]: Coyote(234) just ate RoadRunner(240) at cell (3,6)
[15:50:56.716 INFO]: RoadRunner is attempting to run away from 2 Coyotes!
[15:50:56.716 INFO]: RoadRunner(238) is moving NE from (6, 8) to (5,9)
[15:50:56.716 INFO]: RoadRunner is attempting to run away from 3 Coyotes!
[15:50:56.716 INFO]: RoadRunner(129) is moving S from (5, 8) to (6,8)
[15:50:56.717 INFO]: Coyote(231) is moving SE from (4, 8) to (5,9)
[15:50:56.717 WARN]: Coyote(231) just ate RoadRunner(238) at cell (5,9)
[15:50:56.717 INFO]: RoadRunner(202) is moving NE from (2, 0) to (1,1)
[15:50:56.717 INFO]: Coyote(177) is moving S from (4, 6) to (5,6)
[15:50:56.717 WARN]: Coyote(177) just ate RoadRunner(242) at cell (5,6)
[15:50:56.717 INFO]: Coyote(229) is moving W from (0, 7) to (0,6)
[15:50:56.717 INFO]: RoadRunner is attempting to run away from 1 Coyotes!
[15:50:56.717 INFO]: Coyote(130) is moving S from (3, 5) to (4,5)
[15:50:56.717 WARN]: Coyote(130) just ate RoadRunner(70) at cell (4,5)
[15:50:56.717 INFO]: Coyote(235) is moving S from (1, 3) to (2,3)
[15:50:56.717 WARN]: Coyote(235) just ate RoadRunner(212) at cell (2,3)
[15:50:56.717 INFO]: Coyote(179) is moving S from (3, 2) to (4,2)
[15:50:56.717 WARN]: Coyote(179) just ate RoadRunner(92) at cell (4,2)
[15:50:56.717 INFO]: RoadRunner is attempting to run away from 2 Coyotes!
[15:50:56.717 INFO]: RoadRunner is attempting to run away from 2 Coyotes!
[15:50:56.717 INFO]: RoadRunner(154) is moving E from (5, 7) to (5,8)
[15:50:56.718 INFO]: Coyote(230) is moving S from (3, 4) to (4,4)
[15:50:56.718 WARN]: Coyote(230) just ate RoadRunner(88) at cell (4,4)
[15:50:56.718 INFO]: RoadRunner is attempting to run away from 1 Coyotes!
[15:50:56.718 INFO]: RoadRunner is attempting to run away from 1 Coyotes!
[15:50:56.718 INFO]: RoadRunner(148) is moving N from (6, 7) to (5,7)
[15:50:56.718 INFO]: Coyote(232) is moving NW from (2, 2) to (1,1)
[15:50:56.718 WARN]: Coyote(232) just ate RoadRunner(202) at cell (1,1)
[15:50:56.718 INFO]: 
[15:50:56.718 INFO]: Coyotes Left: 15
[15:50:56.718 INFO]: RoadRunners Left: 49
[15:50:56.922 INFO]: 
[15:50:56.922 INFO]: 
[15:50:56.922 INFO]: ########## Age 43 ##########
[15:50:56.922 INFO]: 
[15:50:56.922 INFO]: 
[15:50:56.922 INFO]: Coyote(42) is moving S from (0, 2) to (1,2)
[15:50:56.922 INFO]: RoadRunner is attempting to run away from 1 Coyotes!
[15:50:56.922 INFO]: RoadRunner(80) is moving E from (6, 6) to (6,7)
[15:50:56.922 INFO]: Coyote(64) is moving W from (0, 1) to (0,0)
[15:50:56.923 INFO]: RoadRunner(243) is moving NE from (3, 0) to (2,1)
[15:50:56.923 INFO]: RoadRunner(99) is moving NE from (7, 5) to (6,6)
[15:50:56.923 INFO]: Coyote(231) is moving S from (5, 9) to (6,9)
[15:50:56.923 WARN]: Coyote(231) just ate RoadRunner(137) at cell (6,9)
[15:50:56.923 INFO]: RoadRunner is attempting to run away from 1 Coyotes!
[15:50:56.923 INFO]: RoadRunner(131) is moving SE from (6, 4) to (7,5)
[15:50:56.923 INFO]: RoadRunner is attempting to run away from 2 Coyotes!
[15:50:56.923 INFO]: RoadRunner(110) is moving SE from (5, 3) to (6,4)
[15:50:56.923 INFO]: RoadRunner is attempting to run away from 1 Coyotes!
[15:50:56.923 INFO]: Coyote(236) is moving S from (5, 1) to (6,1)
[15:50:56.923 WARN]: Coyote(236) just ate RoadRunner(182) at cell (6,1)
[15:50:56.923 INFO]: RoadRunner is attempting to run away from 1 Coyotes!
[15:50:56.923 INFO]: RoadRunner(86) is moving NE from (6, 2) to (5,3)
[15:50:56.923 INFO]: RoadRunner is attempting to run away from 1 Coyotes!
[15:50:56.923 INFO]: RoadRunner is attempting to run away from 1 Coyotes!
[15:50:56.923 INFO]: RoadRunner is attempting to run away from 2 Coyotes!
[15:50:56.924 INFO]: RoadRunner is attempting to run away from 1 Coyotes!
[15:50:56.924 INFO]: RoadRunner is attempting to run away from 4 Coyotes!
[15:50:56.924 INFO]: Coyote(229) is moving S from (0, 6) to (1,6)
[15:50:56.924 INFO]: RoadRunner(166) is moving W from (6, 3) to (6,2)
[15:50:56.924 INFO]: Coyote(130) is moving S from (4, 5) to (5,5)
[15:50:56.924 WARN]: Coyote(130) just ate RoadRunner(138) at cell (5,5)
[15:50:56.924 INFO]: Coyote(177) is moving S from (5, 6) to (6,6)
[15:50:56.924 WARN]: Coyote(177) just ate RoadRunner(99) at cell (6,6)
[15:50:56.924 INFO]: Coyote(232) is moving S from (1, 1) to (2,1)
[15:50:56.924 WARN]: Coyote(232) just ate RoadRunner(243) at cell (2,1)
[15:50:56.924 INFO]: RoadRunner is attempting to run away from 1 Coyotes!
[15:50:56.924 INFO]: RoadRunner is attempting to run away from 2 Coyotes!
[15:50:56.924 INFO]: RoadRunner(186) is moving NW from (7, 4) to (6,3)
[15:50:56.924 INFO]: Coyote(179) is moving NE from (4, 2) to (3,3)
[15:50:56.924 WARN]: Coyote(179) just ate RoadRunner(241) at cell (3,3)
[15:50:56.924 INFO]: RoadRunner is attempting to run away from 1 Coyotes!
[15:50:56.925 INFO]: RoadRunner is attempting to run away from 1 Coyotes!
[15:50:56.925 INFO]: RoadRunner is attempting to run away from 2 Coyotes!
[15:50:56.925 INFO]: Coyote(234) is moving NW from (3, 6) to (2,5)
[15:50:56.925 INFO]: RoadRunner is attempting to run away from 1 Coyotes!
[15:50:56.925 INFO]: RoadRunner is attempting to run away from 2 Coyotes!
[15:50:56.925 INFO]: RoadRunner(188) is moving W from (4, 3) to (4,2)
[15:50:56.925 INFO]: Coyote(235) is moving W from (2, 3) to (2,2)
[15:50:56.925 INFO]: Coyote(233) is moving S from (4, 7) to (5,7)
[15:50:56.925 WARN]: Coyote(233) just ate RoadRunner(148) at cell (5,7)
[15:50:56.925 INFO]: RoadRunner is attempting to run away from 1 Coyotes!
[15:50:56.925 INFO]: RoadRunner is attempting to run away from 3 Coyotes!
[15:50:56.925 INFO]: RoadRunner(154) is moving N from (5, 8) to (4,8)
[15:50:56.925 INFO]: Coyote(178) is moving NW from (2, 4) to (1,3)
[15:50:56.925 INFO]: Coyote(104) is moving W from (4, 9) to (4,8)
[15:50:56.926 WARN]: Coyote(104) just ate RoadRunner(154) at cell (4,8)
[15:50:56.926 INFO]: Coyote(230) is moving S from (4, 4) to (5,4)
[15:50:56.926 WARN]: Coyote(230) just ate RoadRunner(76) at cell (5,4)
[15:50:56.926 INFO]: RoadRunner(151) is moving E from (7, 3) to (7,4)
[15:50:56.926 INFO]: RoadRunner is attempting to run away from 1 Coyotes!
[15:50:56.926 INFO]: RoadRunner(193) is moving N from (5, 0) to (4,0)
[15:50:56.926 INFO]: RoadRunner(145) is moving N from (8, 3) to (7,3)
[15:50:56.926 INFO]: 
[15:50:56.926 INFO]: Coyotes Left: 15
[15:50:56.926 INFO]: RoadRunners Left: 40
[15:50:57.154 INFO]: 
[15:50:57.154 INFO]: 
[15:50:57.154 INFO]: ########## Age 44 ##########
[15:50:57.155 INFO]: 
[15:50:57.155 INFO]: 
[15:50:57.155 INFO]: Coyote(234) is moving SW from (2, 5) to (3,4)
[15:50:57.155 INFO]: RoadRunner is attempting to run away from 1 Coyotes!
[15:50:57.155 INFO]: RoadRunner is attempting to run away from 1 Coyotes!
[15:50:57.155 INFO]: RoadRunner(151) is moving SW from (7, 4) to (8,3)
[15:50:57.155 INFO]: RoadRunner is attempting to run away from 1 Coyotes!
[15:50:57.155 INFO]: RoadRunner(86) is moving N from (5, 3) to (4,3)
[15:50:57.155 INFO]: RoadRunner is attempting to run away from 1 Coyotes!
[15:50:57.155 INFO]: RoadRunner is attempting to run away from 1 Coyotes!
[15:50:57.155 INFO]: RoadRunner is attempting to run away from 1 Coyotes!
[15:50:57.156 INFO]: RoadRunner(145) is moving E from (7, 3) to (7,4)
[15:50:57.156 INFO]: RoadRunner is attempting to run away from 2 Coyotes!
[15:50:57.156 INFO]: RoadRunner is attempting to run away from 1 Coyotes!
[15:50:57.156 INFO]: RoadRunner(200) is moving E from (5, 2) to (5,3)
[15:50:57.156 INFO]: RoadRunner(193) is moving NE from (4, 0) to (3,1)
[15:50:57.156 INFO]: Coyote(64) is moving E from (0, 0) to (0,1)
[15:50:57.156 INFO]: Coyote(178) is moving N from (1, 3) to (0,3)
[15:50:57.156 INFO]: RoadRunner is attempting to run away from 1 Coyotes!
[15:50:57.156 INFO]: RoadRunner is attempting to run away from 1 Coyotes!
[15:50:57.156 INFO]: RoadRunner(186) is moving S from (6, 3) to (7,3)
[15:50:57.156 INFO]: Coyote(230) is moving NW from (5, 4) to (4,3)
[15:50:57.156 WARN]: Coyote(230) just ate RoadRunner(86) at cell (4,3)
[15:50:57.156 INFO]: RoadRunner is attempting to run away from 1 Coyotes!
[15:50:57.156 INFO]: RoadRunner(110) is moving W from (6, 4) to (6,3)
[15:50:57.156 INFO]: RoadRunner is attempting to run away from 1 Coyotes!
[15:50:57.156 INFO]: RoadRunner(111) is moving N from (6, 0) to (5,0)
[15:50:57.157 INFO]: Coyote(235) is moving SW from (2, 2) to (3,1)
[15:50:57.157 WARN]: Coyote(235) just ate RoadRunner(193) at cell (3,1)
[15:50:57.157 INFO]: RoadRunner is attempting to run away from 1 Coyotes!
[15:50:57.157 INFO]: Coyote(104) is moving E from (4, 8) to (4,9)
[15:50:57.157 INFO]: Coyote(232) is moving E from (2, 1) to (2,2)
[15:50:57.157 INFO]: Coyote(233) is moving S from (5, 7) to (6,7)
[15:50:57.157 WARN]: Coyote(233) just ate RoadRunner(80) at cell (6,7)
[15:50:57.157 INFO]: RoadRunner is attempting to run away from 2 Coyotes!
[15:50:57.157 INFO]: RoadRunner(129) is moving N from (6, 8) to (5,8)
[15:50:57.157 INFO]: Coyote(236) is moving NW from (6, 1) to (5,0)
[15:50:57.157 WARN]: Coyote(236) just ate RoadRunner(111) at cell (5,0)
[15:50:57.157 INFO]: RoadRunner(197) is moving NW from (7, 2) to (6,1)
[15:50:57.157 INFO]: RoadRunner is attempting to run away from 3 Coyotes!
[15:50:57.157 INFO]: RoadRunner(188) is moving SW from (4, 2) to (5,1)
[15:50:57.157 INFO]: Coyote(130) is moving S from (5, 5) to (6,5)
[15:50:57.157 WARN]: Coyote(130) just ate RoadRunner(59) at cell (6,5)
[15:50:57.157 WARN]: Coyote(42) died to starvation!
[15:50:57.157 INFO]: Coyote(231) is moving NW from (6, 9) to (5,8)
[15:50:57.157 WARN]: Coyote(231) just ate RoadRunner(129) at cell (5,8)
[15:50:57.158 INFO]: Coyote(177) is moving S from (6, 6) to (7,6)
[15:50:57.158 WARN]: Coyote(177) just ate RoadRunner(126) at cell (7,6)
[15:50:57.158 INFO]: Coyote(179) is moving NE from (3, 3) to (2,4)
[15:50:57.158 INFO]: RoadRunner(166) is moving N from (6, 2) to (5,2)
[15:50:57.158 WARN]: Coyote(229) died to starvation!
[15:50:57.158 INFO]: RoadRunner just bred a new RoadRunner at cell (6,6)
[15:50:57.158 INFO]: RoadRunner just bred a new RoadRunner at cell (7,2)
[15:50:57.158 INFO]: RoadRunner just bred a new RoadRunner at cell (6,8)
[15:50:57.158 INFO]: RoadRunner just bred a new RoadRunner at cell (6,2)
[15:50:57.158 INFO]: RoadRunner just bred a new RoadRunner at cell (6,9)
[15:50:57.158 INFO]: RoadRunner just bred a new RoadRunner at cell (6,4)
[15:50:57.158 INFO]: RoadRunner just bred a new RoadRunner at cell (4,4)
[15:50:57.158 INFO]: RoadRunner just bred a new RoadRunner at cell (6,0)
[15:50:57.158 INFO]: RoadRunner just bred a new RoadRunner at cell (5,4)
[15:50:57.158 INFO]: RoadRunner just bred a new RoadRunner at cell (4,1)
[15:50:57.158 INFO]: RoadRunner just bred a new RoadRunner at cell (4,2)
[15:50:57.159 INFO]: 
[15:50:57.159 INFO]: Coyotes Left: 13
[15:50:57.159 INFO]: RoadRunners Left: 44
[15:50:57.549 INFO]: 
[15:50:57.549 INFO]: 
[15:50:57.549 INFO]: ########## Age 45 ##########
[15:50:57.549 INFO]: 
[15:50:57.549 INFO]: 
[15:50:57.550 INFO]: RoadRunner is attempting to run away from 1 Coyotes!
[15:50:57.550 INFO]: Coyote(232) is moving NE from (2, 2) to (1,3)
[15:50:57.551 INFO]: RoadRunner is attempting to run away from 1 Coyotes!
[15:50:57.551 INFO]: RoadRunner is attempting to run away from 2 Coyotes!
[15:50:57.551 INFO]: RoadRunner(253) is moving SE from (4, 4) to (5,5)
[15:50:57.551 INFO]: Coyote(230) is moving S from (4, 3) to (5,3)
[15:50:57.551 WARN]: Coyote(230) just ate RoadRunner(200) at cell (5,3)
[15:50:57.551 INFO]: RoadRunner is attempting to run away from 2 Coyotes!
[15:50:57.551 INFO]: RoadRunner is attempting to run away from 1 Coyotes!
[15:50:57.551 INFO]: RoadRunner is attempting to run away from 2 Coyotes!
[15:50:57.551 INFO]: RoadRunner(257) is moving NE from (4, 2) to (3,3)
[15:50:57.551 INFO]: RoadRunner is attempting to run away from 2 Coyotes!
[15:50:57.552 INFO]: RoadRunner(255) is moving NE from (5, 4) to (4,5)
[15:50:57.552 INFO]: RoadRunner is attempting to run away from 2 Coyotes!
[15:50:57.552 INFO]: Coyote(236) is moving NE from (5, 0) to (4,1)
[15:50:57.552 WARN]: Coyote(236) just ate RoadRunner(256) at cell (4,1)
[15:50:57.552 INFO]: RoadRunner is attempting to run away from 2 Coyotes!
[15:50:57.552 INFO]: RoadRunner(252) is moving N from (6, 4) to (5,4)
[15:50:57.552 INFO]: Coyote(233) is moving S from (6, 7) to (7,7)
[15:50:57.552 WARN]: Coyote(233) just ate RoadRunner(149) at cell (7,7)
[15:50:57.552 INFO]: RoadRunner(254) is moving N from (6, 0) to (5,0)
[15:50:57.552 INFO]: Coyote(104) is moving NW from (4, 9) to (3,8)
[15:50:57.552 INFO]: Coyote(177) is moving N from (7, 6) to (6,6)
[15:50:57.552 WARN]: Coyote(177) just ate RoadRunner(247) at cell (6,6)
[15:50:57.552 INFO]: RoadRunner is attempting to run away from 1 Coyotes!
[15:50:57.552 INFO]: RoadRunner is attempting to run away from 1 Coyotes!
[15:50:57.553 INFO]: RoadRunner(251) is moving N from (6, 9) to (5,9)
[15:50:57.553 INFO]: Coyote(235) is moving SE from (3, 1) to (4,2)
[15:50:57.553 INFO]: RoadRunner(187) is moving N from (7, 0) to (6,0)
[15:50:57.553 INFO]: Coyote(64) is moving SW from (0, 1) to (1,0)
[15:50:57.553 INFO]: Coyote(179) is moving SW from (2, 4) to (3,3)
[15:50:57.553 WARN]: Coyote(179) just ate RoadRunner(257) at cell (3,3)
[15:50:57.553 INFO]: Coyote(130) is moving N from (6, 5) to (5,5)
[15:50:57.553 WARN]: Coyote(130) just ate RoadRunner(253) at cell (5,5)
[15:50:57.553 INFO]: RoadRunner is attempting to run away from 1 Coyotes!
[15:50:57.553 INFO]: RoadRunner(110) is moving E from (6, 3) to (6,4)
[15:50:57.553 INFO]: RoadRunner is attempting to run away from 1 Coyotes!
[15:50:57.553 INFO]: RoadRunner(217) is moving NE from (7, 8) to (6,9)
[15:50:57.553 INFO]: Coyote(234) is moving SE from (3, 4) to (4,5)
[15:50:57.553 WARN]: Coyote(234) just ate RoadRunner(255) at cell (4,5)
[15:50:57.553 INFO]: RoadRunner(51) is moving NW from (8, 9) to (7,8)
[15:50:57.553 INFO]: RoadRunner is attempting to run away from 1 Coyotes!
[15:50:57.553 INFO]: Coyote(178) is moving SW from (0, 3) to (1,2)
[15:50:57.553 INFO]: RoadRunner is attempting to run away from 2 Coyotes!
[15:50:57.553 INFO]: Coyote(231) is moving S from (5, 8) to (6,8)
[15:50:57.553 WARN]: Coyote(231) just ate RoadRunner(249) at cell (6,8)
[15:50:57.553 INFO]: RoadRunner(145) is moving NW from (7, 4) to (6,3)
[15:50:57.553 INFO]: RoadRunner is attempting to run away from 1 Coyotes!
[15:50:57.554 INFO]: RoadRunner(131) is moving W from (7, 5) to (7,4)
[15:50:57.554 INFO]: RoadRunner(146) is moving NE from (8, 4) to (7,5)
[15:50:57.554 INFO]: RoadRunner(96) is moving W from (8, 5) to (8,4)
[15:50:57.554 INFO]: 
[15:50:57.554 INFO]: Coyotes Left: 13
[15:50:57.554 INFO]: RoadRunners Left: 36
[15:50:57.941 INFO]: 
[15:50:57.942 INFO]: 
[15:50:57.942 INFO]: ########## Age 46 ##########
[15:50:57.942 INFO]: 
[15:50:57.942 INFO]: 
[15:50:57.942 INFO]: Coyote(231) is moving NE from (6, 8) to (5,9)
[15:50:57.942 WARN]: Coyote(231) just ate RoadRunner(251) at cell (5,9)
[15:50:57.942 INFO]: RoadRunner(187) is moving S from (6, 0) to (7,0)
[15:50:57.942 INFO]: Coyote(230) is moving S from (5, 3) to (6,3)
[15:50:57.942 WARN]: Coyote(230) just ate RoadRunner(145) at cell (6,3)
[15:50:57.942 INFO]: RoadRunner(197) is moving W from (6, 1) to (6,0)
[15:50:57.943 INFO]: Coyote(234) is moving SW from (4, 5) to (5,4)
[15:50:57.943 WARN]: Coyote(234) just ate RoadRunner(252) at cell (5,4)
[15:50:57.943 INFO]: RoadRunner(204) is moving N from (9, 5) to (8,5)
[15:50:57.943 INFO]: RoadRunner(150) is moving S from (7, 9) to (8,9)
[15:50:57.943 INFO]: RoadRunner is attempting to run away from 1 Coyotes!
[15:50:57.943 INFO]: RoadRunner(114) is moving NE from (8, 8) to (7,9)
[15:50:57.943 INFO]: RoadRunner(54) is moving N from (7, 1) to (6,1)
[15:50:57.943 INFO]: RoadRunner(72) is moving NE from (8, 0) to (7,1)
[15:50:57.943 INFO]: RoadRunner(65) is moving NE from (9, 7) to (8,8)
[15:50:57.943 INFO]: RoadRunner(96) is moving SE from (8, 4) to (9,5)
[15:50:57.943 INFO]: RoadRunner is attempting to run away from 1 Coyotes!
[15:50:57.943 INFO]: RoadRunner(186) is moving SE from (7, 3) to (8,4)
[15:50:57.943 INFO]: RoadRunner(139) is moving W from (8, 1) to (8,0)
[15:50:57.944 INFO]: Coyote(232) is moving N from (1, 3) to (0,3)
[15:50:57.944 INFO]: RoadRunner(159) is moving W from (9, 8) to (9,7)
[15:50:57.944 INFO]: RoadRunner is attempting to run away from 1 Coyotes!
[15:50:57.944 INFO]: RoadRunner(248) is moving SW from (7, 2) to (8,1)
[15:50:57.944 INFO]: RoadRunner is attempting to run away from 1 Coyotes!
[15:50:57.944 INFO]: RoadRunner(217) is moving W from (6, 9) to (6,8)
[15:50:57.944 INFO]: RoadRunner is attempting to run away from 1 Coyotes!
[15:50:57.944 INFO]: RoadRunner(195) is moving SE from (8, 7) to (9,8)
[15:50:57.944 INFO]: RoadRunner is attempting to run away from 3 Coyotes!
[15:50:57.944 INFO]: RoadRunner is attempting to run away from 3 Coyotes!
[15:50:57.944 INFO]: RoadRunner is attempting to run away from 1 Coyotes!
[15:50:57.945 INFO]: RoadRunner(254) is moving N from (5, 0) to (4,0)
[15:50:57.945 INFO]: Coyote(235) is moving S from (4, 2) to (5,2)
[15:50:57.945 WARN]: Coyote(235) just ate RoadRunner(166) at cell (5,2)
[15:50:57.945 INFO]: RoadRunner is attempting to run away from 2 Coyotes!
[15:50:57.945 INFO]: RoadRunner(188) is moving W from (5, 1) to (5,0)
[15:50:57.945 INFO]: Coyote(104) is moving NE from (3, 8) to (2,9)
[15:50:57.945 INFO]: RoadRunner(156) is moving NE from (9, 6) to (8,7)
[15:50:57.945 WARN]: Coyote(64) died to starvation!
[15:50:57.945 INFO]: Coyote(236) is moving SW from (4, 1) to (5,0)
[15:50:57.945 WARN]: Coyote(236) just ate RoadRunner(188) at cell (5,0)
[15:50:57.945 WARN]: Coyote(178) died to starvation!
[15:50:57.945 INFO]: RoadRunner is attempting to run away from 1 Coyotes!
[15:50:57.945 INFO]: RoadRunner(146) is moving N from (7, 5) to (6,5)
[15:50:57.945 INFO]: RoadRunner is attempting to run away from 1 Coyotes!
[15:50:57.945 INFO]: RoadRunner(131) is moving E from (7, 4) to (7,5)
[15:50:57.945 INFO]: Coyote(130) is moving S from (5, 5) to (6,5)
[15:50:57.945 WARN]: Coyote(130) just ate RoadRunner(146) at cell (6,5)
[15:50:57.945 INFO]: RoadRunner is attempting to run away from 2 Coyotes!
[15:50:57.945 INFO]: RoadRunner(250) is moving S from (6, 2) to (7,2)
[15:50:57.946 INFO]: RoadRunner is attempting to run away from 1 Coyotes!
[15:50:57.946 INFO]: RoadRunner(107) is moving S from (8, 6) to (9,6)
[15:50:57.946 INFO]: Coyote(233) is moving NE from (7, 7) to (6,8)
[15:50:57.946 WARN]: Coyote(233) just ate RoadRunner(217) at cell (6,8)
[15:50:57.946 INFO]: RoadRunner is attempting to run away from 1 Coyotes!
[15:50:57.946 INFO]: RoadRunner(51) is moving W from (7, 8) to (7,7)
[15:50:57.946 INFO]: Coyote(177) is moving SE from (6, 6) to (7,7)
[15:50:57.946 WARN]: Coyote(177) just ate RoadRunner(51) at cell (7,7)
[15:50:57.946 INFO]: Coyote(179) is moving SW from (3, 3) to (4,2)
[15:50:57.946 INFO]: 
[15:50:57.946 INFO]: Coyotes Left: 11
[15:50:57.946 INFO]: RoadRunners Left: 28
[15:50:58.367 INFO]: 
[15:50:58.367 INFO]: 
[15:50:58.367 INFO]: ########## Age 47 ##########
[15:50:58.367 INFO]: 
[15:50:58.367 INFO]: 
[15:50:58.367 INFO]: RoadRunner(61) is moving NE from (8, 2) to (7,3)
[15:50:58.368 INFO]: Coyote(230) is moving S from (6, 3) to (7,3)
[15:50:58.368 WARN]: Coyote(230) just ate RoadRunner(61) at cell (7,3)
[15:50:58.368 INFO]: Coyote(233) is moving SE from (6, 8) to (7,9)
[15:50:58.368 WARN]: Coyote(233) just ate RoadRunner(114) at cell (7,9)
[15:50:58.368 INFO]: RoadRunner(132) is moving NW from (9, 3) to (8,2)
[15:50:58.368 INFO]: RoadRunner is attempting to run away from 1 Coyotes!
[15:50:58.368 INFO]: RoadRunner(156) is moving W from (8, 7) to (8,6)
[15:50:58.368 INFO]: RoadRunner is attempting to run away from 1 Coyotes!
[15:50:58.368 INFO]: RoadRunner(131) is moving E from (7, 5) to (7,6)
[15:50:58.369 INFO]: Coyote(177) is moving SE from (7, 7) to (8,8)
[15:50:58.369 WARN]: Coyote(177) just ate RoadRunner(65) at cell (8,8)
[15:50:58.369 INFO]: RoadRunner is attempting to run away from 1 Coyotes!
[15:50:58.369 INFO]: RoadRunner(250) is moving N from (7, 2) to (6,2)
[15:50:58.369 INFO]: Coyote(235) is moving S from (5, 2) to (6,2)
[15:50:58.369 WARN]: Coyote(235) just ate RoadRunner(250) at cell (6,2)
[15:50:58.369 INFO]: RoadRunner is attempting to run away from 2 Coyotes!
[15:50:58.369 INFO]: RoadRunner(54) is moving N from (6, 1) to (5,1)
[15:50:58.369 INFO]: RoadRunner is attempting to run away from 1 Coyotes!
[15:50:58.369 INFO]: RoadRunner(197) is moving E from (6, 0) to (6,1)
[15:50:58.369 INFO]: Coyote(236) is moving N from (5, 0) to (4,0)
[15:50:58.369 WARN]: Coyote(236) just ate RoadRunner(254) at cell (4,0)
[15:50:58.370 INFO]: RoadRunner(187) is moving N from (7, 0) to (6,0)
[15:50:58.370 INFO]: RoadRunner is attempting to run away from 1 Coyotes!
[15:50:58.370 INFO]: RoadRunner(72) is moving W from (7, 1) to (7,0)
[15:50:58.370 INFO]: RoadRunner(237) is moving W from (9, 4) to (9,3)
[15:50:58.370 INFO]: Coyote(179) is moving SW from (4, 2) to (5,1)
[15:50:58.370 WARN]: Coyote(179) just ate RoadRunner(54) at cell (5,1)
[15:50:58.370 INFO]: RoadRunner is attempting to run away from 1 Coyotes!
[15:50:58.370 INFO]: RoadRunner(186) is moving S from (8, 4) to (9,4)
[15:50:58.370 INFO]: RoadRunner is attempting to run away from 1 Coyotes!
[15:50:58.370 INFO]: RoadRunner(96) is moving NW from (9, 5) to (8,4)
[15:50:58.370 INFO]: RoadRunner is attempting to run away from 1 Coyotes!
[15:50:58.370 INFO]: RoadRunner(159) is moving N from (9, 7) to (8,7)
[15:50:58.370 WARN]: Coyote(232) died to starvation!
[15:50:58.370 INFO]: RoadRunner is attempting to run away from 2 Coyotes!
[15:50:58.371 WARN]: Coyote(104) died to starvation!
[15:50:58.371 INFO]: RoadRunner(204) is moving N from (8, 5) to (7,5)
[15:50:58.371 INFO]: RoadRunner(107) is moving E from (9, 6) to (9,7)
[15:50:58.371 INFO]: Coyote(130) is moving S from (6, 5) to (7,5)
[15:50:58.371 WARN]: Coyote(130) just ate RoadRunner(204) at cell (7,5)
[15:50:58.371 INFO]: RoadRunner is attempting to run away from 3 Coyotes!
[15:50:58.371 INFO]: Coyote(231) is moving NW from (5, 9) to (4,8)
[15:50:58.371 INFO]: RoadRunner is attempting to run away from 1 Coyotes!
[15:50:58.371 INFO]: Coyote(234) is moving S from (5, 4) to (6,4)
[15:50:58.371 WARN]: Coyote(234) just ate RoadRunner(110) at cell (6,4)
[15:50:58.371 INFO]: RoadRunner just bred a new RoadRunner at cell (7,1)
[15:50:58.371 INFO]: Coyote just bred a new Coyote at cell (6,3)
[15:50:58.371 INFO]: Coyote just bred a new Coyote at cell (6,9)
[15:50:58.372 INFO]: RoadRunner just bred a new RoadRunner at cell (7,2)
[15:50:58.372 INFO]: RoadRunner just bred a new RoadRunner at cell (7,7)
[15:50:58.372 INFO]: RoadRunner just bred a new RoadRunner at cell (6,6)
[15:50:58.372 INFO]: Coyote just bred a new Coyote at cell (7,8)
[15:50:58.372 INFO]: Coyote just bred a new Coyote at cell (5,2)
[15:50:58.372 INFO]: RoadRunner just bred a new RoadRunner at cell (5,0)
[15:50:58.372 INFO]: Coyote just bred a new Coyote at cell (3,0)
[15:50:58.372 INFO]: Coyote just bred a new Coyote at cell (4,1)
[15:50:58.372 INFO]: RoadRunner just bred a new RoadRunner at cell (8,5)
[15:50:58.372 INFO]: RoadRunner just bred a new RoadRunner at cell (7,4)
[15:50:58.372 INFO]: RoadRunner just bred a new RoadRunner at cell (9,6)
[15:50:58.372 INFO]: Coyote just bred a new Coyote at cell (6,5)
[15:50:58.372 INFO]: Coyote just bred a new Coyote at cell (3,8)
[15:50:58.372 INFO]: Coyote just bred a new Coyote at cell (5,4)
[15:50:58.372 INFO]: 
[15:50:58.373 INFO]: Coyotes Left: 18
[15:50:58.373 INFO]: RoadRunners Left: 28
[15:50:58.718 INFO]: 
[15:50:58.718 INFO]: 
[15:50:58.719 INFO]: ########## Age 48 ##########
[15:50:58.719 INFO]: 
[15:50:58.719 INFO]: 
[15:50:58.719 INFO]: Coyote(260) is moving W from (6, 9) to (6,8)
[15:50:58.719 INFO]: RoadRunner is attempting to run away from 1 Coyotes!
[15:50:58.719 INFO]: RoadRunner is attempting to run away from 1 Coyotes!
[15:50:58.719 INFO]: RoadRunner is attempting to run away from 3 Coyotes!
[15:50:58.719 INFO]: Coyote(272) is moving SE from (6, 5) to (7,6)
[15:50:58.719 WARN]: Coyote(272) just ate RoadRunner(131) at cell (7,6)
[15:50:58.720 INFO]: RoadRunner(271) is moving W from (9, 6) to (9,5)
[15:50:58.720 INFO]: RoadRunner is attempting to run away from 2 Coyotes!
[15:50:58.720 INFO]: RoadRunner(156) is moving S from (8, 6) to (9,6)
[15:50:58.720 INFO]: Coyote(179) is moving S from (5, 1) to (6,1)
[15:50:58.720 WARN]: Coyote(179) just ate RoadRunner(197) at cell (6,1)
[15:50:58.720 INFO]: RoadRunner is attempting to run away from 2 Coyotes!
[15:50:58.720 INFO]: RoadRunner(263) is moving NE from (6, 6) to (5,7)
[15:50:58.720 INFO]: Coyote(235) is moving S from (6, 2) to (7,2)
[15:50:58.721 WARN]: Coyote(235) just ate RoadRunner(261) at cell (7,2)
[15:50:58.721 INFO]: RoadRunner is attempting to run away from 4 Coyotes!
[15:50:58.721 INFO]: Coyote(273) is moving E from (3, 8) to (3,9)
[15:50:58.721 INFO]: Coyote(236) is moving S from (4, 0) to (5,0)
[15:50:58.721 WARN]: Coyote(236) just ate RoadRunner(266) at cell (5,0)
[15:50:58.722 INFO]: RoadRunner is attempting to run away from 2 Coyotes!
[15:50:58.722 INFO]: Coyote(265) is moving N from (5, 2) to (4,2)
[15:50:58.722 INFO]: RoadRunner is attempting to run away from 3 Coyotes!
[15:50:58.722 INFO]: RoadRunner is attempting to run away from 1 Coyotes!
[15:50:58.722 INFO]: Coyote(130) is moving S from (7, 5) to (8,5)
[15:50:58.722 WARN]: Coyote(130) just ate RoadRunner(269) at cell (8,5)
[15:50:58.722 INFO]: RoadRunner is attempting to run away from 3 Coyotes!
[15:50:58.722 INFO]: Coyote(233) is moving S from (7, 9) to (8,9)
[15:50:58.722 WARN]: Coyote(233) just ate RoadRunner(150) at cell (8,9)
[15:50:58.722 INFO]: RoadRunner is attempting to run away from 1 Coyotes!
[15:50:58.722 INFO]: RoadRunner(107) is moving NW from (9, 7) to (8,6)
[15:50:58.722 INFO]: Coyote(231) is moving SW from (4, 8) to (5,7)
[15:50:58.722 WARN]: Coyote(231) just ate RoadRunner(263) at cell (5,7)
[15:50:58.723 INFO]: Coyote(267) is moving N from (3, 0) to (2,0)
[15:50:58.723 INFO]: Coyote(177) is moving NW from (8, 8) to (7,7)
[15:50:58.723 WARN]: Coyote(177) just ate RoadRunner(262) at cell (7,7)
[15:50:58.723 INFO]: Coyote(230) is moving S from (7, 3) to (8,3)
[15:50:58.723 WARN]: Coyote(230) just ate RoadRunner(151) at cell (8,3)
[15:50:58.723 INFO]: RoadRunner is attempting to run away from 1 Coyotes!
[15:50:58.723 INFO]: RoadRunner(195) is moving W from (9, 8) to (9,7)
[15:50:58.723 INFO]: RoadRunner is attempting to run away from 2 Coyotes!
[15:50:58.723 INFO]: RoadRunner is attempting to run away from 1 Coyotes!
[15:50:58.723 INFO]: RoadRunner is attempting to run away from 1 Coyotes!
[15:50:58.723 INFO]: RoadRunner(102) is moving W from (9, 9) to (9,8)
[15:50:58.723 INFO]: Coyote(234) is moving S from (6, 4) to (7,4)
[15:50:58.723 WARN]: Coyote(234) just ate RoadRunner(270) at cell (7,4)
[15:50:58.723 INFO]: Coyote(268) is moving SE from (4, 1) to (5,2)
[15:50:58.723 INFO]: Coyote(259) is moving N from (6, 3) to (5,3)
[15:50:58.723 INFO]: RoadRunner is attempting to run away from 2 Coyotes!
[15:50:58.723 INFO]: Coyote(264) is moving SW from (7, 8) to (8,7)
[15:50:58.723 WARN]: Coyote(264) just ate RoadRunner(159) at cell (8,7)
[15:50:58.723 INFO]: Coyote(274) is moving E from (5, 4) to (5,5)
[15:50:58.724 INFO]: 
[15:50:58.724 INFO]: Coyotes Left: 18
[15:50:58.724 INFO]: RoadRunners Left: 17
[15:50:59.055 INFO]: 
[15:50:59.055 INFO]: 
[15:50:59.055 INFO]: ########## Age 49 ##########
[15:50:59.055 INFO]: 
[15:50:59.055 INFO]: 
[15:50:59.055 INFO]: RoadRunner is attempting to run away from 3 Coyotes!
[15:50:59.056 INFO]: RoadRunner is attempting to run away from 1 Coyotes!
[15:50:59.056 INFO]: Coyote(265) is moving NW from (4, 2) to (3,1)
[15:50:59.056 INFO]: Coyote(268) is moving S from (5, 2) to (6,2)
[15:50:59.056 INFO]: RoadRunner is attempting to run away from 1 Coyotes!
[15:50:59.056 INFO]: Coyote(234) is moving S from (7, 4) to (8,4)
[15:50:59.056 WARN]: Coyote(234) just ate RoadRunner(96) at cell (8,4)
[15:50:59.056 INFO]: RoadRunner is attempting to run away from 2 Coyotes!
[15:50:59.056 INFO]: RoadRunner(102) is moving N from (9, 8) to (8,8)
[15:50:59.056 INFO]: Coyote(233) is moving W from (8, 9) to (8,8)
[15:50:59.057 WARN]: Coyote(233) just ate RoadRunner(102) at cell (8,8)
[15:50:59.057 INFO]: RoadRunner is attempting to run away from 1 Coyotes!
[15:50:59.057 INFO]: Coyote(230) is moving S from (8, 3) to (9,3)
[15:50:59.057 WARN]: Coyote(230) just ate RoadRunner(237) at cell (9,3)
[15:50:59.057 INFO]: Coyote(179) is moving S from (6, 1) to (7,1)
[15:50:59.057 WARN]: Coyote(179) just ate RoadRunner(258) at cell (7,1)
[15:50:59.057 INFO]: Coyote(274) is moving E from (5, 5) to (5,6)
[15:50:59.057 INFO]: Coyote(267) is moving NE from (2, 0) to (1,1)
[15:50:59.058 INFO]: Coyote(177) is moving SW from (7, 7) to (8,6)
[15:50:59.058 WARN]: Coyote(177) just ate RoadRunner(107) at cell (8,6)
[15:50:59.058 INFO]: Coyote(259) is moving N from (5, 3) to (4,3)
[15:50:59.058 INFO]: Coyote(273) is moving N from (3, 9) to (2,9)
[15:50:59.058 INFO]: RoadRunner is attempting to run away from 1 Coyotes!
[15:50:59.058 INFO]: Coyote(235) is moving S from (7, 2) to (8,2)
[15:50:59.058 WARN]: Coyote(235) just ate RoadRunner(132) at cell (8,2)
[15:50:59.058 INFO]: Coyote(236) is moving S from (5, 0) to (6,0)
[15:50:59.058 WARN]: Coyote(236) just ate RoadRunner(187) at cell (6,0)
[15:50:59.058 INFO]: Coyote(272) is moving NW from (7, 6) to (6,5)
[15:50:59.058 INFO]: RoadRunner is attempting to run away from 3 Coyotes!
[15:50:59.058 INFO]: RoadRunner is attempting to run away from 3 Coyotes!
[15:50:59.058 INFO]: Coyote(130) is moving S from (8, 5) to (9,5)
[15:50:59.059 WARN]: Coyote(130) just ate RoadRunner(271) at cell (9,5)
[15:50:59.059 INFO]: Coyote(264) is moving S from (8, 7) to (9,7)
[15:50:59.059 WARN]: Coyote(264) just ate RoadRunner(195) at cell (9,7)
[15:50:59.059 INFO]: Coyote(260) is moving SE from (6, 8) to (7,9)
[15:50:59.059 INFO]: RoadRunner is attempting to run away from 1 Coyotes!
[15:50:59.059 INFO]: RoadRunner is attempting to run away from 1 Coyotes!
[15:50:59.059 INFO]: Coyote(231) is moving N from (5, 7) to (4,7)
[15:50:59.059 INFO]: 
[15:50:59.059 INFO]: Coyotes Left: 18
[15:50:59.059 INFO]: RoadRunners Left: 8
[15:50:59.568 INFO]: 
[15:50:59.568 INFO]: 
[15:50:59.568 INFO]: ########## Age 50 ##########
[15:50:59.568 INFO]: 
[15:50:59.568 INFO]: 
[15:50:59.568 INFO]: Coyote(233) is moving N from (8, 8) to (7,8)
[15:50:59.568 INFO]: RoadRunner is attempting to run away from 1 Coyotes!
[15:50:59.568 INFO]: Coyote(267) is moving S from (1, 1) to (2,1)
[15:50:59.568 INFO]: RoadRunner is attempting to run away from 3 Coyotes!
[15:50:59.569 INFO]: Coyote(230) is moving E from (9, 3) to (9,4)
[15:50:59.569 WARN]: Coyote(230) just ate RoadRunner(186) at cell (9,4)
[15:50:59.569 INFO]: Coyote(259) is moving E from (4, 3) to (4,4)
[15:50:59.569 INFO]: RoadRunner is attempting to run away from 2 Coyotes!
[15:50:59.569 INFO]: Coyote(264) is moving W from (9, 7) to (9,6)
[15:50:59.569 WARN]: Coyote(264) just ate RoadRunner(156) at cell (9,6)
[15:50:59.569 INFO]: RoadRunner is attempting to run away from 1 Coyotes!
[15:50:59.569 INFO]: Coyote(268) is moving N from (6, 2) to (5,2)
[15:50:59.569 INFO]: RoadRunner is attempting to run away from 1 Coyotes!
[15:50:59.569 INFO]: RoadRunner(120) is moving E from (9, 2) to (9,3)
[15:50:59.569 INFO]: Coyote(274) is moving N from (5, 6) to (4,6)
[15:50:59.570 INFO]: Coyote(231) is moving NW from (4, 7) to (3,6)
[15:50:59.570 INFO]: Coyote(273) is moving SW from (2, 9) to (3,8)
[15:50:59.570 INFO]: Coyote(234) is moving SW from (8, 4) to (9,3)
[15:50:59.570 WARN]: Coyote(234) just ate RoadRunner(120) at cell (9,3)
[15:50:59.570 INFO]: Coyote(236) is moving S from (6, 0) to (7,0)
[15:50:59.570 WARN]: Coyote(236) just ate RoadRunner(72) at cell (7,0)
[15:50:59.571 INFO]: Coyote(177) is moving NW from (8, 6) to (7,5)
[15:50:59.571 INFO]: Coyote(235) is moving SW from (8, 2) to (9,1)
[15:50:59.571 WARN]: Coyote(235) just ate RoadRunner(136) at cell (9,1)
[15:50:59.571 INFO]: Coyote(265) is moving S from (3, 1) to (4,1)
[15:50:59.571 INFO]: Coyote(272) is moving NW from (6, 5) to (5,4)
[15:50:59.571 INFO]: Coyote(130) is moving NW from (9, 5) to (8,4)
[15:50:59.571 INFO]: Coyote(179) is moving S from (7, 1) to (8,1)
[15:50:59.571 WARN]: Coyote(179) just ate RoadRunner(248) at cell (8,1)
[15:50:59.571 INFO]: Coyote(260) is moving NW from (7, 9) to (6,8)
[15:50:59.571 INFO]: RoadRunner just bred a new RoadRunner at cell (7,1)
[15:50:59.571 INFO]: 
[15:50:59.571 INFO]: Coyotes Left: 18
[15:50:59.571 INFO]: RoadRunners Left: 3
[15:51:00.008 INFO]: 
[15:51:00.009 INFO]: 
[15:51:00.009 INFO]: ########## Age 51 ##########
[15:51:00.009 INFO]: 
[15:51:00.009 INFO]: 
[15:51:00.009 INFO]: Coyote(264) is moving NE from (9, 6) to (8,7)
[15:51:00.009 WARN]: Coyote(267) died to starvation!
[15:51:00.009 INFO]: Coyote(234) is moving NW from (9, 3) to (8,2)
[15:51:00.009 INFO]: Coyote(272) is moving SE from (5, 4) to (6,5)
[15:51:00.009 INFO]: Coyote(231) is moving N from (3, 6) to (2,6)
[15:51:00.009 WARN]: Coyote(274) died to starvation!
[15:51:00.009 INFO]: Coyote(233) is moving W from (7, 8) to (7,7)
[15:51:00.009 INFO]: Coyote(230) is moving NW from (9, 4) to (8,3)
[15:51:00.009 WARN]: Coyote(260) died to starvation!
[15:51:00.009 INFO]: RoadRunner is attempting to run away from 3 Coyotes!
[15:51:00.010 INFO]: RoadRunner(275) is moving NE from (7, 1) to (6,2)
[15:51:00.010 INFO]: Coyote(179) is moving SW from (8, 1) to (9,0)
[15:51:00.010 WARN]: Coyote(179) just ate RoadRunner(152) at cell (9,0)
[15:51:00.010 INFO]: RoadRunner is attempting to run away from 3 Coyotes!
[15:51:00.010 WARN]: Coyote(273) died to starvation!
[15:51:00.010 INFO]: Coyote(235) is moving NW from (9, 1) to (8,0)
[15:51:00.010 WARN]: Coyote(235) just ate RoadRunner(139) at cell (8,0)
[15:51:00.010 INFO]: Coyote(130) is moving S from (8, 4) to (9,4)
[15:51:00.010 WARN]: Coyote(259) died to starvation!
[15:51:00.010 INFO]: Coyote(177) is moving SE from (7, 5) to (8,6)
[15:51:00.010 INFO]: Coyote(236) is moving E from (7, 0) to (7,1)
[15:51:00.010 WARN]: Coyote(268) died to starvation!
[15:51:00.010 WARN]: Coyote(265) died to starvation!
[15:51:00.010 INFO]: 
[15:51:00.011 INFO]: Coyotes Left: 11
[15:51:00.011 INFO]: RoadRunners Left: 1
[15:51:01.274 INFO]: 
[15:51:01.275 INFO]: 
[15:51:01.275 INFO]: ########## Age 52 ##########
[15:51:01.275 INFO]: 
[15:51:01.275 INFO]: 
[15:51:01.275 INFO]: Coyote(179) is moving E from (9, 0) to (9,1)
[15:51:01.275 INFO]: Coyote(236) is moving NE from (7, 1) to (6,2)
[15:51:01.275 WARN]: Coyote(236) just ate RoadRunner(275) at cell (6,2)
[15:51:01.275 WARN]: Coyote(272) died to starvation!
[15:51:01.276 INFO]: Coyote(230) is moving NW from (8, 3) to (7,2)
[15:51:01.276 WARN]: Coyote(231) died to starvation!
[15:51:01.276 INFO]: Coyote(264) is moving SE from (8, 7) to (9,8)
[15:51:01.276 INFO]: Coyote(235) is moving S from (8, 0) to (9,0)
[15:51:01.276 INFO]: Coyote(130) is moving NW from (9, 4) to (8,3)
[15:51:01.276 INFO]: Coyote(233) is moving N from (7, 7) to (6,7)
[15:51:01.276 INFO]: Coyote(177) is moving S from (8, 6) to (9,6)
[15:51:01.276 INFO]: Coyote(234) is moving S from (8, 2) to (9,2)
[15:51:01.276 INFO]: 
[15:51:01.276 INFO]: Coyotes Left: 9
[15:51:01.277 INFO]: RoadRunners Left: 0
[15:51:43.814 INFO]: Simulation Found. Configuration Settings:
[15:51:43.820 INFO]: Rows: 10
[15:51:43.820 INFO]: Columns: 10
[15:51:43.820 INFO]: 
[15:51:43.820 INFO]: Min Prey: 10 Max Prey: 20
[15:51:43.821 INFO]: Min Predators: 10 Max Predators: 20
[15:51:46.189 INFO]: Starting Simulation...
[15:51:46.190 INFO]: Starting Prey: 19
[15:51:46.191 INFO]: Starting Predators: 16
[15:51:46.198 INFO]: RoadRunner(0) created at cell (2, 0)
[15:51:46.199 INFO]: RoadRunner(1) created at cell (8, 2)
[15:51:46.200 INFO]: RoadRunner(2) created at cell (1, 5)
[15:51:46.200 INFO]: RoadRunner(3) created at cell (6, 3)
[15:51:46.201 INFO]: RoadRunner(4) created at cell (7, 8)
[15:51:46.201 INFO]: RoadRunner(5) created at cell (0, 9)
[15:51:46.202 INFO]: RoadRunner(6) created at cell (0, 1)
[15:51:46.202 INFO]: RoadRunner(7) created at cell (3, 5)
[15:51:46.203 INFO]: RoadRunner(8) created at cell (9, 0)
[15:51:46.203 INFO]: RoadRunner(9) created at cell (1, 9)
[15:51:46.204 INFO]: RoadRunner(10) created at cell (0, 6)
[15:51:46.206 INFO]: RoadRunner(11) created at cell (3, 1)
[15:51:46.207 INFO]: RoadRunner(12) created at cell (3, 6)
[15:51:46.207 INFO]: RoadRunner(13) created at cell (9, 8)
[15:51:46.208 INFO]: RoadRunner(14) created at cell (1, 1)
[15:51:46.208 INFO]: RoadRunner(15) created at cell (7, 2)
[15:51:46.209 INFO]: RoadRunner(16) created at cell (4, 8)
[15:51:46.209 INFO]: RoadRunner(17) created at cell (3, 8)
[15:51:46.210 INFO]: RoadRunner(18) created at cell (4, 1)
[15:51:46.210 INFO]: Coyote(19) created at cell (0, 2)
[15:51:46.210 INFO]: Coyote(20) created at cell (2, 6)
[15:51:46.211 INFO]: Coyote(21) created at cell (5, 4)
[15:51:46.211 INFO]: Coyote(22) created at cell (2, 3)
[15:51:46.211 INFO]: Coyote(23) created at cell (5, 7)
[15:51:46.211 INFO]: Coyote(24) created at cell (7, 3)
[15:51:46.212 INFO]: Coyote(25) created at cell (4, 7)
[15:51:46.212 INFO]: Coyote(26) created at cell (3, 0)
[15:51:46.212 INFO]: Coyote(27) created at cell (9, 4)
[15:51:46.212 INFO]: Coyote(28) created at cell (8, 7)
[15:51:46.213 INFO]: Coyote(29) created at cell (9, 2)
[15:51:46.213 INFO]: Coyote(30) created at cell (5, 8)
[15:51:46.213 INFO]: Coyote(31) created at cell (2, 8)
[15:51:46.213 INFO]: Coyote(32) created at cell (0, 5)
[15:51:46.214 INFO]: Coyote(33) created at cell (9, 7)
[15:51:46.214 INFO]: Coyote(34) created at cell (8, 5)
[15:51:46.214 INFO]: 
[15:51:46.215 INFO]: 
[15:51:46.215 INFO]: ########## Age 0 ##########
[15:51:46.215 INFO]: 
[15:51:46.215 INFO]: 
[15:51:46.217 INFO]: RoadRunner is attempting to run away from 2 Coyotes!
[15:51:46.224 INFO]: RoadRunner(1) is moving NW from (8, 2) to (7,1)
[15:51:46.224 INFO]: RoadRunner is attempting to run away from 2 Coyotes!
[15:51:46.224 INFO]: RoadRunner(12) is moving SW from (3, 6) to (4,5)
[15:51:46.225 INFO]: Coyote(24) is moving N from (7, 3) to (6,3)
[15:51:46.225 WARN]: Coyote(24) just ate RoadRunner(3) at cell (6,3)
[15:51:46.225 INFO]: RoadRunner is attempting to run away from 1 Coyotes!
[15:51:46.225 INFO]: RoadRunner(6) is moving SW from (0, 1) to (1,0)
[15:51:46.226 INFO]: RoadRunner is attempting to run away from 1 Coyotes!
[15:51:46.226 INFO]: RoadRunner(15) is moving SW from (7, 2) to (8,1)
[15:51:46.226 INFO]: RoadRunner is attempting to run away from 2 Coyotes!
[15:51:46.227 INFO]: RoadRunner(13) is moving NE from (9, 8) to (8,9)
[15:51:46.227 INFO]: RoadRunner is attempting to run away from 1 Coyotes!
[15:51:46.228 INFO]: RoadRunner(11) is moving NE from (3, 1) to (2,2)
[15:51:46.228 INFO]: Coyote(20) is moving NW from (2, 6) to (1,5)
[15:51:46.229 WARN]: Coyote(20) just ate RoadRunner(2) at cell (1,5)
[15:51:46.229 INFO]: RoadRunner is attempting to run away from 1 Coyotes!
[15:51:46.229 INFO]: RoadRunner(0) is moving E from (2, 0) to (2,1)
[15:51:46.229 INFO]: Coyote(29) is moving NW from (9, 2) to (8,1)
[15:51:46.230 WARN]: Coyote(29) just ate RoadRunner(15) at cell (8,1)
[15:51:46.230 INFO]: Coyote(19) is moving SW from (0, 2) to (1,1)
[15:51:46.230 WARN]: Coyote(19) just ate RoadRunner(14) at cell (1,1)
[15:51:46.230 INFO]: RoadRunner is attempting to run away from 1 Coyotes!
[15:51:46.231 INFO]: RoadRunner(9) is moving NW from (1, 9) to (0,8)
[15:51:46.231 INFO]: RoadRunner is attempting to run away from 3 Coyotes!
[15:51:46.231 INFO]: RoadRunner(16) is moving NE from (4, 8) to (3,9)
[15:51:46.232 INFO]: Coyote(27) is moving NW from (9, 4) to (8,3)
[15:51:46.232 INFO]: RoadRunner is attempting to run away from 1 Coyotes!
[15:51:46.232 INFO]: RoadRunner(4) is moving NE from (7, 8) to (6,9)
[15:51:46.233 INFO]: Coyote(28) is moving NW from (8, 7) to (7,6)
[15:51:46.233 INFO]: RoadRunner is attempting to run away from 1 Coyotes!
[15:51:46.234 INFO]: RoadRunner(8) is moving N from (9, 0) to (8,0)
[15:51:46.234 INFO]: Coyote(34) is moving S from (8, 5) to (9,5)
[15:51:46.234 INFO]: RoadRunner is attempting to run away from 2 Coyotes!
[15:51:46.235 INFO]: RoadRunner(10) is moving SE from (0, 6) to (1,7)
[15:51:46.235 INFO]: Coyote(23) is moving NW from (5, 7) to (4,6)
[15:51:46.235 INFO]: RoadRunner is attempting to run away from 2 Coyotes!
[15:51:46.236 INFO]: RoadRunner(17) is moving SE from (3, 8) to (4,9)
[15:51:46.236 INFO]: Coyote(32) is moving W from (0, 5) to (0,4)
[15:51:46.237 INFO]: RoadRunner(5) is moving SW from (0, 9) to (1,8)
[15:51:46.237 INFO]: RoadRunner is attempting to run away from 1 Coyotes!
[15:51:46.237 INFO]: RoadRunner(18) is moving SE from (4, 1) to (5,2)
[15:51:46.238 INFO]: Coyote(33) is moving NW from (9, 7) to (8,6)
[15:51:46.238 INFO]: Coyote(31) is moving N from (2, 8) to (1,8)
[15:51:46.238 WARN]: Coyote(31) just ate RoadRunner(5) at cell (1,8)
[15:51:46.238 INFO]: RoadRunner is attempting to run away from 1 Coyotes!
[15:51:46.238 INFO]: RoadRunner(7) is moving NW from (3, 5) to (2,4)
[15:51:46.239 INFO]: Coyote(26) is moving NE from (3, 0) to (2,1)
[15:51:46.239 WARN]: Coyote(26) just ate RoadRunner(0) at cell (2,1)
[15:51:46.239 INFO]: Coyote(22) is moving E from (2, 3) to (2,4)
[15:51:46.239 WARN]: Coyote(22) just ate RoadRunner(7) at cell (2,4)
[15:51:46.240 INFO]: Coyote(25) is moving N from (4, 7) to (3,7)
[15:51:46.240 INFO]: Coyote(21) is moving NE from (5, 4) to (4,5)
[15:51:46.240 WARN]: Coyote(21) just ate RoadRunner(12) at cell (4,5)
[15:51:46.241 INFO]: Coyote(30) is moving NE from (5, 8) to (4,9)
[15:51:46.241 WARN]: Coyote(30) just ate RoadRunner(17) at cell (4,9)
[15:51:46.247 INFO]: 
[15:51:46.247 INFO]: Coyotes Left: 16
[15:51:46.247 INFO]: RoadRunners Left: 10
[15:51:46.381 INFO]: 
[15:51:46.382 INFO]: 
[15:51:46.382 INFO]: ########## Age 1 ##########
[15:51:46.382 INFO]: 
[15:51:46.382 INFO]: 
[15:51:46.383 INFO]: Coyote(21) is moving SW from (4, 5) to (5,4)
[15:51:46.383 INFO]: Coyote(34) is moving N from (9, 5) to (8,5)
[15:51:46.384 INFO]: Coyote(23) is moving S from (4, 6) to (5,6)
[15:51:46.384 INFO]: RoadRunner is attempting to run away from 1 Coyotes!
[15:51:46.385 INFO]: RoadRunner(8) is moving N from (8, 0) to (7,0)
[15:51:46.385 INFO]: RoadRunner is attempting to run away from 1 Coyotes!
[15:51:46.385 INFO]: RoadRunner(1) is moving NE from (7, 1) to (6,2)
[15:51:46.386 INFO]: RoadRunner(13) is moving S from (8, 9) to (9,9)
[15:51:46.386 INFO]: Coyote(22) is moving N from (2, 4) to (1,4)
[15:51:46.386 INFO]: Coyote(25) is moving NW from (3, 7) to (2,6)
[15:51:46.387 INFO]: Coyote(33) is moving NE from (8, 6) to (7,7)
[15:51:46.387 INFO]: Coyote(19) is moving SE from (1, 1) to (2,2)
[15:51:46.387 WARN]: Coyote(19) just ate RoadRunner(11) at cell (2,2)
[15:51:46.387 INFO]: RoadRunner(4) is moving SW from (6, 9) to (7,8)
[15:51:46.388 INFO]: RoadRunner is attempting to run away from 1 Coyotes!
[15:51:46.388 INFO]: RoadRunner(9) is moving E from (0, 8) to (0,9)
[15:51:46.388 INFO]: Coyote(32) is moving W from (0, 4) to (0,3)
[15:51:46.389 INFO]: Coyote(28) is moving NE from (7, 6) to (6,7)
[15:51:46.389 INFO]: RoadRunner is attempting to run away from 1 Coyotes!
[15:51:46.389 INFO]: RoadRunner(6) is moving N from (1, 0) to (0,0)
[15:51:46.390 INFO]: Coyote(30) is moving N from (4, 9) to (3,9)
[15:51:46.390 WARN]: Coyote(30) just ate RoadRunner(16) at cell (3,9)
[15:51:46.390 INFO]: Coyote(31) is moving NE from (1, 8) to (0,9)
[15:51:46.390 WARN]: Coyote(31) just ate RoadRunner(9) at cell (0,9)
[15:51:46.391 INFO]: Coyote(26) is moving NW from (2, 1) to (1,0)
[15:51:46.391 INFO]: RoadRunner is attempting to run away from 1 Coyotes!
[15:51:46.391 INFO]: RoadRunner(10) is moving NE from (1, 7) to (0,8)
[15:51:46.392 INFO]: Coyote(27) is moving S from (8, 3) to (9,3)
[15:51:46.392 INFO]: Coyote(29) is moving NW from (8, 1) to (7,0)
[15:51:46.393 WARN]: Coyote(29) just ate RoadRunner(8) at cell (7,0)
[15:51:46.393 INFO]: Coyote(24) is moving NW from (6, 3) to (5,2)
[15:51:46.393 WARN]: Coyote(24) just ate RoadRunner(18) at cell (5,2)
[15:51:46.394 INFO]: Coyote(20) is moving N from (1, 5) to (0,5)
[15:51:46.394 INFO]: 
[15:51:46.394 INFO]: Coyotes Left: 16
[15:51:46.394 INFO]: RoadRunners Left: 5
[15:51:46.593 INFO]: 
[15:51:46.594 INFO]: 
[15:51:46.594 INFO]: ########## Age 2 ##########
[15:51:46.594 INFO]: 
[15:51:46.594 INFO]: 
[15:51:46.595 INFO]: Coyote(26) is moving N from (1, 0) to (0,0)
[15:51:46.595 WARN]: Coyote(26) just ate RoadRunner(6) at cell (0,0)
[15:51:46.596 INFO]: Coyote(19) is moving E from (2, 2) to (2,3)
[15:51:46.596 INFO]: Coyote(22) is moving N from (1, 4) to (0,4)
[15:51:46.596 INFO]: Coyote(32) is moving SW from (0, 3) to (1,2)
[15:51:46.597 INFO]: Coyote(24) is moving S from (5, 2) to (6,2)
[15:51:46.597 WARN]: Coyote(24) just ate RoadRunner(1) at cell (6,2)
[15:51:46.597 INFO]: RoadRunner is attempting to run away from 2 Coyotes!
[15:51:46.598 INFO]: RoadRunner(4) is moving SE from (7, 8) to (8,9)
[15:51:46.598 INFO]: RoadRunner is attempting to run away from 1 Coyotes!
[15:51:46.598 INFO]: RoadRunner(10) is moving SW from (0, 8) to (1,7)
[15:51:46.599 INFO]: Coyote(34) is moving NE from (8, 5) to (7,6)
[15:51:46.600 INFO]: RoadRunner(13) is moving NW from (9, 9) to (8,8)
[15:51:46.600 INFO]: Coyote(20) is moving E from (0, 5) to (0,6)
[15:51:46.601 INFO]: Coyote(23) is moving S from (5, 6) to (6,6)
[15:51:46.601 INFO]: Coyote(31) is moving W from (0, 9) to (0,8)
[15:51:46.601 INFO]: Coyote(29) is moving NE from (7, 0) to (6,1)
[15:51:46.602 INFO]: Coyote(28) is moving SE from (6, 7) to (7,8)
[15:51:46.602 INFO]: Coyote(33) is moving SE from (7, 7) to (8,8)
[15:51:46.603 WARN]: Coyote(33) just ate RoadRunner(13) at cell (8,8)
[15:51:46.603 INFO]: Coyote(25) is moving NE from (2, 6) to (1,7)
[15:51:46.603 WARN]: Coyote(25) just ate RoadRunner(10) at cell (1,7)
[15:51:46.603 INFO]: Coyote(27) is moving NW from (9, 3) to (8,2)
[15:51:46.604 INFO]: Coyote(21) is moving SE from (5, 4) to (6,5)
[15:51:46.604 INFO]: Coyote(30) is moving SW from (3, 9) to (4,8)
[15:51:46.604 INFO]: RoadRunner just bred a new RoadRunner at cell (7,9)
[15:51:46.605 INFO]: 
[15:51:46.606 INFO]: Coyotes Left: 16
[15:51:46.606 INFO]: RoadRunners Left: 2
[15:51:46.866 INFO]: 
[15:51:46.866 INFO]: 
[15:51:46.867 INFO]: ########## Age 3 ##########
[15:51:46.867 INFO]: 
[15:51:46.867 INFO]: 
[15:51:46.867 INFO]: Coyote(26) is moving SE from (0, 0) to (1,1)
[15:51:46.868 INFO]: Coyote(29) is moving W from (6, 1) to (6,0)
[15:51:46.868 INFO]: Coyote(19) is moving NE from (2, 3) to (1,4)
[15:51:46.868 INFO]: Coyote(28) is moving SE from (7, 8) to (8,9)
[15:51:46.868 WARN]: Coyote(28) just ate RoadRunner(4) at cell (8,9)
[15:51:46.868 INFO]: Coyote(32) is moving SE from (1, 2) to (2,3)
[15:51:46.869 INFO]: Coyote(24) is moving E from (6, 2) to (6,3)
[15:51:46.869 INFO]: Coyote(30) is moving E from (4, 8) to (4,9)
[15:51:46.869 INFO]: Coyote(21) is moving NE from (6, 5) to (5,6)
[15:51:46.870 INFO]: Coyote(31) is moving SE from (0, 8) to (1,9)
[15:51:46.870 INFO]: Coyote(27) is moving W from (8, 2) to (8,1)
[15:51:46.870 INFO]: RoadRunner is attempting to run away from 2 Coyotes!
[15:51:46.870 INFO]: RoadRunner(35) is moving N from (7, 9) to (6,9)
[15:51:46.870 INFO]: Coyote(22) is moving W from (0, 4) to (0,3)
[15:51:46.871 INFO]: Coyote(34) is moving S from (7, 6) to (8,6)
[15:51:46.871 INFO]: Coyote(20) is moving W from (0, 6) to (0,5)
[15:51:46.871 INFO]: Coyote(23) is moving W from (6, 6) to (6,5)
[15:51:46.871 INFO]: Coyote(33) is moving S from (8, 8) to (9,8)
[15:51:46.871 INFO]: Coyote(25) is moving SE from (1, 7) to (2,8)
[15:51:46.872 INFO]: 
[15:51:46.872 INFO]: Coyotes Left: 16
[15:51:46.872 INFO]: RoadRunners Left: 1
[15:51:47.075 INFO]: 
[15:51:47.076 INFO]: 
[15:51:47.076 INFO]: ########## Age 4 ##########
[15:51:47.076 INFO]: 
[15:51:47.077 INFO]: 
[15:51:47.078 INFO]: Coyote(29) is moving N from (6, 0) to (5,0)
[15:51:47.078 WARN]: Coyote(20) died to starvation!
[15:51:47.078 INFO]: Coyote(19) is moving NE from (1, 4) to (0,5)
[15:51:47.078 WARN]: Coyote(34) died to starvation!
[15:51:47.079 WARN]: Coyote(21) died to starvation!
[15:51:47.079 INFO]: Coyote(25) is moving W from (2, 8) to (2,7)
[15:51:47.079 INFO]: RoadRunner(35) is moving SW from (6, 9) to (7,8)
[15:51:47.079 WARN]: Coyote(32) died to starvation!
[15:51:47.079 INFO]: Coyote(28) is moving NW from (8, 9) to (7,8)
[15:51:47.079 WARN]: Coyote(28) just ate RoadRunner(35) at cell (7,8)
[15:51:47.080 WARN]: Coyote(23) died to starvation!
[15:51:47.080 INFO]: Coyote(24) is moving SE from (6, 3) to (7,4)
[15:51:47.080 INFO]: Coyote(30) is moving N from (4, 9) to (3,9)
[15:51:47.080 INFO]: Coyote(31) is moving S from (1, 9) to (2,9)
[15:51:47.081 INFO]: Coyote(33) is moving NW from (9, 8) to (8,7)
[15:51:47.081 INFO]: Coyote(26) is moving E from (1, 1) to (1,2)
[15:51:47.081 WARN]: Coyote(22) died to starvation!
[15:51:47.081 WARN]: Coyote(27) died to starvation!
[15:51:47.081 INFO]: 
[15:51:47.081 INFO]: Coyotes Left: 9
[15:51:47.081 INFO]: RoadRunners Left: 0
